
> batd-academy@0.1.0 build
> next build

ظû▓ Next.js 16.2.2 (Turbopack)
- Environments: .env.local

node.exe : ظأب The "middleware" file convention is deprecated. Please use "proxy" instead. Learn more: 
https://nextjs.org/docs/messages/middleware-to-proxy
At C:\nvm4w\nodejs\npm.ps1:16 char:5
+     & "$basedir/node$exe"  "$basedir/node_modules/npm/bin/npm-cli.js" ...
+     ~~~~~~~~~~~~~~~~~~~~~~~~~~~~~~~~~~~~~~~~~~~~~~~~~~~~~~~~~~~~~~~~~
    + CategoryInfo          : NotSpecified: (ظأب The "middle...leware-to-proxy:String) [], RemoteException
    + FullyQualifiedErrorId : NativeCommandError
 
  Creating an optimized production build ...
Turbopack build encountered 174 warnings:
./sass/components/common/DateInput.module.scss
Issue while running loader
SassWarning: Deprecation Warning on line 0, column 27 of 
file:///E:/montership/batd-academy/sass/components/common/DateInput.module.scss:0:27:
Sass @import rules are deprecated and will be removed in Dart Sass 3.0.0.

More info and automated migrator: https://sass-lang.com/d/import

0 | @import "globals"; @import "container";


sass\components\common\DateInput.module.scss 1:28  root stylesheet


Import traces:
  Client Component Browser:
    ./sass/components/common/DateInput.module.scss [Client Component Browser]
    ./components/common/DateInput.jsx [Client Component Browser]
    ./app/[locale]/(pages)/registerInternalCourse/page.jsx [Client Component Browser]
    ./app/[locale]/(pages)/registerInternalCourse/page.jsx [Server Component]

  Client Component SSR:
    ./sass/components/common/DateInput.module.scss [Client Component SSR]
    ./components/common/DateInput.jsx [Client Component SSR]
    ./app/[locale]/(pages)/registerInternalCourse/page.jsx [Client Component SSR]
    ./app/[locale]/(pages)/registerInternalCourse/page.jsx [Server Component]


./sass/components/common/DateInput.module.scss
Issue while running loader
SassWarning: Deprecation Warning on line 0, column 8 of 
file:///E:/montership/batd-academy/sass/components/common/DateInput.module.scss:0:8:
Sass @import rules are deprecated and will be removed in Dart Sass 3.0.0.

More info and automated migrator: https://sass-lang.com/d/import

0 | @import "globals"; @import "container";


sass\components\common\DateInput.module.scss 1:9  root stylesheet


Import traces:
  Client Component Browser:
    ./sass/components/common/DateInput.module.scss [Client Component Browser]
    ./components/common/DateInput.jsx [Client Component Browser]
    ./app/[locale]/(pages)/registerInternalCourse/page.jsx [Client Component Browser]
    ./app/[locale]/(pages)/registerInternalCourse/page.jsx [Server Component]

  Client Component SSR:
    ./sass/components/common/DateInput.module.scss [Client Component SSR]
    ./components/common/DateInput.jsx [Client Component SSR]
    ./app/[locale]/(pages)/registerInternalCourse/page.jsx [Client Component SSR]
    ./app/[locale]/(pages)/registerInternalCourse/page.jsx [Server Component]


./sass/components/common/categories-box.module.scss
Issue while running loader
SassWarning: Deprecation Warning on line 0, column 27 of 
file:///E:/montership/batd-academy/sass/components/common/categories-box.module.scss:0:27:
Sass @import rules are deprecated and will be removed in Dart Sass 3.0.0.

More info and automated migrator: https://sass-lang.com/d/import

0 | @import "globals"; @import "container";


sass\components\common\categories-box.module.scss 1:28  root stylesheet


Import traces:
  Server Component:
    ./sass/components/common/categories-box.module.scss
    ./components/common/CategoriesBox.jsx
    ./app/[locale]/(pages)/city/[id]/[slug]/page.jsx

  Client Component Browser:
    ./sass/components/common/categories-box.module.scss [Client Component Browser]
    ./components/common/CategoriesBox.jsx [Client Component Browser]
    ./app/[locale]/(pages)/search_course/page.jsx [Client Component Browser]
    ./app/[locale]/(pages)/search_course/page.jsx [Server Component]

  Client Component SSR:
    ./sass/components/common/categories-box.module.scss [Client Component SSR]
    ./components/common/CategoriesBox.jsx [Client Component SSR]
    ./app/[locale]/(pages)/search_course/page.jsx [Client Component SSR]
    ./app/[locale]/(pages)/search_course/page.jsx [Server Component]


./sass/components/common/categories-box.module.scss
Issue while running loader
SassWarning: Deprecation Warning on line 0, column 8 of 
file:///E:/montership/batd-academy/sass/components/common/categories-box.module.scss:0:8:
Sass @import rules are deprecated and will be removed in Dart Sass 3.0.0.

More info and automated migrator: https://sass-lang.com/d/import

0 | @import "globals"; @import "container";


sass\components\common\categories-box.module.scss 1:9  root stylesheet


Import traces:
  Server Component:
    ./sass/components/common/categories-box.module.scss
    ./components/common/CategoriesBox.jsx
    ./app/[locale]/(pages)/city/[id]/[slug]/page.jsx

  Client Component Browser:
    ./sass/components/common/categories-box.module.scss [Client Component Browser]
    ./components/common/CategoriesBox.jsx [Client Component Browser]
    ./app/[locale]/(pages)/search_course/page.jsx [Client Component Browser]
    ./app/[locale]/(pages)/search_course/page.jsx [Server Component]

  Client Component SSR:
    ./sass/components/common/categories-box.module.scss [Client Component SSR]
    ./components/common/CategoriesBox.jsx [Client Component SSR]
    ./app/[locale]/(pages)/search_course/page.jsx [Client Component SSR]
    ./app/[locale]/(pages)/search_course/page.jsx [Server Component]


./sass/components/common/container.module.scss
Issue while running loader
SassWarning: Deprecation Warning on line 0, column 27 of 
file:///E:/montership/batd-academy/sass/components/common/container.module.scss:0:27:
Sass @import rules are deprecated and will be removed in Dart Sass 3.0.0.

More info and automated migrator: https://sass-lang.com/d/import

0 | @import "globals"; @import "container";


sass\components\common\container.module.scss 1:28  root stylesheet


Import traces:
  Server Component:
    ./sass/components/common/container.module.scss
    ./app/[locale]/(pages)/printCategory/[id]/page.jsx

  Client Component Browser:
    ./sass/components/common/container.module.scss [Client Component Browser]
    ./app/[locale]/(pages)/(home)/LastestPublication.jsx [Client Component Browser]
    ./app/[locale]/(pages)/(home)/LastestPublication.jsx [Server Component]
    ./app/[locale]/(pages)/(home)/page.jsx [Server Component]

  Client Component SSR:
    ./sass/components/common/container.module.scss [Client Component SSR]
    ./app/[locale]/(pages)/(home)/LastestPublication.jsx [Client Component SSR]
    ./app/[locale]/(pages)/(home)/LastestPublication.jsx [Server Component]
    ./app/[locale]/(pages)/(home)/page.jsx [Server Component]


./sass/components/common/container.module.scss
Issue while running loader
SassWarning: Deprecation Warning on line 0, column 8 of 
file:///E:/montership/batd-academy/sass/components/common/container.module.scss:0:8:
Sass @import rules are deprecated and will be removed in Dart Sass 3.0.0.

More info and automated migrator: https://sass-lang.com/d/import

0 | @import "globals"; @import "container";


sass\components\common\container.module.scss 1:9  root stylesheet


Import traces:
  Server Component:
    ./sass/components/common/container.module.scss
    ./app/[locale]/(pages)/printCategory/[id]/page.jsx

  Client Component Browser:
    ./sass/components/common/container.module.scss [Client Component Browser]
    ./app/[locale]/(pages)/(home)/LastestPublication.jsx [Client Component Browser]
    ./app/[locale]/(pages)/(home)/LastestPublication.jsx [Server Component]
    ./app/[locale]/(pages)/(home)/page.jsx [Server Component]

  Client Component SSR:
    ./sass/components/common/container.module.scss [Client Component SSR]
    ./app/[locale]/(pages)/(home)/LastestPublication.jsx [Client Component SSR]
    ./app/[locale]/(pages)/(home)/LastestPublication.jsx [Server Component]
    ./app/[locale]/(pages)/(home)/page.jsx [Server Component]


./sass/components/common/drop-down-menu.module.scss
Issue while running loader
SassWarning: Deprecation Warning on line 0, column 27 of 
file:///E:/montership/batd-academy/sass/components/common/drop-down-menu.module.scss:0:27:
Sass @import rules are deprecated and will be removed in Dart Sass 3.0.0.

More info and automated migrator: https://sass-lang.com/d/import

0 | @import "globals"; @import "container";


sass\components\common\drop-down-menu.module.scss 1:28  root stylesheet


Import traces:
  Client Component Browser:
    ./sass/components/common/drop-down-menu.module.scss [Client Component Browser]
    ./components/common/DropdownMenu.jsx [Client Component Browser]
    ./app/[locale]/(pages)/registerCourse/CourseDetailsForm.jsx [Client Component Browser]
    ./app/[locale]/(pages)/registerCourse/page.jsx [Client Component Browser]
    ./app/[locale]/(pages)/registerCourse/page.jsx [Server Component]

  Client Component SSR:
    ./sass/components/common/drop-down-menu.module.scss [Client Component SSR]
    ./components/common/DropdownMenu.jsx [Client Component SSR]
    ./app/[locale]/(pages)/registerCourse/CourseDetailsForm.jsx [Client Component SSR]
    ./app/[locale]/(pages)/registerCourse/page.jsx [Client Component SSR]
    ./app/[locale]/(pages)/registerCourse/page.jsx [Server Component]


./sass/components/common/drop-down-menu.module.scss
Issue while running loader
SassWarning: Deprecation Warning on line 0, column 8 of 
file:///E:/montership/batd-academy/sass/components/common/drop-down-menu.module.scss:0:8:
Sass @import rules are deprecated and will be removed in Dart Sass 3.0.0.

More info and automated migrator: https://sass-lang.com/d/import

0 | @import "globals"; @import "container";


sass\components\common\drop-down-menu.module.scss 1:9  root stylesheet


Import traces:
  Client Component Browser:
    ./sass/components/common/drop-down-menu.module.scss [Client Component Browser]
    ./components/common/DropdownMenu.jsx [Client Component Browser]
    ./app/[locale]/(pages)/registerCourse/CourseDetailsForm.jsx [Client Component Browser]
    ./app/[locale]/(pages)/registerCourse/page.jsx [Client Component Browser]
    ./app/[locale]/(pages)/registerCourse/page.jsx [Server Component]

  Client Component SSR:
    ./sass/components/common/drop-down-menu.module.scss [Client Component SSR]
    ./components/common/DropdownMenu.jsx [Client Component SSR]
    ./app/[locale]/(pages)/registerCourse/CourseDetailsForm.jsx [Client Component SSR]
    ./app/[locale]/(pages)/registerCourse/page.jsx [Client Component SSR]
    ./app/[locale]/(pages)/registerCourse/page.jsx [Server Component]


./sass/components/common/generic-slider.module.scss
Issue while running loader
SassWarning: Deprecation Warning on line 0, column 27 of 
file:///E:/montership/batd-academy/sass/components/common/generic-slider.module.scss:0:27:
Sass @import rules are deprecated and will be removed in Dart Sass 3.0.0.

More info and automated migrator: https://sass-lang.com/d/import

0 | @import "globals"; @import "container";


sass\components\common\generic-slider.module.scss 1:28  root stylesheet


Import traces:
  Client Component Browser:
    ./sass/components/common/generic-slider.module.scss [Client Component Browser]
    ./components/common/GenericSlider.jsx [Client Component Browser]
    ./app/[locale]/(pages)/(home)/CoursesBySpecial.jsx [Client Component Browser]
    ./app/[locale]/(pages)/(home)/CoursesBySpecial.jsx [Server Component]
    ./app/[locale]/(pages)/(home)/page.jsx [Server Component]

  Client Component SSR:
    ./sass/components/common/generic-slider.module.scss [Client Component SSR]
    ./components/common/GenericSlider.jsx [Client Component SSR]
    ./app/[locale]/(pages)/(home)/CoursesBySpecial.jsx [Client Component SSR]
    ./app/[locale]/(pages)/(home)/CoursesBySpecial.jsx [Server Component]
    ./app/[locale]/(pages)/(home)/page.jsx [Server Component]


./sass/components/common/generic-slider.module.scss
Issue while running loader
SassWarning: Deprecation Warning on line 0, column 8 of 
file:///E:/montership/batd-academy/sass/components/common/generic-slider.module.scss:0:8:
Sass @import rules are deprecated and will be removed in Dart Sass 3.0.0.

More info and automated migrator: https://sass-lang.com/d/import

0 | @import "globals"; @import "container";


sass\components\common\generic-slider.module.scss 1:9  root stylesheet


Import traces:
  Client Component Browser:
    ./sass/components/common/generic-slider.module.scss [Client Component Browser]
    ./components/common/GenericSlider.jsx [Client Component Browser]
    ./app/[locale]/(pages)/(home)/CoursesBySpecial.jsx [Client Component Browser]
    ./app/[locale]/(pages)/(home)/CoursesBySpecial.jsx [Server Component]
    ./app/[locale]/(pages)/(home)/page.jsx [Server Component]

  Client Component SSR:
    ./sass/components/common/generic-slider.module.scss [Client Component SSR]
    ./components/common/GenericSlider.jsx [Client Component SSR]
    ./app/[locale]/(pages)/(home)/CoursesBySpecial.jsx [Client Component SSR]
    ./app/[locale]/(pages)/(home)/CoursesBySpecial.jsx [Server Component]
    ./app/[locale]/(pages)/(home)/page.jsx [Server Component]


./sass/components/common/latest-posts-card.module.scss
Issue while running loader
SassWarning: Deprecation Warning on line 0, column 27 of 
file:///E:/montership/batd-academy/sass/components/common/latest-posts-card.module.scss:0:27:
Sass @import rules are deprecated and will be removed in Dart Sass 3.0.0.

More info and automated migrator: https://sass-lang.com/d/import

0 | @import "globals"; @import "container";


sass\components\common\latest-posts-card.module.scss 1:28  root stylesheet


Import traces:
  Client Component Browser:
    ./sass/components/common/latest-posts-card.module.scss [Client Component Browser]
    ./components/common/LatestPostsCard.jsx [Client Component Browser]
    ./app/[locale]/(pages)/blog/page.jsx [Client Component Browser]
    ./app/[locale]/(pages)/blog/page.jsx [Server Component]

  Client Component SSR:
    ./sass/components/common/latest-posts-card.module.scss [Client Component SSR]
    ./components/common/LatestPostsCard.jsx [Client Component SSR]
    ./app/[locale]/(pages)/blog/page.jsx [Client Component SSR]
    ./app/[locale]/(pages)/blog/page.jsx [Server Component]


./sass/components/common/latest-posts-card.module.scss
Issue while running loader
SassWarning: Deprecation Warning on line 0, column 8 of 
file:///E:/montership/batd-academy/sass/components/common/latest-posts-card.module.scss:0:8:
Sass @import rules are deprecated and will be removed in Dart Sass 3.0.0.

More info and automated migrator: https://sass-lang.com/d/import

0 | @import "globals"; @import "container";


sass\components\common\latest-posts-card.module.scss 1:9  root stylesheet


Import traces:
  Client Component Browser:
    ./sass/components/common/latest-posts-card.module.scss [Client Component Browser]
    ./components/common/LatestPostsCard.jsx [Client Component Browser]
    ./app/[locale]/(pages)/blog/page.jsx [Client Component Browser]
    ./app/[locale]/(pages)/blog/page.jsx [Server Component]

  Client Component SSR:
    ./sass/components/common/latest-posts-card.module.scss [Client Component SSR]
    ./components/common/LatestPostsCard.jsx [Client Component SSR]
    ./app/[locale]/(pages)/blog/page.jsx [Client Component SSR]
    ./app/[locale]/(pages)/blog/page.jsx [Server Component]


./sass/components/common/select-categories.module.scss
Issue while running loader
SassWarning: Deprecation Warning on line 0, column 27 of 
file:///E:/montership/batd-academy/sass/components/common/select-categories.module.scss:0:27:
Sass @import rules are deprecated and will be removed in Dart Sass 3.0.0.

More info and automated migrator: https://sass-lang.com/d/import

0 | @import "globals"; @import "container";


sass\components\common\select-categories.module.scss 1:28  root stylesheet


Import traces:
  Client Component Browser:
    ./sass/components/common/select-categories.module.scss [Client Component Browser]
    ./components/common/SelectCategories.jsx [Client Component Browser]
    ./app/[locale]/(pages)/blog/page.jsx [Client Component Browser]
    ./app/[locale]/(pages)/blog/page.jsx [Server Component]

  Client Component SSR:
    ./sass/components/common/select-categories.module.scss [Client Component SSR]
    ./components/common/SelectCategories.jsx [Client Component SSR]
    ./app/[locale]/(pages)/blog/page.jsx [Client Component SSR]
    ./app/[locale]/(pages)/blog/page.jsx [Server Component]


./sass/components/common/select-categories.module.scss
Issue while running loader
SassWarning: Deprecation Warning on line 0, column 8 of 
file:///E:/montership/batd-academy/sass/components/common/select-categories.module.scss:0:8:
Sass @import rules are deprecated and will be removed in Dart Sass 3.0.0.

More info and automated migrator: https://sass-lang.com/d/import

0 | @import "globals"; @import "container";


sass\components\common\select-categories.module.scss 1:9  root stylesheet


Import traces:
  Client Component Browser:
    ./sass/components/common/select-categories.module.scss [Client Component Browser]
    ./components/common/SelectCategories.jsx [Client Component Browser]
    ./app/[locale]/(pages)/blog/page.jsx [Client Component Browser]
    ./app/[locale]/(pages)/blog/page.jsx [Server Component]

  Client Component SSR:
    ./sass/components/common/select-categories.module.scss [Client Component SSR]
    ./components/common/SelectCategories.jsx [Client Component SSR]
    ./app/[locale]/(pages)/blog/page.jsx [Client Component SSR]
    ./app/[locale]/(pages)/blog/page.jsx [Server Component]


./sass/components/common/stepper.module.scss
Issue while running loader
SassWarning: Deprecation Warning on line 0, column 27 of 
file:///E:/montership/batd-academy/sass/components/common/stepper.module.scss:0:27:
Sass @import rules are deprecated and will be removed in Dart Sass 3.0.0.

More info and automated migrator: https://sass-lang.com/d/import

0 | @import "globals"; @import "container";


sass\components\common\stepper.module.scss 1:28  root stylesheet


Import traces:
  Client Component Browser:
    ./sass/components/common/stepper.module.scss [Client Component Browser]
    ./components/common/Stepper.jsx [Client Component Browser]
    ./app/[locale]/(pages)/registerCourse/page.jsx [Client Component Browser]
    ./app/[locale]/(pages)/registerCourse/page.jsx [Server Component]

  Client Component SSR:
    ./sass/components/common/stepper.module.scss [Client Component SSR]
    ./components/common/Stepper.jsx [Client Component SSR]
    ./app/[locale]/(pages)/registerCourse/page.jsx [Client Component SSR]
    ./app/[locale]/(pages)/registerCourse/page.jsx [Server Component]


./sass/components/common/stepper.module.scss
Issue while running loader
SassWarning: Deprecation Warning on line 0, column 8 of 
file:///E:/montership/batd-academy/sass/components/common/stepper.module.scss:0:8:
Sass @import rules are deprecated and will be removed in Dart Sass 3.0.0.

More info and automated migrator: https://sass-lang.com/d/import

0 | @import "globals"; @import "container";


sass\components\common\stepper.module.scss 1:9  root stylesheet


Import traces:
  Client Component Browser:
    ./sass/components/common/stepper.module.scss [Client Component Browser]
    ./components/common/Stepper.jsx [Client Component Browser]
    ./app/[locale]/(pages)/registerCourse/page.jsx [Client Component Browser]
    ./app/[locale]/(pages)/registerCourse/page.jsx [Server Component]

  Client Component SSR:
    ./sass/components/common/stepper.module.scss [Client Component SSR]
    ./components/common/Stepper.jsx [Client Component SSR]
    ./app/[locale]/(pages)/registerCourse/page.jsx [Client Component SSR]
    ./app/[locale]/(pages)/registerCourse/page.jsx [Server Component]


./sass/components/common/tab.module.scss
Issue while running loader
SassWarning: Deprecation Warning on line 0, column 27 of 
file:///E:/montership/batd-academy/sass/components/common/tab.module.scss:0:27:
Sass @import rules are deprecated and will be removed in Dart Sass 3.0.0.

More info and automated migrator: https://sass-lang.com/d/import

0 | @import "globals"; @import "container";


sass\components\common\tab.module.scss 1:28  root stylesheet


Import traces:
  Client Component Browser:
    ./sass/components/common/tab.module.scss [Client Component Browser]
    ./components/common/Tab.jsx [Client Component Browser]
    ./components/common/Tabs.jsx [Client Component Browser]
    ./app/[locale]/(pages)/(home)/LastestPublication.jsx [Client Component Browser]
    ./app/[locale]/(pages)/(home)/LastestPublication.jsx [Server Component]
    ./app/[locale]/(pages)/(home)/page.jsx [Server Component]

  Client Component SSR:
    ./sass/components/common/tab.module.scss [Client Component SSR]
    ./components/common/Tab.jsx [Client Component SSR]
    ./components/common/Tabs.jsx [Client Component SSR]
    ./app/[locale]/(pages)/(home)/LastestPublication.jsx [Client Component SSR]
    ./app/[locale]/(pages)/(home)/LastestPublication.jsx [Server Component]
    ./app/[locale]/(pages)/(home)/page.jsx [Server Component]


./sass/components/common/tab.module.scss
Issue while running loader
SassWarning: Deprecation Warning on line 0, column 8 of 
file:///E:/montership/batd-academy/sass/components/common/tab.module.scss:0:8:
Sass @import rules are deprecated and will be removed in Dart Sass 3.0.0.

More info and automated migrator: https://sass-lang.com/d/import

0 | @import "globals"; @import "container";


sass\components\common\tab.module.scss 1:9  root stylesheet


Import traces:
  Client Component Browser:
    ./sass/components/common/tab.module.scss [Client Component Browser]
    ./components/common/Tab.jsx [Client Component Browser]
    ./components/common/Tabs.jsx [Client Component Browser]
    ./app/[locale]/(pages)/(home)/LastestPublication.jsx [Client Component Browser]
    ./app/[locale]/(pages)/(home)/LastestPublication.jsx [Server Component]
    ./app/[locale]/(pages)/(home)/page.jsx [Server Component]

  Client Component SSR:
    ./sass/components/common/tab.module.scss [Client Component SSR]
    ./components/common/Tab.jsx [Client Component SSR]
    ./components/common/Tabs.jsx [Client Component SSR]
    ./app/[locale]/(pages)/(home)/LastestPublication.jsx [Client Component SSR]
    ./app/[locale]/(pages)/(home)/LastestPublication.jsx [Server Component]
    ./app/[locale]/(pages)/(home)/page.jsx [Server Component]


./sass/components/common/tabs.module.scss
Issue while running loader
SassWarning: Deprecation Warning on line 0, column 27 of 
file:///E:/montership/batd-academy/sass/components/common/tabs.module.scss:0:27:
Sass @import rules are deprecated and will be removed in Dart Sass 3.0.0.

More info and automated migrator: https://sass-lang.com/d/import

0 | @import "globals"; @import "container";


sass\components\common\tabs.module.scss 1:28  root stylesheet


Import traces:
  Client Component Browser:
    ./sass/components/common/tabs.module.scss [Client Component Browser]
    ./components/common/Tabs.jsx [Client Component Browser]
    ./app/[locale]/(pages)/(home)/LastestPublication.jsx [Client Component Browser]
    ./app/[locale]/(pages)/(home)/LastestPublication.jsx [Server Component]
    ./app/[locale]/(pages)/(home)/page.jsx [Server Component]

  Client Component SSR:
    ./sass/components/common/tabs.module.scss [Client Component SSR]
    ./components/common/Tabs.jsx [Client Component SSR]
    ./app/[locale]/(pages)/(home)/LastestPublication.jsx [Client Component SSR]
    ./app/[locale]/(pages)/(home)/LastestPublication.jsx [Server Component]
    ./app/[locale]/(pages)/(home)/page.jsx [Server Component]


./sass/components/common/tabs.module.scss
Issue while running loader
SassWarning: Deprecation Warning on line 0, column 8 of 
file:///E:/montership/batd-academy/sass/components/common/tabs.module.scss:0:8:
Sass @import rules are deprecated and will be removed in Dart Sass 3.0.0.

More info and automated migrator: https://sass-lang.com/d/import

0 | @import "globals"; @import "container";


sass\components\common\tabs.module.scss 1:9  root stylesheet


Import traces:
  Client Component Browser:
    ./sass/components/common/tabs.module.scss [Client Component Browser]
    ./components/common/Tabs.jsx [Client Component Browser]
    ./app/[locale]/(pages)/(home)/LastestPublication.jsx [Client Component Browser]
    ./app/[locale]/(pages)/(home)/LastestPublication.jsx [Server Component]
    ./app/[locale]/(pages)/(home)/page.jsx [Server Component]

  Client Component SSR:
    ./sass/components/common/tabs.module.scss [Client Component SSR]
    ./components/common/Tabs.jsx [Client Component SSR]
    ./app/[locale]/(pages)/(home)/LastestPublication.jsx [Client Component SSR]
    ./app/[locale]/(pages)/(home)/LastestPublication.jsx [Server Component]
    ./app/[locale]/(pages)/(home)/page.jsx [Server Component]


./sass/components/common/title.module.scss
Issue while running loader
SassWarning: Deprecation Warning on line 0, column 27 of 
file:///E:/montership/batd-academy/sass/components/common/title.module.scss:0:27:
Sass @import rules are deprecated and will be removed in Dart Sass 3.0.0.

More info and automated migrator: https://sass-lang.com/d/import

0 | @import "globals"; @import "container";


sass\components\common\title.module.scss 1:28  root stylesheet


Import traces:
  Server Component:
    ./sass/components/common/title.module.scss
    ./components/common/Title.jsx
    ./app/[locale]/(pages)/(home)/TeamWork.jsx
    ./app/[locale]/(pages)/(home)/page.jsx

  Client Component Browser:
    ./sass/components/common/title.module.scss [Client Component Browser]
    ./components/common/Title.jsx [Client Component Browser]
    ./app/[locale]/(pages)/(home)/LastestPublication.jsx [Client Component Browser]
    ./app/[locale]/(pages)/(home)/LastestPublication.jsx [Server Component]
    ./app/[locale]/(pages)/(home)/page.jsx [Server Component]

  Client Component SSR:
    ./sass/components/common/title.module.scss [Client Component SSR]
    ./components/common/Title.jsx [Client Component SSR]
    ./app/[locale]/(pages)/(home)/LastestPublication.jsx [Client Component SSR]
    ./app/[locale]/(pages)/(home)/LastestPublication.jsx [Server Component]
    ./app/[locale]/(pages)/(home)/page.jsx [Server Component]


./sass/components/common/title.module.scss
Issue while running loader
SassWarning: Deprecation Warning on line 0, column 8 of 
file:///E:/montership/batd-academy/sass/components/common/title.module.scss:0:8:
Sass @import rules are deprecated and will be removed in Dart Sass 3.0.0.

More info and automated migrator: https://sass-lang.com/d/import

0 | @import "globals"; @import "container";


sass\components\common\title.module.scss 1:9  root stylesheet


Import traces:
  Server Component:
    ./sass/components/common/title.module.scss
    ./components/common/Title.jsx
    ./app/[locale]/(pages)/(home)/TeamWork.jsx
    ./app/[locale]/(pages)/(home)/page.jsx

  Client Component Browser:
    ./sass/components/common/title.module.scss [Client Component Browser]
    ./components/common/Title.jsx [Client Component Browser]
    ./app/[locale]/(pages)/(home)/LastestPublication.jsx [Client Component Browser]
    ./app/[locale]/(pages)/(home)/LastestPublication.jsx [Server Component]
    ./app/[locale]/(pages)/(home)/page.jsx [Server Component]

  Client Component SSR:
    ./sass/components/common/title.module.scss [Client Component SSR]
    ./components/common/Title.jsx [Client Component SSR]
    ./app/[locale]/(pages)/(home)/LastestPublication.jsx [Client Component SSR]
    ./app/[locale]/(pages)/(home)/LastestPublication.jsx [Server Component]
    ./app/[locale]/(pages)/(home)/page.jsx [Server Component]


./sass/components/layout/footer.module.scss
Issue while running loader
SassWarning: Deprecation Warning on line 0, column 27 of 
file:///E:/montership/batd-academy/sass/components/layout/footer.module.scss:0:27:
Sass @import rules are deprecated and will be removed in Dart Sass 3.0.0.

More info and automated migrator: https://sass-lang.com/d/import

0 | @import "globals"; @import "container";


sass\components\layout\footer.module.scss 1:28  root stylesheet


Import trace:
  Server Component:
    ./sass/components/layout/footer.module.scss
    ./components/layout/Footer.jsx
    ./app/[locale]/layout.js


./sass/components/layout/footer.module.scss
Issue while running loader
SassWarning: Deprecation Warning on line 0, column 8 of 
file:///E:/montership/batd-academy/sass/components/layout/footer.module.scss:0:8:
Sass @import rules are deprecated and will be removed in Dart Sass 3.0.0.

More info and automated migrator: https://sass-lang.com/d/import

0 | @import "globals"; @import "container";


sass\components\layout\footer.module.scss 1:9  root stylesheet


Import trace:
  Server Component:
    ./sass/components/layout/footer.module.scss
    ./components/layout/Footer.jsx
    ./app/[locale]/layout.js


./sass/components/layout/main-navbar.module.scss
Issue while running loader
SassWarning: Deprecation Warning on line 0, column 27 of 
file:///E:/montership/batd-academy/sass/components/layout/main-navbar.module.scss:0:27:
Sass @import rules are deprecated and will be removed in Dart Sass 3.0.0.

More info and automated migrator: https://sass-lang.com/d/import

0 | @import "globals"; @import "container";


sass\components\layout\main-navbar.module.scss 1:28  root stylesheet


Import traces:
  Client Component Browser:
    ./sass/components/layout/main-navbar.module.scss [Client Component Browser]
    ./components/layout/MainNavBar.jsx [Client Component Browser]
    ./components/layout/MainNavBar.jsx [Server Component]
    ./app/[locale]/layout.js [Server Component]

  Client Component SSR:
    ./sass/components/layout/main-navbar.module.scss [Client Component SSR]
    ./components/layout/MainNavBar.jsx [Client Component SSR]
    ./components/layout/MainNavBar.jsx [Server Component]
    ./app/[locale]/layout.js [Server Component]


./sass/components/layout/main-navbar.module.scss
Issue while running loader
SassWarning: Deprecation Warning on line 0, column 8 of 
file:///E:/montership/batd-academy/sass/components/layout/main-navbar.module.scss:0:8:
Sass @import rules are deprecated and will be removed in Dart Sass 3.0.0.

More info and automated migrator: https://sass-lang.com/d/import

0 | @import "globals"; @import "container";


sass\components\layout\main-navbar.module.scss 1:9  root stylesheet


Import traces:
  Client Component Browser:
    ./sass/components/layout/main-navbar.module.scss [Client Component Browser]
    ./components/layout/MainNavBar.jsx [Client Component Browser]
    ./components/layout/MainNavBar.jsx [Server Component]
    ./app/[locale]/layout.js [Server Component]

  Client Component SSR:
    ./sass/components/layout/main-navbar.module.scss [Client Component SSR]
    ./components/layout/MainNavBar.jsx [Client Component SSR]
    ./components/layout/MainNavBar.jsx [Server Component]
    ./app/[locale]/layout.js [Server Component]


./sass/components/layout/top-navbar.module.scss
Issue while running loader
SassWarning: Deprecation Warning on line 0, column 27 of 
file:///E:/montership/batd-academy/sass/components/layout/top-navbar.module.scss:0:27:
Sass @import rules are deprecated and will be removed in Dart Sass 3.0.0.

More info and automated migrator: https://sass-lang.com/d/import

0 | @import "globals"; @import "container";


sass\components\layout\top-navbar.module.scss 1:28  root stylesheet


Import traces:
  Client Component Browser:
    ./sass/components/layout/top-navbar.module.scss [Client Component Browser]
    ./components/layout/TopNavBar.jsx [Client Component Browser]
    ./components/layout/TopNavBar.jsx [Server Component]
    ./app/[locale]/layout.js [Server Component]

  Client Component SSR:
    ./sass/components/layout/top-navbar.module.scss [Client Component SSR]
    ./components/layout/TopNavBar.jsx [Client Component SSR]
    ./components/layout/TopNavBar.jsx [Server Component]
    ./app/[locale]/layout.js [Server Component]


./sass/components/layout/top-navbar.module.scss
Issue while running loader
SassWarning: Deprecation Warning on line 0, column 8 of 
file:///E:/montership/batd-academy/sass/components/layout/top-navbar.module.scss:0:8:
Sass @import rules are deprecated and will be removed in Dart Sass 3.0.0.

More info and automated migrator: https://sass-lang.com/d/import

0 | @import "globals"; @import "container";


sass\components\layout\top-navbar.module.scss 1:9  root stylesheet


Import traces:
  Client Component Browser:
    ./sass/components/layout/top-navbar.module.scss [Client Component Browser]
    ./components/layout/TopNavBar.jsx [Client Component Browser]
    ./components/layout/TopNavBar.jsx [Server Component]
    ./app/[locale]/layout.js [Server Component]

  Client Component SSR:
    ./sass/components/layout/top-navbar.module.scss [Client Component SSR]
    ./components/layout/TopNavBar.jsx [Client Component SSR]
    ./components/layout/TopNavBar.jsx [Server Component]
    ./app/[locale]/layout.js [Server Component]


./sass/components/ui/Date-pop-up.module.scss
Issue while running loader
SassWarning: Deprecation Warning on line 0, column 27 of 
file:///E:/montership/batd-academy/sass/components/ui/Date-pop-up.module.scss:0:27:
Sass @import rules are deprecated and will be removed in Dart Sass 3.0.0.

More info and automated migrator: https://sass-lang.com/d/import

0 | @import "globals"; @import "container";


sass\components\ui\Date-pop-up.module.scss 1:28  root stylesheet


Import traces:
  Client Component Browser:
    ./sass/components/ui/Date-pop-up.module.scss [Client Component Browser]
    ./components/ui/DatePopUp.jsx [Client Component Browser]
    ./components/ui/UpcomingCouresCard.jsx [Client Component Browser]
    ./app/[locale]/(pages)/course_details/[id]/[slug]/page.jsx [Client Component Browser]
    ./app/[locale]/(pages)/course_details/[id]/[slug]/page.jsx [Server Component]

  Client Component SSR:
    ./sass/components/ui/Date-pop-up.module.scss [Client Component SSR]
    ./components/ui/DatePopUp.jsx [Client Component SSR]
    ./components/ui/UpcomingCouresCard.jsx [Client Component SSR]
    ./app/[locale]/(pages)/course_details/[id]/[slug]/page.jsx [Client Component SSR]
    ./app/[locale]/(pages)/course_details/[id]/[slug]/page.jsx [Server Component]


./sass/components/ui/Date-pop-up.module.scss
Issue while running loader
SassWarning: Deprecation Warning on line 0, column 8 of 
file:///E:/montership/batd-academy/sass/components/ui/Date-pop-up.module.scss:0:8:
Sass @import rules are deprecated and will be removed in Dart Sass 3.0.0.

More info and automated migrator: https://sass-lang.com/d/import

0 | @import "globals"; @import "container";


sass\components\ui\Date-pop-up.module.scss 1:9  root stylesheet


Import traces:
  Client Component Browser:
    ./sass/components/ui/Date-pop-up.module.scss [Client Component Browser]
    ./components/ui/DatePopUp.jsx [Client Component Browser]
    ./components/ui/UpcomingCouresCard.jsx [Client Component Browser]
    ./app/[locale]/(pages)/course_details/[id]/[slug]/page.jsx [Client Component Browser]
    ./app/[locale]/(pages)/course_details/[id]/[slug]/page.jsx [Server Component]

  Client Component SSR:
    ./sass/components/ui/Date-pop-up.module.scss [Client Component SSR]
    ./components/ui/DatePopUp.jsx [Client Component SSR]
    ./components/ui/UpcomingCouresCard.jsx [Client Component SSR]
    ./app/[locale]/(pages)/course_details/[id]/[slug]/page.jsx [Client Component SSR]
    ./app/[locale]/(pages)/course_details/[id]/[slug]/page.jsx [Server Component]


./sass/components/ui/Upcoming-Coures-Card.module.scss
Issue while running loader
SassWarning: Deprecation Warning on line 0, column 27 of 
file:///E:/montership/batd-academy/sass/components/ui/Upcoming-Coures-Card.module.scss:0:27:
Sass @import rules are deprecated and will be removed in Dart Sass 3.0.0.

More info and automated migrator: https://sass-lang.com/d/import

0 | @import "globals"; @import "container";


sass\components\ui\Upcoming-Coures-Card.module.scss 1:28  root stylesheet


Import traces:
  Client Component Browser:
    ./sass/components/ui/Upcoming-Coures-Card.module.scss [Client Component Browser]
    ./components/ui/UpcomingCouresCard.jsx [Client Component Browser]
    ./app/[locale]/(pages)/course_details/[id]/[slug]/page.jsx [Client Component Browser]
    ./app/[locale]/(pages)/course_details/[id]/[slug]/page.jsx [Server Component]

  Client Component SSR:
    ./sass/components/ui/Upcoming-Coures-Card.module.scss [Client Component SSR]
    ./components/ui/UpcomingCouresCard.jsx [Client Component SSR]
    ./app/[locale]/(pages)/course_details/[id]/[slug]/page.jsx [Client Component SSR]
    ./app/[locale]/(pages)/course_details/[id]/[slug]/page.jsx [Server Component]


./sass/components/ui/Upcoming-Coures-Card.module.scss
Issue while running loader
SassWarning: Deprecation Warning on line 0, column 8 of 
file:///E:/montership/batd-academy/sass/components/ui/Upcoming-Coures-Card.module.scss:0:8:
Sass @import rules are deprecated and will be removed in Dart Sass 3.0.0.

More info and automated migrator: https://sass-lang.com/d/import

0 | @import "globals"; @import "container";


sass\components\ui\Upcoming-Coures-Card.module.scss 1:9  root stylesheet


Import traces:
  Client Component Browser:
    ./sass/components/ui/Upcoming-Coures-Card.module.scss [Client Component Browser]
    ./components/ui/UpcomingCouresCard.jsx [Client Component Browser]
    ./app/[locale]/(pages)/course_details/[id]/[slug]/page.jsx [Client Component Browser]
    ./app/[locale]/(pages)/course_details/[id]/[slug]/page.jsx [Server Component]

  Client Component SSR:
    ./sass/components/ui/Upcoming-Coures-Card.module.scss [Client Component SSR]
    ./components/ui/UpcomingCouresCard.jsx [Client Component SSR]
    ./app/[locale]/(pages)/course_details/[id]/[slug]/page.jsx [Client Component SSR]
    ./app/[locale]/(pages)/course_details/[id]/[slug]/page.jsx [Server Component]


./sass/components/ui/display-type.module.scss
Issue while running loader
SassWarning: Deprecation Warning on line 0, column 27 of 
file:///E:/montership/batd-academy/sass/components/ui/display-type.module.scss:0:27:
Sass @import rules are deprecated and will be removed in Dart Sass 3.0.0.

More info and automated migrator: https://sass-lang.com/d/import

0 | @import "globals"; @import "container";


sass\components\ui\display-type.module.scss 1:28  root stylesheet


Import traces:
  Client Component Browser:
    ./sass/components/ui/display-type.module.scss [Client Component Browser]
    ./components/ui/DisplayType.jsx [Client Component Browser]
    ./app/[locale]/(pages)/blog/page.jsx [Client Component Browser]
    ./app/[locale]/(pages)/blog/page.jsx [Server Component]

  Client Component SSR:
    ./sass/components/ui/display-type.module.scss [Client Component SSR]
    ./components/ui/DisplayType.jsx [Client Component SSR]
    ./app/[locale]/(pages)/blog/page.jsx [Client Component SSR]
    ./app/[locale]/(pages)/blog/page.jsx [Server Component]


./sass/components/ui/display-type.module.scss
Issue while running loader
SassWarning: Deprecation Warning on line 0, column 8 of 
file:///E:/montership/batd-academy/sass/components/ui/display-type.module.scss:0:8:
Sass @import rules are deprecated and will be removed in Dart Sass 3.0.0.

More info and automated migrator: https://sass-lang.com/d/import

0 | @import "globals"; @import "container";


sass\components\ui\display-type.module.scss 1:9  root stylesheet


Import traces:
  Client Component Browser:
    ./sass/components/ui/display-type.module.scss [Client Component Browser]
    ./components/ui/DisplayType.jsx [Client Component Browser]
    ./app/[locale]/(pages)/blog/page.jsx [Client Component Browser]
    ./app/[locale]/(pages)/blog/page.jsx [Server Component]

  Client Component SSR:
    ./sass/components/ui/display-type.module.scss [Client Component SSR]
    ./components/ui/DisplayType.jsx [Client Component SSR]
    ./app/[locale]/(pages)/blog/page.jsx [Client Component SSR]
    ./app/[locale]/(pages)/blog/page.jsx [Server Component]


./sass/components/ui/range.module.scss
Issue while running loader
SassWarning: Deprecation Warning on line 0, column 27 of 
file:///E:/montership/batd-academy/sass/components/ui/range.module.scss:0:27:
Sass @import rules are deprecated and will be removed in Dart Sass 3.0.0.

More info and automated migrator: https://sass-lang.com/d/import

0 | @import "globals"; @import "container";


sass\components\ui\range.module.scss 1:28  root stylesheet


Import traces:
  Client Component Browser:
    ./sass/components/ui/range.module.scss [Client Component Browser]
    ./components/ui/Range.jsx [Client Component Browser]
    ./app/[locale]/(pages)/search_course/Search.jsx [Client Component Browser]
    ./app/[locale]/(pages)/city/[id]/[slug]/Header.jsx [Client Component Browser]
    ./app/[locale]/(pages)/city/[id]/[slug]/Header.jsx [Server Component]
    ./app/[locale]/(pages)/city/[id]/[slug]/page.jsx [Server Component]

  Client Component SSR:
    ./sass/components/ui/range.module.scss [Client Component SSR]
    ./components/ui/Range.jsx [Client Component SSR]
    ./app/[locale]/(pages)/search_course/Search.jsx [Client Component SSR]
    ./app/[locale]/(pages)/city/[id]/[slug]/Header.jsx [Client Component SSR]
    ./app/[locale]/(pages)/city/[id]/[slug]/Header.jsx [Server Component]
    ./app/[locale]/(pages)/city/[id]/[slug]/page.jsx [Server Component]


./sass/components/ui/range.module.scss
Issue while running loader
SassWarning: Deprecation Warning on line 0, column 8 of 
file:///E:/montership/batd-academy/sass/components/ui/range.module.scss:0:8:
Sass @import rules are deprecated and will be removed in Dart Sass 3.0.0.

More info and automated migrator: https://sass-lang.com/d/import

0 | @import "globals"; @import "container";


sass\components\ui\range.module.scss 1:9  root stylesheet


Import traces:
  Client Component Browser:
    ./sass/components/ui/range.module.scss [Client Component Browser]
    ./components/ui/Range.jsx [Client Component Browser]
    ./app/[locale]/(pages)/search_course/Search.jsx [Client Component Browser]
    ./app/[locale]/(pages)/city/[id]/[slug]/Header.jsx [Client Component Browser]
    ./app/[locale]/(pages)/city/[id]/[slug]/Header.jsx [Server Component]
    ./app/[locale]/(pages)/city/[id]/[slug]/page.jsx [Server Component]

  Client Component SSR:
    ./sass/components/ui/range.module.scss [Client Component SSR]
    ./components/ui/Range.jsx [Client Component SSR]
    ./app/[locale]/(pages)/search_course/Search.jsx [Client Component SSR]
    ./app/[locale]/(pages)/city/[id]/[slug]/Header.jsx [Client Component SSR]
    ./app/[locale]/(pages)/city/[id]/[slug]/Header.jsx [Server Component]
    ./app/[locale]/(pages)/city/[id]/[slug]/page.jsx [Server Component]


./sass/components/ui/sort.module.scss
Issue while running loader
SassWarning: Deprecation Warning on line 0, column 27 of 
file:///E:/montership/batd-academy/sass/components/ui/sort.module.scss:0:27:
Sass @import rules are deprecated and will be removed in Dart Sass 3.0.0.

More info and automated migrator: https://sass-lang.com/d/import

0 | @import "globals"; @import "container";


sass\components\ui\sort.module.scss 1:28  root stylesheet


Import traces:
  Client Component Browser:
    ./sass/components/ui/sort.module.scss [Client Component Browser]
    ./components/ui/Sort.jsx [Client Component Browser]
    ./app/[locale]/(pages)/blog/page.jsx [Client Component Browser]
    ./app/[locale]/(pages)/blog/page.jsx [Server Component]

  Client Component SSR:
    ./sass/components/ui/sort.module.scss [Client Component SSR]
    ./components/ui/Sort.jsx [Client Component SSR]
    ./app/[locale]/(pages)/blog/page.jsx [Client Component SSR]
    ./app/[locale]/(pages)/blog/page.jsx [Server Component]


./sass/components/ui/sort.module.scss
Issue while running loader
SassWarning: Deprecation Warning on line 0, column 8 of 
file:///E:/montership/batd-academy/sass/components/ui/sort.module.scss:0:8:
Sass @import rules are deprecated and will be removed in Dart Sass 3.0.0.

More info and automated migrator: https://sass-lang.com/d/import

0 | @import "globals"; @import "container";


sass\components\ui\sort.module.scss 1:9  root stylesheet


Import traces:
  Client Component Browser:
    ./sass/components/ui/sort.module.scss [Client Component Browser]
    ./components/ui/Sort.jsx [Client Component Browser]
    ./app/[locale]/(pages)/blog/page.jsx [Client Component Browser]
    ./app/[locale]/(pages)/blog/page.jsx [Server Component]

  Client Component SSR:
    ./sass/components/ui/sort.module.scss [Client Component SSR]
    ./components/ui/Sort.jsx [Client Component SSR]
    ./app/[locale]/(pages)/blog/page.jsx [Client Component SSR]
    ./app/[locale]/(pages)/blog/page.jsx [Server Component]


./sass/pages/blog/article-parts.module.scss
Issue while running loader
SassWarning: Deprecation Warning on line 0, column 27 of 
file:///E:/montership/batd-academy/sass/pages/blog/article-parts.module.scss:0:27:
Sass @import rules are deprecated and will be removed in Dart Sass 3.0.0.

More info and automated migrator: https://sass-lang.com/d/import

0 | @import "globals"; @import "container";


sass\pages\blog\article-parts.module.scss 1:28  root stylesheet


Import traces:
  Client Component Browser:
    ./sass/pages/blog/article-parts.module.scss [Client Component Browser]
    ./app/[locale]/(pages)/post/[slug]/ArticleParts.jsx [Client Component Browser]
    ./app/[locale]/(pages)/post/[slug]/ArticleParts.jsx [Server Component]
    ./app/[locale]/(pages)/post/[slug]/page.jsx [Server Component]

  Client Component SSR:
    ./sass/pages/blog/article-parts.module.scss [Client Component SSR]
    ./app/[locale]/(pages)/post/[slug]/ArticleParts.jsx [Client Component SSR]
    ./app/[locale]/(pages)/post/[slug]/ArticleParts.jsx [Server Component]
    ./app/[locale]/(pages)/post/[slug]/page.jsx [Server Component]


./sass/pages/blog/article-parts.module.scss
Issue while running loader
SassWarning: Deprecation Warning on line 0, column 8 of 
file:///E:/montership/batd-academy/sass/pages/blog/article-parts.module.scss:0:8:
Sass @import rules are deprecated and will be removed in Dart Sass 3.0.0.

More info and automated migrator: https://sass-lang.com/d/import

0 | @import "globals"; @import "container";


sass\pages\blog\article-parts.module.scss 1:9  root stylesheet


Import traces:
  Client Component Browser:
    ./sass/pages/blog/article-parts.module.scss [Client Component Browser]
    ./app/[locale]/(pages)/post/[slug]/ArticleParts.jsx [Client Component Browser]
    ./app/[locale]/(pages)/post/[slug]/ArticleParts.jsx [Server Component]
    ./app/[locale]/(pages)/post/[slug]/page.jsx [Server Component]

  Client Component SSR:
    ./sass/pages/blog/article-parts.module.scss [Client Component SSR]
    ./app/[locale]/(pages)/post/[slug]/ArticleParts.jsx [Client Component SSR]
    ./app/[locale]/(pages)/post/[slug]/ArticleParts.jsx [Server Component]
    ./app/[locale]/(pages)/post/[slug]/page.jsx [Server Component]


./sass/pages/blog/blog-details.module.scss
Issue while running loader
SassWarning: Deprecation Warning on line 0, column 27 of 
file:///E:/montership/batd-academy/sass/pages/blog/blog-details.module.scss:0:27:
Sass @import rules are deprecated and will be removed in Dart Sass 3.0.0.

More info and automated migrator: https://sass-lang.com/d/import

0 | @import "globals"; @import "container";


sass\pages\blog\blog-details.module.scss 1:28  root stylesheet


Import trace:
  Server Component:
    ./sass/pages/blog/blog-details.module.scss
    ./app/[locale]/(pages)/post/[slug]/page.jsx


./sass/pages/blog/blog-details.module.scss
Issue while running loader
SassWarning: Deprecation Warning on line 0, column 8 of 
file:///E:/montership/batd-academy/sass/pages/blog/blog-details.module.scss:0:8:
Sass @import rules are deprecated and will be removed in Dart Sass 3.0.0.

More info and automated migrator: https://sass-lang.com/d/import

0 | @import "globals"; @import "container";


sass\pages\blog\blog-details.module.scss 1:9  root stylesheet


Import trace:
  Server Component:
    ./sass/pages/blog/blog-details.module.scss
    ./app/[locale]/(pages)/post/[slug]/page.jsx


./sass/pages/blog/blog.module.scss
Issue while running loader
SassWarning: Deprecation Warning on line 0, column 27 of 
file:///E:/montership/batd-academy/sass/pages/blog/blog.module.scss:0:27:
Sass @import rules are deprecated and will be removed in Dart Sass 3.0.0.

More info and automated migrator: https://sass-lang.com/d/import

0 | @import "globals"; @import "container";


sass\pages\blog\blog.module.scss 1:28  root stylesheet


Import traces:
  Client Component Browser:
    ./sass/pages/blog/blog.module.scss [Client Component Browser]
    ./app/[locale]/(pages)/blog/page.jsx [Client Component Browser]
    ./app/[locale]/(pages)/blog/page.jsx [Server Component]

  Client Component SSR:
    ./sass/pages/blog/blog.module.scss [Client Component SSR]
    ./app/[locale]/(pages)/blog/page.jsx [Client Component SSR]
    ./app/[locale]/(pages)/blog/page.jsx [Server Component]


./sass/pages/blog/blog.module.scss
Issue while running loader
SassWarning: Deprecation Warning on line 0, column 8 of 
file:///E:/montership/batd-academy/sass/pages/blog/blog.module.scss:0:8:
Sass @import rules are deprecated and will be removed in Dart Sass 3.0.0.

More info and automated migrator: https://sass-lang.com/d/import

0 | @import "globals"; @import "container";


sass\pages\blog\blog.module.scss 1:9  root stylesheet


Import traces:
  Client Component Browser:
    ./sass/pages/blog/blog.module.scss [Client Component Browser]
    ./app/[locale]/(pages)/blog/page.jsx [Client Component Browser]
    ./app/[locale]/(pages)/blog/page.jsx [Server Component]

  Client Component SSR:
    ./sass/pages/blog/blog.module.scss [Client Component SSR]
    ./app/[locale]/(pages)/blog/page.jsx [Client Component SSR]
    ./app/[locale]/(pages)/blog/page.jsx [Server Component]


./sass/pages/blog/featured-article.module.scss
Issue while running loader
SassWarning: Deprecation Warning on line 0, column 27 of 
file:///E:/montership/batd-academy/sass/pages/blog/featured-article.module.scss:0:27:
Sass @import rules are deprecated and will be removed in Dart Sass 3.0.0.

More info and automated migrator: https://sass-lang.com/d/import

0 | @import "globals"; @import "container";


sass\pages\blog\featured-article.module.scss 1:28  root stylesheet


Import traces:
  Client Component Browser:
    ./sass/pages/blog/featured-article.module.scss [Client Component Browser]
    ./app/[locale]/(pages)/blog/FeaturedArticle.jsx [Client Component Browser]
    ./app/[locale]/(pages)/blog/page.jsx [Client Component Browser]
    ./app/[locale]/(pages)/blog/page.jsx [Server Component]

  Client Component SSR:
    ./sass/pages/blog/featured-article.module.scss [Client Component SSR]
    ./app/[locale]/(pages)/blog/FeaturedArticle.jsx [Client Component SSR]
    ./app/[locale]/(pages)/blog/page.jsx [Client Component SSR]
    ./app/[locale]/(pages)/blog/page.jsx [Server Component]


./sass/pages/blog/featured-article.module.scss
Issue while running loader
SassWarning: Deprecation Warning on line 0, column 8 of 
file:///E:/montership/batd-academy/sass/pages/blog/featured-article.module.scss:0:8:
Sass @import rules are deprecated and will be removed in Dart Sass 3.0.0.

More info and automated migrator: https://sass-lang.com/d/import

0 | @import "globals"; @import "container";


sass\pages\blog\featured-article.module.scss 1:9  root stylesheet


Import traces:
  Client Component Browser:
    ./sass/pages/blog/featured-article.module.scss [Client Component Browser]
    ./app/[locale]/(pages)/blog/FeaturedArticle.jsx [Client Component Browser]
    ./app/[locale]/(pages)/blog/page.jsx [Client Component Browser]
    ./app/[locale]/(pages)/blog/page.jsx [Server Component]

  Client Component SSR:
    ./sass/pages/blog/featured-article.module.scss [Client Component SSR]
    ./app/[locale]/(pages)/blog/FeaturedArticle.jsx [Client Component SSR]
    ./app/[locale]/(pages)/blog/page.jsx [Client Component SSR]
    ./app/[locale]/(pages)/blog/page.jsx [Server Component]


./sass/pages/blog/lastest-articles-card.module.scss
Issue while running loader
SassWarning: Deprecation Warning on line 0, column 27 of 
file:///E:/montership/batd-academy/sass/pages/blog/lastest-articles-card.module.scss:0:27:
Sass @import rules are deprecated and will be removed in Dart Sass 3.0.0.

More info and automated migrator: https://sass-lang.com/d/import

0 | @import "globals"; @import "container";


sass\pages\blog\lastest-articles-card.module.scss 1:28  root stylesheet


Import traces:
  Server Component:
    ./sass/pages/blog/lastest-articles-card.module.scss
    ./app/[locale]/(pages)/blog/LatestArticlesCard.jsx
    ./app/[locale]/(pages)/post/[slug]/MainContent.jsx
    ./app/[locale]/(pages)/post/[slug]/page.jsx

  Client Component Browser:
    ./sass/pages/blog/lastest-articles-card.module.scss [Client Component Browser]
    ./app/[locale]/(pages)/blog/LatestArticlesCard.jsx [Client Component Browser]
    ./app/[locale]/(pages)/blog/LatestArticles.jsx [Client Component Browser]
    ./app/[locale]/(pages)/blog/page.jsx [Client Component Browser]
    ./app/[locale]/(pages)/blog/page.jsx [Server Component]

  Client Component SSR:
    ./sass/pages/blog/lastest-articles-card.module.scss [Client Component SSR]
    ./app/[locale]/(pages)/blog/LatestArticlesCard.jsx [Client Component SSR]
    ./app/[locale]/(pages)/blog/LatestArticles.jsx [Client Component SSR]
    ./app/[locale]/(pages)/blog/page.jsx [Client Component SSR]
    ./app/[locale]/(pages)/blog/page.jsx [Server Component]


./sass/pages/blog/lastest-articles-card.module.scss
Issue while running loader
SassWarning: Deprecation Warning on line 0, column 8 of 
file:///E:/montership/batd-academy/sass/pages/blog/lastest-articles-card.module.scss:0:8:
Sass @import rules are deprecated and will be removed in Dart Sass 3.0.0.

More info and automated migrator: https://sass-lang.com/d/import

0 | @import "globals"; @import "container";


sass\pages\blog\lastest-articles-card.module.scss 1:9  root stylesheet


Import traces:
  Server Component:
    ./sass/pages/blog/lastest-articles-card.module.scss
    ./app/[locale]/(pages)/blog/LatestArticlesCard.jsx
    ./app/[locale]/(pages)/post/[slug]/MainContent.jsx
    ./app/[locale]/(pages)/post/[slug]/page.jsx

  Client Component Browser:
    ./sass/pages/blog/lastest-articles-card.module.scss [Client Component Browser]
    ./app/[locale]/(pages)/blog/LatestArticlesCard.jsx [Client Component Browser]
    ./app/[locale]/(pages)/blog/LatestArticles.jsx [Client Component Browser]
    ./app/[locale]/(pages)/blog/page.jsx [Client Component Browser]
    ./app/[locale]/(pages)/blog/page.jsx [Server Component]

  Client Component SSR:
    ./sass/pages/blog/lastest-articles-card.module.scss [Client Component SSR]
    ./app/[locale]/(pages)/blog/LatestArticlesCard.jsx [Client Component SSR]
    ./app/[locale]/(pages)/blog/LatestArticles.jsx [Client Component SSR]
    ./app/[locale]/(pages)/blog/page.jsx [Client Component SSR]
    ./app/[locale]/(pages)/blog/page.jsx [Server Component]


./sass/pages/blog/latest-articles.module.scss
Issue while running loader
SassWarning: Deprecation Warning on line 0, column 27 of 
file:///E:/montership/batd-academy/sass/pages/blog/latest-articles.module.scss:0:27:
Sass @import rules are deprecated and will be removed in Dart Sass 3.0.0.

More info and automated migrator: https://sass-lang.com/d/import

0 | @import "globals"; @import "container";


sass\pages\blog\latest-articles.module.scss 1:28  root stylesheet


Import traces:
  Client Component Browser:
    ./sass/pages/blog/latest-articles.module.scss [Client Component Browser]
    ./app/[locale]/(pages)/blog/LatestArticles.jsx [Client Component Browser]
    ./app/[locale]/(pages)/blog/page.jsx [Client Component Browser]
    ./app/[locale]/(pages)/blog/page.jsx [Server Component]

  Client Component SSR:
    ./sass/pages/blog/latest-articles.module.scss [Client Component SSR]
    ./app/[locale]/(pages)/blog/LatestArticles.jsx [Client Component SSR]
    ./app/[locale]/(pages)/blog/page.jsx [Client Component SSR]
    ./app/[locale]/(pages)/blog/page.jsx [Server Component]


./sass/pages/blog/latest-articles.module.scss
Issue while running loader
SassWarning: Deprecation Warning on line 0, column 8 of 
file:///E:/montership/batd-academy/sass/pages/blog/latest-articles.module.scss:0:8:
Sass @import rules are deprecated and will be removed in Dart Sass 3.0.0.

More info and automated migrator: https://sass-lang.com/d/import

0 | @import "globals"; @import "container";


sass\pages\blog\latest-articles.module.scss 1:9  root stylesheet


Import traces:
  Client Component Browser:
    ./sass/pages/blog/latest-articles.module.scss [Client Component Browser]
    ./app/[locale]/(pages)/blog/LatestArticles.jsx [Client Component Browser]
    ./app/[locale]/(pages)/blog/page.jsx [Client Component Browser]
    ./app/[locale]/(pages)/blog/page.jsx [Server Component]

  Client Component SSR:
    ./sass/pages/blog/latest-articles.module.scss [Client Component SSR]
    ./app/[locale]/(pages)/blog/LatestArticles.jsx [Client Component SSR]
    ./app/[locale]/(pages)/blog/page.jsx [Client Component SSR]
    ./app/[locale]/(pages)/blog/page.jsx [Server Component]


./sass/pages/blog/reactions.module.scss
Issue while running loader
SassWarning: Deprecation Warning on line 0, column 27 of 
file:///E:/montership/batd-academy/sass/pages/blog/reactions.module.scss:0:27:
Sass @import rules are deprecated and will be removed in Dart Sass 3.0.0.

More info and automated migrator: https://sass-lang.com/d/import

0 | @import "globals"; @import "container";


sass\pages\blog\reactions.module.scss 1:28  root stylesheet


Import trace:
  Server Component:
    ./sass/pages/blog/reactions.module.scss
    ./app/[locale]/(pages)/post/[slug]/Reactions.jsx
    ./app/[locale]/(pages)/post/[slug]/MainContent.jsx
    ./app/[locale]/(pages)/post/[slug]/page.jsx


./sass/pages/blog/reactions.module.scss
Issue while running loader
SassWarning: Deprecation Warning on line 0, column 8 of 
file:///E:/montership/batd-academy/sass/pages/blog/reactions.module.scss:0:8:
Sass @import rules are deprecated and will be removed in Dart Sass 3.0.0.

More info and automated migrator: https://sass-lang.com/d/import

0 | @import "globals"; @import "container";


sass\pages\blog\reactions.module.scss 1:9  root stylesheet


Import trace:
  Server Component:
    ./sass/pages/blog/reactions.module.scss
    ./app/[locale]/(pages)/post/[slug]/Reactions.jsx
    ./app/[locale]/(pages)/post/[slug]/MainContent.jsx
    ./app/[locale]/(pages)/post/[slug]/page.jsx


./sass/pages/blog/search.module.scss
Issue while running loader
SassWarning: Deprecation Warning on line 0, column 27 of 
file:///E:/montership/batd-academy/sass/pages/blog/search.module.scss:0:27:
Sass @import rules are deprecated and will be removed in Dart Sass 3.0.0.

More info and automated migrator: https://sass-lang.com/d/import

0 | @import "globals"; @import "container";


sass\pages\blog\search.module.scss 1:28  root stylesheet


Import traces:
  Server Component:
    ./sass/pages/blog/search.module.scss
    ./app/[locale]/(pages)/blog/Search.jsx
    ./app/[locale]/(pages)/page/FQA/page.jsx

  Client Component Browser:
    ./sass/pages/blog/search.module.scss [Client Component Browser]
    ./app/[locale]/(pages)/blog/Search.jsx [Client Component Browser]
    ./app/[locale]/(pages)/blog/page.jsx [Client Component Browser]
    ./app/[locale]/(pages)/blog/page.jsx [Server Component]

  Client Component SSR:
    ./sass/pages/blog/search.module.scss [Client Component SSR]
    ./app/[locale]/(pages)/blog/Search.jsx [Client Component SSR]
    ./app/[locale]/(pages)/blog/page.jsx [Client Component SSR]
    ./app/[locale]/(pages)/blog/page.jsx [Server Component]


./sass/pages/blog/search.module.scss
Issue while running loader
SassWarning: Deprecation Warning on line 0, column 8 of 
file:///E:/montership/batd-academy/sass/pages/blog/search.module.scss:0:8:
Sass @import rules are deprecated and will be removed in Dart Sass 3.0.0.

More info and automated migrator: https://sass-lang.com/d/import

0 | @import "globals"; @import "container";


sass\pages\blog\search.module.scss 1:9  root stylesheet


Import traces:
  Server Component:
    ./sass/pages/blog/search.module.scss
    ./app/[locale]/(pages)/blog/Search.jsx
    ./app/[locale]/(pages)/page/FQA/page.jsx

  Client Component Browser:
    ./sass/pages/blog/search.module.scss [Client Component Browser]
    ./app/[locale]/(pages)/blog/Search.jsx [Client Component Browser]
    ./app/[locale]/(pages)/blog/page.jsx [Client Component Browser]
    ./app/[locale]/(pages)/blog/page.jsx [Server Component]

  Client Component SSR:
    ./sass/pages/blog/search.module.scss [Client Component SSR]
    ./app/[locale]/(pages)/blog/Search.jsx [Client Component SSR]
    ./app/[locale]/(pages)/blog/page.jsx [Client Component SSR]
    ./app/[locale]/(pages)/blog/page.jsx [Server Component]


./sass/pages/category-details/category-details.module.scss
Issue while running loader
SassWarning: Deprecation Warning on line 0, column 27 of 
file:///E:/montership/batd-academy/sass/pages/category-details/category-details.module.scss:0:27:
Sass @import rules are deprecated and will be removed in Dart Sass 3.0.0.

More info and automated migrator: https://sass-lang.com/d/import

0 | @import "globals"; @import "container";


sass\pages\category-details\category-details.module.scss 1:28  root stylesheet


Import trace:
  Server Component:
    ./sass/pages/category-details/category-details.module.scss
    ./app/[locale]/(pages)/category/[id]/[slug]/page.jsx


./sass/pages/category-details/category-details.module.scss
Issue while running loader
SassWarning: Deprecation Warning on line 0, column 8 of 
file:///E:/montership/batd-academy/sass/pages/category-details/category-details.module.scss:0:8:
Sass @import rules are deprecated and will be removed in Dart Sass 3.0.0.

More info and automated migrator: https://sass-lang.com/d/import

0 | @import "globals"; @import "container";


sass\pages\category-details\category-details.module.scss 1:9  root stylesheet


Import trace:
  Server Component:
    ./sass/pages/category-details/category-details.module.scss
    ./app/[locale]/(pages)/category/[id]/[slug]/page.jsx


./sass/pages/consulting/consulting-card.module.scss
Issue while running loader
SassWarning: Deprecation Warning on line 0, column 27 of 
file:///E:/montership/batd-academy/sass/pages/consulting/consulting-card.module.scss:0:27:
Sass @import rules are deprecated and will be removed in Dart Sass 3.0.0.

More info and automated migrator: https://sass-lang.com/d/import

0 | @import "globals"; @import "container";


sass\pages\consulting\consulting-card.module.scss 1:28  root stylesheet


Import trace:
  Server Component:
    ./sass/pages/consulting/consulting-card.module.scss
    ./app/[locale]/(pages)/consulting/ConsultingCard.jsx
    ./app/[locale]/(pages)/consulting/page.jsx


./sass/pages/consulting/consulting-card.module.scss
Issue while running loader
SassWarning: Deprecation Warning on line 0, column 8 of 
file:///E:/montership/batd-academy/sass/pages/consulting/consulting-card.module.scss:0:8:
Sass @import rules are deprecated and will be removed in Dart Sass 3.0.0.

More info and automated migrator: https://sass-lang.com/d/import

0 | @import "globals"; @import "container";


sass\pages\consulting\consulting-card.module.scss 1:9  root stylesheet


Import trace:
  Server Component:
    ./sass/pages/consulting/consulting-card.module.scss
    ./app/[locale]/(pages)/consulting/ConsultingCard.jsx
    ./app/[locale]/(pages)/consulting/page.jsx


./sass/pages/consulting/consulting-category/consulting-category-card.module.scss
Issue while running loader
SassWarning: Deprecation Warning on line 0, column 27 of 
file:///E:/montership/batd-academy/sass/pages/consulting/consulting-category/consulting-category-card.module.scss:0:27:
Sass @import rules are deprecated and will be removed in Dart Sass 3.0.0.

More info and automated migrator: https://sass-lang.com/d/import

0 | @import "globals"; @import "container";


sass\pages\consulting\consulting-category\consulting-category-card.module.scss 1:28  root stylesheet


Import trace:
  Server Component:
    ./sass/pages/consulting/consulting-category/consulting-category-card.module.scss
    ./app/[locale]/(pages)/consulting/[name]/ConsultingCategoryCard.jsx
    ./app/[locale]/(pages)/consulting/[name]/page.jsx


./sass/pages/consulting/consulting-category/consulting-category-card.module.scss
Issue while running loader
SassWarning: Deprecation Warning on line 0, column 8 of 
file:///E:/montership/batd-academy/sass/pages/consulting/consulting-category/consulting-category-card.module.scss:0:8:
Sass @import rules are deprecated and will be removed in Dart Sass 3.0.0.

More info and automated migrator: https://sass-lang.com/d/import

0 | @import "globals"; @import "container";


sass\pages\consulting\consulting-category\consulting-category-card.module.scss 1:9  root stylesheet


Import trace:
  Server Component:
    ./sass/pages/consulting/consulting-category/consulting-category-card.module.scss
    ./app/[locale]/(pages)/consulting/[name]/ConsultingCategoryCard.jsx
    ./app/[locale]/(pages)/consulting/[name]/page.jsx


./sass/pages/consulting/consulting-category/consulting-category.module.scss
Issue while running loader
SassWarning: Deprecation Warning on line 0, column 27 of 
file:///E:/montership/batd-academy/sass/pages/consulting/consulting-category/consulting-category.module.scss:0:27:
Sass @import rules are deprecated and will be removed in Dart Sass 3.0.0.

More info and automated migrator: https://sass-lang.com/d/import

0 | @import "globals"; @import "container";


sass\pages\consulting\consulting-category\consulting-category.module.scss 1:28  root stylesheet


Import trace:
  Server Component:
    ./sass/pages/consulting/consulting-category/consulting-category.module.scss
    ./app/[locale]/(pages)/consulting/[name]/page.jsx


./sass/pages/consulting/consulting-category/consulting-category.module.scss
Issue while running loader
SassWarning: Deprecation Warning on line 0, column 8 of 
file:///E:/montership/batd-academy/sass/pages/consulting/consulting-category/consulting-category.module.scss:0:8:
Sass @import rules are deprecated and will be removed in Dart Sass 3.0.0.

More info and automated migrator: https://sass-lang.com/d/import

0 | @import "globals"; @import "container";


sass\pages\consulting\consulting-category\consulting-category.module.scss 1:9  root stylesheet


Import trace:
  Server Component:
    ./sass/pages/consulting/consulting-category/consulting-category.module.scss
    ./app/[locale]/(pages)/consulting/[name]/page.jsx


./sass/pages/consulting/consulting-category/header.module.scss
Issue while running loader
SassWarning: Deprecation Warning on line 0, column 27 of 
file:///E:/montership/batd-academy/sass/pages/consulting/consulting-category/header.module.scss:0:27:
Sass @import rules are deprecated and will be removed in Dart Sass 3.0.0.

More info and automated migrator: https://sass-lang.com/d/import

0 | @import "globals"; @import "container";


sass\pages\consulting\consulting-category\header.module.scss 1:28  root stylesheet


Import traces:
  Client Component Browser:
    ./sass/pages/consulting/consulting-category/header.module.scss [Client Component Browser]
    ./app/[locale]/(pages)/consulting/[name]/Header.jsx [Client Component Browser]
    ./app/[locale]/(pages)/consulting/[name]/Header.jsx [Server Component]
    ./app/[locale]/(pages)/consulting/[name]/page.jsx [Server Component]

  Client Component SSR:
    ./sass/pages/consulting/consulting-category/header.module.scss [Client Component SSR]
    ./app/[locale]/(pages)/consulting/[name]/Header.jsx [Client Component SSR]
    ./app/[locale]/(pages)/consulting/[name]/Header.jsx [Server Component]
    ./app/[locale]/(pages)/consulting/[name]/page.jsx [Server Component]


./sass/pages/consulting/consulting-category/header.module.scss
Issue while running loader
SassWarning: Deprecation Warning on line 0, column 8 of 
file:///E:/montership/batd-academy/sass/pages/consulting/consulting-category/header.module.scss:0:8:
Sass @import rules are deprecated and will be removed in Dart Sass 3.0.0.

More info and automated migrator: https://sass-lang.com/d/import

0 | @import "globals"; @import "container";


sass\pages\consulting\consulting-category\header.module.scss 1:9  root stylesheet


Import traces:
  Client Component Browser:
    ./sass/pages/consulting/consulting-category/header.module.scss [Client Component Browser]
    ./app/[locale]/(pages)/consulting/[name]/Header.jsx [Client Component Browser]
    ./app/[locale]/(pages)/consulting/[name]/Header.jsx [Server Component]
    ./app/[locale]/(pages)/consulting/[name]/page.jsx [Server Component]

  Client Component SSR:
    ./sass/pages/consulting/consulting-category/header.module.scss [Client Component SSR]
    ./app/[locale]/(pages)/consulting/[name]/Header.jsx [Client Component SSR]
    ./app/[locale]/(pages)/consulting/[name]/Header.jsx [Server Component]
    ./app/[locale]/(pages)/consulting/[name]/page.jsx [Server Component]


./sass/pages/consulting/consulting-details/book-consultation.module.scss
Issue while running loader
SassWarning: Deprecation Warning on line 0, column 27 of 
file:///E:/montership/batd-academy/sass/pages/consulting/consulting-details/book-consultation.module.scss:0:27:
Sass @import rules are deprecated and will be removed in Dart Sass 3.0.0.

More info and automated migrator: https://sass-lang.com/d/import

0 | @import "globals"; @import "container";


sass\pages\consulting\consulting-details\book-consultation.module.scss 1:28  root stylesheet


Import trace:
  Server Component:
    ./sass/pages/consulting/consulting-details/book-consultation.module.scss
    ./app/[locale]/(pages)/(consultingDetails)/page/[slug]/BookConsultation.jsx
    ./app/[locale]/(pages)/(consultingDetails)/page/[slug]/page.jsx


./sass/pages/consulting/consulting-details/book-consultation.module.scss
Issue while running loader
SassWarning: Deprecation Warning on line 0, column 8 of 
file:///E:/montership/batd-academy/sass/pages/consulting/consulting-details/book-consultation.module.scss:0:8:
Sass @import rules are deprecated and will be removed in Dart Sass 3.0.0.

More info and automated migrator: https://sass-lang.com/d/import

0 | @import "globals"; @import "container";


sass\pages\consulting\consulting-details\book-consultation.module.scss 1:9  root stylesheet


Import trace:
  Server Component:
    ./sass/pages/consulting/consulting-details/book-consultation.module.scss
    ./app/[locale]/(pages)/(consultingDetails)/page/[slug]/BookConsultation.jsx
    ./app/[locale]/(pages)/(consultingDetails)/page/[slug]/page.jsx


./sass/pages/consulting/consulting-details/client-testimonials.module.scss
Issue while running loader
SassWarning: Deprecation Warning on line 0, column 27 of 
file:///E:/montership/batd-academy/sass/pages/consulting/consulting-details/client-testimonials.module.scss:0:27:
Sass @import rules are deprecated and will be removed in Dart Sass 3.0.0.

More info and automated migrator: https://sass-lang.com/d/import

0 | @import "globals"; @import "container";


sass\pages\consulting\consulting-details\client-testimonials.module.scss 1:28  root stylesheet


Import trace:
  Server Component:
    ./sass/pages/consulting/consulting-details/client-testimonials.module.scss
    ./app/[locale]/(pages)/(consultingDetails)/page/[slug]/ClientTestimonials.jsx
    ./app/[locale]/(pages)/(consultingDetails)/page/[slug]/page.jsx


./sass/pages/consulting/consulting-details/client-testimonials.module.scss
Issue while running loader
SassWarning: Deprecation Warning on line 0, column 8 of 
file:///E:/montership/batd-academy/sass/pages/consulting/consulting-details/client-testimonials.module.scss:0:8:
Sass @import rules are deprecated and will be removed in Dart Sass 3.0.0.

More info and automated migrator: https://sass-lang.com/d/import

0 | @import "globals"; @import "container";


sass\pages\consulting\consulting-details\client-testimonials.module.scss 1:9  root stylesheet


Import trace:
  Server Component:
    ./sass/pages/consulting/consulting-details/client-testimonials.module.scss
    ./app/[locale]/(pages)/(consultingDetails)/page/[slug]/ClientTestimonials.jsx
    ./app/[locale]/(pages)/(consultingDetails)/page/[slug]/page.jsx


./sass/pages/consulting/consulting-details/consulting-details.module.scss
Issue while running loader
SassWarning: Deprecation Warning on line 0, column 27 of 
file:///E:/montership/batd-academy/sass/pages/consulting/consulting-details/consulting-details.module.scss:0:27:
Sass @import rules are deprecated and will be removed in Dart Sass 3.0.0.

More info and automated migrator: https://sass-lang.com/d/import

0 | @import "globals"; @import "container";


sass\pages\consulting\consulting-details\consulting-details.module.scss 1:28  root stylesheet


Import trace:
  Server Component:
    ./sass/pages/consulting/consulting-details/consulting-details.module.scss
    ./app/[locale]/(pages)/(consultingDetails)/page/[slug]/page.jsx


./sass/pages/consulting/consulting-details/consulting-details.module.scss
Issue while running loader
SassWarning: Deprecation Warning on line 0, column 8 of 
file:///E:/montership/batd-academy/sass/pages/consulting/consulting-details/consulting-details.module.scss:0:8:
Sass @import rules are deprecated and will be removed in Dart Sass 3.0.0.

More info and automated migrator: https://sass-lang.com/d/import

0 | @import "globals"; @import "container";


sass\pages\consulting\consulting-details\consulting-details.module.scss 1:9  root stylesheet


Import trace:
  Server Component:
    ./sass/pages/consulting/consulting-details/consulting-details.module.scss
    ./app/[locale]/(pages)/(consultingDetails)/page/[slug]/page.jsx


./sass/pages/consulting/consulting-details/overview.module.scss
Issue while running loader
SassWarning: Deprecation Warning on line 0, column 27 of 
file:///E:/montership/batd-academy/sass/pages/consulting/consulting-details/overview.module.scss:0:27:
Sass @import rules are deprecated and will be removed in Dart Sass 3.0.0.

More info and automated migrator: https://sass-lang.com/d/import

0 | @import "globals"; @import "container";


sass\pages\consulting\consulting-details\overview.module.scss 1:28  root stylesheet


Import trace:
  Server Component:
    ./sass/pages/consulting/consulting-details/overview.module.scss
    ./app/[locale]/(pages)/(consultingDetails)/page/[slug]/Overview.jsx
    ./app/[locale]/(pages)/(consultingDetails)/page/[slug]/page.jsx


./sass/pages/consulting/consulting-details/overview.module.scss
Issue while running loader
SassWarning: Deprecation Warning on line 0, column 8 of 
file:///E:/montership/batd-academy/sass/pages/consulting/consulting-details/overview.module.scss:0:8:
Sass @import rules are deprecated and will be removed in Dart Sass 3.0.0.

More info and automated migrator: https://sass-lang.com/d/import

0 | @import "globals"; @import "container";


sass\pages\consulting\consulting-details\overview.module.scss 1:9  root stylesheet


Import trace:
  Server Component:
    ./sass/pages/consulting/consulting-details/overview.module.scss
    ./app/[locale]/(pages)/(consultingDetails)/page/[slug]/Overview.jsx
    ./app/[locale]/(pages)/(consultingDetails)/page/[slug]/page.jsx


./sass/pages/consulting/consulting-details/process.module.scss
Issue while running loader
SassWarning: Deprecation Warning on line 0, column 27 of 
file:///E:/montership/batd-academy/sass/pages/consulting/consulting-details/process.module.scss:0:27:
Sass @import rules are deprecated and will be removed in Dart Sass 3.0.0.

More info and automated migrator: https://sass-lang.com/d/import

0 | @import "globals"; @import "container";


sass\pages\consulting\consulting-details\process.module.scss 1:28  root stylesheet


Import trace:
  Server Component:
    ./sass/pages/consulting/consulting-details/process.module.scss
    ./app/[locale]/(pages)/(consultingDetails)/page/[slug]/Process.jsx
    ./app/[locale]/(pages)/(consultingDetails)/page/[slug]/page.jsx


./sass/pages/consulting/consulting-details/process.module.scss
Issue while running loader
SassWarning: Deprecation Warning on line 0, column 8 of 
file:///E:/montership/batd-academy/sass/pages/consulting/consulting-details/process.module.scss:0:8:
Sass @import rules are deprecated and will be removed in Dart Sass 3.0.0.

More info and automated migrator: https://sass-lang.com/d/import

0 | @import "globals"; @import "container";


sass\pages\consulting\consulting-details\process.module.scss 1:9  root stylesheet


Import trace:
  Server Component:
    ./sass/pages/consulting/consulting-details/process.module.scss
    ./app/[locale]/(pages)/(consultingDetails)/page/[slug]/Process.jsx
    ./app/[locale]/(pages)/(consultingDetails)/page/[slug]/page.jsx


./sass/pages/consulting/consulting.module.scss
Issue while running loader
SassWarning: Deprecation Warning on line 0, column 27 of 
file:///E:/montership/batd-academy/sass/pages/consulting/consulting.module.scss:0:27:
Sass @import rules are deprecated and will be removed in Dart Sass 3.0.0.

More info and automated migrator: https://sass-lang.com/d/import

0 | @import "globals"; @import "container";


sass\pages\consulting\consulting.module.scss 1:28  root stylesheet


Import trace:
  Server Component:
    ./sass/pages/consulting/consulting.module.scss
    ./app/[locale]/(pages)/consulting/page.jsx


./sass/pages/consulting/consulting.module.scss
Issue while running loader
SassWarning: Deprecation Warning on line 0, column 8 of 
file:///E:/montership/batd-academy/sass/pages/consulting/consulting.module.scss:0:8:
Sass @import rules are deprecated and will be removed in Dart Sass 3.0.0.

More info and automated migrator: https://sass-lang.com/d/import

0 | @import "globals"; @import "container";


sass\pages\consulting\consulting.module.scss 1:9  root stylesheet


Import trace:
  Server Component:
    ./sass/pages/consulting/consulting.module.scss
    ./app/[locale]/(pages)/consulting/page.jsx


./sass/pages/consulting/expert-card.module.scss
Issue while running loader
SassWarning: Deprecation Warning on line 0, column 27 of 
file:///E:/montership/batd-academy/sass/pages/consulting/expert-card.module.scss:0:27:
Sass @import rules are deprecated and will be removed in Dart Sass 3.0.0.

More info and automated migrator: https://sass-lang.com/d/import

0 | @import "globals"; @import "container";


sass\pages\consulting\expert-card.module.scss 1:28  root stylesheet


Import trace:
  Server Component:
    ./sass/pages/consulting/expert-card.module.scss
    ./app/[locale]/(pages)/consulting/ExpertCard.jsx
    ./app/[locale]/(pages)/consulting/page.jsx


./sass/pages/consulting/expert-card.module.scss
Issue while running loader
SassWarning: Deprecation Warning on line 0, column 8 of 
file:///E:/montership/batd-academy/sass/pages/consulting/expert-card.module.scss:0:8:
Sass @import rules are deprecated and will be removed in Dart Sass 3.0.0.

More info and automated migrator: https://sass-lang.com/d/import

0 | @import "globals"; @import "container";


sass\pages\consulting\expert-card.module.scss 1:9  root stylesheet


Import trace:
  Server Component:
    ./sass/pages/consulting/expert-card.module.scss
    ./app/[locale]/(pages)/consulting/ExpertCard.jsx
    ./app/[locale]/(pages)/consulting/page.jsx


./sass/pages/consulting/header.module.scss
Issue while running loader
SassWarning: Deprecation Warning on line 0, column 27 of 
file:///E:/montership/batd-academy/sass/pages/consulting/header.module.scss:0:27:
Sass @import rules are deprecated and will be removed in Dart Sass 3.0.0.

More info and automated migrator: https://sass-lang.com/d/import

0 | @import "globals"; @import "container";


sass\pages\consulting\header.module.scss 1:28  root stylesheet


Import traces:
  Client Component Browser:
    ./sass/pages/consulting/header.module.scss [Client Component Browser]
    ./app/[locale]/(pages)/consulting/Header.jsx [Client Component Browser]
    ./app/[locale]/(pages)/consulting/Header.jsx [Server Component]
    ./app/[locale]/(pages)/consulting/page.jsx [Server Component]

  Client Component SSR:
    ./sass/pages/consulting/header.module.scss [Client Component SSR]
    ./app/[locale]/(pages)/consulting/Header.jsx [Client Component SSR]
    ./app/[locale]/(pages)/consulting/Header.jsx [Server Component]
    ./app/[locale]/(pages)/consulting/page.jsx [Server Component]


./sass/pages/consulting/header.module.scss
Issue while running loader
SassWarning: Deprecation Warning on line 0, column 8 of 
file:///E:/montership/batd-academy/sass/pages/consulting/header.module.scss:0:8:
Sass @import rules are deprecated and will be removed in Dart Sass 3.0.0.

More info and automated migrator: https://sass-lang.com/d/import

0 | @import "globals"; @import "container";


sass\pages\consulting\header.module.scss 1:9  root stylesheet


Import traces:
  Client Component Browser:
    ./sass/pages/consulting/header.module.scss [Client Component Browser]
    ./app/[locale]/(pages)/consulting/Header.jsx [Client Component Browser]
    ./app/[locale]/(pages)/consulting/Header.jsx [Server Component]
    ./app/[locale]/(pages)/consulting/page.jsx [Server Component]

  Client Component SSR:
    ./sass/pages/consulting/header.module.scss [Client Component SSR]
    ./app/[locale]/(pages)/consulting/Header.jsx [Client Component SSR]
    ./app/[locale]/(pages)/consulting/Header.jsx [Server Component]
    ./app/[locale]/(pages)/consulting/page.jsx [Server Component]


./sass/pages/contact/contact.module.scss
Issue while running loader
SassWarning: Deprecation Warning on line 0, column 27 of 
file:///E:/montership/batd-academy/sass/pages/contact/contact.module.scss:0:27:
Sass @import rules are deprecated and will be removed in Dart Sass 3.0.0.

More info and automated migrator: https://sass-lang.com/d/import

0 | @import "globals"; @import "container";


sass\pages\contact\contact.module.scss 1:28  root stylesheet


Import trace:
  Server Component:
    ./sass/pages/contact/contact.module.scss
    ./app/[locale]/(pages)/contact_us/page.jsx


./sass/pages/contact/contact.module.scss
Issue while running loader
SassWarning: Deprecation Warning on line 0, column 8 of 
file:///E:/montership/batd-academy/sass/pages/contact/contact.module.scss:0:8:
Sass @import rules are deprecated and will be removed in Dart Sass 3.0.0.

More info and automated migrator: https://sass-lang.com/d/import

0 | @import "globals"; @import "container";


sass\pages\contact\contact.module.scss 1:9  root stylesheet


Import trace:
  Server Component:
    ./sass/pages/contact/contact.module.scss
    ./app/[locale]/(pages)/contact_us/page.jsx


./sass/pages/contact/form.module.scss
Issue while running loader
SassWarning: Deprecation Warning on line 0, column 27 of 
file:///E:/montership/batd-academy/sass/pages/contact/form.module.scss:0:27:
Sass @import rules are deprecated and will be removed in Dart Sass 3.0.0.

More info and automated migrator: https://sass-lang.com/d/import

0 | @import "globals"; @import "container";


sass\pages\contact\form.module.scss 1:28  root stylesheet


Import traces:
  Client Component Browser:
    ./sass/pages/contact/form.module.scss [Client Component Browser]
    ./app/[locale]/(pages)/contact_us/ContactForm.jsx [Client Component Browser]
    ./app/[locale]/(pages)/contact_us/ContactForm.jsx [Server Component]
    ./app/[locale]/(pages)/contact_us/page.jsx [Server Component]

  Client Component SSR:
    ./sass/pages/contact/form.module.scss [Client Component SSR]
    ./app/[locale]/(pages)/contact_us/ContactForm.jsx [Client Component SSR]
    ./app/[locale]/(pages)/contact_us/ContactForm.jsx [Server Component]
    ./app/[locale]/(pages)/contact_us/page.jsx [Server Component]


./sass/pages/contact/form.module.scss
Issue while running loader
SassWarning: Deprecation Warning on line 0, column 8 of 
file:///E:/montership/batd-academy/sass/pages/contact/form.module.scss:0:8:
Sass @import rules are deprecated and will be removed in Dart Sass 3.0.0.

More info and automated migrator: https://sass-lang.com/d/import

0 | @import "globals"; @import "container";


sass\pages\contact\form.module.scss 1:9  root stylesheet


Import traces:
  Client Component Browser:
    ./sass/pages/contact/form.module.scss [Client Component Browser]
    ./app/[locale]/(pages)/contact_us/ContactForm.jsx [Client Component Browser]
    ./app/[locale]/(pages)/contact_us/ContactForm.jsx [Server Component]
    ./app/[locale]/(pages)/contact_us/page.jsx [Server Component]

  Client Component SSR:
    ./sass/pages/contact/form.module.scss [Client Component SSR]
    ./app/[locale]/(pages)/contact_us/ContactForm.jsx [Client Component SSR]
    ./app/[locale]/(pages)/contact_us/ContactForm.jsx [Server Component]
    ./app/[locale]/(pages)/contact_us/page.jsx [Server Component]


./sass/pages/contact/header.module.scss
Issue while running loader
SassWarning: Deprecation Warning on line 0, column 27 of 
file:///E:/montership/batd-academy/sass/pages/contact/header.module.scss:0:27:
Sass @import rules are deprecated and will be removed in Dart Sass 3.0.0.

More info and automated migrator: https://sass-lang.com/d/import

0 | @import "globals"; @import "container";


sass\pages\contact\header.module.scss 1:28  root stylesheet


Import trace:
  Server Component:
    ./sass/pages/contact/header.module.scss
    ./app/[locale]/(pages)/contact_us/Header.jsx
    ./app/[locale]/(pages)/contact_us/page.jsx


./sass/pages/contact/header.module.scss
Issue while running loader
SassWarning: Deprecation Warning on line 0, column 8 of 
file:///E:/montership/batd-academy/sass/pages/contact/header.module.scss:0:8:
Sass @import rules are deprecated and will be removed in Dart Sass 3.0.0.

More info and automated migrator: https://sass-lang.com/d/import

0 | @import "globals"; @import "container";


sass\pages\contact\header.module.scss 1:9  root stylesheet


Import trace:
  Server Component:
    ./sass/pages/contact/header.module.scss
    ./app/[locale]/(pages)/contact_us/Header.jsx
    ./app/[locale]/(pages)/contact_us/page.jsx


./sass/pages/contact/offices.module.scss
Issue while running loader
SassWarning: Deprecation Warning on line 0, column 27 of 
file:///E:/montership/batd-academy/sass/pages/contact/offices.module.scss:0:27:
Sass @import rules are deprecated and will be removed in Dart Sass 3.0.0.

More info and automated migrator: https://sass-lang.com/d/import

0 | @import "globals"; @import "container";


sass\pages\contact\offices.module.scss 1:28  root stylesheet


Import trace:
  Server Component:
    ./sass/pages/contact/offices.module.scss
    ./app/[locale]/(pages)/contact_us/OurOffices.jsx
    ./app/[locale]/(pages)/contact_us/page.jsx


./sass/pages/contact/offices.module.scss
Issue while running loader
SassWarning: Deprecation Warning on line 0, column 8 of 
file:///E:/montership/batd-academy/sass/pages/contact/offices.module.scss:0:8:
Sass @import rules are deprecated and will be removed in Dart Sass 3.0.0.

More info and automated migrator: https://sass-lang.com/d/import

0 | @import "globals"; @import "container";


sass\pages\contact\offices.module.scss 1:9  root stylesheet


Import trace:
  Server Component:
    ./sass/pages/contact/offices.module.scss
    ./app/[locale]/(pages)/contact_us/OurOffices.jsx
    ./app/[locale]/(pages)/contact_us/page.jsx


./sass/pages/course-details-by-city/course-details-by-city.module.scss
Issue while running loader
SassWarning: Deprecation Warning on line 0, column 27 of 
file:///E:/montership/batd-academy/sass/pages/course-details-by-city/course-details-by-city.module.scss:0:27:
Sass @import rules are deprecated and will be removed in Dart Sass 3.0.0.

More info and automated migrator: https://sass-lang.com/d/import

0 | @import "globals"; @import "container";


sass\pages\course-details-by-city\course-details-by-city.module.scss 1:28  root stylesheet


Import trace:
  Server Component:
    ./sass/pages/course-details-by-city/course-details-by-city.module.scss
    ./app/[locale]/(pages)/city/[id]/[slug]/page.jsx


./sass/pages/course-details-by-city/course-details-by-city.module.scss
Issue while running loader
SassWarning: Deprecation Warning on line 0, column 8 of 
file:///E:/montership/batd-academy/sass/pages/course-details-by-city/course-details-by-city.module.scss:0:8:
Sass @import rules are deprecated and will be removed in Dart Sass 3.0.0.

More info and automated migrator: https://sass-lang.com/d/import

0 | @import "globals"; @import "container";


sass\pages\course-details-by-city\course-details-by-city.module.scss 1:9  root stylesheet


Import trace:
  Server Component:
    ./sass/pages/course-details-by-city/course-details-by-city.module.scss
    ./app/[locale]/(pages)/city/[id]/[slug]/page.jsx


./sass/pages/course-details-by-city/header.module.scss
Issue while running loader
SassWarning: Deprecation Warning on line 0, column 27 of 
file:///E:/montership/batd-academy/sass/pages/course-details-by-city/header.module.scss:0:27:
Sass @import rules are deprecated and will be removed in Dart Sass 3.0.0.

More info and automated migrator: https://sass-lang.com/d/import

0 | @import "globals"; @import "container";


sass\pages\course-details-by-city\header.module.scss 1:28  root stylesheet


Import traces:
  Client Component Browser:
    ./sass/pages/course-details-by-city/header.module.scss [Client Component Browser]
    ./app/[locale]/(pages)/city/[id]/[slug]/Header.jsx [Client Component Browser]
    ./app/[locale]/(pages)/city/[id]/[slug]/Header.jsx [Server Component]
    ./app/[locale]/(pages)/city/[id]/[slug]/page.jsx [Server Component]

  Client Component SSR:
    ./sass/pages/course-details-by-city/header.module.scss [Client Component SSR]
    ./app/[locale]/(pages)/city/[id]/[slug]/Header.jsx [Client Component SSR]
    ./app/[locale]/(pages)/city/[id]/[slug]/Header.jsx [Server Component]
    ./app/[locale]/(pages)/city/[id]/[slug]/page.jsx [Server Component]


./sass/pages/course-details-by-city/header.module.scss
Issue while running loader
SassWarning: Deprecation Warning on line 0, column 8 of 
file:///E:/montership/batd-academy/sass/pages/course-details-by-city/header.module.scss:0:8:
Sass @import rules are deprecated and will be removed in Dart Sass 3.0.0.

More info and automated migrator: https://sass-lang.com/d/import

0 | @import "globals"; @import "container";


sass\pages\course-details-by-city\header.module.scss 1:9  root stylesheet


Import traces:
  Client Component Browser:
    ./sass/pages/course-details-by-city/header.module.scss [Client Component Browser]
    ./app/[locale]/(pages)/city/[id]/[slug]/Header.jsx [Client Component Browser]
    ./app/[locale]/(pages)/city/[id]/[slug]/Header.jsx [Server Component]
    ./app/[locale]/(pages)/city/[id]/[slug]/page.jsx [Server Component]

  Client Component SSR:
    ./sass/pages/course-details-by-city/header.module.scss [Client Component SSR]
    ./app/[locale]/(pages)/city/[id]/[slug]/Header.jsx [Client Component SSR]
    ./app/[locale]/(pages)/city/[id]/[slug]/Header.jsx [Server Component]
    ./app/[locale]/(pages)/city/[id]/[slug]/page.jsx [Server Component]


./sass/pages/course-details-by-city/navgation-bar.module.scss
Issue while running loader
SassWarning: Deprecation Warning on line 0, column 27 of 
file:///E:/montership/batd-academy/sass/pages/course-details-by-city/navgation-bar.module.scss:0:27:
Sass @import rules are deprecated and will be removed in Dart Sass 3.0.0.

More info and automated migrator: https://sass-lang.com/d/import

0 | @import "globals"; @import "container";


sass\pages\course-details-by-city\navgation-bar.module.scss 1:28  root stylesheet


Import traces:
  Server Component:
    ./sass/pages/course-details-by-city/navgation-bar.module.scss
    ./app/[locale]/(pages)/city/[id]/[slug]/NavgationBar.jsx
    ./app/[locale]/(pages)/city/[id]/[slug]/page.jsx

  Client Component Browser:
    ./sass/pages/course-details-by-city/navgation-bar.module.scss [Client Component Browser]
    ./app/[locale]/(pages)/registerInternalCourse/NavgationBar.jsx [Client Component Browser]
    ./app/[locale]/(pages)/registerInternalCourse/page.jsx [Client Component Browser]
    ./app/[locale]/(pages)/registerInternalCourse/page.jsx [Server Component]

  Client Component SSR:
    ./sass/pages/course-details-by-city/navgation-bar.module.scss [Client Component SSR]
    ./app/[locale]/(pages)/registerInternalCourse/NavgationBar.jsx [Client Component SSR]
    ./app/[locale]/(pages)/registerInternalCourse/page.jsx [Client Component SSR]
    ./app/[locale]/(pages)/registerInternalCourse/page.jsx [Server Component]


./sass/pages/course-details-by-city/navgation-bar.module.scss
Issue while running loader
SassWarning: Deprecation Warning on line 0, column 8 of 
file:///E:/montership/batd-academy/sass/pages/course-details-by-city/navgation-bar.module.scss:0:8:
Sass @import rules are deprecated and will be removed in Dart Sass 3.0.0.

More info and automated migrator: https://sass-lang.com/d/import

0 | @import "globals"; @import "container";


sass\pages\course-details-by-city\navgation-bar.module.scss 1:9  root stylesheet


Import traces:
  Server Component:
    ./sass/pages/course-details-by-city/navgation-bar.module.scss
    ./app/[locale]/(pages)/city/[id]/[slug]/NavgationBar.jsx
    ./app/[locale]/(pages)/city/[id]/[slug]/page.jsx

  Client Component Browser:
    ./sass/pages/course-details-by-city/navgation-bar.module.scss [Client Component Browser]
    ./app/[locale]/(pages)/registerInternalCourse/NavgationBar.jsx [Client Component Browser]
    ./app/[locale]/(pages)/registerInternalCourse/page.jsx [Client Component Browser]
    ./app/[locale]/(pages)/registerInternalCourse/page.jsx [Server Component]

  Client Component SSR:
    ./sass/pages/course-details-by-city/navgation-bar.module.scss [Client Component SSR]
    ./app/[locale]/(pages)/registerInternalCourse/NavgationBar.jsx [Client Component SSR]
    ./app/[locale]/(pages)/registerInternalCourse/page.jsx [Client Component SSR]
    ./app/[locale]/(pages)/registerInternalCourse/page.jsx [Server Component]


./sass/pages/course-details/course-details.module.scss
Issue while running loader
SassWarning: Deprecation Warning on line 0, column 27 of 
file:///E:/montership/batd-academy/sass/pages/course-details/course-details.module.scss:0:27:
Sass @import rules are deprecated and will be removed in Dart Sass 3.0.0.

More info and automated migrator: https://sass-lang.com/d/import

0 | @import "globals"; @import "container";


sass\pages\course-details\course-details.module.scss 1:28  root stylesheet


Import traces:
  Client Component Browser:
    ./sass/pages/course-details/course-details.module.scss [Client Component Browser]
    ./app/[locale]/(pages)/course_details/[id]/[slug]/page.jsx [Client Component Browser]
    ./app/[locale]/(pages)/course_details/[id]/[slug]/page.jsx [Server Component]

  Client Component SSR:
    ./sass/pages/course-details/course-details.module.scss [Client Component SSR]
    ./app/[locale]/(pages)/course_details/[id]/[slug]/page.jsx [Client Component SSR]
    ./app/[locale]/(pages)/course_details/[id]/[slug]/page.jsx [Server Component]


./sass/pages/course-details/course-details.module.scss
Issue while running loader
SassWarning: Deprecation Warning on line 0, column 8 of 
file:///E:/montership/batd-academy/sass/pages/course-details/course-details.module.scss:0:8:
Sass @import rules are deprecated and will be removed in Dart Sass 3.0.0.

More info and automated migrator: https://sass-lang.com/d/import

0 | @import "globals"; @import "container";


sass\pages\course-details\course-details.module.scss 1:9  root stylesheet


Import traces:
  Client Component Browser:
    ./sass/pages/course-details/course-details.module.scss [Client Component Browser]
    ./app/[locale]/(pages)/course_details/[id]/[slug]/page.jsx [Client Component Browser]
    ./app/[locale]/(pages)/course_details/[id]/[slug]/page.jsx [Server Component]

  Client Component SSR:
    ./sass/pages/course-details/course-details.module.scss [Client Component SSR]
    ./app/[locale]/(pages)/course_details/[id]/[slug]/page.jsx [Client Component SSR]
    ./app/[locale]/(pages)/course_details/[id]/[slug]/page.jsx [Server Component]


./sass/pages/course-details/header.module.scss
Issue while running loader
SassWarning: Deprecation Warning on line 0, column 27 of 
file:///E:/montership/batd-academy/sass/pages/course-details/header.module.scss:0:27:
Sass @import rules are deprecated and will be removed in Dart Sass 3.0.0.

More info and automated migrator: https://sass-lang.com/d/import

0 | @import "globals"; @import "container";


sass\pages\course-details\header.module.scss 1:28  root stylesheet


Import traces:
  Client Component Browser:
    ./sass/pages/course-details/header.module.scss [Client Component Browser]
    ./app/[locale]/(pages)/registerInternalCourse/page.jsx [Client Component Browser]
    ./app/[locale]/(pages)/registerInternalCourse/page.jsx [Server Component]

  Client Component SSR:
    ./sass/pages/course-details/header.module.scss [Client Component SSR]
    ./app/[locale]/(pages)/registerInternalCourse/page.jsx [Client Component SSR]
    ./app/[locale]/(pages)/registerInternalCourse/page.jsx [Server Component]


./sass/pages/course-details/header.module.scss
Issue while running loader
SassWarning: Deprecation Warning on line 0, column 8 of 
file:///E:/montership/batd-academy/sass/pages/course-details/header.module.scss:0:8:
Sass @import rules are deprecated and will be removed in Dart Sass 3.0.0.

More info and automated migrator: https://sass-lang.com/d/import

0 | @import "globals"; @import "container";


sass\pages\course-details\header.module.scss 1:9  root stylesheet


Import traces:
  Client Component Browser:
    ./sass/pages/course-details/header.module.scss [Client Component Browser]
    ./app/[locale]/(pages)/registerInternalCourse/page.jsx [Client Component Browser]
    ./app/[locale]/(pages)/registerInternalCourse/page.jsx [Server Component]

  Client Component SSR:
    ./sass/pages/course-details/header.module.scss [Client Component SSR]
    ./app/[locale]/(pages)/registerInternalCourse/page.jsx [Client Component SSR]
    ./app/[locale]/(pages)/registerInternalCourse/page.jsx [Server Component]


./sass/pages/fqa/according.module.scss
Issue while running loader
SassWarning: Deprecation Warning on line 0, column 27 of 
file:///E:/montership/batd-academy/sass/pages/fqa/according.module.scss:0:27:
Sass @import rules are deprecated and will be removed in Dart Sass 3.0.0.

More info and automated migrator: https://sass-lang.com/d/import

0 | @import "globals"; @import "container";


sass\pages\fqa\according.module.scss 1:28  root stylesheet


Import trace:
  Server Component:
    ./sass/pages/fqa/according.module.scss
    ./app/[locale]/(pages)/page/FQA/according.jsx
    ./app/[locale]/(pages)/page/FQA/page.jsx


./sass/pages/fqa/according.module.scss
Issue while running loader
SassWarning: Deprecation Warning on line 0, column 8 of 
file:///E:/montership/batd-academy/sass/pages/fqa/according.module.scss:0:8:
Sass @import rules are deprecated and will be removed in Dart Sass 3.0.0.

More info and automated migrator: https://sass-lang.com/d/import

0 | @import "globals"; @import "container";


sass\pages\fqa\according.module.scss 1:9  root stylesheet


Import trace:
  Server Component:
    ./sass/pages/fqa/according.module.scss
    ./app/[locale]/(pages)/page/FQA/according.jsx
    ./app/[locale]/(pages)/page/FQA/page.jsx


./sass/pages/fqa/fqa.module.scss
Issue while running loader
SassWarning: Deprecation Warning on line 0, column 27 of 
file:///E:/montership/batd-academy/sass/pages/fqa/fqa.module.scss:0:27:
Sass @import rules are deprecated and will be removed in Dart Sass 3.0.0.

More info and automated migrator: https://sass-lang.com/d/import

0 | @import "globals"; @import "container";


sass\pages\fqa\fqa.module.scss 1:28  root stylesheet


Import trace:
  Server Component:
    ./sass/pages/fqa/fqa.module.scss
    ./app/[locale]/(pages)/page/FQA/page.jsx


./sass/pages/fqa/fqa.module.scss
Issue while running loader
SassWarning: Deprecation Warning on line 0, column 8 of 
file:///E:/montership/batd-academy/sass/pages/fqa/fqa.module.scss:0:8:
Sass @import rules are deprecated and will be removed in Dart Sass 3.0.0.

More info and automated migrator: https://sass-lang.com/d/import

0 | @import "globals"; @import "container";


sass\pages\fqa\fqa.module.scss 1:9  root stylesheet


Import trace:
  Server Component:
    ./sass/pages/fqa/fqa.module.scss
    ./app/[locale]/(pages)/page/FQA/page.jsx


./sass/pages/fqa/header.module.scss
Issue while running loader
SassWarning: Deprecation Warning on line 0, column 27 of 
file:///E:/montership/batd-academy/sass/pages/fqa/header.module.scss:0:27:
Sass @import rules are deprecated and will be removed in Dart Sass 3.0.0.

More info and automated migrator: https://sass-lang.com/d/import

0 | @import "globals"; @import "container";


sass\pages\fqa\header.module.scss 1:28  root stylesheet


Import trace:
  Server Component:
    ./sass/pages/fqa/header.module.scss
    ./app/[locale]/(pages)/page/FQA/Header.jsx
    ./app/[locale]/(pages)/page/FQA/page.jsx


./sass/pages/fqa/header.module.scss
Issue while running loader
SassWarning: Deprecation Warning on line 0, column 8 of 
file:///E:/montership/batd-academy/sass/pages/fqa/header.module.scss:0:8:
Sass @import rules are deprecated and will be removed in Dart Sass 3.0.0.

More info and automated migrator: https://sass-lang.com/d/import

0 | @import "globals"; @import "container";


sass\pages\fqa\header.module.scss 1:9  root stylesheet


Import trace:
  Server Component:
    ./sass/pages/fqa/header.module.scss
    ./app/[locale]/(pages)/page/FQA/Header.jsx
    ./app/[locale]/(pages)/page/FQA/page.jsx


./sass/pages/home/chat-ai.module.scss
Issue while running loader
SassWarning: Deprecation Warning on line 0, column 27 of 
file:///E:/montership/batd-academy/sass/pages/home/chat-ai.module.scss:0:27:
Sass @import rules are deprecated and will be removed in Dart Sass 3.0.0.

More info and automated migrator: https://sass-lang.com/d/import

0 | @import "globals"; @import "container";


sass\pages\home\chat-ai.module.scss 1:28  root stylesheet


Import trace:
  Server Component:
    ./sass/pages/home/chat-ai.module.scss
    ./app/[locale]/(pages)/(home)/ChatAi.jsx
    ./app/[locale]/(pages)/(home)/page.jsx


./sass/pages/home/chat-ai.module.scss
Issue while running loader
SassWarning: Deprecation Warning on line 0, column 8 of 
file:///E:/montership/batd-academy/sass/pages/home/chat-ai.module.scss:0:8:
Sass @import rules are deprecated and will be removed in Dart Sass 3.0.0.

More info and automated migrator: https://sass-lang.com/d/import

0 | @import "globals"; @import "container";


sass\pages\home\chat-ai.module.scss 1:9  root stylesheet


Import trace:
  Server Component:
    ./sass/pages/home/chat-ai.module.scss
    ./app/[locale]/(pages)/(home)/ChatAi.jsx
    ./app/[locale]/(pages)/(home)/page.jsx


./sass/pages/home/course-by-city.module.scss
Issue while running loader
SassWarning: Deprecation Warning on line 0, column 27 of 
file:///E:/montership/batd-academy/sass/pages/home/course-by-city.module.scss:0:27:
Sass @import rules are deprecated and will be removed in Dart Sass 3.0.0.

More info and automated migrator: https://sass-lang.com/d/import

0 | @import "globals"; @import "container";


sass\pages\home\course-by-city.module.scss 1:28  root stylesheet


Import traces:
  Client Component Browser:
    ./sass/pages/home/course-by-city.module.scss [Client Component Browser]
    ./app/[locale]/(pages)/(home)/CourseByCity.jsx [Client Component Browser]
    ./app/[locale]/(pages)/(home)/CourseByCity.jsx [Server Component]
    ./app/[locale]/(pages)/(home)/page.jsx [Server Component]

  Client Component SSR:
    ./sass/pages/home/course-by-city.module.scss [Client Component SSR]
    ./app/[locale]/(pages)/(home)/CourseByCity.jsx [Client Component SSR]
    ./app/[locale]/(pages)/(home)/CourseByCity.jsx [Server Component]
    ./app/[locale]/(pages)/(home)/page.jsx [Server Component]


./sass/pages/home/course-by-city.module.scss
Issue while running loader
SassWarning: Deprecation Warning on line 0, column 8 of 
file:///E:/montership/batd-academy/sass/pages/home/course-by-city.module.scss:0:8:
Sass @import rules are deprecated and will be removed in Dart Sass 3.0.0.

More info and automated migrator: https://sass-lang.com/d/import

0 | @import "globals"; @import "container";


sass\pages\home\course-by-city.module.scss 1:9  root stylesheet


Import traces:
  Client Component Browser:
    ./sass/pages/home/course-by-city.module.scss [Client Component Browser]
    ./app/[locale]/(pages)/(home)/CourseByCity.jsx [Client Component Browser]
    ./app/[locale]/(pages)/(home)/CourseByCity.jsx [Server Component]
    ./app/[locale]/(pages)/(home)/page.jsx [Server Component]

  Client Component SSR:
    ./sass/pages/home/course-by-city.module.scss [Client Component SSR]
    ./app/[locale]/(pages)/(home)/CourseByCity.jsx [Client Component SSR]
    ./app/[locale]/(pages)/(home)/CourseByCity.jsx [Server Component]
    ./app/[locale]/(pages)/(home)/page.jsx [Server Component]


./sass/pages/home/course-by-special.module.scss
Issue while running loader
SassWarning: Deprecation Warning on line 0, column 27 of 
file:///E:/montership/batd-academy/sass/pages/home/course-by-special.module.scss:0:27:
Sass @import rules are deprecated and will be removed in Dart Sass 3.0.0.

More info and automated migrator: https://sass-lang.com/d/import

0 | @import "globals"; @import "container";


sass\pages\home\course-by-special.module.scss 1:28  root stylesheet


Import traces:
  Client Component Browser:
    ./sass/pages/home/course-by-special.module.scss [Client Component Browser]
    ./app/[locale]/(pages)/(home)/CoursesBySpecial.jsx [Client Component Browser]
    ./app/[locale]/(pages)/(home)/CoursesBySpecial.jsx [Server Component]
    ./app/[locale]/(pages)/(home)/page.jsx [Server Component]

  Client Component SSR:
    ./sass/pages/home/course-by-special.module.scss [Client Component SSR]
    ./app/[locale]/(pages)/(home)/CoursesBySpecial.jsx [Client Component SSR]
    ./app/[locale]/(pages)/(home)/CoursesBySpecial.jsx [Server Component]
    ./app/[locale]/(pages)/(home)/page.jsx [Server Component]


./sass/pages/home/course-by-special.module.scss
Issue while running loader
SassWarning: Deprecation Warning on line 0, column 8 of 
file:///E:/montership/batd-academy/sass/pages/home/course-by-special.module.scss:0:8:
Sass @import rules are deprecated and will be removed in Dart Sass 3.0.0.

More info and automated migrator: https://sass-lang.com/d/import

0 | @import "globals"; @import "container";


sass\pages\home\course-by-special.module.scss 1:9  root stylesheet


Import traces:
  Client Component Browser:
    ./sass/pages/home/course-by-special.module.scss [Client Component Browser]
    ./app/[locale]/(pages)/(home)/CoursesBySpecial.jsx [Client Component Browser]
    ./app/[locale]/(pages)/(home)/CoursesBySpecial.jsx [Server Component]
    ./app/[locale]/(pages)/(home)/page.jsx [Server Component]

  Client Component SSR:
    ./sass/pages/home/course-by-special.module.scss [Client Component SSR]
    ./app/[locale]/(pages)/(home)/CoursesBySpecial.jsx [Client Component SSR]
    ./app/[locale]/(pages)/(home)/CoursesBySpecial.jsx [Server Component]
    ./app/[locale]/(pages)/(home)/page.jsx [Server Component]


./sass/pages/home/customers.module.scss
Issue while running loader
SassWarning: Deprecation Warning on line 0, column 27 of 
file:///E:/montership/batd-academy/sass/pages/home/customers.module.scss:0:27:
Sass @import rules are deprecated and will be removed in Dart Sass 3.0.0.

More info and automated migrator: https://sass-lang.com/d/import

0 | @import "globals"; @import "container";


sass\pages\home\customers.module.scss 1:28  root stylesheet


Import traces:
  Client Component Browser:
    ./sass/pages/home/customers.module.scss [Client Component Browser]
    ./app/[locale]/(pages)/(home)/Customers.jsx [Client Component Browser]
    ./app/[locale]/(pages)/(home)/Customers.jsx [Server Component]
    ./app/[locale]/(pages)/(home)/page.jsx [Server Component]

  Client Component SSR:
    ./sass/pages/home/customers.module.scss [Client Component SSR]
    ./app/[locale]/(pages)/(home)/Customers.jsx [Client Component SSR]
    ./app/[locale]/(pages)/(home)/Customers.jsx [Server Component]
    ./app/[locale]/(pages)/(home)/page.jsx [Server Component]


./sass/pages/home/customers.module.scss
Issue while running loader
SassWarning: Deprecation Warning on line 0, column 8 of 
file:///E:/montership/batd-academy/sass/pages/home/customers.module.scss:0:8:
Sass @import rules are deprecated and will be removed in Dart Sass 3.0.0.

More info and automated migrator: https://sass-lang.com/d/import

0 | @import "globals"; @import "container";


sass\pages\home\customers.module.scss 1:9  root stylesheet


Import traces:
  Client Component Browser:
    ./sass/pages/home/customers.module.scss [Client Component Browser]
    ./app/[locale]/(pages)/(home)/Customers.jsx [Client Component Browser]
    ./app/[locale]/(pages)/(home)/Customers.jsx [Server Component]
    ./app/[locale]/(pages)/(home)/page.jsx [Server Component]

  Client Component SSR:
    ./sass/pages/home/customers.module.scss [Client Component SSR]
    ./app/[locale]/(pages)/(home)/Customers.jsx [Client Component SSR]
    ./app/[locale]/(pages)/(home)/Customers.jsx [Server Component]
    ./app/[locale]/(pages)/(home)/page.jsx [Server Component]


./sass/pages/home/hero.module.scss
Issue while running loader
SassWarning: Deprecation Warning on line 0, column 27 of 
file:///E:/montership/batd-academy/sass/pages/home/hero.module.scss:0:27:
Sass @import rules are deprecated and will be removed in Dart Sass 3.0.0.

More info and automated migrator: https://sass-lang.com/d/import

0 | @import "globals"; @import "container";


sass\pages\home\hero.module.scss 1:28  root stylesheet


Import trace:
  Server Component:
    ./sass/pages/home/hero.module.scss
    ./app/[locale]/(pages)/(home)/Hero.jsx
    ./app/[locale]/(pages)/(home)/page.jsx


./sass/pages/home/hero.module.scss
Issue while running loader
SassWarning: Deprecation Warning on line 0, column 8 of 
file:///E:/montership/batd-academy/sass/pages/home/hero.module.scss:0:8:
Sass @import rules are deprecated and will be removed in Dart Sass 3.0.0.

More info and automated migrator: https://sass-lang.com/d/import

0 | @import "globals"; @import "container";


sass\pages\home\hero.module.scss 1:9  root stylesheet


Import trace:
  Server Component:
    ./sass/pages/home/hero.module.scss
    ./app/[locale]/(pages)/(home)/Hero.jsx
    ./app/[locale]/(pages)/(home)/page.jsx


./sass/pages/home/home.module.scss
Issue while running loader
SassWarning: Deprecation Warning on line 0, column 27 of 
file:///E:/montership/batd-academy/sass/pages/home/home.module.scss:0:27:
Sass @import rules are deprecated and will be removed in Dart Sass 3.0.0.

More info and automated migrator: https://sass-lang.com/d/import

0 | @import "globals"; @import "container";


sass\pages\home\home.module.scss 1:28  root stylesheet


Import trace:
  Server Component:
    ./sass/pages/home/home.module.scss
    ./app/[locale]/(pages)/(home)/page.jsx


./sass/pages/home/home.module.scss
Issue while running loader
SassWarning: Deprecation Warning on line 0, column 8 of 
file:///E:/montership/batd-academy/sass/pages/home/home.module.scss:0:8:
Sass @import rules are deprecated and will be removed in Dart Sass 3.0.0.

More info and automated migrator: https://sass-lang.com/d/import

0 | @import "globals"; @import "container";


sass\pages\home\home.module.scss 1:9  root stylesheet


Import trace:
  Server Component:
    ./sass/pages/home/home.module.scss
    ./app/[locale]/(pages)/(home)/page.jsx


./sass/pages/home/lastest-publication.module.scss
Issue while running loader
SassWarning: Deprecation Warning on line 0, column 27 of 
file:///E:/montership/batd-academy/sass/pages/home/lastest-publication.module.scss:0:27:
Sass @import rules are deprecated and will be removed in Dart Sass 3.0.0.

More info and automated migrator: https://sass-lang.com/d/import

0 | @import "globals"; @import "container";


sass\pages\home\lastest-publication.module.scss 1:28  root stylesheet


Import traces:
  Client Component Browser:
    ./sass/pages/home/lastest-publication.module.scss [Client Component Browser]
    ./app/[locale]/(pages)/(home)/LastestPublication.jsx [Client Component Browser]
    ./app/[locale]/(pages)/(home)/LastestPublication.jsx [Server Component]
    ./app/[locale]/(pages)/(home)/page.jsx [Server Component]

  Client Component SSR:
    ./sass/pages/home/lastest-publication.module.scss [Client Component SSR]
    ./app/[locale]/(pages)/(home)/LastestPublication.jsx [Client Component SSR]
    ./app/[locale]/(pages)/(home)/LastestPublication.jsx [Server Component]
    ./app/[locale]/(pages)/(home)/page.jsx [Server Component]


./sass/pages/home/lastest-publication.module.scss
Issue while running loader
SassWarning: Deprecation Warning on line 0, column 8 of 
file:///E:/montership/batd-academy/sass/pages/home/lastest-publication.module.scss:0:8:
Sass @import rules are deprecated and will be removed in Dart Sass 3.0.0.

More info and automated migrator: https://sass-lang.com/d/import

0 | @import "globals"; @import "container";


sass\pages\home\lastest-publication.module.scss 1:9  root stylesheet


Import traces:
  Client Component Browser:
    ./sass/pages/home/lastest-publication.module.scss [Client Component Browser]
    ./app/[locale]/(pages)/(home)/LastestPublication.jsx [Client Component Browser]
    ./app/[locale]/(pages)/(home)/LastestPublication.jsx [Server Component]
    ./app/[locale]/(pages)/(home)/page.jsx [Server Component]

  Client Component SSR:
    ./sass/pages/home/lastest-publication.module.scss [Client Component SSR]
    ./app/[locale]/(pages)/(home)/LastestPublication.jsx [Client Component SSR]
    ./app/[locale]/(pages)/(home)/LastestPublication.jsx [Server Component]
    ./app/[locale]/(pages)/(home)/page.jsx [Server Component]


./sass/pages/home/request-coures.module.scss
Issue while running loader
SassWarning: Deprecation Warning on line 0, column 27 of 
file:///E:/montership/batd-academy/sass/pages/home/request-coures.module.scss:0:27:
Sass @import rules are deprecated and will be removed in Dart Sass 3.0.0.

More info and automated migrator: https://sass-lang.com/d/import

0 | @import "globals"; @import "container";


sass\pages\home\request-coures.module.scss 1:28  root stylesheet


Import traces:
  Client Component Browser:
    ./sass/pages/home/request-coures.module.scss [Client Component Browser]
    ./app/[locale]/(pages)/(home)/RequestCoures.jsx [Client Component Browser]
    ./app/[locale]/(pages)/(home)/RequestCoures.jsx [Server Component]
    ./app/[locale]/(pages)/(home)/page.jsx [Server Component]

  Client Component SSR:
    ./sass/pages/home/request-coures.module.scss [Client Component SSR]
    ./app/[locale]/(pages)/(home)/RequestCoures.jsx [Client Component SSR]
    ./app/[locale]/(pages)/(home)/RequestCoures.jsx [Server Component]
    ./app/[locale]/(pages)/(home)/page.jsx [Server Component]


./sass/pages/home/request-coures.module.scss
Issue while running loader
SassWarning: Deprecation Warning on line 0, column 8 of 
file:///E:/montership/batd-academy/sass/pages/home/request-coures.module.scss:0:8:
Sass @import rules are deprecated and will be removed in Dart Sass 3.0.0.

More info and automated migrator: https://sass-lang.com/d/import

0 | @import "globals"; @import "container";


sass\pages\home\request-coures.module.scss 1:9  root stylesheet


Import traces:
  Client Component Browser:
    ./sass/pages/home/request-coures.module.scss [Client Component Browser]
    ./app/[locale]/(pages)/(home)/RequestCoures.jsx [Client Component Browser]
    ./app/[locale]/(pages)/(home)/RequestCoures.jsx [Server Component]
    ./app/[locale]/(pages)/(home)/page.jsx [Server Component]

  Client Component SSR:
    ./sass/pages/home/request-coures.module.scss [Client Component SSR]
    ./app/[locale]/(pages)/(home)/RequestCoures.jsx [Client Component SSR]
    ./app/[locale]/(pages)/(home)/RequestCoures.jsx [Server Component]
    ./app/[locale]/(pages)/(home)/page.jsx [Server Component]


./sass/pages/home/team-work.module.scss
Issue while running loader
SassWarning: Deprecation Warning on line 0, column 27 of 
file:///E:/montership/batd-academy/sass/pages/home/team-work.module.scss:0:27:
Sass @import rules are deprecated and will be removed in Dart Sass 3.0.0.

More info and automated migrator: https://sass-lang.com/d/import

0 | @import "globals"; @import "container";


sass\pages\home\team-work.module.scss 1:28  root stylesheet


Import trace:
  Server Component:
    ./sass/pages/home/team-work.module.scss
    ./app/[locale]/(pages)/(home)/TeamWork.jsx
    ./app/[locale]/(pages)/(home)/page.jsx


./sass/pages/home/team-work.module.scss
Issue while running loader
SassWarning: Deprecation Warning on line 0, column 8 of 
file:///E:/montership/batd-academy/sass/pages/home/team-work.module.scss:0:8:
Sass @import rules are deprecated and will be removed in Dart Sass 3.0.0.

More info and automated migrator: https://sass-lang.com/d/import

0 | @import "globals"; @import "container";


sass\pages\home\team-work.module.scss 1:9  root stylesheet


Import trace:
  Server Component:
    ./sass/pages/home/team-work.module.scss
    ./app/[locale]/(pages)/(home)/TeamWork.jsx
    ./app/[locale]/(pages)/(home)/page.jsx


./sass/pages/home/what-is.module.scss
Issue while running loader
SassWarning: Deprecation Warning on line 0, column 27 of 
file:///E:/montership/batd-academy/sass/pages/home/what-is.module.scss:0:27:
Sass @import rules are deprecated and will be removed in Dart Sass 3.0.0.

More info and automated migrator: https://sass-lang.com/d/import

0 | @import "globals"; @import "container";


sass\pages\home\what-is.module.scss 1:28  root stylesheet


Import trace:
  Server Component:
    ./sass/pages/home/what-is.module.scss
    ./app/[locale]/(pages)/(home)/WhatIs.jsx
    ./app/[locale]/(pages)/(home)/page.jsx


./sass/pages/home/what-is.module.scss
Issue while running loader
SassWarning: Deprecation Warning on line 0, column 8 of 
file:///E:/montership/batd-academy/sass/pages/home/what-is.module.scss:0:8:
Sass @import rules are deprecated and will be removed in Dart Sass 3.0.0.

More info and automated migrator: https://sass-lang.com/d/import

0 | @import "globals"; @import "container";


sass\pages\home\what-is.module.scss 1:9  root stylesheet


Import trace:
  Server Component:
    ./sass/pages/home/what-is.module.scss
    ./app/[locale]/(pages)/(home)/WhatIs.jsx
    ./app/[locale]/(pages)/(home)/page.jsx


./sass/pages/my-profile/my-profile.module.scss
Issue while running loader
SassWarning: Deprecation Warning on line 0, column 27 of 
file:///E:/montership/batd-academy/sass/pages/my-profile/my-profile.module.scss:0:27:
Sass @import rules are deprecated and will be removed in Dart Sass 3.0.0.

More info and automated migrator: https://sass-lang.com/d/import

0 | @import "globals"; @import "container";


sass\pages\my-profile\my-profile.module.scss 1:28  root stylesheet


Import traces:
  Server Component:
    ./sass/pages/my-profile/my-profile.module.scss
    ./app/[locale]/(pages)/myProfile/page.jsx

  Client Component Browser:
    ./sass/pages/my-profile/my-profile.module.scss [Client Component Browser]
    ./app/[locale]/(pages)/myProfile/ProfileTabs.jsx [Client Component Browser]
    ./app/[locale]/(pages)/myProfile/ProfileTabs.jsx [Server Component]
    ./app/[locale]/(pages)/myProfile/page.jsx [Server Component]

  Client Component SSR:
    ./sass/pages/my-profile/my-profile.module.scss [Client Component SSR]
    ./app/[locale]/(pages)/myProfile/ProfileTabs.jsx [Client Component SSR]
    ./app/[locale]/(pages)/myProfile/ProfileTabs.jsx [Server Component]
    ./app/[locale]/(pages)/myProfile/page.jsx [Server Component]


./sass/pages/my-profile/my-profile.module.scss
Issue while running loader
SassWarning: Deprecation Warning on line 0, column 8 of 
file:///E:/montership/batd-academy/sass/pages/my-profile/my-profile.module.scss:0:8:
Sass @import rules are deprecated and will be removed in Dart Sass 3.0.0.

More info and automated migrator: https://sass-lang.com/d/import

0 | @import "globals"; @import "container";


sass\pages\my-profile\my-profile.module.scss 1:9  root stylesheet


Import traces:
  Server Component:
    ./sass/pages/my-profile/my-profile.module.scss
    ./app/[locale]/(pages)/myProfile/page.jsx

  Client Component Browser:
    ./sass/pages/my-profile/my-profile.module.scss [Client Component Browser]
    ./app/[locale]/(pages)/myProfile/ProfileTabs.jsx [Client Component Browser]
    ./app/[locale]/(pages)/myProfile/ProfileTabs.jsx [Server Component]
    ./app/[locale]/(pages)/myProfile/page.jsx [Server Component]

  Client Component SSR:
    ./sass/pages/my-profile/my-profile.module.scss [Client Component SSR]
    ./app/[locale]/(pages)/myProfile/ProfileTabs.jsx [Client Component SSR]
    ./app/[locale]/(pages)/myProfile/ProfileTabs.jsx [Server Component]
    ./app/[locale]/(pages)/myProfile/page.jsx [Server Component]


./sass/pages/print-category/header.module.scss
Issue while running loader
SassWarning: Deprecation Warning on line 0, column 27 of 
file:///E:/montership/batd-academy/sass/pages/print-category/header.module.scss:0:27:
Sass @import rules are deprecated and will be removed in Dart Sass 3.0.0.

More info and automated migrator: https://sass-lang.com/d/import

0 | @import "globals"; @import "container";


sass\pages\print-category\header.module.scss 1:28  root stylesheet


Import trace:
  Server Component:
    ./sass/pages/print-category/header.module.scss
    ./app/[locale]/(pages)/printCategory/[id]/Header.jsx
    ./app/[locale]/(pages)/printCategory/[id]/page.jsx


./sass/pages/print-category/header.module.scss
Issue while running loader
SassWarning: Deprecation Warning on line 0, column 8 of 
file:///E:/montership/batd-academy/sass/pages/print-category/header.module.scss:0:8:
Sass @import rules are deprecated and will be removed in Dart Sass 3.0.0.

More info and automated migrator: https://sass-lang.com/d/import

0 | @import "globals"; @import "container";


sass\pages\print-category\header.module.scss 1:9  root stylesheet


Import trace:
  Server Component:
    ./sass/pages/print-category/header.module.scss
    ./app/[locale]/(pages)/printCategory/[id]/Header.jsx
    ./app/[locale]/(pages)/printCategory/[id]/page.jsx


./sass/pages/print-category/print-card.module.scss
Issue while running loader
SassWarning: Deprecation Warning on line 0, column 27 of 
file:///E:/montership/batd-academy/sass/pages/print-category/print-card.module.scss:0:27:
Sass @import rules are deprecated and will be removed in Dart Sass 3.0.0.

More info and automated migrator: https://sass-lang.com/d/import

0 | @import "globals"; @import "container";


sass\pages\print-category\print-card.module.scss 1:28  root stylesheet


Import trace:
  Server Component:
    ./sass/pages/print-category/print-card.module.scss
    ./app/[locale]/(pages)/printCategory/[id]/PrintCard.jsx
    ./app/[locale]/(pages)/printCategory/[id]/page.jsx


./sass/pages/print-category/print-card.module.scss
Issue while running loader
SassWarning: Deprecation Warning on line 0, column 8 of 
file:///E:/montership/batd-academy/sass/pages/print-category/print-card.module.scss:0:8:
Sass @import rules are deprecated and will be removed in Dart Sass 3.0.0.

More info and automated migrator: https://sass-lang.com/d/import

0 | @import "globals"; @import "container";


sass\pages\print-category\print-card.module.scss 1:9  root stylesheet


Import trace:
  Server Component:
    ./sass/pages/print-category/print-card.module.scss
    ./app/[locale]/(pages)/printCategory/[id]/PrintCard.jsx
    ./app/[locale]/(pages)/printCategory/[id]/page.jsx


./sass/pages/print-category/print-category.module.scss
Issue while running loader
SassWarning: Deprecation Warning on line 0, column 27 of 
file:///E:/montership/batd-academy/sass/pages/print-category/print-category.module.scss:0:27:
Sass @import rules are deprecated and will be removed in Dart Sass 3.0.0.

More info and automated migrator: https://sass-lang.com/d/import

0 | @import "globals"; @import "container";


sass\pages\print-category\print-category.module.scss 1:28  root stylesheet


Import trace:
  Server Component:
    ./sass/pages/print-category/print-category.module.scss
    ./app/[locale]/(pages)/printCategory/[id]/page.jsx


./sass/pages/print-category/print-category.module.scss
Issue while running loader
SassWarning: Deprecation Warning on line 0, column 8 of 
file:///E:/montership/batd-academy/sass/pages/print-category/print-category.module.scss:0:8:
Sass @import rules are deprecated and will be removed in Dart Sass 3.0.0.

More info and automated migrator: https://sass-lang.com/d/import

0 | @import "globals"; @import "container";


sass\pages\print-category\print-category.module.scss 1:9  root stylesheet


Import trace:
  Server Component:
    ./sass/pages/print-category/print-category.module.scss
    ./app/[locale]/(pages)/printCategory/[id]/page.jsx


./sass/pages/print-category/print.module.scss
Issue while running loader
SassWarning: Deprecation Warning on line 0, column 27 of 
file:///E:/montership/batd-academy/sass/pages/print-category/print.module.scss:0:27:
Sass @import rules are deprecated and will be removed in Dart Sass 3.0.0.

More info and automated migrator: https://sass-lang.com/d/import

0 | @import "globals"; @import "container";


sass\pages\print-category\print.module.scss 1:28  root stylesheet


Import traces:
  Client Component Browser:
    ./sass/pages/print-category/print.module.scss [Client Component Browser]
    ./app/[locale]/(pages)/printCategory/[id]/print.jsx [Client Component Browser]
    ./app/[locale]/(pages)/printCategory/[id]/print.jsx [Server Component]
    ./app/[locale]/(pages)/printCategory/[id]/page.jsx [Server Component]

  Client Component SSR:
    ./sass/pages/print-category/print.module.scss [Client Component SSR]
    ./app/[locale]/(pages)/printCategory/[id]/print.jsx [Client Component SSR]
    ./app/[locale]/(pages)/printCategory/[id]/print.jsx [Server Component]
    ./app/[locale]/(pages)/printCategory/[id]/page.jsx [Server Component]


./sass/pages/print-category/print.module.scss
Issue while running loader
SassWarning: Deprecation Warning on line 0, column 8 of 
file:///E:/montership/batd-academy/sass/pages/print-category/print.module.scss:0:8:
Sass @import rules are deprecated and will be removed in Dart Sass 3.0.0.

More info and automated migrator: https://sass-lang.com/d/import

0 | @import "globals"; @import "container";


sass\pages\print-category\print.module.scss 1:9  root stylesheet


Import traces:
  Client Component Browser:
    ./sass/pages/print-category/print.module.scss [Client Component Browser]
    ./app/[locale]/(pages)/printCategory/[id]/print.jsx [Client Component Browser]
    ./app/[locale]/(pages)/printCategory/[id]/print.jsx [Server Component]
    ./app/[locale]/(pages)/printCategory/[id]/page.jsx [Server Component]

  Client Component SSR:
    ./sass/pages/print-category/print.module.scss [Client Component SSR]
    ./app/[locale]/(pages)/printCategory/[id]/print.jsx [Client Component SSR]
    ./app/[locale]/(pages)/printCategory/[id]/print.jsx [Server Component]
    ./app/[locale]/(pages)/printCategory/[id]/page.jsx [Server Component]


./sass/pages/register-course/course-details-form.module.scss
Issue while running loader
SassWarning: Deprecation Warning on line 0, column 27 of 
file:///E:/montership/batd-academy/sass/pages/register-course/course-details-form.module.scss:0:27:
Sass @import rules are deprecated and will be removed in Dart Sass 3.0.0.

More info and automated migrator: https://sass-lang.com/d/import

0 | @import "globals"; @import "container";


sass\pages\register-course\course-details-form.module.scss 1:28  root stylesheet


Import traces:
  Client Component Browser:
    ./sass/pages/register-course/course-details-form.module.scss [Client Component Browser]
    ./app/[locale]/(pages)/registerCourse/CourseDetailsForm.jsx [Client Component Browser]
    ./app/[locale]/(pages)/registerCourse/page.jsx [Client Component Browser]
    ./app/[locale]/(pages)/registerCourse/page.jsx [Server Component]

  Client Component SSR:
    ./sass/pages/register-course/course-details-form.module.scss [Client Component SSR]
    ./app/[locale]/(pages)/registerCourse/CourseDetailsForm.jsx [Client Component SSR]
    ./app/[locale]/(pages)/registerCourse/page.jsx [Client Component SSR]
    ./app/[locale]/(pages)/registerCourse/page.jsx [Server Component]


./sass/pages/register-course/course-details-form.module.scss
Issue while running loader
SassWarning: Deprecation Warning on line 0, column 8 of 
file:///E:/montership/batd-academy/sass/pages/register-course/course-details-form.module.scss:0:8:
Sass @import rules are deprecated and will be removed in Dart Sass 3.0.0.

More info and automated migrator: https://sass-lang.com/d/import

0 | @import "globals"; @import "container";


sass\pages\register-course\course-details-form.module.scss 1:9  root stylesheet


Import traces:
  Client Component Browser:
    ./sass/pages/register-course/course-details-form.module.scss [Client Component Browser]
    ./app/[locale]/(pages)/registerCourse/CourseDetailsForm.jsx [Client Component Browser]
    ./app/[locale]/(pages)/registerCourse/page.jsx [Client Component Browser]
    ./app/[locale]/(pages)/registerCourse/page.jsx [Server Component]

  Client Component SSR:
    ./sass/pages/register-course/course-details-form.module.scss [Client Component SSR]
    ./app/[locale]/(pages)/registerCourse/CourseDetailsForm.jsx [Client Component SSR]
    ./app/[locale]/(pages)/registerCourse/page.jsx [Client Component SSR]
    ./app/[locale]/(pages)/registerCourse/page.jsx [Server Component]


./sass/pages/register-course/payment-form.module.scss
Issue while running loader
SassWarning: Deprecation Warning on line 0, column 27 of 
file:///E:/montership/batd-academy/sass/pages/register-course/payment-form.module.scss:0:27:
Sass @import rules are deprecated and will be removed in Dart Sass 3.0.0.

More info and automated migrator: https://sass-lang.com/d/import

0 | @import "globals"; @import "container";


sass\pages\register-course\payment-form.module.scss 1:28  root stylesheet


Import traces:
  Client Component Browser:
    ./sass/pages/register-course/payment-form.module.scss [Client Component Browser]
    ./app/[locale]/(pages)/registerCourse/PaymentForm.jsx [Client Component Browser]
    ./app/[locale]/(pages)/registerCourse/page.jsx [Client Component Browser]
    ./app/[locale]/(pages)/registerCourse/page.jsx [Server Component]

  Client Component SSR:
    ./sass/pages/register-course/payment-form.module.scss [Client Component SSR]
    ./app/[locale]/(pages)/registerCourse/PaymentForm.jsx [Client Component SSR]
    ./app/[locale]/(pages)/registerCourse/page.jsx [Client Component SSR]
    ./app/[locale]/(pages)/registerCourse/page.jsx [Server Component]


./sass/pages/register-course/payment-form.module.scss
Issue while running loader
SassWarning: Deprecation Warning on line 0, column 8 of 
file:///E:/montership/batd-academy/sass/pages/register-course/payment-form.module.scss:0:8:
Sass @import rules are deprecated and will be removed in Dart Sass 3.0.0.

More info and automated migrator: https://sass-lang.com/d/import

0 | @import "globals"; @import "container";


sass\pages\register-course\payment-form.module.scss 1:9  root stylesheet


Import traces:
  Client Component Browser:
    ./sass/pages/register-course/payment-form.module.scss [Client Component Browser]
    ./app/[locale]/(pages)/registerCourse/PaymentForm.jsx [Client Component Browser]
    ./app/[locale]/(pages)/registerCourse/page.jsx [Client Component Browser]
    ./app/[locale]/(pages)/registerCourse/page.jsx [Server Component]

  Client Component SSR:
    ./sass/pages/register-course/payment-form.module.scss [Client Component SSR]
    ./app/[locale]/(pages)/registerCourse/PaymentForm.jsx [Client Component SSR]
    ./app/[locale]/(pages)/registerCourse/page.jsx [Client Component SSR]
    ./app/[locale]/(pages)/registerCourse/page.jsx [Server Component]


./sass/pages/register-course/register-course.module.scss
Issue while running loader
SassWarning: Deprecation Warning on line 0, column 27 of 
file:///E:/montership/batd-academy/sass/pages/register-course/register-course.module.scss:0:27:
Sass @import rules are deprecated and will be removed in Dart Sass 3.0.0.

More info and automated migrator: https://sass-lang.com/d/import

0 | @import "globals"; @import "container";


sass\pages\register-course\register-course.module.scss 1:28  root stylesheet


Import traces:
  Client Component Browser:
    ./sass/pages/register-course/register-course.module.scss [Client Component Browser]
    ./app/[locale]/(pages)/registerCourse/page.jsx [Client Component Browser]
    ./app/[locale]/(pages)/registerCourse/page.jsx [Server Component]

  Client Component SSR:
    ./sass/pages/register-course/register-course.module.scss [Client Component SSR]
    ./app/[locale]/(pages)/registerCourse/page.jsx [Client Component SSR]
    ./app/[locale]/(pages)/registerCourse/page.jsx [Server Component]


./sass/pages/register-course/register-course.module.scss
Issue while running loader
SassWarning: Deprecation Warning on line 0, column 8 of 
file:///E:/montership/batd-academy/sass/pages/register-course/register-course.module.scss:0:8:
Sass @import rules are deprecated and will be removed in Dart Sass 3.0.0.

More info and automated migrator: https://sass-lang.com/d/import

0 | @import "globals"; @import "container";


sass\pages\register-course\register-course.module.scss 1:9  root stylesheet


Import traces:
  Client Component Browser:
    ./sass/pages/register-course/register-course.module.scss [Client Component Browser]
    ./app/[locale]/(pages)/registerCourse/page.jsx [Client Component Browser]
    ./app/[locale]/(pages)/registerCourse/page.jsx [Server Component]

  Client Component SSR:
    ./sass/pages/register-course/register-course.module.scss [Client Component SSR]
    ./app/[locale]/(pages)/registerCourse/page.jsx [Client Component SSR]
    ./app/[locale]/(pages)/registerCourse/page.jsx [Server Component]


./sass/pages/register-course/registration-type-toggle.module.scss
Issue while running loader
SassWarning: Deprecation Warning on line 0, column 27 of 
file:///E:/montership/batd-academy/sass/pages/register-course/registration-type-toggle.module.scss:0:27:
Sass @import rules are deprecated and will be removed in Dart Sass 3.0.0.

More info and automated migrator: https://sass-lang.com/d/import

0 | @import "globals"; @import "container";


sass\pages\register-course\registration-type-toggle.module.scss 1:28  root stylesheet


Import traces:
  Client Component Browser:
    ./sass/pages/register-course/registration-type-toggle.module.scss [Client Component Browser]
    ./app/[locale]/(pages)/registerCourse/RegistrationTypeToggle.jsx [Client Component Browser]
    ./app/[locale]/(pages)/registerInternalCourse/page.jsx [Client Component Browser]
    ./app/[locale]/(pages)/registerInternalCourse/page.jsx [Server Component]

  Client Component SSR:
    ./sass/pages/register-course/registration-type-toggle.module.scss [Client Component SSR]
    ./app/[locale]/(pages)/registerCourse/RegistrationTypeToggle.jsx [Client Component SSR]
    ./app/[locale]/(pages)/registerInternalCourse/page.jsx [Client Component SSR]
    ./app/[locale]/(pages)/registerInternalCourse/page.jsx [Server Component]


./sass/pages/register-course/registration-type-toggle.module.scss
Issue while running loader
SassWarning: Deprecation Warning on line 0, column 8 of 
file:///E:/montership/batd-academy/sass/pages/register-course/registration-type-toggle.module.scss:0:8:
Sass @import rules are deprecated and will be removed in Dart Sass 3.0.0.

More info and automated migrator: https://sass-lang.com/d/import

0 | @import "globals"; @import "container";


sass\pages\register-course\registration-type-toggle.module.scss 1:9  root stylesheet


Import traces:
  Client Component Browser:
    ./sass/pages/register-course/registration-type-toggle.module.scss [Client Component Browser]
    ./app/[locale]/(pages)/registerCourse/RegistrationTypeToggle.jsx [Client Component Browser]
    ./app/[locale]/(pages)/registerInternalCourse/page.jsx [Client Component Browser]
    ./app/[locale]/(pages)/registerInternalCourse/page.jsx [Server Component]

  Client Component SSR:
    ./sass/pages/register-course/registration-type-toggle.module.scss [Client Component SSR]
    ./app/[locale]/(pages)/registerCourse/RegistrationTypeToggle.jsx [Client Component SSR]
    ./app/[locale]/(pages)/registerInternalCourse/page.jsx [Client Component SSR]
    ./app/[locale]/(pages)/registerInternalCourse/page.jsx [Server Component]


./sass/pages/register-course/steps-form.module.scss
Issue while running loader
SassWarning: Deprecation Warning on line 0, column 27 of 
file:///E:/montership/batd-academy/sass/pages/register-course/steps-form.module.scss:0:27:
Sass @import rules are deprecated and will be removed in Dart Sass 3.0.0.

More info and automated migrator: https://sass-lang.com/d/import

0 | @import "globals"; @import "container";


sass\pages\register-course\steps-form.module.scss 1:28  root stylesheet


Import traces:
  Client Component Browser:
    ./sass/pages/register-course/steps-form.module.scss [Client Component Browser]
    ./app/[locale]/(pages)/registerCourse/StepsForm.jsx [Client Component Browser]
    ./app/[locale]/(pages)/registerCourse/page.jsx [Client Component Browser]
    ./app/[locale]/(pages)/registerCourse/page.jsx [Server Component]

  Client Component SSR:
    ./sass/pages/register-course/steps-form.module.scss [Client Component SSR]
    ./app/[locale]/(pages)/registerCourse/StepsForm.jsx [Client Component SSR]
    ./app/[locale]/(pages)/registerCourse/page.jsx [Client Component SSR]
    ./app/[locale]/(pages)/registerCourse/page.jsx [Server Component]


./sass/pages/register-course/steps-form.module.scss
Issue while running loader
SassWarning: Deprecation Warning on line 0, column 8 of 
file:///E:/montership/batd-academy/sass/pages/register-course/steps-form.module.scss:0:8:
Sass @import rules are deprecated and will be removed in Dart Sass 3.0.0.

More info and automated migrator: https://sass-lang.com/d/import

0 | @import "globals"; @import "container";


sass\pages\register-course\steps-form.module.scss 1:9  root stylesheet


Import traces:
  Client Component Browser:
    ./sass/pages/register-course/steps-form.module.scss [Client Component Browser]
    ./app/[locale]/(pages)/registerCourse/StepsForm.jsx [Client Component Browser]
    ./app/[locale]/(pages)/registerCourse/page.jsx [Client Component Browser]
    ./app/[locale]/(pages)/registerCourse/page.jsx [Server Component]

  Client Component SSR:
    ./sass/pages/register-course/steps-form.module.scss [Client Component SSR]
    ./app/[locale]/(pages)/registerCourse/StepsForm.jsx [Client Component SSR]
    ./app/[locale]/(pages)/registerCourse/page.jsx [Client Component SSR]
    ./app/[locale]/(pages)/registerCourse/page.jsx [Server Component]


./sass/pages/register-course/success-page.module.scss
Issue while running loader
SassWarning: Deprecation Warning on line 0, column 27 of 
file:///E:/montership/batd-academy/sass/pages/register-course/success-page.module.scss:0:27:
Sass @import rules are deprecated and will be removed in Dart Sass 3.0.0.

More info and automated migrator: https://sass-lang.com/d/import

0 | @import "globals"; @import "container";


sass\pages\register-course\success-page.module.scss 1:28  root stylesheet


Import traces:
  Client Component Browser:
    ./sass/pages/register-course/success-page.module.scss [Client Component Browser]
    ./app/[locale]/(pages)/registerCourse/SuccessPage.jsx [Client Component Browser]
    ./app/[locale]/(pages)/registerCourse/page.jsx [Client Component Browser]
    ./app/[locale]/(pages)/registerCourse/page.jsx [Server Component]

  Client Component SSR:
    ./sass/pages/register-course/success-page.module.scss [Client Component SSR]
    ./app/[locale]/(pages)/registerCourse/SuccessPage.jsx [Client Component SSR]
    ./app/[locale]/(pages)/registerCourse/page.jsx [Client Component SSR]
    ./app/[locale]/(pages)/registerCourse/page.jsx [Server Component]


./sass/pages/register-course/success-page.module.scss
Issue while running loader
SassWarning: Deprecation Warning on line 0, column 8 of 
file:///E:/montership/batd-academy/sass/pages/register-course/success-page.module.scss:0:8:
Sass @import rules are deprecated and will be removed in Dart Sass 3.0.0.

More info and automated migrator: https://sass-lang.com/d/import

0 | @import "globals"; @import "container";


sass\pages\register-course\success-page.module.scss 1:9  root stylesheet


Import traces:
  Client Component Browser:
    ./sass/pages/register-course/success-page.module.scss [Client Component Browser]
    ./app/[locale]/(pages)/registerCourse/SuccessPage.jsx [Client Component Browser]
    ./app/[locale]/(pages)/registerCourse/page.jsx [Client Component Browser]
    ./app/[locale]/(pages)/registerCourse/page.jsx [Server Component]

  Client Component SSR:
    ./sass/pages/register-course/success-page.module.scss [Client Component SSR]
    ./app/[locale]/(pages)/registerCourse/SuccessPage.jsx [Client Component SSR]
    ./app/[locale]/(pages)/registerCourse/page.jsx [Client Component SSR]
    ./app/[locale]/(pages)/registerCourse/page.jsx [Server Component]


./sass/pages/request-course/form.module.scss
Issue while running loader
SassWarning: Deprecation Warning on line 0, column 27 of 
file:///E:/montership/batd-academy/sass/pages/request-course/form.module.scss:0:27:
Sass @import rules are deprecated and will be removed in Dart Sass 3.0.0.

More info and automated migrator: https://sass-lang.com/d/import

0 | @import "globals"; @import "container";


sass\pages\request-course\form.module.scss 1:28  root stylesheet


Import traces:
  Client Component Browser:
    ./sass/pages/request-course/form.module.scss [Client Component Browser]
    ./app/[locale]/(pages)/registerInternalCourse/page.jsx [Client Component Browser]
    ./app/[locale]/(pages)/registerInternalCourse/page.jsx [Server Component]

  Client Component SSR:
    ./sass/pages/request-course/form.module.scss [Client Component SSR]
    ./app/[locale]/(pages)/registerInternalCourse/page.jsx [Client Component SSR]
    ./app/[locale]/(pages)/registerInternalCourse/page.jsx [Server Component]


./sass/pages/request-course/form.module.scss
Issue while running loader
SassWarning: Deprecation Warning on line 0, column 8 of 
file:///E:/montership/batd-academy/sass/pages/request-course/form.module.scss:0:8:
Sass @import rules are deprecated and will be removed in Dart Sass 3.0.0.

More info and automated migrator: https://sass-lang.com/d/import

0 | @import "globals"; @import "container";


sass\pages\request-course\form.module.scss 1:9  root stylesheet


Import traces:
  Client Component Browser:
    ./sass/pages/request-course/form.module.scss [Client Component Browser]
    ./app/[locale]/(pages)/registerInternalCourse/page.jsx [Client Component Browser]
    ./app/[locale]/(pages)/registerInternalCourse/page.jsx [Server Component]

  Client Component SSR:
    ./sass/pages/request-course/form.module.scss [Client Component SSR]
    ./app/[locale]/(pages)/registerInternalCourse/page.jsx [Client Component SSR]
    ./app/[locale]/(pages)/registerInternalCourse/page.jsx [Server Component]


./sass/pages/request-course/request-course.module.scss
Issue while running loader
SassWarning: Deprecation Warning on line 0, column 27 of 
file:///E:/montership/batd-academy/sass/pages/request-course/request-course.module.scss:0:27:
Sass @import rules are deprecated and will be removed in Dart Sass 3.0.0.

More info and automated migrator: https://sass-lang.com/d/import

0 | @import "globals"; @import "container";


sass\pages\request-course\request-course.module.scss 1:28  root stylesheet


Import traces:
  Client Component Browser:
    ./sass/pages/request-course/request-course.module.scss [Client Component Browser]
    ./app/[locale]/(pages)/registerInternalCourse/page.jsx [Client Component Browser]
    ./app/[locale]/(pages)/registerInternalCourse/page.jsx [Server Component]

  Client Component SSR:
    ./sass/pages/request-course/request-course.module.scss [Client Component SSR]
    ./app/[locale]/(pages)/registerInternalCourse/page.jsx [Client Component SSR]
    ./app/[locale]/(pages)/registerInternalCourse/page.jsx [Server Component]


./sass/pages/request-course/request-course.module.scss
Issue while running loader
SassWarning: Deprecation Warning on line 0, column 8 of 
file:///E:/montership/batd-academy/sass/pages/request-course/request-course.module.scss:0:8:
Sass @import rules are deprecated and will be removed in Dart Sass 3.0.0.

More info and automated migrator: https://sass-lang.com/d/import

0 | @import "globals"; @import "container";


sass\pages\request-course\request-course.module.scss 1:9  root stylesheet


Import traces:
  Client Component Browser:
    ./sass/pages/request-course/request-course.module.scss [Client Component Browser]
    ./app/[locale]/(pages)/registerInternalCourse/page.jsx [Client Component Browser]
    ./app/[locale]/(pages)/registerInternalCourse/page.jsx [Server Component]

  Client Component SSR:
    ./sass/pages/request-course/request-course.module.scss [Client Component SSR]
    ./app/[locale]/(pages)/registerInternalCourse/page.jsx [Client Component SSR]
    ./app/[locale]/(pages)/registerInternalCourse/page.jsx [Server Component]


./sass/pages/search-course/filters.module.scss
Issue while running loader
SassWarning: Deprecation Warning on line 0, column 27 of 
file:///E:/montership/batd-academy/sass/pages/search-course/filters.module.scss:0:27:
Sass @import rules are deprecated and will be removed in Dart Sass 3.0.0.

More info and automated migrator: https://sass-lang.com/d/import

0 | @import "globals"; @import "container";


sass\pages\search-course\filters.module.scss 1:28  root stylesheet


Import traces:
  Client Component Browser:
    ./sass/pages/search-course/filters.module.scss [Client Component Browser]
    ./app/[locale]/(pages)/search_course/Filters.jsx [Client Component Browser]
    ./app/[locale]/(pages)/search_course/Header.jsx [Client Component Browser]
    ./app/[locale]/(pages)/search_course/page.jsx [Client Component Browser]
    ./app/[locale]/(pages)/search_course/page.jsx [Server Component]

  Client Component SSR:
    ./sass/pages/search-course/filters.module.scss [Client Component SSR]
    ./app/[locale]/(pages)/search_course/Filters.jsx [Client Component SSR]
    ./app/[locale]/(pages)/search_course/Header.jsx [Client Component SSR]
    ./app/[locale]/(pages)/search_course/page.jsx [Client Component SSR]
    ./app/[locale]/(pages)/search_course/page.jsx [Server Component]


./sass/pages/search-course/filters.module.scss
Issue while running loader
SassWarning: Deprecation Warning on line 0, column 8 of 
file:///E:/montership/batd-academy/sass/pages/search-course/filters.module.scss:0:8:
Sass @import rules are deprecated and will be removed in Dart Sass 3.0.0.

More info and automated migrator: https://sass-lang.com/d/import

0 | @import "globals"; @import "container";


sass\pages\search-course\filters.module.scss 1:9  root stylesheet


Import traces:
  Client Component Browser:
    ./sass/pages/search-course/filters.module.scss [Client Component Browser]
    ./app/[locale]/(pages)/search_course/Filters.jsx [Client Component Browser]
    ./app/[locale]/(pages)/search_course/Header.jsx [Client Component Browser]
    ./app/[locale]/(pages)/search_course/page.jsx [Client Component Browser]
    ./app/[locale]/(pages)/search_course/page.jsx [Server Component]

  Client Component SSR:
    ./sass/pages/search-course/filters.module.scss [Client Component SSR]
    ./app/[locale]/(pages)/search_course/Filters.jsx [Client Component SSR]
    ./app/[locale]/(pages)/search_course/Header.jsx [Client Component SSR]
    ./app/[locale]/(pages)/search_course/page.jsx [Client Component SSR]
    ./app/[locale]/(pages)/search_course/page.jsx [Server Component]


./sass/pages/search-course/header.module.scss
Issue while running loader
SassWarning: Deprecation Warning on line 0, column 27 of 
file:///E:/montership/batd-academy/sass/pages/search-course/header.module.scss:0:27:
Sass @import rules are deprecated and will be removed in Dart Sass 3.0.0.

More info and automated migrator: https://sass-lang.com/d/import

0 | @import "globals"; @import "container";


sass\pages\search-course\header.module.scss 1:28  root stylesheet


Import traces:
  Client Component Browser:
    ./sass/pages/search-course/header.module.scss [Client Component Browser]
    ./app/[locale]/(pages)/search_course/Header.jsx [Client Component Browser]
    ./app/[locale]/(pages)/search_course/page.jsx [Client Component Browser]
    ./app/[locale]/(pages)/search_course/page.jsx [Server Component]

  Client Component SSR:
    ./sass/pages/search-course/header.module.scss [Client Component SSR]
    ./app/[locale]/(pages)/search_course/Header.jsx [Client Component SSR]
    ./app/[locale]/(pages)/search_course/page.jsx [Client Component SSR]
    ./app/[locale]/(pages)/search_course/page.jsx [Server Component]


./sass/pages/search-course/header.module.scss
Issue while running loader
SassWarning: Deprecation Warning on line 0, column 8 of 
file:///E:/montership/batd-academy/sass/pages/search-course/header.module.scss:0:8:
Sass @import rules are deprecated and will be removed in Dart Sass 3.0.0.

More info and automated migrator: https://sass-lang.com/d/import

0 | @import "globals"; @import "container";


sass\pages\search-course\header.module.scss 1:9  root stylesheet


Import traces:
  Client Component Browser:
    ./sass/pages/search-course/header.module.scss [Client Component Browser]
    ./app/[locale]/(pages)/search_course/Header.jsx [Client Component Browser]
    ./app/[locale]/(pages)/search_course/page.jsx [Client Component Browser]
    ./app/[locale]/(pages)/search_course/page.jsx [Server Component]

  Client Component SSR:
    ./sass/pages/search-course/header.module.scss [Client Component SSR]
    ./app/[locale]/(pages)/search_course/Header.jsx [Client Component SSR]
    ./app/[locale]/(pages)/search_course/page.jsx [Client Component SSR]
    ./app/[locale]/(pages)/search_course/page.jsx [Server Component]


./sass/pages/search-course/search-course.module.scss
Issue while running loader
SassWarning: Deprecation Warning on line 0, column 27 of 
file:///E:/montership/batd-academy/sass/pages/search-course/search-course.module.scss:0:27:
Sass @import rules are deprecated and will be removed in Dart Sass 3.0.0.

More info and automated migrator: https://sass-lang.com/d/import

0 | @import "globals"; @import "container";


sass\pages\search-course\search-course.module.scss 1:28  root stylesheet


Import traces:
  Client Component Browser:
    ./sass/pages/search-course/search-course.module.scss [Client Component Browser]
    ./app/[locale]/(pages)/search_course/page.jsx [Client Component Browser]
    ./app/[locale]/(pages)/search_course/page.jsx [Server Component]

  Client Component SSR:
    ./sass/pages/search-course/search-course.module.scss [Client Component SSR]
    ./app/[locale]/(pages)/search_course/page.jsx [Client Component SSR]
    ./app/[locale]/(pages)/search_course/page.jsx [Server Component]


./sass/pages/search-course/search-course.module.scss
Issue while running loader
SassWarning: Deprecation Warning on line 0, column 8 of 
file:///E:/montership/batd-academy/sass/pages/search-course/search-course.module.scss:0:8:
Sass @import rules are deprecated and will be removed in Dart Sass 3.0.0.

More info and automated migrator: https://sass-lang.com/d/import

0 | @import "globals"; @import "container";


sass\pages\search-course\search-course.module.scss 1:9  root stylesheet


Import traces:
  Client Component Browser:
    ./sass/pages/search-course/search-course.module.scss [Client Component Browser]
    ./app/[locale]/(pages)/search_course/page.jsx [Client Component Browser]
    ./app/[locale]/(pages)/search_course/page.jsx [Server Component]

  Client Component SSR:
    ./sass/pages/search-course/search-course.module.scss [Client Component SSR]
    ./app/[locale]/(pages)/search_course/page.jsx [Client Component SSR]
    ./app/[locale]/(pages)/search_course/page.jsx [Server Component]


./sass/pages/search-course/search.module.scss
Issue while running loader
SassWarning: Deprecation Warning on line 0, column 27 of 
file:///E:/montership/batd-academy/sass/pages/search-course/search.module.scss:0:27:
Sass @import rules are deprecated and will be removed in Dart Sass 3.0.0.

More info and automated migrator: https://sass-lang.com/d/import

0 | @import "globals"; @import "container";


sass\pages\search-course\search.module.scss 1:28  root stylesheet


Import traces:
  Client Component Browser:
    ./sass/pages/search-course/search.module.scss [Client Component Browser]
    ./app/[locale]/(pages)/search_course/Search.jsx [Client Component Browser]
    ./app/[locale]/(pages)/search_course/Header.jsx [Client Component Browser]
    ./app/[locale]/(pages)/search_course/page.jsx [Client Component Browser]
    ./app/[locale]/(pages)/search_course/page.jsx [Server Component]

  Client Component SSR:
    ./sass/pages/search-course/search.module.scss [Client Component SSR]
    ./app/[locale]/(pages)/search_course/Search.jsx [Client Component SSR]
    ./app/[locale]/(pages)/search_course/Header.jsx [Client Component SSR]
    ./app/[locale]/(pages)/search_course/page.jsx [Client Component SSR]
    ./app/[locale]/(pages)/search_course/page.jsx [Server Component]


./sass/pages/search-course/search.module.scss
Issue while running loader
SassWarning: Deprecation Warning on line 0, column 8 of 
file:///E:/montership/batd-academy/sass/pages/search-course/search.module.scss:0:8:
Sass @import rules are deprecated and will be removed in Dart Sass 3.0.0.

More info and automated migrator: https://sass-lang.com/d/import

0 | @import "globals"; @import "container";


sass\pages\search-course\search.module.scss 1:9  root stylesheet


Import traces:
  Client Component Browser:
    ./sass/pages/search-course/search.module.scss [Client Component Browser]
    ./app/[locale]/(pages)/search_course/Search.jsx [Client Component Browser]
    ./app/[locale]/(pages)/search_course/Header.jsx [Client Component Browser]
    ./app/[locale]/(pages)/search_course/page.jsx [Client Component Browser]
    ./app/[locale]/(pages)/search_course/page.jsx [Server Component]

  Client Component SSR:
    ./sass/pages/search-course/search.module.scss [Client Component SSR]
    ./app/[locale]/(pages)/search_course/Search.jsx [Client Component SSR]
    ./app/[locale]/(pages)/search_course/Header.jsx [Client Component SSR]
    ./app/[locale]/(pages)/search_course/page.jsx [Client Component SSR]
    ./app/[locale]/(pages)/search_course/page.jsx [Server Component]


./sass/pages/showCities/city-card.module.scss
Issue while running loader
SassWarning: Deprecation Warning on line 0, column 27 of 
file:///E:/montership/batd-academy/sass/pages/showCities/city-card.module.scss:0:27:
Sass @import rules are deprecated and will be removed in Dart Sass 3.0.0.

More info and automated migrator: https://sass-lang.com/d/import

0 | @import "globals"; @import "container";


sass\pages\showCities\city-card.module.scss 1:28  root stylesheet


Import traces:
  Client Component Browser:
    ./sass/pages/showCities/city-card.module.scss [Client Component Browser]
    ./app/[locale]/(pages)/show_cities/CityCard.jsx [Client Component Browser]
    ./app/[locale]/(pages)/show_cities/CityCard.jsx [Server Component]
    ./app/[locale]/(pages)/show_cities/page.jsx [Server Component]

  Client Component SSR:
    ./sass/pages/showCities/city-card.module.scss [Client Component SSR]
    ./app/[locale]/(pages)/show_cities/CityCard.jsx [Client Component SSR]
    ./app/[locale]/(pages)/show_cities/CityCard.jsx [Server Component]
    ./app/[locale]/(pages)/show_cities/page.jsx [Server Component]


./sass/pages/showCities/city-card.module.scss
Issue while running loader
SassWarning: Deprecation Warning on line 0, column 8 of 
file:///E:/montership/batd-academy/sass/pages/showCities/city-card.module.scss:0:8:
Sass @import rules are deprecated and will be removed in Dart Sass 3.0.0.

More info and automated migrator: https://sass-lang.com/d/import

0 | @import "globals"; @import "container";


sass\pages\showCities\city-card.module.scss 1:9  root stylesheet


Import traces:
  Client Component Browser:
    ./sass/pages/showCities/city-card.module.scss [Client Component Browser]
    ./app/[locale]/(pages)/show_cities/CityCard.jsx [Client Component Browser]
    ./app/[locale]/(pages)/show_cities/CityCard.jsx [Server Component]
    ./app/[locale]/(pages)/show_cities/page.jsx [Server Component]

  Client Component SSR:
    ./sass/pages/showCities/city-card.module.scss [Client Component SSR]
    ./app/[locale]/(pages)/show_cities/CityCard.jsx [Client Component SSR]
    ./app/[locale]/(pages)/show_cities/CityCard.jsx [Server Component]
    ./app/[locale]/(pages)/show_cities/page.jsx [Server Component]


./sass/pages/showCities/header.module.scss
Issue while running loader
SassWarning: Deprecation Warning on line 0, column 27 of 
file:///E:/montership/batd-academy/sass/pages/showCities/header.module.scss:0:27:
Sass @import rules are deprecated and will be removed in Dart Sass 3.0.0.

More info and automated migrator: https://sass-lang.com/d/import

0 | @import "globals"; @import "container";


sass\pages\showCities\header.module.scss 1:28  root stylesheet


Import traces:
  Client Component Browser:
    ./sass/pages/showCities/header.module.scss [Client Component Browser]
    ./app/[locale]/(pages)/show_cities/Header.jsx [Client Component Browser]
    ./app/[locale]/(pages)/show_cities/Header.jsx [Server Component]
    ./app/[locale]/(pages)/show_cities/page.jsx [Server Component]

  Client Component SSR:
    ./sass/pages/showCities/header.module.scss [Client Component SSR]
    ./app/[locale]/(pages)/show_cities/Header.jsx [Client Component SSR]
    ./app/[locale]/(pages)/show_cities/Header.jsx [Server Component]
    ./app/[locale]/(pages)/show_cities/page.jsx [Server Component]


./sass/pages/showCities/header.module.scss
Issue while running loader
SassWarning: Deprecation Warning on line 0, column 8 of 
file:///E:/montership/batd-academy/sass/pages/showCities/header.module.scss:0:8:
Sass @import rules are deprecated and will be removed in Dart Sass 3.0.0.

More info and automated migrator: https://sass-lang.com/d/import

0 | @import "globals"; @import "container";


sass\pages\showCities\header.module.scss 1:9  root stylesheet


Import traces:
  Client Component Browser:
    ./sass/pages/showCities/header.module.scss [Client Component Browser]
    ./app/[locale]/(pages)/show_cities/Header.jsx [Client Component Browser]
    ./app/[locale]/(pages)/show_cities/Header.jsx [Server Component]
    ./app/[locale]/(pages)/show_cities/page.jsx [Server Component]

  Client Component SSR:
    ./sass/pages/showCities/header.module.scss [Client Component SSR]
    ./app/[locale]/(pages)/show_cities/Header.jsx [Client Component SSR]
    ./app/[locale]/(pages)/show_cities/Header.jsx [Server Component]
    ./app/[locale]/(pages)/show_cities/page.jsx [Server Component]


./sass/pages/showCities/show-cities.module.scss
Issue while running loader
SassWarning: Deprecation Warning on line 0, column 27 of 
file:///E:/montership/batd-academy/sass/pages/showCities/show-cities.module.scss:0:27:
Sass @import rules are deprecated and will be removed in Dart Sass 3.0.0.

More info and automated migrator: https://sass-lang.com/d/import

0 | @import "globals"; @import "container";


sass\pages\showCities\show-cities.module.scss 1:28  root stylesheet


Import trace:
  Server Component:
    ./sass/pages/showCities/show-cities.module.scss
    ./app/[locale]/(pages)/show_cities/page.jsx


./sass/pages/showCities/show-cities.module.scss
Issue while running loader
SassWarning: Deprecation Warning on line 0, column 8 of 
file:///E:/montership/batd-academy/sass/pages/showCities/show-cities.module.scss:0:8:
Sass @import rules are deprecated and will be removed in Dart Sass 3.0.0.

More info and automated migrator: https://sass-lang.com/d/import

0 | @import "globals"; @import "container";


sass\pages\showCities\show-cities.module.scss 1:9  root stylesheet


Import trace:
  Server Component:
    ./sass/pages/showCities/show-cities.module.scss
    ./app/[locale]/(pages)/show_cities/page.jsx


./sass/pages/sign-In/login.module.scss
Issue while running loader
SassWarning: Deprecation Warning on line 0, column 27 of 
file:///E:/montership/batd-academy/sass/pages/sign-In/login.module.scss:0:27:
Sass @import rules are deprecated and will be removed in Dart Sass 3.0.0.

More info and automated migrator: https://sass-lang.com/d/import

0 | @import "globals"; @import "container";


sass\pages\sign-In\login.module.scss 1:28  root stylesheet


Import traces:
  Server Component:
    ./sass/pages/sign-In/login.module.scss
    ./app/[locale]/(pages)/signIn/page.jsx

  Client Component Browser:
    ./sass/pages/sign-In/login.module.scss [Client Component Browser]
    ./app/[locale]/(pages)/signIn/LoginForm.jsx [Client Component Browser]
    ./app/[locale]/(pages)/signIn/LoginForm.jsx [Server Component]
    ./app/[locale]/(pages)/signIn/page.jsx [Server Component]

  Client Component SSR:
    ./sass/pages/sign-In/login.module.scss [Client Component SSR]
    ./app/[locale]/(pages)/signIn/LoginForm.jsx [Client Component SSR]
    ./app/[locale]/(pages)/signIn/LoginForm.jsx [Server Component]
    ./app/[locale]/(pages)/signIn/page.jsx [Server Component]


./sass/pages/sign-In/login.module.scss
Issue while running loader
SassWarning: Deprecation Warning on line 0, column 8 of 
file:///E:/montership/batd-academy/sass/pages/sign-In/login.module.scss:0:8:
Sass @import rules are deprecated and will be removed in Dart Sass 3.0.0.

More info and automated migrator: https://sass-lang.com/d/import

0 | @import "globals"; @import "container";


sass\pages\sign-In\login.module.scss 1:9  root stylesheet


Import traces:
  Server Component:
    ./sass/pages/sign-In/login.module.scss
    ./app/[locale]/(pages)/signIn/page.jsx

  Client Component Browser:
    ./sass/pages/sign-In/login.module.scss [Client Component Browser]
    ./app/[locale]/(pages)/signIn/LoginForm.jsx [Client Component Browser]
    ./app/[locale]/(pages)/signIn/LoginForm.jsx [Server Component]
    ./app/[locale]/(pages)/signIn/page.jsx [Server Component]

  Client Component SSR:
    ./sass/pages/sign-In/login.module.scss [Client Component SSR]
    ./app/[locale]/(pages)/signIn/LoginForm.jsx [Client Component SSR]
    ./app/[locale]/(pages)/signIn/LoginForm.jsx [Server Component]
    ./app/[locale]/(pages)/signIn/page.jsx [Server Component]


./sass/pages/sign-up/register.module.scss
Issue while running loader
SassWarning: Deprecation Warning on line 0, column 27 of 
file:///E:/montership/batd-academy/sass/pages/sign-up/register.module.scss:0:27:
Sass @import rules are deprecated and will be removed in Dart Sass 3.0.0.

More info and automated migrator: https://sass-lang.com/d/import

0 | @import "globals"; @import "container";


sass\pages\sign-up\register.module.scss 1:28  root stylesheet


Import traces:
  Server Component:
    ./sass/pages/sign-up/register.module.scss
    ./app/[locale]/(pages)/signUp/page.jsx

  Client Component Browser:
    ./sass/pages/sign-up/register.module.scss [Client Component Browser]
    ./app/[locale]/(pages)/signUp/RegisterForm.jsx [Client Component Browser]
    ./app/[locale]/(pages)/signUp/RegisterForm.jsx [Server Component]
    ./app/[locale]/(pages)/signUp/page.jsx [Server Component]

  Client Component SSR:
    ./sass/pages/sign-up/register.module.scss [Client Component SSR]
    ./app/[locale]/(pages)/signUp/RegisterForm.jsx [Client Component SSR]
    ./app/[locale]/(pages)/signUp/RegisterForm.jsx [Server Component]
    ./app/[locale]/(pages)/signUp/page.jsx [Server Component]


./sass/pages/sign-up/register.module.scss
Issue while running loader
SassWarning: Deprecation Warning on line 0, column 8 of 
file:///E:/montership/batd-academy/sass/pages/sign-up/register.module.scss:0:8:
Sass @import rules are deprecated and will be removed in Dart Sass 3.0.0.

More info and automated migrator: https://sass-lang.com/d/import

0 | @import "globals"; @import "container";


sass\pages\sign-up\register.module.scss 1:9  root stylesheet


Import traces:
  Server Component:
    ./sass/pages/sign-up/register.module.scss
    ./app/[locale]/(pages)/signUp/page.jsx

  Client Component Browser:
    ./sass/pages/sign-up/register.module.scss [Client Component Browser]
    ./app/[locale]/(pages)/signUp/RegisterForm.jsx [Client Component Browser]
    ./app/[locale]/(pages)/signUp/RegisterForm.jsx [Server Component]
    ./app/[locale]/(pages)/signUp/page.jsx [Server Component]

  Client Component SSR:
    ./sass/pages/sign-up/register.module.scss [Client Component SSR]
    ./app/[locale]/(pages)/signUp/RegisterForm.jsx [Client Component SSR]
    ./app/[locale]/(pages)/signUp/RegisterForm.jsx [Server Component]
    ./app/[locale]/(pages)/signUp/page.jsx [Server Component]


./sass/pages/year-plan/header.module.scss
Issue while running loader
SassWarning: Deprecation Warning on line 0, column 27 of 
file:///E:/montership/batd-academy/sass/pages/year-plan/header.module.scss:0:27:
Sass @import rules are deprecated and will be removed in Dart Sass 3.0.0.

More info and automated migrator: https://sass-lang.com/d/import

0 | @import "globals"; @import "container";


sass\pages\year-plan\header.module.scss 1:28  root stylesheet


Import trace:
  Server Component:
    ./sass/pages/year-plan/header.module.scss
    ./app/[locale]/(pages)/year_plan/Header.jsx
    ./app/[locale]/(pages)/year_plan/page.jsx


./sass/pages/year-plan/header.module.scss
Issue while running loader
SassWarning: Deprecation Warning on line 0, column 8 of 
file:///E:/montership/batd-academy/sass/pages/year-plan/header.module.scss:0:8:
Sass @import rules are deprecated and will be removed in Dart Sass 3.0.0.

More info and automated migrator: https://sass-lang.com/d/import

0 | @import "globals"; @import "container";


sass\pages\year-plan\header.module.scss 1:9  root stylesheet


Import trace:
  Server Component:
    ./sass/pages/year-plan/header.module.scss
    ./app/[locale]/(pages)/year_plan/Header.jsx
    ./app/[locale]/(pages)/year_plan/page.jsx


./sass/pages/year-plan/plan-card.module.scss
Issue while running loader
SassWarning: Deprecation Warning on line 0, column 27 of 
file:///E:/montership/batd-academy/sass/pages/year-plan/plan-card.module.scss:0:27:
Sass @import rules are deprecated and will be removed in Dart Sass 3.0.0.

More info and automated migrator: https://sass-lang.com/d/import

0 | @import "globals"; @import "container";


sass\pages\year-plan\plan-card.module.scss 1:28  root stylesheet


Import trace:
  Server Component:
    ./sass/pages/year-plan/plan-card.module.scss
    ./app/[locale]/(pages)/year_plan/PlanCard.jsx
    ./app/[locale]/(pages)/year_plan/page.jsx


./sass/pages/year-plan/plan-card.module.scss
Issue while running loader
SassWarning: Deprecation Warning on line 0, column 8 of 
file:///E:/montership/batd-academy/sass/pages/year-plan/plan-card.module.scss:0:8:
Sass @import rules are deprecated and will be removed in Dart Sass 3.0.0.

More info and automated migrator: https://sass-lang.com/d/import

0 | @import "globals"; @import "container";


sass\pages\year-plan\plan-card.module.scss 1:9  root stylesheet


Import trace:
  Server Component:
    ./sass/pages/year-plan/plan-card.module.scss
    ./app/[locale]/(pages)/year_plan/PlanCard.jsx
    ./app/[locale]/(pages)/year_plan/page.jsx


./sass/pages/year-plan/year-plan.module.scss
Issue while running loader
SassWarning: Deprecation Warning on line 0, column 27 of 
file:///E:/montership/batd-academy/sass/pages/year-plan/year-plan.module.scss:0:27:
Sass @import rules are deprecated and will be removed in Dart Sass 3.0.0.

More info and automated migrator: https://sass-lang.com/d/import

0 | @import "globals"; @import "container";


sass\pages\year-plan\year-plan.module.scss 1:28  root stylesheet


Import trace:
  Server Component:
    ./sass/pages/year-plan/year-plan.module.scss
    ./app/[locale]/(pages)/year_plan/page.jsx


./sass/pages/year-plan/year-plan.module.scss
Issue while running loader
SassWarning: Deprecation Warning on line 0, column 8 of 
file:///E:/montership/batd-academy/sass/pages/year-plan/year-plan.module.scss:0:8:
Sass @import rules are deprecated and will be removed in Dart Sass 3.0.0.

More info and automated migrator: https://sass-lang.com/d/import

0 | @import "globals"; @import "container";


sass\pages\year-plan\year-plan.module.scss 1:9  root stylesheet


Import trace:
  Server Component:
    ./sass/pages/year-plan/year-plan.module.scss
    ./app/[locale]/(pages)/year_plan/page.jsx



> Build error occurred
Error: Turbopack build failed with 87 errors:
./sass/components/common/DateInput.module.scss
Error evaluating Node.js code
Error: Can't find stylesheet to import.
  ظـ╖
1 ظ¤é @import "globals"; @import "container";
  ظ¤é         ^^^^^^^^^
  ظـ╡
  sass\components\common\DateInput.module.scss 1:9  root stylesheet
  (from E:\montership\batd-academy\node_modules\next\dist\build\webpack\loaders\resolve-url-loader\index.js, 
E:\montership\batd-academy\node_modules\next\dist\compiled\sass-loader\cjs.js)
Caused by: Error: Can't find stylesheet to import.
  ظـ╖
1 ظ¤é @import "globals"; @import "container";
  ظ¤é         ^^^^^^^^^
  ظـ╡
  sass\components\common\DateInput.module.scss 1:9  root stylesheet
    [at Object.wrapException (E:\montership\batd-academy\node_modules\sass\sass.dart.js:2337:47)]
    [at E:\montership\batd-academy\node_modules\sass\sass.dart.js:90314:25]
    [at _wrapJsFunctionForAsync_closure.$protected (E:\montership\batd-academy\node_modules\sass\sass.dart.js:5005:15)]
    [at _wrapJsFunctionForAsync_closure.call$2 (E:\montership\batd-academy\node_modules\sass\sass.dart.js:38714:12)]
    [at _awaitOnObject_closure.call$1 (E:\montership\batd-academy\node_modules\sass\sass.dart.js:38702:32)]
    [at Object._rootRunUnary (E:\montership\batd-academy\node_modules\sass\sass.dart.js:5429:18)]
    [at StaticClosure.<anonymous> (E:\montership\batd-academy\node_modules\sass\sass.dart.js:130137:16)]
    [at _CustomZone.runUnary$2$2 (E:\montership\batd-academy\node_modules\sass\sass.dart.js:40143:39)]
    [at _Future__propagateToListeners_handleValueCallback.call$0 
(E:\montership\batd-academy\node_modules\sass\sass.dart.js:39203:51)]
    [at Object._Future__propagateToListeners (E:\montership\batd-academy\node_modules\sass\sass.dart.js:5215:93)]
    [at _Future._completeWithValue$1 (E:\montership\batd-academy\node_modules\sass\sass.dart.js:39066:9)]
    [at _AsyncAwaitCompleter.complete$1 (E:\montership\batd-academy\node_modules\sass\sass.dart.js:38689:14)]
    [at Object._asyncReturn (E:\montership\batd-academy\node_modules\sass\sass.dart.js:4977:17)]
    [at E:\montership\batd-academy\node_modules\sass\sass.dart.js:98624:24]
    [at _wrapJsFunctionForAsync_closure.$protected (E:\montership\batd-academy\node_modules\sass\sass.dart.js:5005:15)]
    [at _wrapJsFunctionForAsync_closure.call$2 (E:\montership\batd-academy\node_modules\sass\sass.dart.js:38714:12)]
    [at _awaitOnObject_closure.call$1 (E:\montership\batd-academy\node_modules\sass\sass.dart.js:38702:32)]
    [at Object._rootRunUnary (E:\montership\batd-academy\node_modules\sass\sass.dart.js:5429:18)]
    [at StaticClosure.<anonymous> (E:\montership\batd-academy\node_modules\sass\sass.dart.js:130137:16)]
    [at _CustomZone.runUnary$2$2 (E:\montership\batd-academy\node_modules\sass\sass.dart.js:40143:39)]
    [at _Future__propagateToListeners_handleValueCallback.call$0 
(E:\montership\batd-academy\node_modules\sass\sass.dart.js:39203:51)]
    [at Object._Future__propagateToListeners (E:\montership\batd-academy\node_modules\sass\sass.dart.js:5215:93)]
    [at _Future._completeWithValue$1 (E:\montership\batd-academy\node_modules\sass\sass.dart.js:39066:9)]
    [at _AsyncAwaitCompleter.complete$1 (E:\montership\batd-academy\node_modules\sass\sass.dart.js:38689:14)]
    [at Object._asyncReturn (E:\montership\batd-academy\node_modules\sass\sass.dart.js:4977:17)]
    [at E:\montership\batd-academy\node_modules\sass\sass.dart.js:98715:24]
    [at _wrapJsFunctionForAsync_closure.$protected (E:\montership\batd-academy\node_modules\sass\sass.dart.js:5005:15)]
    [at _wrapJsFunctionForAsync_closure.call$2 (E:\montership\batd-academy\node_modules\sass\sass.dart.js:38714:12)]
    [at _awaitOnObject_closure.call$1 (E:\montership\batd-academy\node_modules\sass\sass.dart.js:38702:32)]
    [at Object._rootRunUnary (E:\montership\batd-academy\node_modules\sass\sass.dart.js:5429:18)]
    [at StaticClosure.<anonymous> (E:\montership\batd-academy\node_modules\sass\sass.dart.js:130137:16)]
    [at _CustomZone.runUnary$2$2 (E:\montership\batd-academy\node_modules\sass\sass.dart.js:40143:39)]
    [at _Future__propagateToListeners_handleValueCallback.call$0 
(E:\montership\batd-academy\node_modules\sass\sass.dart.js:39203:51)]
    [at Object._Future__propagateToListeners (E:\montership\batd-academy\node_modules\sass\sass.dart.js:5215:93)]
    [at _Future._completeWithValue$1 (E:\montership\batd-academy\node_modules\sass\sass.dart.js:39066:9)]
    [at _AsyncAwaitCompleter.complete$1 (E:\montership\batd-academy\node_modules\sass\sass.dart.js:38689:14)]
    [at Object._asyncReturn (E:\montership\batd-academy\node_modules\sass\sass.dart.js:4977:17)]
    [at E:\montership\batd-academy\node_modules\sass\sass.dart.js:87892:24]
    [at _wrapJsFunctionForAsync_closure.$protected (E:\montership\batd-academy\node_modules\sass\sass.dart.js:5005:15)]
    [at _wrapJsFunctionForAsync_closure.call$2 (E:\montership\batd-academy\node_modules\sass\sass.dart.js:38714:12)]
    [at _awaitOnObject_closure.call$1 (E:\montership\batd-academy\node_modules\sass\sass.dart.js:38702:32)]
    [at Object._rootRunUnary (E:\montership\batd-academy\node_modules\sass\sass.dart.js:5429:18)]
    [at StaticClosure.<anonymous> (E:\montership\batd-academy\node_modules\sass\sass.dart.js:130137:16)]
    [at _CustomZone.runUnary$2$2 (E:\montership\batd-academy\node_modules\sass\sass.dart.js:40143:39)]
    [at _Future__propagateToListeners_handleValueCallback.call$0 
(E:\montership\batd-academy\node_modules\sass\sass.dart.js:39203:51)]
    [at Object._Future__propagateToListeners (E:\montership\batd-academy\node_modules\sass\sass.dart.js:5215:93)]
    [at _Future._complete$1 (E:\montership\batd-academy\node_modules\sass\sass.dart.js:39058:11)]
    [at _SyncCompleter.complete$1 (E:\montership\batd-academy\node_modules\sass\sass.dart.js:38903:10)]
    [at promiseToFuture_closure1.call$1 (E:\montership\batd-academy\node_modules\sass\sass.dart.js:45605:22)]
    [at Object.Primitives_applyFunction (E:\montership\batd-academy\node_modules\sass\sass.dart.js:2213:30)]

Import traces:
  Client Component Browser:
    ./sass/components/common/DateInput.module.scss [Client Component Browser]
    ./components/common/DateInput.jsx [Client Component Browser]
    ./app/[locale]/(pages)/registerInternalCourse/page.jsx [Client Component Browser]
    ./app/[locale]/(pages)/registerInternalCourse/page.jsx [Server Component]

  Client Component SSR:
    ./sass/components/common/DateInput.module.scss [Client Component SSR]
    ./components/common/DateInput.jsx [Client Component SSR]
    ./app/[locale]/(pages)/registerInternalCourse/page.jsx [Client Component SSR]
    ./app/[locale]/(pages)/registerInternalCourse/page.jsx [Server Component]


./sass/components/common/categories-box.module.scss
Error evaluating Node.js code
Error: Can't find stylesheet to import.
  ظـ╖
1 ظ¤é @import "globals"; @import "container";
  ظ¤é         ^^^^^^^^^
  ظـ╡
  sass\components\common\categories-box.module.scss 1:9  root stylesheet
  (from E:\montership\batd-academy\node_modules\next\dist\build\webpack\loaders\resolve-url-loader\index.js, 
E:\montership\batd-academy\node_modules\next\dist\compiled\sass-loader\cjs.js)
Caused by: Error: Can't find stylesheet to import.
  ظـ╖
1 ظ¤é @import "globals"; @import "container";
  ظ¤é         ^^^^^^^^^
  ظـ╡
  sass\components\common\categories-box.module.scss 1:9  root stylesheet
    [at Object.wrapException (E:\montership\batd-academy\node_modules\sass\sass.dart.js:2337:47)]
    [at E:\montership\batd-academy\node_modules\sass\sass.dart.js:90314:25]
    [at _wrapJsFunctionForAsync_closure.$protected (E:\montership\batd-academy\node_modules\sass\sass.dart.js:5005:15)]
    [at _wrapJsFunctionForAsync_closure.call$2 (E:\montership\batd-academy\node_modules\sass\sass.dart.js:38714:12)]
    [at _awaitOnObject_closure.call$1 (E:\montership\batd-academy\node_modules\sass\sass.dart.js:38702:32)]
    [at Object._rootRunUnary (E:\montership\batd-academy\node_modules\sass\sass.dart.js:5429:18)]
    [at StaticClosure.<anonymous> (E:\montership\batd-academy\node_modules\sass\sass.dart.js:130137:16)]
    [at _CustomZone.runUnary$2$2 (E:\montership\batd-academy\node_modules\sass\sass.dart.js:40143:39)]
    [at _Future__propagateToListeners_handleValueCallback.call$0 
(E:\montership\batd-academy\node_modules\sass\sass.dart.js:39203:51)]
    [at Object._Future__propagateToListeners (E:\montership\batd-academy\node_modules\sass\sass.dart.js:5215:93)]
    [at _Future._completeWithValue$1 (E:\montership\batd-academy\node_modules\sass\sass.dart.js:39066:9)]
    [at _AsyncAwaitCompleter.complete$1 (E:\montership\batd-academy\node_modules\sass\sass.dart.js:38689:14)]
    [at Object._asyncReturn (E:\montership\batd-academy\node_modules\sass\sass.dart.js:4977:17)]
    [at E:\montership\batd-academy\node_modules\sass\sass.dart.js:98624:24]
    [at _wrapJsFunctionForAsync_closure.$protected (E:\montership\batd-academy\node_modules\sass\sass.dart.js:5005:15)]
    [at _wrapJsFunctionForAsync_closure.call$2 (E:\montership\batd-academy\node_modules\sass\sass.dart.js:38714:12)]
    [at _awaitOnObject_closure.call$1 (E:\montership\batd-academy\node_modules\sass\sass.dart.js:38702:32)]
    [at Object._rootRunUnary (E:\montership\batd-academy\node_modules\sass\sass.dart.js:5429:18)]
    [at StaticClosure.<anonymous> (E:\montership\batd-academy\node_modules\sass\sass.dart.js:130137:16)]
    [at _CustomZone.runUnary$2$2 (E:\montership\batd-academy\node_modules\sass\sass.dart.js:40143:39)]
    [at _Future__propagateToListeners_handleValueCallback.call$0 
(E:\montership\batd-academy\node_modules\sass\sass.dart.js:39203:51)]
    [at Object._Future__propagateToListeners (E:\montership\batd-academy\node_modules\sass\sass.dart.js:5215:93)]
    [at _Future._completeWithValue$1 (E:\montership\batd-academy\node_modules\sass\sass.dart.js:39066:9)]
    [at _AsyncAwaitCompleter.complete$1 (E:\montership\batd-academy\node_modules\sass\sass.dart.js:38689:14)]
    [at Object._asyncReturn (E:\montership\batd-academy\node_modules\sass\sass.dart.js:4977:17)]
    [at E:\montership\batd-academy\node_modules\sass\sass.dart.js:98715:24]
    [at _wrapJsFunctionForAsync_closure.$protected (E:\montership\batd-academy\node_modules\sass\sass.dart.js:5005:15)]
    [at _wrapJsFunctionForAsync_closure.call$2 (E:\montership\batd-academy\node_modules\sass\sass.dart.js:38714:12)]
    [at _awaitOnObject_closure.call$1 (E:\montership\batd-academy\node_modules\sass\sass.dart.js:38702:32)]
    [at Object._rootRunUnary (E:\montership\batd-academy\node_modules\sass\sass.dart.js:5429:18)]
    [at StaticClosure.<anonymous> (E:\montership\batd-academy\node_modules\sass\sass.dart.js:130137:16)]
    [at _CustomZone.runUnary$2$2 (E:\montership\batd-academy\node_modules\sass\sass.dart.js:40143:39)]
    [at _Future__propagateToListeners_handleValueCallback.call$0 
(E:\montership\batd-academy\node_modules\sass\sass.dart.js:39203:51)]
    [at Object._Future__propagateToListeners (E:\montership\batd-academy\node_modules\sass\sass.dart.js:5215:93)]
    [at _Future._completeWithValue$1 (E:\montership\batd-academy\node_modules\sass\sass.dart.js:39066:9)]
    [at _AsyncAwaitCompleter.complete$1 (E:\montership\batd-academy\node_modules\sass\sass.dart.js:38689:14)]
    [at Object._asyncReturn (E:\montership\batd-academy\node_modules\sass\sass.dart.js:4977:17)]
    [at E:\montership\batd-academy\node_modules\sass\sass.dart.js:87892:24]
    [at _wrapJsFunctionForAsync_closure.$protected (E:\montership\batd-academy\node_modules\sass\sass.dart.js:5005:15)]
    [at _wrapJsFunctionForAsync_closure.call$2 (E:\montership\batd-academy\node_modules\sass\sass.dart.js:38714:12)]
    [at _awaitOnObject_closure.call$1 (E:\montership\batd-academy\node_modules\sass\sass.dart.js:38702:32)]
    [at Object._rootRunUnary (E:\montership\batd-academy\node_modules\sass\sass.dart.js:5429:18)]
    [at StaticClosure.<anonymous> (E:\montership\batd-academy\node_modules\sass\sass.dart.js:130137:16)]
    [at _CustomZone.runUnary$2$2 (E:\montership\batd-academy\node_modules\sass\sass.dart.js:40143:39)]
    [at _Future__propagateToListeners_handleValueCallback.call$0 
(E:\montership\batd-academy\node_modules\sass\sass.dart.js:39203:51)]
    [at Object._Future__propagateToListeners (E:\montership\batd-academy\node_modules\sass\sass.dart.js:5215:93)]
    [at _Future._complete$1 (E:\montership\batd-academy\node_modules\sass\sass.dart.js:39058:11)]
    [at _SyncCompleter.complete$1 (E:\montership\batd-academy\node_modules\sass\sass.dart.js:38903:10)]
    [at promiseToFuture_closure1.call$1 (E:\montership\batd-academy\node_modules\sass\sass.dart.js:45605:22)]
    [at Object.Primitives_applyFunction (E:\montership\batd-academy\node_modules\sass\sass.dart.js:2213:30)]

Import traces:
  Server Component:
    ./sass/components/common/categories-box.module.scss
    ./components/common/CategoriesBox.jsx
    ./app/[locale]/(pages)/city/[id]/[slug]/page.jsx

  Client Component Browser:
    ./sass/components/common/categories-box.module.scss [Client Component Browser]
    ./components/common/CategoriesBox.jsx [Client Component Browser]
    ./app/[locale]/(pages)/search_course/page.jsx [Client Component Browser]
    ./app/[locale]/(pages)/search_course/page.jsx [Server Component]

  Client Component SSR:
    ./sass/components/common/categories-box.module.scss [Client Component SSR]
    ./components/common/CategoriesBox.jsx [Client Component SSR]
    ./app/[locale]/(pages)/search_course/page.jsx [Client Component SSR]
    ./app/[locale]/(pages)/search_course/page.jsx [Server Component]


./sass/components/common/container.module.scss
Error evaluating Node.js code
Error: Can't find stylesheet to import.
  ظـ╖
1 ظ¤é @import "globals"; @import "container";
  ظ¤é         ^^^^^^^^^
  ظـ╡
  sass\components\common\container.module.scss 1:9  root stylesheet
  (from E:\montership\batd-academy\node_modules\next\dist\build\webpack\loaders\resolve-url-loader\index.js, 
E:\montership\batd-academy\node_modules\next\dist\compiled\sass-loader\cjs.js)
Caused by: Error: Can't find stylesheet to import.
  ظـ╖
1 ظ¤é @import "globals"; @import "container";
  ظ¤é         ^^^^^^^^^
  ظـ╡
  sass\components\common\container.module.scss 1:9  root stylesheet
    [at Object.wrapException (E:\montership\batd-academy\node_modules\sass\sass.dart.js:2337:47)]
    [at E:\montership\batd-academy\node_modules\sass\sass.dart.js:90314:25]
    [at _wrapJsFunctionForAsync_closure.$protected (E:\montership\batd-academy\node_modules\sass\sass.dart.js:5005:15)]
    [at _wrapJsFunctionForAsync_closure.call$2 (E:\montership\batd-academy\node_modules\sass\sass.dart.js:38714:12)]
    [at _awaitOnObject_closure.call$1 (E:\montership\batd-academy\node_modules\sass\sass.dart.js:38702:32)]
    [at Object._rootRunUnary (E:\montership\batd-academy\node_modules\sass\sass.dart.js:5429:18)]
    [at StaticClosure.<anonymous> (E:\montership\batd-academy\node_modules\sass\sass.dart.js:130137:16)]
    [at _CustomZone.runUnary$2$2 (E:\montership\batd-academy\node_modules\sass\sass.dart.js:40143:39)]
    [at _Future__propagateToListeners_handleValueCallback.call$0 
(E:\montership\batd-academy\node_modules\sass\sass.dart.js:39203:51)]
    [at Object._Future__propagateToListeners (E:\montership\batd-academy\node_modules\sass\sass.dart.js:5215:93)]

Import traces:
  Server Component:
    ./sass/components/common/container.module.scss
    ./app/[locale]/(pages)/printCategory/[id]/page.jsx

  Client Component Browser:
    ./sass/components/common/container.module.scss [Client Component Browser]
    ./app/[locale]/(pages)/(home)/LastestPublication.jsx [Client Component Browser]
    ./app/[locale]/(pages)/(home)/LastestPublication.jsx [Server Component]
    ./app/[locale]/(pages)/(home)/page.jsx [Server Component]

  Client Component SSR:
    ./sass/components/common/container.module.scss [Client Component SSR]
    ./app/[locale]/(pages)/(home)/LastestPublication.jsx [Client Component SSR]
    ./app/[locale]/(pages)/(home)/LastestPublication.jsx [Server Component]
    ./app/[locale]/(pages)/(home)/page.jsx [Server Component]


./sass/components/common/drop-down-menu.module.scss
Error evaluating Node.js code
Error: Can't find stylesheet to import.
  ظـ╖
1 ظ¤é @import "globals"; @import "container";
  ظ¤é         ^^^^^^^^^
  ظـ╡
  sass\components\common\drop-down-menu.module.scss 1:9  root stylesheet
  (from E:\montership\batd-academy\node_modules\next\dist\build\webpack\loaders\resolve-url-loader\index.js, 
E:\montership\batd-academy\node_modules\next\dist\compiled\sass-loader\cjs.js)
Caused by: Error: Can't find stylesheet to import.
  ظـ╖
1 ظ¤é @import "globals"; @import "container";
  ظ¤é         ^^^^^^^^^
  ظـ╡
  sass\components\common\drop-down-menu.module.scss 1:9  root stylesheet
    [at Object.wrapException (E:\montership\batd-academy\node_modules\sass\sass.dart.js:2337:47)]
    [at E:\montership\batd-academy\node_modules\sass\sass.dart.js:90314:25]
    [at _wrapJsFunctionForAsync_closure.$protected (E:\montership\batd-academy\node_modules\sass\sass.dart.js:5005:15)]
    [at _wrapJsFunctionForAsync_closure.call$2 (E:\montership\batd-academy\node_modules\sass\sass.dart.js:38714:12)]
    [at _awaitOnObject_closure.call$1 (E:\montership\batd-academy\node_modules\sass\sass.dart.js:38702:32)]
    [at Object._rootRunUnary (E:\montership\batd-academy\node_modules\sass\sass.dart.js:5429:18)]
    [at StaticClosure.<anonymous> (E:\montership\batd-academy\node_modules\sass\sass.dart.js:130137:16)]
    [at _CustomZone.runUnary$2$2 (E:\montership\batd-academy\node_modules\sass\sass.dart.js:40143:39)]
    [at _Future__propagateToListeners_handleValueCallback.call$0 
(E:\montership\batd-academy\node_modules\sass\sass.dart.js:39203:51)]
    [at Object._Future__propagateToListeners (E:\montership\batd-academy\node_modules\sass\sass.dart.js:5215:93)]

Import traces:
  Client Component Browser:
    ./sass/components/common/drop-down-menu.module.scss [Client Component Browser]
    ./components/common/DropdownMenu.jsx [Client Component Browser]
    ./app/[locale]/(pages)/registerCourse/CourseDetailsForm.jsx [Client Component Browser]
    ./app/[locale]/(pages)/registerCourse/page.jsx [Client Component Browser]
    ./app/[locale]/(pages)/registerCourse/page.jsx [Server Component]

  Client Component SSR:
    ./sass/components/common/drop-down-menu.module.scss [Client Component SSR]
    ./components/common/DropdownMenu.jsx [Client Component SSR]
    ./app/[locale]/(pages)/registerCourse/CourseDetailsForm.jsx [Client Component SSR]
    ./app/[locale]/(pages)/registerCourse/page.jsx [Client Component SSR]
    ./app/[locale]/(pages)/registerCourse/page.jsx [Server Component]


./sass/components/common/generic-slider.module.scss
Error evaluating Node.js code
Error: Can't find stylesheet to import.
  ظـ╖
1 ظ¤é @import "globals"; @import "container";
  ظ¤é         ^^^^^^^^^
  ظـ╡
  sass\components\common\generic-slider.module.scss 1:9  root stylesheet
  (from E:\montership\batd-academy\node_modules\next\dist\build\webpack\loaders\resolve-url-loader\index.js, 
E:\montership\batd-academy\node_modules\next\dist\compiled\sass-loader\cjs.js)
Caused by: Error: Can't find stylesheet to import.
  ظـ╖
1 ظ¤é @import "globals"; @import "container";
  ظ¤é         ^^^^^^^^^
  ظـ╡
  sass\components\common\generic-slider.module.scss 1:9  root stylesheet
    [at Object.wrapException (E:\montership\batd-academy\node_modules\sass\sass.dart.js:2337:47)]
    [at E:\montership\batd-academy\node_modules\sass\sass.dart.js:90314:25]
    [at _wrapJsFunctionForAsync_closure.$protected (E:\montership\batd-academy\node_modules\sass\sass.dart.js:5005:15)]
    [at _wrapJsFunctionForAsync_closure.call$2 (E:\montership\batd-academy\node_modules\sass\sass.dart.js:38714:12)]
    [at _awaitOnObject_closure.call$1 (E:\montership\batd-academy\node_modules\sass\sass.dart.js:38702:32)]
    [at Object._rootRunUnary (E:\montership\batd-academy\node_modules\sass\sass.dart.js:5429:18)]
    [at StaticClosure.<anonymous> (E:\montership\batd-academy\node_modules\sass\sass.dart.js:130137:16)]
    [at _CustomZone.runUnary$2$2 (E:\montership\batd-academy\node_modules\sass\sass.dart.js:40143:39)]
    [at _Future__propagateToListeners_handleValueCallback.call$0 
(E:\montership\batd-academy\node_modules\sass\sass.dart.js:39203:51)]
    [at Object._Future__propagateToListeners (E:\montership\batd-academy\node_modules\sass\sass.dart.js:5215:93)]

Import traces:
  Client Component Browser:
    ./sass/components/common/generic-slider.module.scss [Client Component Browser]
    ./components/common/GenericSlider.jsx [Client Component Browser]
    ./app/[locale]/(pages)/(home)/CoursesBySpecial.jsx [Client Component Browser]
    ./app/[locale]/(pages)/(home)/CoursesBySpecial.jsx [Server Component]
    ./app/[locale]/(pages)/(home)/page.jsx [Server Component]

  Client Component SSR:
    ./sass/components/common/generic-slider.module.scss [Client Component SSR]
    ./components/common/GenericSlider.jsx [Client Component SSR]
    ./app/[locale]/(pages)/(home)/CoursesBySpecial.jsx [Client Component SSR]
    ./app/[locale]/(pages)/(home)/CoursesBySpecial.jsx [Server Component]
    ./app/[locale]/(pages)/(home)/page.jsx [Server Component]


./sass/components/common/latest-posts-card.module.scss
Error evaluating Node.js code
Error: Can't find stylesheet to import.
  ظـ╖
1 ظ¤é @import "globals"; @import "container";
  ظ¤é         ^^^^^^^^^
  ظـ╡
  sass\components\common\latest-posts-card.module.scss 1:9  root stylesheet
  (from E:\montership\batd-academy\node_modules\next\dist\build\webpack\loaders\resolve-url-loader\index.js, 
E:\montership\batd-academy\node_modules\next\dist\compiled\sass-loader\cjs.js)
Caused by: Error: Can't find stylesheet to import.
  ظـ╖
1 ظ¤é @import "globals"; @import "container";
  ظ¤é         ^^^^^^^^^
  ظـ╡
  sass\components\common\latest-posts-card.module.scss 1:9  root stylesheet
    [at Object.wrapException (E:\montership\batd-academy\node_modules\sass\sass.dart.js:2337:47)]
    [at E:\montership\batd-academy\node_modules\sass\sass.dart.js:90314:25]
    [at _wrapJsFunctionForAsync_closure.$protected (E:\montership\batd-academy\node_modules\sass\sass.dart.js:5005:15)]
    [at _wrapJsFunctionForAsync_closure.call$2 (E:\montership\batd-academy\node_modules\sass\sass.dart.js:38714:12)]
    [at _awaitOnObject_closure.call$1 (E:\montership\batd-academy\node_modules\sass\sass.dart.js:38702:32)]
    [at Object._rootRunUnary (E:\montership\batd-academy\node_modules\sass\sass.dart.js:5429:18)]
    [at StaticClosure.<anonymous> (E:\montership\batd-academy\node_modules\sass\sass.dart.js:130137:16)]
    [at _CustomZone.runUnary$2$2 (E:\montership\batd-academy\node_modules\sass\sass.dart.js:40143:39)]
    [at _Future__propagateToListeners_handleValueCallback.call$0 
(E:\montership\batd-academy\node_modules\sass\sass.dart.js:39203:51)]
    [at Object._Future__propagateToListeners (E:\montership\batd-academy\node_modules\sass\sass.dart.js:5215:93)]
    [at _Future._completeWithValue$1 (E:\montership\batd-academy\node_modules\sass\sass.dart.js:39066:9)]
    [at _AsyncAwaitCompleter.complete$1 (E:\montership\batd-academy\node_modules\sass\sass.dart.js:38689:14)]
    [at Object._asyncReturn (E:\montership\batd-academy\node_modules\sass\sass.dart.js:4977:17)]
    [at E:\montership\batd-academy\node_modules\sass\sass.dart.js:98624:24]
    [at _wrapJsFunctionForAsync_closure.$protected (E:\montership\batd-academy\node_modules\sass\sass.dart.js:5005:15)]
    [at _wrapJsFunctionForAsync_closure.call$2 (E:\montership\batd-academy\node_modules\sass\sass.dart.js:38714:12)]
    [at _awaitOnObject_closure.call$1 (E:\montership\batd-academy\node_modules\sass\sass.dart.js:38702:32)]
    [at Object._rootRunUnary (E:\montership\batd-academy\node_modules\sass\sass.dart.js:5429:18)]
    [at StaticClosure.<anonymous> (E:\montership\batd-academy\node_modules\sass\sass.dart.js:130137:16)]
    [at _CustomZone.runUnary$2$2 (E:\montership\batd-academy\node_modules\sass\sass.dart.js:40143:39)]
    [at _Future__propagateToListeners_handleValueCallback.call$0 
(E:\montership\batd-academy\node_modules\sass\sass.dart.js:39203:51)]
    [at Object._Future__propagateToListeners (E:\montership\batd-academy\node_modules\sass\sass.dart.js:5215:93)]
    [at _Future._completeWithValue$1 (E:\montership\batd-academy\node_modules\sass\sass.dart.js:39066:9)]
    [at _AsyncAwaitCompleter.complete$1 (E:\montership\batd-academy\node_modules\sass\sass.dart.js:38689:14)]
    [at Object._asyncReturn (E:\montership\batd-academy\node_modules\sass\sass.dart.js:4977:17)]
    [at E:\montership\batd-academy\node_modules\sass\sass.dart.js:98715:24]
    [at _wrapJsFunctionForAsync_closure.$protected (E:\montership\batd-academy\node_modules\sass\sass.dart.js:5005:15)]
    [at _wrapJsFunctionForAsync_closure.call$2 (E:\montership\batd-academy\node_modules\sass\sass.dart.js:38714:12)]
    [at _awaitOnObject_closure.call$1 (E:\montership\batd-academy\node_modules\sass\sass.dart.js:38702:32)]
    [at Object._rootRunUnary (E:\montership\batd-academy\node_modules\sass\sass.dart.js:5429:18)]
    [at StaticClosure.<anonymous> (E:\montership\batd-academy\node_modules\sass\sass.dart.js:130137:16)]
    [at _CustomZone.runUnary$2$2 (E:\montership\batd-academy\node_modules\sass\sass.dart.js:40143:39)]
    [at _Future__propagateToListeners_handleValueCallback.call$0 
(E:\montership\batd-academy\node_modules\sass\sass.dart.js:39203:51)]
    [at Object._Future__propagateToListeners (E:\montership\batd-academy\node_modules\sass\sass.dart.js:5215:93)]
    [at _Future._completeWithValue$1 (E:\montership\batd-academy\node_modules\sass\sass.dart.js:39066:9)]
    [at _AsyncAwaitCompleter.complete$1 (E:\montership\batd-academy\node_modules\sass\sass.dart.js:38689:14)]
    [at Object._asyncReturn (E:\montership\batd-academy\node_modules\sass\sass.dart.js:4977:17)]
    [at E:\montership\batd-academy\node_modules\sass\sass.dart.js:87892:24]
    [at _wrapJsFunctionForAsync_closure.$protected (E:\montership\batd-academy\node_modules\sass\sass.dart.js:5005:15)]
    [at _wrapJsFunctionForAsync_closure.call$2 (E:\montership\batd-academy\node_modules\sass\sass.dart.js:38714:12)]
    [at _awaitOnObject_closure.call$1 (E:\montership\batd-academy\node_modules\sass\sass.dart.js:38702:32)]
    [at Object._rootRunUnary (E:\montership\batd-academy\node_modules\sass\sass.dart.js:5429:18)]
    [at StaticClosure.<anonymous> (E:\montership\batd-academy\node_modules\sass\sass.dart.js:130137:16)]
    [at _CustomZone.runUnary$2$2 (E:\montership\batd-academy\node_modules\sass\sass.dart.js:40143:39)]
    [at _Future__propagateToListeners_handleValueCallback.call$0 
(E:\montership\batd-academy\node_modules\sass\sass.dart.js:39203:51)]
    [at Object._Future__propagateToListeners (E:\montership\batd-academy\node_modules\sass\sass.dart.js:5215:93)]
    [at _Future._complete$1 (E:\montership\batd-academy\node_modules\sass\sass.dart.js:39058:11)]
    [at _SyncCompleter.complete$1 (E:\montership\batd-academy\node_modules\sass\sass.dart.js:38903:10)]
    [at promiseToFuture_closure1.call$1 (E:\montership\batd-academy\node_modules\sass\sass.dart.js:45605:22)]
    [at Object.Primitives_applyFunction (E:\montership\batd-academy\node_modules\sass\sass.dart.js:2213:30)]

Import traces:
  Client Component Browser:
    ./sass/components/common/latest-posts-card.module.scss [Client Component Browser]
    ./components/common/LatestPostsCard.jsx [Client Component Browser]
    ./app/[locale]/(pages)/blog/page.jsx [Client Component Browser]
    ./app/[locale]/(pages)/blog/page.jsx [Server Component]

  Client Component SSR:
    ./sass/components/common/latest-posts-card.module.scss [Client Component SSR]
    ./components/common/LatestPostsCard.jsx [Client Component SSR]
    ./app/[locale]/(pages)/blog/page.jsx [Client Component SSR]
    ./app/[locale]/(pages)/blog/page.jsx [Server Component]


./sass/components/common/select-categories.module.scss
Error evaluating Node.js code
Error: Can't find stylesheet to import.
  ظـ╖
1 ظ¤é @import "globals"; @import "container";
  ظ¤é         ^^^^^^^^^
  ظـ╡
  sass\components\common\select-categories.module.scss 1:9  root stylesheet
  (from E:\montership\batd-academy\node_modules\next\dist\build\webpack\loaders\resolve-url-loader\index.js, 
E:\montership\batd-academy\node_modules\next\dist\compiled\sass-loader\cjs.js)
Caused by: Error: Can't find stylesheet to import.
  ظـ╖
1 ظ¤é @import "globals"; @import "container";
  ظ¤é         ^^^^^^^^^
  ظـ╡
  sass\components\common\select-categories.module.scss 1:9  root stylesheet
    [at Object.wrapException (E:\montership\batd-academy\node_modules\sass\sass.dart.js:2337:47)]
    [at E:\montership\batd-academy\node_modules\sass\sass.dart.js:90314:25]
    [at _wrapJsFunctionForAsync_closure.$protected (E:\montership\batd-academy\node_modules\sass\sass.dart.js:5005:15)]
    [at _wrapJsFunctionForAsync_closure.call$2 (E:\montership\batd-academy\node_modules\sass\sass.dart.js:38714:12)]
    [at _awaitOnObject_closure.call$1 (E:\montership\batd-academy\node_modules\sass\sass.dart.js:38702:32)]
    [at Object._rootRunUnary (E:\montership\batd-academy\node_modules\sass\sass.dart.js:5429:18)]
    [at StaticClosure.<anonymous> (E:\montership\batd-academy\node_modules\sass\sass.dart.js:130137:16)]
    [at _CustomZone.runUnary$2$2 (E:\montership\batd-academy\node_modules\sass\sass.dart.js:40143:39)]
    [at _Future__propagateToListeners_handleValueCallback.call$0 
(E:\montership\batd-academy\node_modules\sass\sass.dart.js:39203:51)]
    [at Object._Future__propagateToListeners (E:\montership\batd-academy\node_modules\sass\sass.dart.js:5215:93)]
    [at _Future._completeWithValue$1 (E:\montership\batd-academy\node_modules\sass\sass.dart.js:39066:9)]
    [at _AsyncAwaitCompleter.complete$1 (E:\montership\batd-academy\node_modules\sass\sass.dart.js:38689:14)]
    [at Object._asyncReturn (E:\montership\batd-academy\node_modules\sass\sass.dart.js:4977:17)]
    [at E:\montership\batd-academy\node_modules\sass\sass.dart.js:98624:24]
    [at _wrapJsFunctionForAsync_closure.$protected (E:\montership\batd-academy\node_modules\sass\sass.dart.js:5005:15)]
    [at _wrapJsFunctionForAsync_closure.call$2 (E:\montership\batd-academy\node_modules\sass\sass.dart.js:38714:12)]
    [at _awaitOnObject_closure.call$1 (E:\montership\batd-academy\node_modules\sass\sass.dart.js:38702:32)]
    [at Object._rootRunUnary (E:\montership\batd-academy\node_modules\sass\sass.dart.js:5429:18)]
    [at StaticClosure.<anonymous> (E:\montership\batd-academy\node_modules\sass\sass.dart.js:130137:16)]
    [at _CustomZone.runUnary$2$2 (E:\montership\batd-academy\node_modules\sass\sass.dart.js:40143:39)]
    [at _Future__propagateToListeners_handleValueCallback.call$0 
(E:\montership\batd-academy\node_modules\sass\sass.dart.js:39203:51)]
    [at Object._Future__propagateToListeners (E:\montership\batd-academy\node_modules\sass\sass.dart.js:5215:93)]
    [at _Future._completeWithValue$1 (E:\montership\batd-academy\node_modules\sass\sass.dart.js:39066:9)]
    [at _AsyncAwaitCompleter.complete$1 (E:\montership\batd-academy\node_modules\sass\sass.dart.js:38689:14)]
    [at Object._asyncReturn (E:\montership\batd-academy\node_modules\sass\sass.dart.js:4977:17)]
    [at E:\montership\batd-academy\node_modules\sass\sass.dart.js:98715:24]
    [at _wrapJsFunctionForAsync_closure.$protected (E:\montership\batd-academy\node_modules\sass\sass.dart.js:5005:15)]
    [at _wrapJsFunctionForAsync_closure.call$2 (E:\montership\batd-academy\node_modules\sass\sass.dart.js:38714:12)]
    [at _awaitOnObject_closure.call$1 (E:\montership\batd-academy\node_modules\sass\sass.dart.js:38702:32)]
    [at Object._rootRunUnary (E:\montership\batd-academy\node_modules\sass\sass.dart.js:5429:18)]
    [at StaticClosure.<anonymous> (E:\montership\batd-academy\node_modules\sass\sass.dart.js:130137:16)]
    [at _CustomZone.runUnary$2$2 (E:\montership\batd-academy\node_modules\sass\sass.dart.js:40143:39)]
    [at _Future__propagateToListeners_handleValueCallback.call$0 
(E:\montership\batd-academy\node_modules\sass\sass.dart.js:39203:51)]
    [at Object._Future__propagateToListeners (E:\montership\batd-academy\node_modules\sass\sass.dart.js:5215:93)]
    [at _Future._completeWithValue$1 (E:\montership\batd-academy\node_modules\sass\sass.dart.js:39066:9)]
    [at _AsyncAwaitCompleter.complete$1 (E:\montership\batd-academy\node_modules\sass\sass.dart.js:38689:14)]
    [at Object._asyncReturn (E:\montership\batd-academy\node_modules\sass\sass.dart.js:4977:17)]
    [at E:\montership\batd-academy\node_modules\sass\sass.dart.js:87892:24]
    [at _wrapJsFunctionForAsync_closure.$protected (E:\montership\batd-academy\node_modules\sass\sass.dart.js:5005:15)]
    [at _wrapJsFunctionForAsync_closure.call$2 (E:\montership\batd-academy\node_modules\sass\sass.dart.js:38714:12)]
    [at _awaitOnObject_closure.call$1 (E:\montership\batd-academy\node_modules\sass\sass.dart.js:38702:32)]
    [at Object._rootRunUnary (E:\montership\batd-academy\node_modules\sass\sass.dart.js:5429:18)]
    [at StaticClosure.<anonymous> (E:\montership\batd-academy\node_modules\sass\sass.dart.js:130137:16)]
    [at _CustomZone.runUnary$2$2 (E:\montership\batd-academy\node_modules\sass\sass.dart.js:40143:39)]
    [at _Future__propagateToListeners_handleValueCallback.call$0 
(E:\montership\batd-academy\node_modules\sass\sass.dart.js:39203:51)]
    [at Object._Future__propagateToListeners (E:\montership\batd-academy\node_modules\sass\sass.dart.js:5215:93)]
    [at _Future._complete$1 (E:\montership\batd-academy\node_modules\sass\sass.dart.js:39058:11)]
    [at _SyncCompleter.complete$1 (E:\montership\batd-academy\node_modules\sass\sass.dart.js:38903:10)]
    [at promiseToFuture_closure1.call$1 (E:\montership\batd-academy\node_modules\sass\sass.dart.js:45605:22)]
    [at Object.Primitives_applyFunction (E:\montership\batd-academy\node_modules\sass\sass.dart.js:2213:30)]

Import traces:
  Client Component Browser:
    ./sass/components/common/select-categories.module.scss [Client Component Browser]
    ./components/common/SelectCategories.jsx [Client Component Browser]
    ./app/[locale]/(pages)/blog/page.jsx [Client Component Browser]
    ./app/[locale]/(pages)/blog/page.jsx [Server Component]

  Client Component SSR:
    ./sass/components/common/select-categories.module.scss [Client Component SSR]
    ./components/common/SelectCategories.jsx [Client Component SSR]
    ./app/[locale]/(pages)/blog/page.jsx [Client Component SSR]
    ./app/[locale]/(pages)/blog/page.jsx [Server Component]


./sass/components/common/stepper.module.scss
Error evaluating Node.js code
Error: Can't find stylesheet to import.
  ظـ╖
1 ظ¤é @import "globals"; @import "container";
  ظ¤é         ^^^^^^^^^
  ظـ╡
  sass\components\common\stepper.module.scss 1:9  root stylesheet
  (from E:\montership\batd-academy\node_modules\next\dist\build\webpack\loaders\resolve-url-loader\index.js, 
E:\montership\batd-academy\node_modules\next\dist\compiled\sass-loader\cjs.js)
Caused by: Error: Can't find stylesheet to import.
  ظـ╖
1 ظ¤é @import "globals"; @import "container";
  ظ¤é         ^^^^^^^^^
  ظـ╡
  sass\components\common\stepper.module.scss 1:9  root stylesheet
    [at Object.wrapException (E:\montership\batd-academy\node_modules\sass\sass.dart.js:2337:47)]
    [at E:\montership\batd-academy\node_modules\sass\sass.dart.js:90314:25]
    [at _wrapJsFunctionForAsync_closure.$protected (E:\montership\batd-academy\node_modules\sass\sass.dart.js:5005:15)]
    [at _wrapJsFunctionForAsync_closure.call$2 (E:\montership\batd-academy\node_modules\sass\sass.dart.js:38714:12)]
    [at _awaitOnObject_closure.call$1 (E:\montership\batd-academy\node_modules\sass\sass.dart.js:38702:32)]
    [at Object._rootRunUnary (E:\montership\batd-academy\node_modules\sass\sass.dart.js:5429:18)]
    [at StaticClosure.<anonymous> (E:\montership\batd-academy\node_modules\sass\sass.dart.js:130137:16)]
    [at _CustomZone.runUnary$2$2 (E:\montership\batd-academy\node_modules\sass\sass.dart.js:40143:39)]
    [at _Future__propagateToListeners_handleValueCallback.call$0 
(E:\montership\batd-academy\node_modules\sass\sass.dart.js:39203:51)]
    [at Object._Future__propagateToListeners (E:\montership\batd-academy\node_modules\sass\sass.dart.js:5215:93)]
    [at _Future._completeWithValue$1 (E:\montership\batd-academy\node_modules\sass\sass.dart.js:39066:9)]
    [at _AsyncAwaitCompleter.complete$1 (E:\montership\batd-academy\node_modules\sass\sass.dart.js:38689:14)]
    [at Object._asyncReturn (E:\montership\batd-academy\node_modules\sass\sass.dart.js:4977:17)]
    [at E:\montership\batd-academy\node_modules\sass\sass.dart.js:98624:24]
    [at _wrapJsFunctionForAsync_closure.$protected (E:\montership\batd-academy\node_modules\sass\sass.dart.js:5005:15)]
    [at _wrapJsFunctionForAsync_closure.call$2 (E:\montership\batd-academy\node_modules\sass\sass.dart.js:38714:12)]
    [at _awaitOnObject_closure.call$1 (E:\montership\batd-academy\node_modules\sass\sass.dart.js:38702:32)]
    [at Object._rootRunUnary (E:\montership\batd-academy\node_modules\sass\sass.dart.js:5429:18)]
    [at StaticClosure.<anonymous> (E:\montership\batd-academy\node_modules\sass\sass.dart.js:130137:16)]
    [at _CustomZone.runUnary$2$2 (E:\montership\batd-academy\node_modules\sass\sass.dart.js:40143:39)]
    [at _Future__propagateToListeners_handleValueCallback.call$0 
(E:\montership\batd-academy\node_modules\sass\sass.dart.js:39203:51)]
    [at Object._Future__propagateToListeners (E:\montership\batd-academy\node_modules\sass\sass.dart.js:5215:93)]
    [at _Future._completeWithValue$1 (E:\montership\batd-academy\node_modules\sass\sass.dart.js:39066:9)]
    [at _AsyncAwaitCompleter.complete$1 (E:\montership\batd-academy\node_modules\sass\sass.dart.js:38689:14)]
    [at Object._asyncReturn (E:\montership\batd-academy\node_modules\sass\sass.dart.js:4977:17)]
    [at E:\montership\batd-academy\node_modules\sass\sass.dart.js:98715:24]
    [at _wrapJsFunctionForAsync_closure.$protected (E:\montership\batd-academy\node_modules\sass\sass.dart.js:5005:15)]
    [at _wrapJsFunctionForAsync_closure.call$2 (E:\montership\batd-academy\node_modules\sass\sass.dart.js:38714:12)]
    [at _awaitOnObject_closure.call$1 (E:\montership\batd-academy\node_modules\sass\sass.dart.js:38702:32)]
    [at Object._rootRunUnary (E:\montership\batd-academy\node_modules\sass\sass.dart.js:5429:18)]
    [at StaticClosure.<anonymous> (E:\montership\batd-academy\node_modules\sass\sass.dart.js:130137:16)]
    [at _CustomZone.runUnary$2$2 (E:\montership\batd-academy\node_modules\sass\sass.dart.js:40143:39)]
    [at _Future__propagateToListeners_handleValueCallback.call$0 
(E:\montership\batd-academy\node_modules\sass\sass.dart.js:39203:51)]
    [at Object._Future__propagateToListeners (E:\montership\batd-academy\node_modules\sass\sass.dart.js:5215:93)]
    [at _Future._completeWithValue$1 (E:\montership\batd-academy\node_modules\sass\sass.dart.js:39066:9)]
    [at _AsyncAwaitCompleter.complete$1 (E:\montership\batd-academy\node_modules\sass\sass.dart.js:38689:14)]
    [at Object._asyncReturn (E:\montership\batd-academy\node_modules\sass\sass.dart.js:4977:17)]
    [at E:\montership\batd-academy\node_modules\sass\sass.dart.js:87892:24]
    [at _wrapJsFunctionForAsync_closure.$protected (E:\montership\batd-academy\node_modules\sass\sass.dart.js:5005:15)]
    [at _wrapJsFunctionForAsync_closure.call$2 (E:\montership\batd-academy\node_modules\sass\sass.dart.js:38714:12)]
    [at _awaitOnObject_closure.call$1 (E:\montership\batd-academy\node_modules\sass\sass.dart.js:38702:32)]
    [at Object._rootRunUnary (E:\montership\batd-academy\node_modules\sass\sass.dart.js:5429:18)]
    [at StaticClosure.<anonymous> (E:\montership\batd-academy\node_modules\sass\sass.dart.js:130137:16)]
    [at _CustomZone.runUnary$2$2 (E:\montership\batd-academy\node_modules\sass\sass.dart.js:40143:39)]
    [at _Future__propagateToListeners_handleValueCallback.call$0 
(E:\montership\batd-academy\node_modules\sass\sass.dart.js:39203:51)]
    [at Object._Future__propagateToListeners (E:\montership\batd-academy\node_modules\sass\sass.dart.js:5215:93)]
    [at _Future._complete$1 (E:\montership\batd-academy\node_modules\sass\sass.dart.js:39058:11)]
    [at _SyncCompleter.complete$1 (E:\montership\batd-academy\node_modules\sass\sass.dart.js:38903:10)]
    [at promiseToFuture_closure1.call$1 (E:\montership\batd-academy\node_modules\sass\sass.dart.js:45605:22)]
    [at Object.Primitives_applyFunction (E:\montership\batd-academy\node_modules\sass\sass.dart.js:2213:30)]

Import traces:
  Client Component Browser:
    ./sass/components/common/stepper.module.scss [Client Component Browser]
    ./components/common/Stepper.jsx [Client Component Browser]
    ./app/[locale]/(pages)/registerCourse/page.jsx [Client Component Browser]
    ./app/[locale]/(pages)/registerCourse/page.jsx [Server Component]

  Client Component SSR:
    ./sass/components/common/stepper.module.scss [Client Component SSR]
    ./components/common/Stepper.jsx [Client Component SSR]
    ./app/[locale]/(pages)/registerCourse/page.jsx [Client Component SSR]
    ./app/[locale]/(pages)/registerCourse/page.jsx [Server Component]


./sass/components/common/tab.module.scss
Error evaluating Node.js code
Error: Can't find stylesheet to import.
  ظـ╖
1 ظ¤é @import "globals"; @import "container";
  ظ¤é         ^^^^^^^^^
  ظـ╡
  sass\components\common\tab.module.scss 1:9  root stylesheet
  (from E:\montership\batd-academy\node_modules\next\dist\build\webpack\loaders\resolve-url-loader\index.js, 
E:\montership\batd-academy\node_modules\next\dist\compiled\sass-loader\cjs.js)
Caused by: Error: Can't find stylesheet to import.
  ظـ╖
1 ظ¤é @import "globals"; @import "container";
  ظ¤é         ^^^^^^^^^
  ظـ╡
  sass\components\common\tab.module.scss 1:9  root stylesheet
    [at Object.wrapException (E:\montership\batd-academy\node_modules\sass\sass.dart.js:2337:47)]
    [at E:\montership\batd-academy\node_modules\sass\sass.dart.js:90314:25]
    [at _wrapJsFunctionForAsync_closure.$protected (E:\montership\batd-academy\node_modules\sass\sass.dart.js:5005:15)]
    [at _wrapJsFunctionForAsync_closure.call$2 (E:\montership\batd-academy\node_modules\sass\sass.dart.js:38714:12)]
    [at _awaitOnObject_closure.call$1 (E:\montership\batd-academy\node_modules\sass\sass.dart.js:38702:32)]
    [at Object._rootRunUnary (E:\montership\batd-academy\node_modules\sass\sass.dart.js:5429:18)]
    [at StaticClosure.<anonymous> (E:\montership\batd-academy\node_modules\sass\sass.dart.js:130137:16)]
    [at _CustomZone.runUnary$2$2 (E:\montership\batd-academy\node_modules\sass\sass.dart.js:40143:39)]
    [at _Future__propagateToListeners_handleValueCallback.call$0 
(E:\montership\batd-academy\node_modules\sass\sass.dart.js:39203:51)]
    [at Object._Future__propagateToListeners (E:\montership\batd-academy\node_modules\sass\sass.dart.js:5215:93)]

Import traces:
  Client Component Browser:
    ./sass/components/common/tab.module.scss [Client Component Browser]
    ./components/common/Tab.jsx [Client Component Browser]
    ./components/common/Tabs.jsx [Client Component Browser]
    ./app/[locale]/(pages)/(home)/LastestPublication.jsx [Client Component Browser]
    ./app/[locale]/(pages)/(home)/LastestPublication.jsx [Server Component]
    ./app/[locale]/(pages)/(home)/page.jsx [Server Component]

  Client Component SSR:
    ./sass/components/common/tab.module.scss [Client Component SSR]
    ./components/common/Tab.jsx [Client Component SSR]
    ./components/common/Tabs.jsx [Client Component SSR]
    ./app/[locale]/(pages)/(home)/LastestPublication.jsx [Client Component SSR]
    ./app/[locale]/(pages)/(home)/LastestPublication.jsx [Server Component]
    ./app/[locale]/(pages)/(home)/page.jsx [Server Component]


./sass/components/common/tabs.module.scss
Error evaluating Node.js code
Error: Can't find stylesheet to import.
  ظـ╖
1 ظ¤é @import "globals"; @import "container";
  ظ¤é         ^^^^^^^^^
  ظـ╡
  sass\components\common\tabs.module.scss 1:9  root stylesheet
  (from E:\montership\batd-academy\node_modules\next\dist\build\webpack\loaders\resolve-url-loader\index.js, 
E:\montership\batd-academy\node_modules\next\dist\compiled\sass-loader\cjs.js)
Caused by: Error: Can't find stylesheet to import.
  ظـ╖
1 ظ¤é @import "globals"; @import "container";
  ظ¤é         ^^^^^^^^^
  ظـ╡
  sass\components\common\tabs.module.scss 1:9  root stylesheet
    [at Object.wrapException (E:\montership\batd-academy\node_modules\sass\sass.dart.js:2337:47)]
    [at E:\montership\batd-academy\node_modules\sass\sass.dart.js:90314:25]
    [at _wrapJsFunctionForAsync_closure.$protected (E:\montership\batd-academy\node_modules\sass\sass.dart.js:5005:15)]
    [at _wrapJsFunctionForAsync_closure.call$2 (E:\montership\batd-academy\node_modules\sass\sass.dart.js:38714:12)]
    [at _awaitOnObject_closure.call$1 (E:\montership\batd-academy\node_modules\sass\sass.dart.js:38702:32)]
    [at Object._rootRunUnary (E:\montership\batd-academy\node_modules\sass\sass.dart.js:5429:18)]
    [at StaticClosure.<anonymous> (E:\montership\batd-academy\node_modules\sass\sass.dart.js:130137:16)]
    [at _CustomZone.runUnary$2$2 (E:\montership\batd-academy\node_modules\sass\sass.dart.js:40143:39)]
    [at _Future__propagateToListeners_handleValueCallback.call$0 
(E:\montership\batd-academy\node_modules\sass\sass.dart.js:39203:51)]
    [at Object._Future__propagateToListeners (E:\montership\batd-academy\node_modules\sass\sass.dart.js:5215:93)]

Import traces:
  Client Component Browser:
    ./sass/components/common/tabs.module.scss [Client Component Browser]
    ./components/common/Tabs.jsx [Client Component Browser]
    ./app/[locale]/(pages)/(home)/LastestPublication.jsx [Client Component Browser]
    ./app/[locale]/(pages)/(home)/LastestPublication.jsx [Server Component]
    ./app/[locale]/(pages)/(home)/page.jsx [Server Component]

  Client Component SSR:
    ./sass/components/common/tabs.module.scss [Client Component SSR]
    ./components/common/Tabs.jsx [Client Component SSR]
    ./app/[locale]/(pages)/(home)/LastestPublication.jsx [Client Component SSR]
    ./app/[locale]/(pages)/(home)/LastestPublication.jsx [Server Component]
    ./app/[locale]/(pages)/(home)/page.jsx [Server Component]


./sass/components/common/title.module.scss
Error evaluating Node.js code
Error: Can't find stylesheet to import.
  ظـ╖
1 ظ¤é @import "globals"; @import "container";
  ظ¤é         ^^^^^^^^^
  ظـ╡
  sass\components\common\title.module.scss 1:9  root stylesheet
  (from E:\montership\batd-academy\node_modules\next\dist\build\webpack\loaders\resolve-url-loader\index.js, 
E:\montership\batd-academy\node_modules\next\dist\compiled\sass-loader\cjs.js)
Caused by: Error: Can't find stylesheet to import.
  ظـ╖
1 ظ¤é @import "globals"; @import "container";
  ظ¤é         ^^^^^^^^^
  ظـ╡
  sass\components\common\title.module.scss 1:9  root stylesheet
    [at Object.wrapException (E:\montership\batd-academy\node_modules\sass\sass.dart.js:2337:47)]
    [at E:\montership\batd-academy\node_modules\sass\sass.dart.js:90314:25]
    [at _wrapJsFunctionForAsync_closure.$protected (E:\montership\batd-academy\node_modules\sass\sass.dart.js:5005:15)]
    [at _wrapJsFunctionForAsync_closure.call$2 (E:\montership\batd-academy\node_modules\sass\sass.dart.js:38714:12)]
    [at _awaitOnObject_closure.call$1 (E:\montership\batd-academy\node_modules\sass\sass.dart.js:38702:32)]
    [at Object._rootRunUnary (E:\montership\batd-academy\node_modules\sass\sass.dart.js:5429:18)]
    [at StaticClosure.<anonymous> (E:\montership\batd-academy\node_modules\sass\sass.dart.js:130137:16)]
    [at _CustomZone.runUnary$2$2 (E:\montership\batd-academy\node_modules\sass\sass.dart.js:40143:39)]
    [at _Future__propagateToListeners_handleValueCallback.call$0 
(E:\montership\batd-academy\node_modules\sass\sass.dart.js:39203:51)]
    [at Object._Future__propagateToListeners (E:\montership\batd-academy\node_modules\sass\sass.dart.js:5215:93)]
    [at _Future._completeWithValue$1 (E:\montership\batd-academy\node_modules\sass\sass.dart.js:39066:9)]
    [at _AsyncAwaitCompleter.complete$1 (E:\montership\batd-academy\node_modules\sass\sass.dart.js:38689:14)]
    [at Object._asyncReturn (E:\montership\batd-academy\node_modules\sass\sass.dart.js:4977:17)]
    [at E:\montership\batd-academy\node_modules\sass\sass.dart.js:98624:24]
    [at _wrapJsFunctionForAsync_closure.$protected (E:\montership\batd-academy\node_modules\sass\sass.dart.js:5005:15)]
    [at _wrapJsFunctionForAsync_closure.call$2 (E:\montership\batd-academy\node_modules\sass\sass.dart.js:38714:12)]
    [at _awaitOnObject_closure.call$1 (E:\montership\batd-academy\node_modules\sass\sass.dart.js:38702:32)]
    [at Object._rootRunUnary (E:\montership\batd-academy\node_modules\sass\sass.dart.js:5429:18)]
    [at StaticClosure.<anonymous> (E:\montership\batd-academy\node_modules\sass\sass.dart.js:130137:16)]
    [at _CustomZone.runUnary$2$2 (E:\montership\batd-academy\node_modules\sass\sass.dart.js:40143:39)]
    [at _Future__propagateToListeners_handleValueCallback.call$0 
(E:\montership\batd-academy\node_modules\sass\sass.dart.js:39203:51)]
    [at Object._Future__propagateToListeners (E:\montership\batd-academy\node_modules\sass\sass.dart.js:5215:93)]
    [at _Future._completeWithValue$1 (E:\montership\batd-academy\node_modules\sass\sass.dart.js:39066:9)]
    [at _AsyncAwaitCompleter.complete$1 (E:\montership\batd-academy\node_modules\sass\sass.dart.js:38689:14)]
    [at Object._asyncReturn (E:\montership\batd-academy\node_modules\sass\sass.dart.js:4977:17)]
    [at E:\montership\batd-academy\node_modules\sass\sass.dart.js:98715:24]
    [at _wrapJsFunctionForAsync_closure.$protected (E:\montership\batd-academy\node_modules\sass\sass.dart.js:5005:15)]
    [at _wrapJsFunctionForAsync_closure.call$2 (E:\montership\batd-academy\node_modules\sass\sass.dart.js:38714:12)]
    [at _awaitOnObject_closure.call$1 (E:\montership\batd-academy\node_modules\sass\sass.dart.js:38702:32)]
    [at Object._rootRunUnary (E:\montership\batd-academy\node_modules\sass\sass.dart.js:5429:18)]
    [at StaticClosure.<anonymous> (E:\montership\batd-academy\node_modules\sass\sass.dart.js:130137:16)]
    [at _CustomZone.runUnary$2$2 (E:\montership\batd-academy\node_modules\sass\sass.dart.js:40143:39)]
    [at _Future__propagateToListeners_handleValueCallback.call$0 
(E:\montership\batd-academy\node_modules\sass\sass.dart.js:39203:51)]
    [at Object._Future__propagateToListeners (E:\montership\batd-academy\node_modules\sass\sass.dart.js:5215:93)]
    [at _Future._completeWithValue$1 (E:\montership\batd-academy\node_modules\sass\sass.dart.js:39066:9)]
    [at _AsyncAwaitCompleter.complete$1 (E:\montership\batd-academy\node_modules\sass\sass.dart.js:38689:14)]
    [at Object._asyncReturn (E:\montership\batd-academy\node_modules\sass\sass.dart.js:4977:17)]
    [at E:\montership\batd-academy\node_modules\sass\sass.dart.js:87892:24]
    [at _wrapJsFunctionForAsync_closure.$protected (E:\montership\batd-academy\node_modules\sass\sass.dart.js:5005:15)]
    [at _wrapJsFunctionForAsync_closure.call$2 (E:\montership\batd-academy\node_modules\sass\sass.dart.js:38714:12)]
    [at _awaitOnObject_closure.call$1 (E:\montership\batd-academy\node_modules\sass\sass.dart.js:38702:32)]
    [at Object._rootRunUnary (E:\montership\batd-academy\node_modules\sass\sass.dart.js:5429:18)]
    [at StaticClosure.<anonymous> (E:\montership\batd-academy\node_modules\sass\sass.dart.js:130137:16)]
    [at _CustomZone.runUnary$2$2 (E:\montership\batd-academy\node_modules\sass\sass.dart.js:40143:39)]
    [at _Future__propagateToListeners_handleValueCallback.call$0 
(E:\montership\batd-academy\node_modules\sass\sass.dart.js:39203:51)]
    [at Object._Future__propagateToListeners (E:\montership\batd-academy\node_modules\sass\sass.dart.js:5215:93)]
    [at _Future._complete$1 (E:\montership\batd-academy\node_modules\sass\sass.dart.js:39058:11)]
    [at _SyncCompleter.complete$1 (E:\montership\batd-academy\node_modules\sass\sass.dart.js:38903:10)]
    [at promiseToFuture_closure1.call$1 (E:\montership\batd-academy\node_modules\sass\sass.dart.js:45605:22)]
    [at Object.Primitives_applyFunction (E:\montership\batd-academy\node_modules\sass\sass.dart.js:2213:30)]

Import traces:
  Server Component:
    ./sass/components/common/title.module.scss
    ./components/common/Title.jsx
    ./app/[locale]/(pages)/(home)/TeamWork.jsx
    ./app/[locale]/(pages)/(home)/page.jsx

  Client Component Browser:
    ./sass/components/common/title.module.scss [Client Component Browser]
    ./components/common/Title.jsx [Client Component Browser]
    ./app/[locale]/(pages)/(home)/LastestPublication.jsx [Client Component Browser]
    ./app/[locale]/(pages)/(home)/LastestPublication.jsx [Server Component]
    ./app/[locale]/(pages)/(home)/page.jsx [Server Component]

  Client Component SSR:
    ./sass/components/common/title.module.scss [Client Component SSR]
    ./components/common/Title.jsx [Client Component SSR]
    ./app/[locale]/(pages)/(home)/LastestPublication.jsx [Client Component SSR]
    ./app/[locale]/(pages)/(home)/LastestPublication.jsx [Server Component]
    ./app/[locale]/(pages)/(home)/page.jsx [Server Component]


./sass/components/layout/footer.module.scss
Error evaluating Node.js code
Error: Can't find stylesheet to import.
  ظـ╖
1 ظ¤é @import "globals"; @import "container";
  ظ¤é         ^^^^^^^^^
  ظـ╡
  sass\components\layout\footer.module.scss 1:9  root stylesheet
  (from E:\montership\batd-academy\node_modules\next\dist\build\webpack\loaders\resolve-url-loader\index.js, 
E:\montership\batd-academy\node_modules\next\dist\compiled\sass-loader\cjs.js)
Caused by: Error: Can't find stylesheet to import.
  ظـ╖
1 ظ¤é @import "globals"; @import "container";
  ظ¤é         ^^^^^^^^^
  ظـ╡
  sass\components\layout\footer.module.scss 1:9  root stylesheet
    [at Object.wrapException (E:\montership\batd-academy\node_modules\sass\sass.dart.js:2337:47)]
    [at E:\montership\batd-academy\node_modules\sass\sass.dart.js:90314:25]
    [at _wrapJsFunctionForAsync_closure.$protected (E:\montership\batd-academy\node_modules\sass\sass.dart.js:5005:15)]
    [at _wrapJsFunctionForAsync_closure.call$2 (E:\montership\batd-academy\node_modules\sass\sass.dart.js:38714:12)]
    [at _awaitOnObject_closure.call$1 (E:\montership\batd-academy\node_modules\sass\sass.dart.js:38702:32)]
    [at Object._rootRunUnary (E:\montership\batd-academy\node_modules\sass\sass.dart.js:5429:18)]
    [at StaticClosure.<anonymous> (E:\montership\batd-academy\node_modules\sass\sass.dart.js:130137:16)]
    [at _CustomZone.runUnary$2$2 (E:\montership\batd-academy\node_modules\sass\sass.dart.js:40143:39)]
    [at _Future__propagateToListeners_handleValueCallback.call$0 
(E:\montership\batd-academy\node_modules\sass\sass.dart.js:39203:51)]
    [at Object._Future__propagateToListeners (E:\montership\batd-academy\node_modules\sass\sass.dart.js:5215:93)]

Import trace:
  Server Component:
    ./sass/components/layout/footer.module.scss
    ./components/layout/Footer.jsx
    ./app/[locale]/layout.js


./sass/components/layout/main-navbar.module.scss
Error evaluating Node.js code
Error: Can't find stylesheet to import.
  ظـ╖
1 ظ¤é @import "globals"; @import "container";
  ظ¤é         ^^^^^^^^^
  ظـ╡
  sass\components\layout\main-navbar.module.scss 1:9  root stylesheet
  (from E:\montership\batd-academy\node_modules\next\dist\build\webpack\loaders\resolve-url-loader\index.js, 
E:\montership\batd-academy\node_modules\next\dist\compiled\sass-loader\cjs.js)
Caused by: Error: Can't find stylesheet to import.
  ظـ╖
1 ظ¤é @import "globals"; @import "container";
  ظ¤é         ^^^^^^^^^
  ظـ╡
  sass\components\layout\main-navbar.module.scss 1:9  root stylesheet
    [at Object.wrapException (E:\montership\batd-academy\node_modules\sass\sass.dart.js:2337:47)]
    [at E:\montership\batd-academy\node_modules\sass\sass.dart.js:90314:25]
    [at _wrapJsFunctionForAsync_closure.$protected (E:\montership\batd-academy\node_modules\sass\sass.dart.js:5005:15)]
    [at _wrapJsFunctionForAsync_closure.call$2 (E:\montership\batd-academy\node_modules\sass\sass.dart.js:38714:12)]
    [at _awaitOnObject_closure.call$1 (E:\montership\batd-academy\node_modules\sass\sass.dart.js:38702:32)]
    [at Object._rootRunUnary (E:\montership\batd-academy\node_modules\sass\sass.dart.js:5429:18)]
    [at StaticClosure.<anonymous> (E:\montership\batd-academy\node_modules\sass\sass.dart.js:130137:16)]
    [at _CustomZone.runUnary$2$2 (E:\montership\batd-academy\node_modules\sass\sass.dart.js:40143:39)]
    [at _Future__propagateToListeners_handleValueCallback.call$0 
(E:\montership\batd-academy\node_modules\sass\sass.dart.js:39203:51)]
    [at Object._Future__propagateToListeners (E:\montership\batd-academy\node_modules\sass\sass.dart.js:5215:93)]

Import traces:
  Client Component Browser:
    ./sass/components/layout/main-navbar.module.scss [Client Component Browser]
    ./components/layout/MainNavBar.jsx [Client Component Browser]
    ./components/layout/MainNavBar.jsx [Server Component]
    ./app/[locale]/layout.js [Server Component]

  Client Component SSR:
    ./sass/components/layout/main-navbar.module.scss [Client Component SSR]
    ./components/layout/MainNavBar.jsx [Client Component SSR]
    ./components/layout/MainNavBar.jsx [Server Component]
    ./app/[locale]/layout.js [Server Component]


./sass/components/layout/top-navbar.module.scss
Error evaluating Node.js code
Error: Can't find stylesheet to import.
  ظـ╖
1 ظ¤é @import "globals"; @import "container";
  ظ¤é         ^^^^^^^^^
  ظـ╡
  sass\components\layout\top-navbar.module.scss 1:9  root stylesheet
  (from E:\montership\batd-academy\node_modules\next\dist\build\webpack\loaders\resolve-url-loader\index.js, 
E:\montership\batd-academy\node_modules\next\dist\compiled\sass-loader\cjs.js)
Caused by: Error: Can't find stylesheet to import.
  ظـ╖
1 ظ¤é @import "globals"; @import "container";
  ظ¤é         ^^^^^^^^^
  ظـ╡
  sass\components\layout\top-navbar.module.scss 1:9  root stylesheet
    [at Object.wrapException (E:\montership\batd-academy\node_modules\sass\sass.dart.js:2337:47)]
    [at E:\montership\batd-academy\node_modules\sass\sass.dart.js:90314:25]
    [at _wrapJsFunctionForAsync_closure.$protected (E:\montership\batd-academy\node_modules\sass\sass.dart.js:5005:15)]
    [at _wrapJsFunctionForAsync_closure.call$2 (E:\montership\batd-academy\node_modules\sass\sass.dart.js:38714:12)]
    [at _awaitOnObject_closure.call$1 (E:\montership\batd-academy\node_modules\sass\sass.dart.js:38702:32)]
    [at Object._rootRunUnary (E:\montership\batd-academy\node_modules\sass\sass.dart.js:5429:18)]
    [at StaticClosure.<anonymous> (E:\montership\batd-academy\node_modules\sass\sass.dart.js:130137:16)]
    [at _CustomZone.runUnary$2$2 (E:\montership\batd-academy\node_modules\sass\sass.dart.js:40143:39)]
    [at _Future__propagateToListeners_handleValueCallback.call$0 
(E:\montership\batd-academy\node_modules\sass\sass.dart.js:39203:51)]
    [at Object._Future__propagateToListeners (E:\montership\batd-academy\node_modules\sass\sass.dart.js:5215:93)]

Import traces:
  Client Component Browser:
    ./sass/components/layout/top-navbar.module.scss [Client Component Browser]
    ./components/layout/TopNavBar.jsx [Client Component Browser]
    ./components/layout/TopNavBar.jsx [Server Component]
    ./app/[locale]/layout.js [Server Component]

  Client Component SSR:
    ./sass/components/layout/top-navbar.module.scss [Client Component SSR]
    ./components/layout/TopNavBar.jsx [Client Component SSR]
    ./components/layout/TopNavBar.jsx [Server Component]
    ./app/[locale]/layout.js [Server Component]


./sass/components/ui/Date-pop-up.module.scss
Error evaluating Node.js code
Error: Can't find stylesheet to import.
  ظـ╖
1 ظ¤é @import "globals"; @import "container";
  ظ¤é         ^^^^^^^^^
  ظـ╡
  sass\components\ui\Date-pop-up.module.scss 1:9  root stylesheet
  (from E:\montership\batd-academy\node_modules\next\dist\build\webpack\loaders\resolve-url-loader\index.js, 
E:\montership\batd-academy\node_modules\next\dist\compiled\sass-loader\cjs.js)
Caused by: Error: Can't find stylesheet to import.
  ظـ╖
1 ظ¤é @import "globals"; @import "container";
  ظ¤é         ^^^^^^^^^
  ظـ╡
  sass\components\ui\Date-pop-up.module.scss 1:9  root stylesheet
    [at Object.wrapException (E:\montership\batd-academy\node_modules\sass\sass.dart.js:2337:47)]
    [at E:\montership\batd-academy\node_modules\sass\sass.dart.js:90314:25]
    [at _wrapJsFunctionForAsync_closure.$protected (E:\montership\batd-academy\node_modules\sass\sass.dart.js:5005:15)]
    [at _wrapJsFunctionForAsync_closure.call$2 (E:\montership\batd-academy\node_modules\sass\sass.dart.js:38714:12)]
    [at _awaitOnObject_closure.call$1 (E:\montership\batd-academy\node_modules\sass\sass.dart.js:38702:32)]
    [at Object._rootRunUnary (E:\montership\batd-academy\node_modules\sass\sass.dart.js:5429:18)]
    [at StaticClosure.<anonymous> (E:\montership\batd-academy\node_modules\sass\sass.dart.js:130137:16)]
    [at _CustomZone.runUnary$2$2 (E:\montership\batd-academy\node_modules\sass\sass.dart.js:40143:39)]
    [at _Future__propagateToListeners_handleValueCallback.call$0 
(E:\montership\batd-academy\node_modules\sass\sass.dart.js:39203:51)]
    [at Object._Future__propagateToListeners (E:\montership\batd-academy\node_modules\sass\sass.dart.js:5215:93)]

Import traces:
  Client Component Browser:
    ./sass/components/ui/Date-pop-up.module.scss [Client Component Browser]
    ./components/ui/DatePopUp.jsx [Client Component Browser]
    ./components/ui/UpcomingCouresCard.jsx [Client Component Browser]
    ./app/[locale]/(pages)/course_details/[id]/[slug]/page.jsx [Client Component Browser]
    ./app/[locale]/(pages)/course_details/[id]/[slug]/page.jsx [Server Component]

  Client Component SSR:
    ./sass/components/ui/Date-pop-up.module.scss [Client Component SSR]
    ./components/ui/DatePopUp.jsx [Client Component SSR]
    ./components/ui/UpcomingCouresCard.jsx [Client Component SSR]
    ./app/[locale]/(pages)/course_details/[id]/[slug]/page.jsx [Client Component SSR]
    ./app/[locale]/(pages)/course_details/[id]/[slug]/page.jsx [Server Component]


./sass/components/ui/Upcoming-Coures-Card.module.scss
Error evaluating Node.js code
Error: Can't find stylesheet to import.
  ظـ╖
1 ظ¤é @import "globals"; @import "container";
  ظ¤é         ^^^^^^^^^
  ظـ╡
  sass\components\ui\Upcoming-Coures-Card.module.scss 1:9  root stylesheet
  (from E:\montership\batd-academy\node_modules\next\dist\build\webpack\loaders\resolve-url-loader\index.js, 
E:\montership\batd-academy\node_modules\next\dist\compiled\sass-loader\cjs.js)
Caused by: Error: Can't find stylesheet to import.
  ظـ╖
1 ظ¤é @import "globals"; @import "container";
  ظ¤é         ^^^^^^^^^
  ظـ╡
  sass\components\ui\Upcoming-Coures-Card.module.scss 1:9  root stylesheet
    [at Object.wrapException (E:\montership\batd-academy\node_modules\sass\sass.dart.js:2337:47)]
    [at E:\montership\batd-academy\node_modules\sass\sass.dart.js:90314:25]
    [at _wrapJsFunctionForAsync_closure.$protected (E:\montership\batd-academy\node_modules\sass\sass.dart.js:5005:15)]
    [at _wrapJsFunctionForAsync_closure.call$2 (E:\montership\batd-academy\node_modules\sass\sass.dart.js:38714:12)]
    [at _awaitOnObject_closure.call$1 (E:\montership\batd-academy\node_modules\sass\sass.dart.js:38702:32)]
    [at Object._rootRunUnary (E:\montership\batd-academy\node_modules\sass\sass.dart.js:5429:18)]
    [at StaticClosure.<anonymous> (E:\montership\batd-academy\node_modules\sass\sass.dart.js:130137:16)]
    [at _CustomZone.runUnary$2$2 (E:\montership\batd-academy\node_modules\sass\sass.dart.js:40143:39)]
    [at _Future__propagateToListeners_handleValueCallback.call$0 
(E:\montership\batd-academy\node_modules\sass\sass.dart.js:39203:51)]
    [at Object._Future__propagateToListeners (E:\montership\batd-academy\node_modules\sass\sass.dart.js:5215:93)]
    [at _Future._completeWithValue$1 (E:\montership\batd-academy\node_modules\sass\sass.dart.js:39066:9)]
    [at _AsyncAwaitCompleter.complete$1 (E:\montership\batd-academy\node_modules\sass\sass.dart.js:38689:14)]
    [at Object._asyncReturn (E:\montership\batd-academy\node_modules\sass\sass.dart.js:4977:17)]
    [at E:\montership\batd-academy\node_modules\sass\sass.dart.js:98624:24]
    [at _wrapJsFunctionForAsync_closure.$protected (E:\montership\batd-academy\node_modules\sass\sass.dart.js:5005:15)]
    [at _wrapJsFunctionForAsync_closure.call$2 (E:\montership\batd-academy\node_modules\sass\sass.dart.js:38714:12)]
    [at _awaitOnObject_closure.call$1 (E:\montership\batd-academy\node_modules\sass\sass.dart.js:38702:32)]
    [at Object._rootRunUnary (E:\montership\batd-academy\node_modules\sass\sass.dart.js:5429:18)]
    [at StaticClosure.<anonymous> (E:\montership\batd-academy\node_modules\sass\sass.dart.js:130137:16)]
    [at _CustomZone.runUnary$2$2 (E:\montership\batd-academy\node_modules\sass\sass.dart.js:40143:39)]
    [at _Future__propagateToListeners_handleValueCallback.call$0 
(E:\montership\batd-academy\node_modules\sass\sass.dart.js:39203:51)]
    [at Object._Future__propagateToListeners (E:\montership\batd-academy\node_modules\sass\sass.dart.js:5215:93)]
    [at _Future._completeWithValue$1 (E:\montership\batd-academy\node_modules\sass\sass.dart.js:39066:9)]
    [at _AsyncAwaitCompleter.complete$1 (E:\montership\batd-academy\node_modules\sass\sass.dart.js:38689:14)]
    [at Object._asyncReturn (E:\montership\batd-academy\node_modules\sass\sass.dart.js:4977:17)]
    [at E:\montership\batd-academy\node_modules\sass\sass.dart.js:98715:24]
    [at _wrapJsFunctionForAsync_closure.$protected (E:\montership\batd-academy\node_modules\sass\sass.dart.js:5005:15)]
    [at _wrapJsFunctionForAsync_closure.call$2 (E:\montership\batd-academy\node_modules\sass\sass.dart.js:38714:12)]
    [at _awaitOnObject_closure.call$1 (E:\montership\batd-academy\node_modules\sass\sass.dart.js:38702:32)]
    [at Object._rootRunUnary (E:\montership\batd-academy\node_modules\sass\sass.dart.js:5429:18)]
    [at StaticClosure.<anonymous> (E:\montership\batd-academy\node_modules\sass\sass.dart.js:130137:16)]
    [at _CustomZone.runUnary$2$2 (E:\montership\batd-academy\node_modules\sass\sass.dart.js:40143:39)]
    [at _Future__propagateToListeners_handleValueCallback.call$0 
(E:\montership\batd-academy\node_modules\sass\sass.dart.js:39203:51)]
    [at Object._Future__propagateToListeners (E:\montership\batd-academy\node_modules\sass\sass.dart.js:5215:93)]
    [at _Future._completeWithValue$1 (E:\montership\batd-academy\node_modules\sass\sass.dart.js:39066:9)]
    [at _AsyncAwaitCompleter.complete$1 (E:\montership\batd-academy\node_modules\sass\sass.dart.js:38689:14)]
    [at Object._asyncReturn (E:\montership\batd-academy\node_modules\sass\sass.dart.js:4977:17)]
    [at E:\montership\batd-academy\node_modules\sass\sass.dart.js:87892:24]
    [at _wrapJsFunctionForAsync_closure.$protected (E:\montership\batd-academy\node_modules\sass\sass.dart.js:5005:15)]
    [at _wrapJsFunctionForAsync_closure.call$2 (E:\montership\batd-academy\node_modules\sass\sass.dart.js:38714:12)]
    [at _awaitOnObject_closure.call$1 (E:\montership\batd-academy\node_modules\sass\sass.dart.js:38702:32)]
    [at Object._rootRunUnary (E:\montership\batd-academy\node_modules\sass\sass.dart.js:5429:18)]
    [at StaticClosure.<anonymous> (E:\montership\batd-academy\node_modules\sass\sass.dart.js:130137:16)]
    [at _CustomZone.runUnary$2$2 (E:\montership\batd-academy\node_modules\sass\sass.dart.js:40143:39)]
    [at _Future__propagateToListeners_handleValueCallback.call$0 
(E:\montership\batd-academy\node_modules\sass\sass.dart.js:39203:51)]
    [at Object._Future__propagateToListeners (E:\montership\batd-academy\node_modules\sass\sass.dart.js:5215:93)]
    [at _Future._complete$1 (E:\montership\batd-academy\node_modules\sass\sass.dart.js:39058:11)]
    [at _SyncCompleter.complete$1 (E:\montership\batd-academy\node_modules\sass\sass.dart.js:38903:10)]
    [at promiseToFuture_closure1.call$1 (E:\montership\batd-academy\node_modules\sass\sass.dart.js:45605:22)]
    [at Object.Primitives_applyFunction (E:\montership\batd-academy\node_modules\sass\sass.dart.js:2213:30)]

Import traces:
  Client Component Browser:
    ./sass/components/ui/Upcoming-Coures-Card.module.scss [Client Component Browser]
    ./components/ui/UpcomingCouresCard.jsx [Client Component Browser]
    ./app/[locale]/(pages)/course_details/[id]/[slug]/page.jsx [Client Component Browser]
    ./app/[locale]/(pages)/course_details/[id]/[slug]/page.jsx [Server Component]

  Client Component SSR:
    ./sass/components/ui/Upcoming-Coures-Card.module.scss [Client Component SSR]
    ./components/ui/UpcomingCouresCard.jsx [Client Component SSR]
    ./app/[locale]/(pages)/course_details/[id]/[slug]/page.jsx [Client Component SSR]
    ./app/[locale]/(pages)/course_details/[id]/[slug]/page.jsx [Server Component]


./sass/components/ui/display-type.module.scss
Error evaluating Node.js code
Error: Can't find stylesheet to import.
  ظـ╖
1 ظ¤é @import "globals"; @import "container";
  ظ¤é         ^^^^^^^^^
  ظـ╡
  sass\components\ui\display-type.module.scss 1:9  root stylesheet
  (from E:\montership\batd-academy\node_modules\next\dist\build\webpack\loaders\resolve-url-loader\index.js, 
E:\montership\batd-academy\node_modules\next\dist\compiled\sass-loader\cjs.js)
Caused by: Error: Can't find stylesheet to import.
  ظـ╖
1 ظ¤é @import "globals"; @import "container";
  ظ¤é         ^^^^^^^^^
  ظـ╡
  sass\components\ui\display-type.module.scss 1:9  root stylesheet
    [at Object.wrapException (E:\montership\batd-academy\node_modules\sass\sass.dart.js:2337:47)]
    [at E:\montership\batd-academy\node_modules\sass\sass.dart.js:90314:25]
    [at _wrapJsFunctionForAsync_closure.$protected (E:\montership\batd-academy\node_modules\sass\sass.dart.js:5005:15)]
    [at _wrapJsFunctionForAsync_closure.call$2 (E:\montership\batd-academy\node_modules\sass\sass.dart.js:38714:12)]
    [at _awaitOnObject_closure.call$1 (E:\montership\batd-academy\node_modules\sass\sass.dart.js:38702:32)]
    [at Object._rootRunUnary (E:\montership\batd-academy\node_modules\sass\sass.dart.js:5429:18)]
    [at StaticClosure.<anonymous> (E:\montership\batd-academy\node_modules\sass\sass.dart.js:130137:16)]
    [at _CustomZone.runUnary$2$2 (E:\montership\batd-academy\node_modules\sass\sass.dart.js:40143:39)]
    [at _Future__propagateToListeners_handleValueCallback.call$0 
(E:\montership\batd-academy\node_modules\sass\sass.dart.js:39203:51)]
    [at Object._Future__propagateToListeners (E:\montership\batd-academy\node_modules\sass\sass.dart.js:5215:93)]

Import traces:
  Client Component Browser:
    ./sass/components/ui/display-type.module.scss [Client Component Browser]
    ./components/ui/DisplayType.jsx [Client Component Browser]
    ./app/[locale]/(pages)/blog/page.jsx [Client Component Browser]
    ./app/[locale]/(pages)/blog/page.jsx [Server Component]

  Client Component SSR:
    ./sass/components/ui/display-type.module.scss [Client Component SSR]
    ./components/ui/DisplayType.jsx [Client Component SSR]
    ./app/[locale]/(pages)/blog/page.jsx [Client Component SSR]
    ./app/[locale]/(pages)/blog/page.jsx [Server Component]


./sass/components/ui/range.module.scss
Error evaluating Node.js code
Error: Can't find stylesheet to import.
  ظـ╖
1 ظ¤é @import "globals"; @import "container";
  ظ¤é         ^^^^^^^^^
  ظـ╡
  sass\components\ui\range.module.scss 1:9  root stylesheet
  (from E:\montership\batd-academy\node_modules\next\dist\build\webpack\loaders\resolve-url-loader\index.js, 
E:\montership\batd-academy\node_modules\next\dist\compiled\sass-loader\cjs.js)
Caused by: Error: Can't find stylesheet to import.
  ظـ╖
1 ظ¤é @import "globals"; @import "container";
  ظ¤é         ^^^^^^^^^
  ظـ╡
  sass\components\ui\range.module.scss 1:9  root stylesheet
    [at Object.wrapException (E:\montership\batd-academy\node_modules\sass\sass.dart.js:2337:47)]
    [at E:\montership\batd-academy\node_modules\sass\sass.dart.js:90314:25]
    [at _wrapJsFunctionForAsync_closure.$protected (E:\montership\batd-academy\node_modules\sass\sass.dart.js:5005:15)]
    [at _wrapJsFunctionForAsync_closure.call$2 (E:\montership\batd-academy\node_modules\sass\sass.dart.js:38714:12)]
    [at _awaitOnObject_closure.call$1 (E:\montership\batd-academy\node_modules\sass\sass.dart.js:38702:32)]
    [at Object._rootRunUnary (E:\montership\batd-academy\node_modules\sass\sass.dart.js:5429:18)]
    [at StaticClosure.<anonymous> (E:\montership\batd-academy\node_modules\sass\sass.dart.js:130137:16)]
    [at _CustomZone.runUnary$2$2 (E:\montership\batd-academy\node_modules\sass\sass.dart.js:40143:39)]
    [at _Future__propagateToListeners_handleValueCallback.call$0 
(E:\montership\batd-academy\node_modules\sass\sass.dart.js:39203:51)]
    [at Object._Future__propagateToListeners (E:\montership\batd-academy\node_modules\sass\sass.dart.js:5215:93)]

Import traces:
  Client Component Browser:
    ./sass/components/ui/range.module.scss [Client Component Browser]
    ./components/ui/Range.jsx [Client Component Browser]
    ./app/[locale]/(pages)/search_course/Search.jsx [Client Component Browser]
    ./app/[locale]/(pages)/city/[id]/[slug]/Header.jsx [Client Component Browser]
    ./app/[locale]/(pages)/city/[id]/[slug]/Header.jsx [Server Component]
    ./app/[locale]/(pages)/city/[id]/[slug]/page.jsx [Server Component]

  Client Component SSR:
    ./sass/components/ui/range.module.scss [Client Component SSR]
    ./components/ui/Range.jsx [Client Component SSR]
    ./app/[locale]/(pages)/search_course/Search.jsx [Client Component SSR]
    ./app/[locale]/(pages)/city/[id]/[slug]/Header.jsx [Client Component SSR]
    ./app/[locale]/(pages)/city/[id]/[slug]/Header.jsx [Server Component]
    ./app/[locale]/(pages)/city/[id]/[slug]/page.jsx [Server Component]


./sass/components/ui/sort.module.scss
Error evaluating Node.js code
Error: Can't find stylesheet to import.
  ظـ╖
1 ظ¤é @import "globals"; @import "container";
  ظ¤é         ^^^^^^^^^
  ظـ╡
  sass\components\ui\sort.module.scss 1:9  root stylesheet
  (from E:\montership\batd-academy\node_modules\next\dist\build\webpack\loaders\resolve-url-loader\index.js, 
E:\montership\batd-academy\node_modules\next\dist\compiled\sass-loader\cjs.js)
Caused by: Error: Can't find stylesheet to import.
  ظـ╖
1 ظ¤é @import "globals"; @import "container";
  ظ¤é         ^^^^^^^^^
  ظـ╡
  sass\components\ui\sort.module.scss 1:9  root stylesheet
    [at Object.wrapException (E:\montership\batd-academy\node_modules\sass\sass.dart.js:2337:47)]
    [at E:\montership\batd-academy\node_modules\sass\sass.dart.js:90314:25]
    [at _wrapJsFunctionForAsync_closure.$protected (E:\montership\batd-academy\node_modules\sass\sass.dart.js:5005:15)]
    [at _wrapJsFunctionForAsync_closure.call$2 (E:\montership\batd-academy\node_modules\sass\sass.dart.js:38714:12)]
    [at _awaitOnObject_closure.call$1 (E:\montership\batd-academy\node_modules\sass\sass.dart.js:38702:32)]
    [at Object._rootRunUnary (E:\montership\batd-academy\node_modules\sass\sass.dart.js:5429:18)]
    [at StaticClosure.<anonymous> (E:\montership\batd-academy\node_modules\sass\sass.dart.js:130137:16)]
    [at _CustomZone.runUnary$2$2 (E:\montership\batd-academy\node_modules\sass\sass.dart.js:40143:39)]
    [at _Future__propagateToListeners_handleValueCallback.call$0 
(E:\montership\batd-academy\node_modules\sass\sass.dart.js:39203:51)]
    [at Object._Future__propagateToListeners (E:\montership\batd-academy\node_modules\sass\sass.dart.js:5215:93)]

Import traces:
  Client Component Browser:
    ./sass/components/ui/sort.module.scss [Client Component Browser]
    ./components/ui/Sort.jsx [Client Component Browser]
    ./app/[locale]/(pages)/blog/page.jsx [Client Component Browser]
    ./app/[locale]/(pages)/blog/page.jsx [Server Component]

  Client Component SSR:
    ./sass/components/ui/sort.module.scss [Client Component SSR]
    ./components/ui/Sort.jsx [Client Component SSR]
    ./app/[locale]/(pages)/blog/page.jsx [Client Component SSR]
    ./app/[locale]/(pages)/blog/page.jsx [Server Component]


./sass/pages/blog/article-parts.module.scss
Error evaluating Node.js code
Error: Can't find stylesheet to import.
  ظـ╖
1 ظ¤é @import "globals"; @import "container";
  ظ¤é         ^^^^^^^^^
  ظـ╡
  sass\pages\blog\article-parts.module.scss 1:9  root stylesheet
  (from E:\montership\batd-academy\node_modules\next\dist\build\webpack\loaders\resolve-url-loader\index.js, 
E:\montership\batd-academy\node_modules\next\dist\compiled\sass-loader\cjs.js)
Caused by: Error: Can't find stylesheet to import.
  ظـ╖
1 ظ¤é @import "globals"; @import "container";
  ظ¤é         ^^^^^^^^^
  ظـ╡
  sass\pages\blog\article-parts.module.scss 1:9  root stylesheet
    [at Object.wrapException (E:\montership\batd-academy\node_modules\sass\sass.dart.js:2337:47)]
    [at E:\montership\batd-academy\node_modules\sass\sass.dart.js:90314:25]
    [at _wrapJsFunctionForAsync_closure.$protected (E:\montership\batd-academy\node_modules\sass\sass.dart.js:5005:15)]
    [at _wrapJsFunctionForAsync_closure.call$2 (E:\montership\batd-academy\node_modules\sass\sass.dart.js:38714:12)]
    [at _awaitOnObject_closure.call$1 (E:\montership\batd-academy\node_modules\sass\sass.dart.js:38702:32)]
    [at Object._rootRunUnary (E:\montership\batd-academy\node_modules\sass\sass.dart.js:5429:18)]
    [at StaticClosure.<anonymous> (E:\montership\batd-academy\node_modules\sass\sass.dart.js:130137:16)]
    [at _CustomZone.runUnary$2$2 (E:\montership\batd-academy\node_modules\sass\sass.dart.js:40143:39)]
    [at _Future__propagateToListeners_handleValueCallback.call$0 
(E:\montership\batd-academy\node_modules\sass\sass.dart.js:39203:51)]
    [at Object._Future__propagateToListeners (E:\montership\batd-academy\node_modules\sass\sass.dart.js:5215:93)]

Import traces:
  Client Component Browser:
    ./sass/pages/blog/article-parts.module.scss [Client Component Browser]
    ./app/[locale]/(pages)/post/[slug]/ArticleParts.jsx [Client Component Browser]
    ./app/[locale]/(pages)/post/[slug]/ArticleParts.jsx [Server Component]
    ./app/[locale]/(pages)/post/[slug]/page.jsx [Server Component]

  Client Component SSR:
    ./sass/pages/blog/article-parts.module.scss [Client Component SSR]
    ./app/[locale]/(pages)/post/[slug]/ArticleParts.jsx [Client Component SSR]
    ./app/[locale]/(pages)/post/[slug]/ArticleParts.jsx [Server Component]
    ./app/[locale]/(pages)/post/[slug]/page.jsx [Server Component]


./sass/pages/blog/blog-details.module.scss
Error evaluating Node.js code
Error: Can't find stylesheet to import.
  ظـ╖
1 ظ¤é @import "globals"; @import "container";
  ظ¤é         ^^^^^^^^^
  ظـ╡
  sass\pages\blog\blog-details.module.scss 1:9  root stylesheet
  (from E:\montership\batd-academy\node_modules\next\dist\build\webpack\loaders\resolve-url-loader\index.js, 
E:\montership\batd-academy\node_modules\next\dist\compiled\sass-loader\cjs.js)
Caused by: Error: Can't find stylesheet to import.
  ظـ╖
1 ظ¤é @import "globals"; @import "container";
  ظ¤é         ^^^^^^^^^
  ظـ╡
  sass\pages\blog\blog-details.module.scss 1:9  root stylesheet
    [at Object.wrapException (E:\montership\batd-academy\node_modules\sass\sass.dart.js:2337:47)]
    [at E:\montership\batd-academy\node_modules\sass\sass.dart.js:90314:25]
    [at _wrapJsFunctionForAsync_closure.$protected (E:\montership\batd-academy\node_modules\sass\sass.dart.js:5005:15)]
    [at _wrapJsFunctionForAsync_closure.call$2 (E:\montership\batd-academy\node_modules\sass\sass.dart.js:38714:12)]
    [at _awaitOnObject_closure.call$1 (E:\montership\batd-academy\node_modules\sass\sass.dart.js:38702:32)]
    [at Object._rootRunUnary (E:\montership\batd-academy\node_modules\sass\sass.dart.js:5429:18)]
    [at StaticClosure.<anonymous> (E:\montership\batd-academy\node_modules\sass\sass.dart.js:130137:16)]
    [at _CustomZone.runUnary$2$2 (E:\montership\batd-academy\node_modules\sass\sass.dart.js:40143:39)]
    [at _Future__propagateToListeners_handleValueCallback.call$0 
(E:\montership\batd-academy\node_modules\sass\sass.dart.js:39203:51)]
    [at Object._Future__propagateToListeners (E:\montership\batd-academy\node_modules\sass\sass.dart.js:5215:93)]
    [at _Future._completeWithValue$1 (E:\montership\batd-academy\node_modules\sass\sass.dart.js:39066:9)]
    [at _AsyncAwaitCompleter.complete$1 (E:\montership\batd-academy\node_modules\sass\sass.dart.js:38689:14)]
    [at Object._asyncReturn (E:\montership\batd-academy\node_modules\sass\sass.dart.js:4977:17)]
    [at E:\montership\batd-academy\node_modules\sass\sass.dart.js:98624:24]
    [at _wrapJsFunctionForAsync_closure.$protected (E:\montership\batd-academy\node_modules\sass\sass.dart.js:5005:15)]
    [at _wrapJsFunctionForAsync_closure.call$2 (E:\montership\batd-academy\node_modules\sass\sass.dart.js:38714:12)]
    [at _awaitOnObject_closure.call$1 (E:\montership\batd-academy\node_modules\sass\sass.dart.js:38702:32)]
    [at Object._rootRunUnary (E:\montership\batd-academy\node_modules\sass\sass.dart.js:5429:18)]
    [at StaticClosure.<anonymous> (E:\montership\batd-academy\node_modules\sass\sass.dart.js:130137:16)]
    [at _CustomZone.runUnary$2$2 (E:\montership\batd-academy\node_modules\sass\sass.dart.js:40143:39)]
    [at _Future__propagateToListeners_handleValueCallback.call$0 
(E:\montership\batd-academy\node_modules\sass\sass.dart.js:39203:51)]
    [at Object._Future__propagateToListeners (E:\montership\batd-academy\node_modules\sass\sass.dart.js:5215:93)]
    [at _Future._completeWithValue$1 (E:\montership\batd-academy\node_modules\sass\sass.dart.js:39066:9)]
    [at _AsyncAwaitCompleter.complete$1 (E:\montership\batd-academy\node_modules\sass\sass.dart.js:38689:14)]
    [at Object._asyncReturn (E:\montership\batd-academy\node_modules\sass\sass.dart.js:4977:17)]
    [at E:\montership\batd-academy\node_modules\sass\sass.dart.js:98715:24]
    [at _wrapJsFunctionForAsync_closure.$protected (E:\montership\batd-academy\node_modules\sass\sass.dart.js:5005:15)]
    [at _wrapJsFunctionForAsync_closure.call$2 (E:\montership\batd-academy\node_modules\sass\sass.dart.js:38714:12)]
    [at _awaitOnObject_closure.call$1 (E:\montership\batd-academy\node_modules\sass\sass.dart.js:38702:32)]
    [at Object._rootRunUnary (E:\montership\batd-academy\node_modules\sass\sass.dart.js:5429:18)]
    [at StaticClosure.<anonymous> (E:\montership\batd-academy\node_modules\sass\sass.dart.js:130137:16)]
    [at _CustomZone.runUnary$2$2 (E:\montership\batd-academy\node_modules\sass\sass.dart.js:40143:39)]
    [at _Future__propagateToListeners_handleValueCallback.call$0 
(E:\montership\batd-academy\node_modules\sass\sass.dart.js:39203:51)]
    [at Object._Future__propagateToListeners (E:\montership\batd-academy\node_modules\sass\sass.dart.js:5215:93)]
    [at _Future._completeWithValue$1 (E:\montership\batd-academy\node_modules\sass\sass.dart.js:39066:9)]
    [at _AsyncAwaitCompleter.complete$1 (E:\montership\batd-academy\node_modules\sass\sass.dart.js:38689:14)]
    [at Object._asyncReturn (E:\montership\batd-academy\node_modules\sass\sass.dart.js:4977:17)]
    [at E:\montership\batd-academy\node_modules\sass\sass.dart.js:87892:24]
    [at _wrapJsFunctionForAsync_closure.$protected (E:\montership\batd-academy\node_modules\sass\sass.dart.js:5005:15)]
    [at _wrapJsFunctionForAsync_closure.call$2 (E:\montership\batd-academy\node_modules\sass\sass.dart.js:38714:12)]
    [at _awaitOnObject_closure.call$1 (E:\montership\batd-academy\node_modules\sass\sass.dart.js:38702:32)]
    [at Object._rootRunUnary (E:\montership\batd-academy\node_modules\sass\sass.dart.js:5429:18)]
    [at StaticClosure.<anonymous> (E:\montership\batd-academy\node_modules\sass\sass.dart.js:130137:16)]
    [at _CustomZone.runUnary$2$2 (E:\montership\batd-academy\node_modules\sass\sass.dart.js:40143:39)]
    [at _Future__propagateToListeners_handleValueCallback.call$0 
(E:\montership\batd-academy\node_modules\sass\sass.dart.js:39203:51)]
    [at Object._Future__propagateToListeners (E:\montership\batd-academy\node_modules\sass\sass.dart.js:5215:93)]
    [at _Future._complete$1 (E:\montership\batd-academy\node_modules\sass\sass.dart.js:39058:11)]
    [at _SyncCompleter.complete$1 (E:\montership\batd-academy\node_modules\sass\sass.dart.js:38903:10)]
    [at promiseToFuture_closure1.call$1 (E:\montership\batd-academy\node_modules\sass\sass.dart.js:45605:22)]
    [at Object.Primitives_applyFunction (E:\montership\batd-academy\node_modules\sass\sass.dart.js:2213:30)]

Import trace:
  Server Component:
    ./sass/pages/blog/blog-details.module.scss
    ./app/[locale]/(pages)/post/[slug]/page.jsx


./sass/pages/blog/blog.module.scss
Error evaluating Node.js code
Error: Can't find stylesheet to import.
  ظـ╖
1 ظ¤é @import "globals"; @import "container";
  ظ¤é         ^^^^^^^^^
  ظـ╡
  sass\pages\blog\blog.module.scss 1:9  root stylesheet
  (from E:\montership\batd-academy\node_modules\next\dist\build\webpack\loaders\resolve-url-loader\index.js, 
E:\montership\batd-academy\node_modules\next\dist\compiled\sass-loader\cjs.js)
Caused by: Error: Can't find stylesheet to import.
  ظـ╖
1 ظ¤é @import "globals"; @import "container";
  ظ¤é         ^^^^^^^^^
  ظـ╡
  sass\pages\blog\blog.module.scss 1:9  root stylesheet
    [at Object.wrapException (E:\montership\batd-academy\node_modules\sass\sass.dart.js:2337:47)]
    [at E:\montership\batd-academy\node_modules\sass\sass.dart.js:90314:25]
    [at _wrapJsFunctionForAsync_closure.$protected (E:\montership\batd-academy\node_modules\sass\sass.dart.js:5005:15)]
    [at _wrapJsFunctionForAsync_closure.call$2 (E:\montership\batd-academy\node_modules\sass\sass.dart.js:38714:12)]
    [at _awaitOnObject_closure.call$1 (E:\montership\batd-academy\node_modules\sass\sass.dart.js:38702:32)]
    [at Object._rootRunUnary (E:\montership\batd-academy\node_modules\sass\sass.dart.js:5429:18)]
    [at StaticClosure.<anonymous> (E:\montership\batd-academy\node_modules\sass\sass.dart.js:130137:16)]
    [at _CustomZone.runUnary$2$2 (E:\montership\batd-academy\node_modules\sass\sass.dart.js:40143:39)]
    [at _Future__propagateToListeners_handleValueCallback.call$0 
(E:\montership\batd-academy\node_modules\sass\sass.dart.js:39203:51)]
    [at Object._Future__propagateToListeners (E:\montership\batd-academy\node_modules\sass\sass.dart.js:5215:93)]

Import traces:
  Client Component Browser:
    ./sass/pages/blog/blog.module.scss [Client Component Browser]
    ./app/[locale]/(pages)/blog/page.jsx [Client Component Browser]
    ./app/[locale]/(pages)/blog/page.jsx [Server Component]

  Client Component SSR:
    ./sass/pages/blog/blog.module.scss [Client Component SSR]
    ./app/[locale]/(pages)/blog/page.jsx [Client Component SSR]
    ./app/[locale]/(pages)/blog/page.jsx [Server Component]


./sass/pages/blog/featured-article.module.scss
Error evaluating Node.js code
Error: Can't find stylesheet to import.
  ظـ╖
1 ظ¤é @import "globals"; @import "container";
  ظ¤é         ^^^^^^^^^
  ظـ╡
  sass\pages\blog\featured-article.module.scss 1:9  root stylesheet
  (from E:\montership\batd-academy\node_modules\next\dist\build\webpack\loaders\resolve-url-loader\index.js, 
E:\montership\batd-academy\node_modules\next\dist\compiled\sass-loader\cjs.js)
Caused by: Error: Can't find stylesheet to import.
  ظـ╖
1 ظ¤é @import "globals"; @import "container";
  ظ¤é         ^^^^^^^^^
  ظـ╡
  sass\pages\blog\featured-article.module.scss 1:9  root stylesheet
    [at Object.wrapException (E:\montership\batd-academy\node_modules\sass\sass.dart.js:2337:47)]
    [at E:\montership\batd-academy\node_modules\sass\sass.dart.js:90314:25]
    [at _wrapJsFunctionForAsync_closure.$protected (E:\montership\batd-academy\node_modules\sass\sass.dart.js:5005:15)]
    [at _wrapJsFunctionForAsync_closure.call$2 (E:\montership\batd-academy\node_modules\sass\sass.dart.js:38714:12)]
    [at _awaitOnObject_closure.call$1 (E:\montership\batd-academy\node_modules\sass\sass.dart.js:38702:32)]
    [at Object._rootRunUnary (E:\montership\batd-academy\node_modules\sass\sass.dart.js:5429:18)]
    [at StaticClosure.<anonymous> (E:\montership\batd-academy\node_modules\sass\sass.dart.js:130137:16)]
    [at _CustomZone.runUnary$2$2 (E:\montership\batd-academy\node_modules\sass\sass.dart.js:40143:39)]
    [at _Future__propagateToListeners_handleValueCallback.call$0 
(E:\montership\batd-academy\node_modules\sass\sass.dart.js:39203:51)]
    [at Object._Future__propagateToListeners (E:\montership\batd-academy\node_modules\sass\sass.dart.js:5215:93)]

Import traces:
  Client Component Browser:
    ./sass/pages/blog/featured-article.module.scss [Client Component Browser]
    ./app/[locale]/(pages)/blog/FeaturedArticle.jsx [Client Component Browser]
    ./app/[locale]/(pages)/blog/page.jsx [Client Component Browser]
    ./app/[locale]/(pages)/blog/page.jsx [Server Component]

  Client Component SSR:
    ./sass/pages/blog/featured-article.module.scss [Client Component SSR]
    ./app/[locale]/(pages)/blog/FeaturedArticle.jsx [Client Component SSR]
    ./app/[locale]/(pages)/blog/page.jsx [Client Component SSR]
    ./app/[locale]/(pages)/blog/page.jsx [Server Component]


./sass/pages/blog/lastest-articles-card.module.scss
Error evaluating Node.js code
Error: Can't find stylesheet to import.
  ظـ╖
1 ظ¤é @import "globals"; @import "container";
  ظ¤é         ^^^^^^^^^
  ظـ╡
  sass\pages\blog\lastest-articles-card.module.scss 1:9  root stylesheet
  (from E:\montership\batd-academy\node_modules\next\dist\build\webpack\loaders\resolve-url-loader\index.js, 
E:\montership\batd-academy\node_modules\next\dist\compiled\sass-loader\cjs.js)
Caused by: Error: Can't find stylesheet to import.
  ظـ╖
1 ظ¤é @import "globals"; @import "container";
  ظ¤é         ^^^^^^^^^
  ظـ╡
  sass\pages\blog\lastest-articles-card.module.scss 1:9  root stylesheet
    [at Object.wrapException (E:\montership\batd-academy\node_modules\sass\sass.dart.js:2337:47)]
    [at E:\montership\batd-academy\node_modules\sass\sass.dart.js:90314:25]
    [at _wrapJsFunctionForAsync_closure.$protected (E:\montership\batd-academy\node_modules\sass\sass.dart.js:5005:15)]
    [at _wrapJsFunctionForAsync_closure.call$2 (E:\montership\batd-academy\node_modules\sass\sass.dart.js:38714:12)]
    [at _awaitOnObject_closure.call$1 (E:\montership\batd-academy\node_modules\sass\sass.dart.js:38702:32)]
    [at Object._rootRunUnary (E:\montership\batd-academy\node_modules\sass\sass.dart.js:5429:18)]
    [at StaticClosure.<anonymous> (E:\montership\batd-academy\node_modules\sass\sass.dart.js:130137:16)]
    [at _CustomZone.runUnary$2$2 (E:\montership\batd-academy\node_modules\sass\sass.dart.js:40143:39)]
    [at _Future__propagateToListeners_handleValueCallback.call$0 
(E:\montership\batd-academy\node_modules\sass\sass.dart.js:39203:51)]
    [at Object._Future__propagateToListeners (E:\montership\batd-academy\node_modules\sass\sass.dart.js:5215:93)]

Import traces:
  Server Component:
    ./sass/pages/blog/lastest-articles-card.module.scss
    ./app/[locale]/(pages)/blog/LatestArticlesCard.jsx
    ./app/[locale]/(pages)/post/[slug]/MainContent.jsx
    ./app/[locale]/(pages)/post/[slug]/page.jsx

  Client Component Browser:
    ./sass/pages/blog/lastest-articles-card.module.scss [Client Component Browser]
    ./app/[locale]/(pages)/blog/LatestArticlesCard.jsx [Client Component Browser]
    ./app/[locale]/(pages)/blog/LatestArticles.jsx [Client Component Browser]
    ./app/[locale]/(pages)/blog/page.jsx [Client Component Browser]
    ./app/[locale]/(pages)/blog/page.jsx [Server Component]

  Client Component SSR:
    ./sass/pages/blog/lastest-articles-card.module.scss [Client Component SSR]
    ./app/[locale]/(pages)/blog/LatestArticlesCard.jsx [Client Component SSR]
    ./app/[locale]/(pages)/blog/LatestArticles.jsx [Client Component SSR]
    ./app/[locale]/(pages)/blog/page.jsx [Client Component SSR]
    ./app/[locale]/(pages)/blog/page.jsx [Server Component]


./sass/pages/blog/latest-articles.module.scss
Error evaluating Node.js code
Error: Can't find stylesheet to import.
  ظـ╖
1 ظ¤é @import "globals"; @import "container";
  ظ¤é         ^^^^^^^^^
  ظـ╡
  sass\pages\blog\latest-articles.module.scss 1:9  root stylesheet
  (from E:\montership\batd-academy\node_modules\next\dist\build\webpack\loaders\resolve-url-loader\index.js, 
E:\montership\batd-academy\node_modules\next\dist\compiled\sass-loader\cjs.js)
Caused by: Error: Can't find stylesheet to import.
  ظـ╖
1 ظ¤é @import "globals"; @import "container";
  ظ¤é         ^^^^^^^^^
  ظـ╡
  sass\pages\blog\latest-articles.module.scss 1:9  root stylesheet
    [at Object.wrapException (E:\montership\batd-academy\node_modules\sass\sass.dart.js:2337:47)]
    [at E:\montership\batd-academy\node_modules\sass\sass.dart.js:90314:25]
    [at _wrapJsFunctionForAsync_closure.$protected (E:\montership\batd-academy\node_modules\sass\sass.dart.js:5005:15)]
    [at _wrapJsFunctionForAsync_closure.call$2 (E:\montership\batd-academy\node_modules\sass\sass.dart.js:38714:12)]
    [at _awaitOnObject_closure.call$1 (E:\montership\batd-academy\node_modules\sass\sass.dart.js:38702:32)]
    [at Object._rootRunUnary (E:\montership\batd-academy\node_modules\sass\sass.dart.js:5429:18)]
    [at StaticClosure.<anonymous> (E:\montership\batd-academy\node_modules\sass\sass.dart.js:130137:16)]
    [at _CustomZone.runUnary$2$2 (E:\montership\batd-academy\node_modules\sass\sass.dart.js:40143:39)]
    [at _Future__propagateToListeners_handleValueCallback.call$0 
(E:\montership\batd-academy\node_modules\sass\sass.dart.js:39203:51)]
    [at Object._Future__propagateToListeners (E:\montership\batd-academy\node_modules\sass\sass.dart.js:5215:93)]
    [at _Future._completeWithValue$1 (E:\montership\batd-academy\node_modules\sass\sass.dart.js:39066:9)]
    [at _AsyncAwaitCompleter.complete$1 (E:\montership\batd-academy\node_modules\sass\sass.dart.js:38689:14)]
    [at Object._asyncReturn (E:\montership\batd-academy\node_modules\sass\sass.dart.js:4977:17)]
    [at E:\montership\batd-academy\node_modules\sass\sass.dart.js:98624:24]
    [at _wrapJsFunctionForAsync_closure.$protected (E:\montership\batd-academy\node_modules\sass\sass.dart.js:5005:15)]
    [at _wrapJsFunctionForAsync_closure.call$2 (E:\montership\batd-academy\node_modules\sass\sass.dart.js:38714:12)]
    [at _awaitOnObject_closure.call$1 (E:\montership\batd-academy\node_modules\sass\sass.dart.js:38702:32)]
    [at Object._rootRunUnary (E:\montership\batd-academy\node_modules\sass\sass.dart.js:5429:18)]
    [at StaticClosure.<anonymous> (E:\montership\batd-academy\node_modules\sass\sass.dart.js:130137:16)]
    [at _CustomZone.runUnary$2$2 (E:\montership\batd-academy\node_modules\sass\sass.dart.js:40143:39)]
    [at _Future__propagateToListeners_handleValueCallback.call$0 
(E:\montership\batd-academy\node_modules\sass\sass.dart.js:39203:51)]
    [at Object._Future__propagateToListeners (E:\montership\batd-academy\node_modules\sass\sass.dart.js:5215:93)]
    [at _Future._completeWithValue$1 (E:\montership\batd-academy\node_modules\sass\sass.dart.js:39066:9)]
    [at _AsyncAwaitCompleter.complete$1 (E:\montership\batd-academy\node_modules\sass\sass.dart.js:38689:14)]
    [at Object._asyncReturn (E:\montership\batd-academy\node_modules\sass\sass.dart.js:4977:17)]
    [at E:\montership\batd-academy\node_modules\sass\sass.dart.js:98715:24]
    [at _wrapJsFunctionForAsync_closure.$protected (E:\montership\batd-academy\node_modules\sass\sass.dart.js:5005:15)]
    [at _wrapJsFunctionForAsync_closure.call$2 (E:\montership\batd-academy\node_modules\sass\sass.dart.js:38714:12)]
    [at _awaitOnObject_closure.call$1 (E:\montership\batd-academy\node_modules\sass\sass.dart.js:38702:32)]
    [at Object._rootRunUnary (E:\montership\batd-academy\node_modules\sass\sass.dart.js:5429:18)]
    [at StaticClosure.<anonymous> (E:\montership\batd-academy\node_modules\sass\sass.dart.js:130137:16)]
    [at _CustomZone.runUnary$2$2 (E:\montership\batd-academy\node_modules\sass\sass.dart.js:40143:39)]
    [at _Future__propagateToListeners_handleValueCallback.call$0 
(E:\montership\batd-academy\node_modules\sass\sass.dart.js:39203:51)]
    [at Object._Future__propagateToListeners (E:\montership\batd-academy\node_modules\sass\sass.dart.js:5215:93)]
    [at _Future._completeWithValue$1 (E:\montership\batd-academy\node_modules\sass\sass.dart.js:39066:9)]
    [at _AsyncAwaitCompleter.complete$1 (E:\montership\batd-academy\node_modules\sass\sass.dart.js:38689:14)]
    [at Object._asyncReturn (E:\montership\batd-academy\node_modules\sass\sass.dart.js:4977:17)]
    [at E:\montership\batd-academy\node_modules\sass\sass.dart.js:87892:24]
    [at _wrapJsFunctionForAsync_closure.$protected (E:\montership\batd-academy\node_modules\sass\sass.dart.js:5005:15)]
    [at _wrapJsFunctionForAsync_closure.call$2 (E:\montership\batd-academy\node_modules\sass\sass.dart.js:38714:12)]
    [at _awaitOnObject_closure.call$1 (E:\montership\batd-academy\node_modules\sass\sass.dart.js:38702:32)]
    [at Object._rootRunUnary (E:\montership\batd-academy\node_modules\sass\sass.dart.js:5429:18)]
    [at StaticClosure.<anonymous> (E:\montership\batd-academy\node_modules\sass\sass.dart.js:130137:16)]
    [at _CustomZone.runUnary$2$2 (E:\montership\batd-academy\node_modules\sass\sass.dart.js:40143:39)]
    [at _Future__propagateToListeners_handleValueCallback.call$0 
(E:\montership\batd-academy\node_modules\sass\sass.dart.js:39203:51)]
    [at Object._Future__propagateToListeners (E:\montership\batd-academy\node_modules\sass\sass.dart.js:5215:93)]
    [at _Future._complete$1 (E:\montership\batd-academy\node_modules\sass\sass.dart.js:39058:11)]
    [at _SyncCompleter.complete$1 (E:\montership\batd-academy\node_modules\sass\sass.dart.js:38903:10)]
    [at promiseToFuture_closure1.call$1 (E:\montership\batd-academy\node_modules\sass\sass.dart.js:45605:22)]
    [at Object.Primitives_applyFunction (E:\montership\batd-academy\node_modules\sass\sass.dart.js:2213:30)]

Import traces:
  Client Component Browser:
    ./sass/pages/blog/latest-articles.module.scss [Client Component Browser]
    ./app/[locale]/(pages)/blog/LatestArticles.jsx [Client Component Browser]
    ./app/[locale]/(pages)/blog/page.jsx [Client Component Browser]
    ./app/[locale]/(pages)/blog/page.jsx [Server Component]

  Client Component SSR:
    ./sass/pages/blog/latest-articles.module.scss [Client Component SSR]
    ./app/[locale]/(pages)/blog/LatestArticles.jsx [Client Component SSR]
    ./app/[locale]/(pages)/blog/page.jsx [Client Component SSR]
    ./app/[locale]/(pages)/blog/page.jsx [Server Component]


./sass/pages/blog/reactions.module.scss
Error evaluating Node.js code
Error: Can't find stylesheet to import.
  ظـ╖
1 ظ¤é @import "globals"; @import "container";
  ظ¤é         ^^^^^^^^^
  ظـ╡
  sass\pages\blog\reactions.module.scss 1:9  root stylesheet
  (from E:\montership\batd-academy\node_modules\next\dist\build\webpack\loaders\resolve-url-loader\index.js, 
E:\montership\batd-academy\node_modules\next\dist\compiled\sass-loader\cjs.js)
Caused by: Error: Can't find stylesheet to import.
  ظـ╖
1 ظ¤é @import "globals"; @import "container";
  ظ¤é         ^^^^^^^^^
  ظـ╡
  sass\pages\blog\reactions.module.scss 1:9  root stylesheet
    [at Object.wrapException (E:\montership\batd-academy\node_modules\sass\sass.dart.js:2337:47)]
    [at E:\montership\batd-academy\node_modules\sass\sass.dart.js:90314:25]
    [at _wrapJsFunctionForAsync_closure.$protected (E:\montership\batd-academy\node_modules\sass\sass.dart.js:5005:15)]
    [at _wrapJsFunctionForAsync_closure.call$2 (E:\montership\batd-academy\node_modules\sass\sass.dart.js:38714:12)]
    [at _awaitOnObject_closure.call$1 (E:\montership\batd-academy\node_modules\sass\sass.dart.js:38702:32)]
    [at Object._rootRunUnary (E:\montership\batd-academy\node_modules\sass\sass.dart.js:5429:18)]
    [at StaticClosure.<anonymous> (E:\montership\batd-academy\node_modules\sass\sass.dart.js:130137:16)]
    [at _CustomZone.runUnary$2$2 (E:\montership\batd-academy\node_modules\sass\sass.dart.js:40143:39)]
    [at _Future__propagateToListeners_handleValueCallback.call$0 
(E:\montership\batd-academy\node_modules\sass\sass.dart.js:39203:51)]
    [at Object._Future__propagateToListeners (E:\montership\batd-academy\node_modules\sass\sass.dart.js:5215:93)]

Import trace:
  Server Component:
    ./sass/pages/blog/reactions.module.scss
    ./app/[locale]/(pages)/post/[slug]/Reactions.jsx
    ./app/[locale]/(pages)/post/[slug]/MainContent.jsx
    ./app/[locale]/(pages)/post/[slug]/page.jsx


./sass/pages/blog/search.module.scss
Error evaluating Node.js code
Error: Can't find stylesheet to import.
  ظـ╖
1 ظ¤é @import "globals"; @import "container";
  ظ¤é         ^^^^^^^^^
  ظـ╡
  sass\pages\blog\search.module.scss 1:9  root stylesheet
  (from E:\montership\batd-academy\node_modules\next\dist\build\webpack\loaders\resolve-url-loader\index.js, 
E:\montership\batd-academy\node_modules\next\dist\compiled\sass-loader\cjs.js)
Caused by: Error: Can't find stylesheet to import.
  ظـ╖
1 ظ¤é @import "globals"; @import "container";
  ظ¤é         ^^^^^^^^^
  ظـ╡
  sass\pages\blog\search.module.scss 1:9  root stylesheet
    [at Object.wrapException (E:\montership\batd-academy\node_modules\sass\sass.dart.js:2337:47)]
    [at E:\montership\batd-academy\node_modules\sass\sass.dart.js:90314:25]
    [at _wrapJsFunctionForAsync_closure.$protected (E:\montership\batd-academy\node_modules\sass\sass.dart.js:5005:15)]
    [at _wrapJsFunctionForAsync_closure.call$2 (E:\montership\batd-academy\node_modules\sass\sass.dart.js:38714:12)]
    [at _awaitOnObject_closure.call$1 (E:\montership\batd-academy\node_modules\sass\sass.dart.js:38702:32)]
    [at Object._rootRunUnary (E:\montership\batd-academy\node_modules\sass\sass.dart.js:5429:18)]
    [at StaticClosure.<anonymous> (E:\montership\batd-academy\node_modules\sass\sass.dart.js:130137:16)]
    [at _CustomZone.runUnary$2$2 (E:\montership\batd-academy\node_modules\sass\sass.dart.js:40143:39)]
    [at _Future__propagateToListeners_handleValueCallback.call$0 
(E:\montership\batd-academy\node_modules\sass\sass.dart.js:39203:51)]
    [at Object._Future__propagateToListeners (E:\montership\batd-academy\node_modules\sass\sass.dart.js:5215:93)]
    [at _Future._completeWithValue$1 (E:\montership\batd-academy\node_modules\sass\sass.dart.js:39066:9)]
    [at _AsyncAwaitCompleter.complete$1 (E:\montership\batd-academy\node_modules\sass\sass.dart.js:38689:14)]
    [at Object._asyncReturn (E:\montership\batd-academy\node_modules\sass\sass.dart.js:4977:17)]
    [at E:\montership\batd-academy\node_modules\sass\sass.dart.js:98624:24]
    [at _wrapJsFunctionForAsync_closure.$protected (E:\montership\batd-academy\node_modules\sass\sass.dart.js:5005:15)]
    [at _wrapJsFunctionForAsync_closure.call$2 (E:\montership\batd-academy\node_modules\sass\sass.dart.js:38714:12)]
    [at _awaitOnObject_closure.call$1 (E:\montership\batd-academy\node_modules\sass\sass.dart.js:38702:32)]
    [at Object._rootRunUnary (E:\montership\batd-academy\node_modules\sass\sass.dart.js:5429:18)]
    [at StaticClosure.<anonymous> (E:\montership\batd-academy\node_modules\sass\sass.dart.js:130137:16)]
    [at _CustomZone.runUnary$2$2 (E:\montership\batd-academy\node_modules\sass\sass.dart.js:40143:39)]
    [at _Future__propagateToListeners_handleValueCallback.call$0 
(E:\montership\batd-academy\node_modules\sass\sass.dart.js:39203:51)]
    [at Object._Future__propagateToListeners (E:\montership\batd-academy\node_modules\sass\sass.dart.js:5215:93)]
    [at _Future._completeWithValue$1 (E:\montership\batd-academy\node_modules\sass\sass.dart.js:39066:9)]
    [at _AsyncAwaitCompleter.complete$1 (E:\montership\batd-academy\node_modules\sass\sass.dart.js:38689:14)]
    [at Object._asyncReturn (E:\montership\batd-academy\node_modules\sass\sass.dart.js:4977:17)]
    [at E:\montership\batd-academy\node_modules\sass\sass.dart.js:98715:24]
    [at _wrapJsFunctionForAsync_closure.$protected (E:\montership\batd-academy\node_modules\sass\sass.dart.js:5005:15)]
    [at _wrapJsFunctionForAsync_closure.call$2 (E:\montership\batd-academy\node_modules\sass\sass.dart.js:38714:12)]
    [at _awaitOnObject_closure.call$1 (E:\montership\batd-academy\node_modules\sass\sass.dart.js:38702:32)]
    [at Object._rootRunUnary (E:\montership\batd-academy\node_modules\sass\sass.dart.js:5429:18)]
    [at StaticClosure.<anonymous> (E:\montership\batd-academy\node_modules\sass\sass.dart.js:130137:16)]
    [at _CustomZone.runUnary$2$2 (E:\montership\batd-academy\node_modules\sass\sass.dart.js:40143:39)]
    [at _Future__propagateToListeners_handleValueCallback.call$0 
(E:\montership\batd-academy\node_modules\sass\sass.dart.js:39203:51)]
    [at Object._Future__propagateToListeners (E:\montership\batd-academy\node_modules\sass\sass.dart.js:5215:93)]
    [at _Future._completeWithValue$1 (E:\montership\batd-academy\node_modules\sass\sass.dart.js:39066:9)]
    [at _AsyncAwaitCompleter.complete$1 (E:\montership\batd-academy\node_modules\sass\sass.dart.js:38689:14)]
    [at Object._asyncReturn (E:\montership\batd-academy\node_modules\sass\sass.dart.js:4977:17)]
    [at E:\montership\batd-academy\node_modules\sass\sass.dart.js:87892:24]
    [at _wrapJsFunctionForAsync_closure.$protected (E:\montership\batd-academy\node_modules\sass\sass.dart.js:5005:15)]
    [at _wrapJsFunctionForAsync_closure.call$2 (E:\montership\batd-academy\node_modules\sass\sass.dart.js:38714:12)]
    [at _awaitOnObject_closure.call$1 (E:\montership\batd-academy\node_modules\sass\sass.dart.js:38702:32)]
    [at Object._rootRunUnary (E:\montership\batd-academy\node_modules\sass\sass.dart.js:5429:18)]
    [at StaticClosure.<anonymous> (E:\montership\batd-academy\node_modules\sass\sass.dart.js:130137:16)]
    [at _CustomZone.runUnary$2$2 (E:\montership\batd-academy\node_modules\sass\sass.dart.js:40143:39)]
    [at _Future__propagateToListeners_handleValueCallback.call$0 
(E:\montership\batd-academy\node_modules\sass\sass.dart.js:39203:51)]
    [at Object._Future__propagateToListeners (E:\montership\batd-academy\node_modules\sass\sass.dart.js:5215:93)]
    [at _Future._complete$1 (E:\montership\batd-academy\node_modules\sass\sass.dart.js:39058:11)]
    [at _SyncCompleter.complete$1 (E:\montership\batd-academy\node_modules\sass\sass.dart.js:38903:10)]
    [at promiseToFuture_closure1.call$1 (E:\montership\batd-academy\node_modules\sass\sass.dart.js:45605:22)]
    [at Object.Primitives_applyFunction (E:\montership\batd-academy\node_modules\sass\sass.dart.js:2213:30)]

Import traces:
  Server Component:
    ./sass/pages/blog/search.module.scss
    ./app/[locale]/(pages)/blog/Search.jsx
    ./app/[locale]/(pages)/page/FQA/page.jsx

  Client Component Browser:
    ./sass/pages/blog/search.module.scss [Client Component Browser]
    ./app/[locale]/(pages)/blog/Search.jsx [Client Component Browser]
    ./app/[locale]/(pages)/blog/page.jsx [Client Component Browser]
    ./app/[locale]/(pages)/blog/page.jsx [Server Component]

  Client Component SSR:
    ./sass/pages/blog/search.module.scss [Client Component SSR]
    ./app/[locale]/(pages)/blog/Search.jsx [Client Component SSR]
    ./app/[locale]/(pages)/blog/page.jsx [Client Component SSR]
    ./app/[locale]/(pages)/blog/page.jsx [Server Component]


./sass/pages/category-details/category-details.module.scss
Error evaluating Node.js code
Error: Can't find stylesheet to import.
  ظـ╖
1 ظ¤é @import "globals"; @import "container";
  ظ¤é         ^^^^^^^^^
  ظـ╡
  sass\pages\category-details\category-details.module.scss 1:9  root stylesheet
  (from E:\montership\batd-academy\node_modules\next\dist\build\webpack\loaders\resolve-url-loader\index.js, 
E:\montership\batd-academy\node_modules\next\dist\compiled\sass-loader\cjs.js)
Caused by: Error: Can't find stylesheet to import.
  ظـ╖
1 ظ¤é @import "globals"; @import "container";
  ظ¤é         ^^^^^^^^^
  ظـ╡
  sass\pages\category-details\category-details.module.scss 1:9  root stylesheet
    [at Object.wrapException (E:\montership\batd-academy\node_modules\sass\sass.dart.js:2337:47)]
    [at E:\montership\batd-academy\node_modules\sass\sass.dart.js:90314:25]
    [at _wrapJsFunctionForAsync_closure.$protected (E:\montership\batd-academy\node_modules\sass\sass.dart.js:5005:15)]
    [at _wrapJsFunctionForAsync_closure.call$2 (E:\montership\batd-academy\node_modules\sass\sass.dart.js:38714:12)]
    [at _awaitOnObject_closure.call$1 (E:\montership\batd-academy\node_modules\sass\sass.dart.js:38702:32)]
    [at Object._rootRunUnary (E:\montership\batd-academy\node_modules\sass\sass.dart.js:5429:18)]
    [at StaticClosure.<anonymous> (E:\montership\batd-academy\node_modules\sass\sass.dart.js:130137:16)]
    [at _CustomZone.runUnary$2$2 (E:\montership\batd-academy\node_modules\sass\sass.dart.js:40143:39)]
    [at _Future__propagateToListeners_handleValueCallback.call$0 
(E:\montership\batd-academy\node_modules\sass\sass.dart.js:39203:51)]
    [at Object._Future__propagateToListeners (E:\montership\batd-academy\node_modules\sass\sass.dart.js:5215:93)]

Import trace:
  Server Component:
    ./sass/pages/category-details/category-details.module.scss
    ./app/[locale]/(pages)/category/[id]/[slug]/page.jsx


./sass/pages/consulting/consulting-card.module.scss
Error evaluating Node.js code
Error: Can't find stylesheet to import.
  ظـ╖
1 ظ¤é @import "globals"; @import "container";
  ظ¤é         ^^^^^^^^^
  ظـ╡
  sass\pages\consulting\consulting-card.module.scss 1:9  root stylesheet
  (from E:\montership\batd-academy\node_modules\next\dist\build\webpack\loaders\resolve-url-loader\index.js, 
E:\montership\batd-academy\node_modules\next\dist\compiled\sass-loader\cjs.js)
Caused by: Error: Can't find stylesheet to import.
  ظـ╖
1 ظ¤é @import "globals"; @import "container";
  ظ¤é         ^^^^^^^^^
  ظـ╡
  sass\pages\consulting\consulting-card.module.scss 1:9  root stylesheet
    [at Object.wrapException (E:\montership\batd-academy\node_modules\sass\sass.dart.js:2337:47)]
    [at E:\montership\batd-academy\node_modules\sass\sass.dart.js:90314:25]
    [at _wrapJsFunctionForAsync_closure.$protected (E:\montership\batd-academy\node_modules\sass\sass.dart.js:5005:15)]
    [at _wrapJsFunctionForAsync_closure.call$2 (E:\montership\batd-academy\node_modules\sass\sass.dart.js:38714:12)]
    [at _awaitOnObject_closure.call$1 (E:\montership\batd-academy\node_modules\sass\sass.dart.js:38702:32)]
    [at Object._rootRunUnary (E:\montership\batd-academy\node_modules\sass\sass.dart.js:5429:18)]
    [at StaticClosure.<anonymous> (E:\montership\batd-academy\node_modules\sass\sass.dart.js:130137:16)]
    [at _CustomZone.runUnary$2$2 (E:\montership\batd-academy\node_modules\sass\sass.dart.js:40143:39)]
    [at _Future__propagateToListeners_handleValueCallback.call$0 
(E:\montership\batd-academy\node_modules\sass\sass.dart.js:39203:51)]
    [at Object._Future__propagateToListeners (E:\montership\batd-academy\node_modules\sass\sass.dart.js:5215:93)]

Import trace:
  Server Component:
    ./sass/pages/consulting/consulting-card.module.scss
    ./app/[locale]/(pages)/consulting/ConsultingCard.jsx
    ./app/[locale]/(pages)/consulting/page.jsx


./sass/pages/consulting/consulting-category/consulting-category-card.module.scss
Error evaluating Node.js code
Error: Can't find stylesheet to import.
  ظـ╖
1 ظ¤é @import "globals"; @import "container";
  ظ¤é         ^^^^^^^^^
  ظـ╡
  sass\pages\consulting\consulting-category\consulting-category-card.module.scss 1:9  root stylesheet
  (from E:\montership\batd-academy\node_modules\next\dist\build\webpack\loaders\resolve-url-loader\index.js, 
E:\montership\batd-academy\node_modules\next\dist\compiled\sass-loader\cjs.js)
Caused by: Error: Can't find stylesheet to import.
  ظـ╖
1 ظ¤é @import "globals"; @import "container";
  ظ¤é         ^^^^^^^^^
  ظـ╡
  sass\pages\consulting\consulting-category\consulting-category-card.module.scss 1:9  root stylesheet
    [at Object.wrapException (E:\montership\batd-academy\node_modules\sass\sass.dart.js:2337:47)]
    [at E:\montership\batd-academy\node_modules\sass\sass.dart.js:90314:25]
    [at _wrapJsFunctionForAsync_closure.$protected (E:\montership\batd-academy\node_modules\sass\sass.dart.js:5005:15)]
    [at _wrapJsFunctionForAsync_closure.call$2 (E:\montership\batd-academy\node_modules\sass\sass.dart.js:38714:12)]
    [at _awaitOnObject_closure.call$1 (E:\montership\batd-academy\node_modules\sass\sass.dart.js:38702:32)]
    [at Object._rootRunUnary (E:\montership\batd-academy\node_modules\sass\sass.dart.js:5429:18)]
    [at StaticClosure.<anonymous> (E:\montership\batd-academy\node_modules\sass\sass.dart.js:130137:16)]
    [at _CustomZone.runUnary$2$2 (E:\montership\batd-academy\node_modules\sass\sass.dart.js:40143:39)]
    [at _Future__propagateToListeners_handleValueCallback.call$0 
(E:\montership\batd-academy\node_modules\sass\sass.dart.js:39203:51)]
    [at Object._Future__propagateToListeners (E:\montership\batd-academy\node_modules\sass\sass.dart.js:5215:93)]

Import trace:
  Server Component:
    ./sass/pages/consulting/consulting-category/consulting-category-card.module.scss
    ./app/[locale]/(pages)/consulting/[name]/ConsultingCategoryCard.jsx
    ./app/[locale]/(pages)/consulting/[name]/page.jsx


./sass/pages/consulting/consulting-category/consulting-category.module.scss
Error evaluating Node.js code
Error: Can't find stylesheet to import.
  ظـ╖
1 ظ¤é @import "globals"; @import "container";
  ظ¤é         ^^^^^^^^^
  ظـ╡
  sass\pages\consulting\consulting-category\consulting-category.module.scss 1:9  root stylesheet
  (from E:\montership\batd-academy\node_modules\next\dist\build\webpack\loaders\resolve-url-loader\index.js, 
E:\montership\batd-academy\node_modules\next\dist\compiled\sass-loader\cjs.js)
Caused by: Error: Can't find stylesheet to import.
  ظـ╖
1 ظ¤é @import "globals"; @import "container";
  ظ¤é         ^^^^^^^^^
  ظـ╡
  sass\pages\consulting\consulting-category\consulting-category.module.scss 1:9  root stylesheet
    [at Object.wrapException (E:\montership\batd-academy\node_modules\sass\sass.dart.js:2337:47)]
    [at E:\montership\batd-academy\node_modules\sass\sass.dart.js:90314:25]
    [at _wrapJsFunctionForAsync_closure.$protected (E:\montership\batd-academy\node_modules\sass\sass.dart.js:5005:15)]
    [at _wrapJsFunctionForAsync_closure.call$2 (E:\montership\batd-academy\node_modules\sass\sass.dart.js:38714:12)]
    [at _awaitOnObject_closure.call$1 (E:\montership\batd-academy\node_modules\sass\sass.dart.js:38702:32)]
    [at Object._rootRunUnary (E:\montership\batd-academy\node_modules\sass\sass.dart.js:5429:18)]
    [at StaticClosure.<anonymous> (E:\montership\batd-academy\node_modules\sass\sass.dart.js:130137:16)]
    [at _CustomZone.runUnary$2$2 (E:\montership\batd-academy\node_modules\sass\sass.dart.js:40143:39)]
    [at _Future__propagateToListeners_handleValueCallback.call$0 
(E:\montership\batd-academy\node_modules\sass\sass.dart.js:39203:51)]
    [at Object._Future__propagateToListeners (E:\montership\batd-academy\node_modules\sass\sass.dart.js:5215:93)]

Import trace:
  Server Component:
    ./sass/pages/consulting/consulting-category/consulting-category.module.scss
    ./app/[locale]/(pages)/consulting/[name]/page.jsx


./sass/pages/consulting/consulting-category/header.module.scss
Error evaluating Node.js code
Error: Can't find stylesheet to import.
  ظـ╖
1 ظ¤é @import "globals"; @import "container";
  ظ¤é         ^^^^^^^^^
  ظـ╡
  sass\pages\consulting\consulting-category\header.module.scss 1:9  root stylesheet
  (from E:\montership\batd-academy\node_modules\next\dist\build\webpack\loaders\resolve-url-loader\index.js, 
E:\montership\batd-academy\node_modules\next\dist\compiled\sass-loader\cjs.js)
Caused by: Error: Can't find stylesheet to import.
  ظـ╖
1 ظ¤é @import "globals"; @import "container";
  ظ¤é         ^^^^^^^^^
  ظـ╡
  sass\pages\consulting\consulting-category\header.module.scss 1:9  root stylesheet
    [at Object.wrapException (E:\montership\batd-academy\node_modules\sass\sass.dart.js:2337:47)]
    [at E:\montership\batd-academy\node_modules\sass\sass.dart.js:90314:25]
    [at _wrapJsFunctionForAsync_closure.$protected (E:\montership\batd-academy\node_modules\sass\sass.dart.js:5005:15)]
    [at _wrapJsFunctionForAsync_closure.call$2 (E:\montership\batd-academy\node_modules\sass\sass.dart.js:38714:12)]
    [at _awaitOnObject_closure.call$1 (E:\montership\batd-academy\node_modules\sass\sass.dart.js:38702:32)]
    [at Object._rootRunUnary (E:\montership\batd-academy\node_modules\sass\sass.dart.js:5429:18)]
    [at StaticClosure.<anonymous> (E:\montership\batd-academy\node_modules\sass\sass.dart.js:130137:16)]
    [at _CustomZone.runUnary$2$2 (E:\montership\batd-academy\node_modules\sass\sass.dart.js:40143:39)]
    [at _Future__propagateToListeners_handleValueCallback.call$0 
(E:\montership\batd-academy\node_modules\sass\sass.dart.js:39203:51)]
    [at Object._Future__propagateToListeners (E:\montership\batd-academy\node_modules\sass\sass.dart.js:5215:93)]
    [at _Future._completeWithValue$1 (E:\montership\batd-academy\node_modules\sass\sass.dart.js:39066:9)]
    [at _AsyncAwaitCompleter.complete$1 (E:\montership\batd-academy\node_modules\sass\sass.dart.js:38689:14)]
    [at Object._asyncReturn (E:\montership\batd-academy\node_modules\sass\sass.dart.js:4977:17)]
    [at E:\montership\batd-academy\node_modules\sass\sass.dart.js:98624:24]
    [at _wrapJsFunctionForAsync_closure.$protected (E:\montership\batd-academy\node_modules\sass\sass.dart.js:5005:15)]
    [at _wrapJsFunctionForAsync_closure.call$2 (E:\montership\batd-academy\node_modules\sass\sass.dart.js:38714:12)]
    [at _awaitOnObject_closure.call$1 (E:\montership\batd-academy\node_modules\sass\sass.dart.js:38702:32)]
    [at Object._rootRunUnary (E:\montership\batd-academy\node_modules\sass\sass.dart.js:5429:18)]
    [at StaticClosure.<anonymous> (E:\montership\batd-academy\node_modules\sass\sass.dart.js:130137:16)]
    [at _CustomZone.runUnary$2$2 (E:\montership\batd-academy\node_modules\sass\sass.dart.js:40143:39)]
    [at _Future__propagateToListeners_handleValueCallback.call$0 
(E:\montership\batd-academy\node_modules\sass\sass.dart.js:39203:51)]
    [at Object._Future__propagateToListeners (E:\montership\batd-academy\node_modules\sass\sass.dart.js:5215:93)]
    [at _Future._completeWithValue$1 (E:\montership\batd-academy\node_modules\sass\sass.dart.js:39066:9)]
    [at _AsyncAwaitCompleter.complete$1 (E:\montership\batd-academy\node_modules\sass\sass.dart.js:38689:14)]
    [at Object._asyncReturn (E:\montership\batd-academy\node_modules\sass\sass.dart.js:4977:17)]
    [at E:\montership\batd-academy\node_modules\sass\sass.dart.js:98715:24]
    [at _wrapJsFunctionForAsync_closure.$protected (E:\montership\batd-academy\node_modules\sass\sass.dart.js:5005:15)]
    [at _wrapJsFunctionForAsync_closure.call$2 (E:\montership\batd-academy\node_modules\sass\sass.dart.js:38714:12)]
    [at _awaitOnObject_closure.call$1 (E:\montership\batd-academy\node_modules\sass\sass.dart.js:38702:32)]
    [at Object._rootRunUnary (E:\montership\batd-academy\node_modules\sass\sass.dart.js:5429:18)]
    [at StaticClosure.<anonymous> (E:\montership\batd-academy\node_modules\sass\sass.dart.js:130137:16)]
    [at _CustomZone.runUnary$2$2 (E:\montership\batd-academy\node_modules\sass\sass.dart.js:40143:39)]
    [at _Future__propagateToListeners_handleValueCallback.call$0 
(E:\montership\batd-academy\node_modules\sass\sass.dart.js:39203:51)]
    [at Object._Future__propagateToListeners (E:\montership\batd-academy\node_modules\sass\sass.dart.js:5215:93)]
    [at _Future._completeWithValue$1 (E:\montership\batd-academy\node_modules\sass\sass.dart.js:39066:9)]
    [at _AsyncAwaitCompleter.complete$1 (E:\montership\batd-academy\node_modules\sass\sass.dart.js:38689:14)]
    [at Object._asyncReturn (E:\montership\batd-academy\node_modules\sass\sass.dart.js:4977:17)]
    [at E:\montership\batd-academy\node_modules\sass\sass.dart.js:87892:24]
    [at _wrapJsFunctionForAsync_closure.$protected (E:\montership\batd-academy\node_modules\sass\sass.dart.js:5005:15)]
    [at _wrapJsFunctionForAsync_closure.call$2 (E:\montership\batd-academy\node_modules\sass\sass.dart.js:38714:12)]
    [at _awaitOnObject_closure.call$1 (E:\montership\batd-academy\node_modules\sass\sass.dart.js:38702:32)]
    [at Object._rootRunUnary (E:\montership\batd-academy\node_modules\sass\sass.dart.js:5429:18)]
    [at StaticClosure.<anonymous> (E:\montership\batd-academy\node_modules\sass\sass.dart.js:130137:16)]
    [at _CustomZone.runUnary$2$2 (E:\montership\batd-academy\node_modules\sass\sass.dart.js:40143:39)]
    [at _Future__propagateToListeners_handleValueCallback.call$0 
(E:\montership\batd-academy\node_modules\sass\sass.dart.js:39203:51)]
    [at Object._Future__propagateToListeners (E:\montership\batd-academy\node_modules\sass\sass.dart.js:5215:93)]
    [at _Future._complete$1 (E:\montership\batd-academy\node_modules\sass\sass.dart.js:39058:11)]
    [at _SyncCompleter.complete$1 (E:\montership\batd-academy\node_modules\sass\sass.dart.js:38903:10)]
    [at promiseToFuture_closure1.call$1 (E:\montership\batd-academy\node_modules\sass\sass.dart.js:45605:22)]
    [at Object.Primitives_applyFunction (E:\montership\batd-academy\node_modules\sass\sass.dart.js:2213:30)]

Import traces:
  Client Component Browser:
    ./sass/pages/consulting/consulting-category/header.module.scss [Client Component Browser]
    ./app/[locale]/(pages)/consulting/[name]/Header.jsx [Client Component Browser]
    ./app/[locale]/(pages)/consulting/[name]/Header.jsx [Server Component]
    ./app/[locale]/(pages)/consulting/[name]/page.jsx [Server Component]

  Client Component SSR:
    ./sass/pages/consulting/consulting-category/header.module.scss [Client Component SSR]
    ./app/[locale]/(pages)/consulting/[name]/Header.jsx [Client Component SSR]
    ./app/[locale]/(pages)/consulting/[name]/Header.jsx [Server Component]
    ./app/[locale]/(pages)/consulting/[name]/page.jsx [Server Component]


./sass/pages/consulting/consulting-details/book-consultation.module.scss
Error evaluating Node.js code
Error: Can't find stylesheet to import.
  ظـ╖
1 ظ¤é @import "globals"; @import "container";
  ظ¤é         ^^^^^^^^^
  ظـ╡
  sass\pages\consulting\consulting-details\book-consultation.module.scss 1:9  root stylesheet
  (from E:\montership\batd-academy\node_modules\next\dist\build\webpack\loaders\resolve-url-loader\index.js, 
E:\montership\batd-academy\node_modules\next\dist\compiled\sass-loader\cjs.js)
Caused by: Error: Can't find stylesheet to import.
  ظـ╖
1 ظ¤é @import "globals"; @import "container";
  ظ¤é         ^^^^^^^^^
  ظـ╡
  sass\pages\consulting\consulting-details\book-consultation.module.scss 1:9  root stylesheet
    [at Object.wrapException (E:\montership\batd-academy\node_modules\sass\sass.dart.js:2337:47)]
    [at E:\montership\batd-academy\node_modules\sass\sass.dart.js:90314:25]
    [at _wrapJsFunctionForAsync_closure.$protected (E:\montership\batd-academy\node_modules\sass\sass.dart.js:5005:15)]
    [at _wrapJsFunctionForAsync_closure.call$2 (E:\montership\batd-academy\node_modules\sass\sass.dart.js:38714:12)]
    [at _awaitOnObject_closure.call$1 (E:\montership\batd-academy\node_modules\sass\sass.dart.js:38702:32)]
    [at Object._rootRunUnary (E:\montership\batd-academy\node_modules\sass\sass.dart.js:5429:18)]
    [at StaticClosure.<anonymous> (E:\montership\batd-academy\node_modules\sass\sass.dart.js:130137:16)]
    [at _CustomZone.runUnary$2$2 (E:\montership\batd-academy\node_modules\sass\sass.dart.js:40143:39)]
    [at _Future__propagateToListeners_handleValueCallback.call$0 
(E:\montership\batd-academy\node_modules\sass\sass.dart.js:39203:51)]
    [at Object._Future__propagateToListeners (E:\montership\batd-academy\node_modules\sass\sass.dart.js:5215:93)]

Import trace:
  Server Component:
    ./sass/pages/consulting/consulting-details/book-consultation.module.scss
    ./app/[locale]/(pages)/(consultingDetails)/page/[slug]/BookConsultation.jsx
    ./app/[locale]/(pages)/(consultingDetails)/page/[slug]/page.jsx


./sass/pages/consulting/consulting-details/client-testimonials.module.scss
Error evaluating Node.js code
Error: Can't find stylesheet to import.
  ظـ╖
1 ظ¤é @import "globals"; @import "container";
  ظ¤é         ^^^^^^^^^
  ظـ╡
  sass\pages\consulting\consulting-details\client-testimonials.module.scss 1:9  root stylesheet
  (from E:\montership\batd-academy\node_modules\next\dist\build\webpack\loaders\resolve-url-loader\index.js, 
E:\montership\batd-academy\node_modules\next\dist\compiled\sass-loader\cjs.js)
Caused by: Error: Can't find stylesheet to import.
  ظـ╖
1 ظ¤é @import "globals"; @import "container";
  ظ¤é         ^^^^^^^^^
  ظـ╡
  sass\pages\consulting\consulting-details\client-testimonials.module.scss 1:9  root stylesheet
    [at Object.wrapException (E:\montership\batd-academy\node_modules\sass\sass.dart.js:2337:47)]
    [at E:\montership\batd-academy\node_modules\sass\sass.dart.js:90314:25]
    [at _wrapJsFunctionForAsync_closure.$protected (E:\montership\batd-academy\node_modules\sass\sass.dart.js:5005:15)]
    [at _wrapJsFunctionForAsync_closure.call$2 (E:\montership\batd-academy\node_modules\sass\sass.dart.js:38714:12)]
    [at _awaitOnObject_closure.call$1 (E:\montership\batd-academy\node_modules\sass\sass.dart.js:38702:32)]
    [at Object._rootRunUnary (E:\montership\batd-academy\node_modules\sass\sass.dart.js:5429:18)]
    [at StaticClosure.<anonymous> (E:\montership\batd-academy\node_modules\sass\sass.dart.js:130137:16)]
    [at _CustomZone.runUnary$2$2 (E:\montership\batd-academy\node_modules\sass\sass.dart.js:40143:39)]
    [at _Future__propagateToListeners_handleValueCallback.call$0 
(E:\montership\batd-academy\node_modules\sass\sass.dart.js:39203:51)]
    [at Object._Future__propagateToListeners (E:\montership\batd-academy\node_modules\sass\sass.dart.js:5215:93)]
    [at _Future._completeWithValue$1 (E:\montership\batd-academy\node_modules\sass\sass.dart.js:39066:9)]
    [at _AsyncAwaitCompleter.complete$1 (E:\montership\batd-academy\node_modules\sass\sass.dart.js:38689:14)]
    [at Object._asyncReturn (E:\montership\batd-academy\node_modules\sass\sass.dart.js:4977:17)]
    [at E:\montership\batd-academy\node_modules\sass\sass.dart.js:98624:24]
    [at _wrapJsFunctionForAsync_closure.$protected (E:\montership\batd-academy\node_modules\sass\sass.dart.js:5005:15)]
    [at _wrapJsFunctionForAsync_closure.call$2 (E:\montership\batd-academy\node_modules\sass\sass.dart.js:38714:12)]
    [at _awaitOnObject_closure.call$1 (E:\montership\batd-academy\node_modules\sass\sass.dart.js:38702:32)]
    [at Object._rootRunUnary (E:\montership\batd-academy\node_modules\sass\sass.dart.js:5429:18)]
    [at StaticClosure.<anonymous> (E:\montership\batd-academy\node_modules\sass\sass.dart.js:130137:16)]
    [at _CustomZone.runUnary$2$2 (E:\montership\batd-academy\node_modules\sass\sass.dart.js:40143:39)]
    [at _Future__propagateToListeners_handleValueCallback.call$0 
(E:\montership\batd-academy\node_modules\sass\sass.dart.js:39203:51)]
    [at Object._Future__propagateToListeners (E:\montership\batd-academy\node_modules\sass\sass.dart.js:5215:93)]
    [at _Future._completeWithValue$1 (E:\montership\batd-academy\node_modules\sass\sass.dart.js:39066:9)]
    [at _AsyncAwaitCompleter.complete$1 (E:\montership\batd-academy\node_modules\sass\sass.dart.js:38689:14)]
    [at Object._asyncReturn (E:\montership\batd-academy\node_modules\sass\sass.dart.js:4977:17)]
    [at E:\montership\batd-academy\node_modules\sass\sass.dart.js:98715:24]
    [at _wrapJsFunctionForAsync_closure.$protected (E:\montership\batd-academy\node_modules\sass\sass.dart.js:5005:15)]
    [at _wrapJsFunctionForAsync_closure.call$2 (E:\montership\batd-academy\node_modules\sass\sass.dart.js:38714:12)]
    [at _awaitOnObject_closure.call$1 (E:\montership\batd-academy\node_modules\sass\sass.dart.js:38702:32)]
    [at Object._rootRunUnary (E:\montership\batd-academy\node_modules\sass\sass.dart.js:5429:18)]
    [at StaticClosure.<anonymous> (E:\montership\batd-academy\node_modules\sass\sass.dart.js:130137:16)]
    [at _CustomZone.runUnary$2$2 (E:\montership\batd-academy\node_modules\sass\sass.dart.js:40143:39)]
    [at _Future__propagateToListeners_handleValueCallback.call$0 
(E:\montership\batd-academy\node_modules\sass\sass.dart.js:39203:51)]
    [at Object._Future__propagateToListeners (E:\montership\batd-academy\node_modules\sass\sass.dart.js:5215:93)]
    [at _Future._completeWithValue$1 (E:\montership\batd-academy\node_modules\sass\sass.dart.js:39066:9)]
    [at _AsyncAwaitCompleter.complete$1 (E:\montership\batd-academy\node_modules\sass\sass.dart.js:38689:14)]
    [at Object._asyncReturn (E:\montership\batd-academy\node_modules\sass\sass.dart.js:4977:17)]
    [at E:\montership\batd-academy\node_modules\sass\sass.dart.js:87892:24]
    [at _wrapJsFunctionForAsync_closure.$protected (E:\montership\batd-academy\node_modules\sass\sass.dart.js:5005:15)]
    [at _wrapJsFunctionForAsync_closure.call$2 (E:\montership\batd-academy\node_modules\sass\sass.dart.js:38714:12)]
    [at _awaitOnObject_closure.call$1 (E:\montership\batd-academy\node_modules\sass\sass.dart.js:38702:32)]
    [at Object._rootRunUnary (E:\montership\batd-academy\node_modules\sass\sass.dart.js:5429:18)]
    [at StaticClosure.<anonymous> (E:\montership\batd-academy\node_modules\sass\sass.dart.js:130137:16)]
    [at _CustomZone.runUnary$2$2 (E:\montership\batd-academy\node_modules\sass\sass.dart.js:40143:39)]
    [at _Future__propagateToListeners_handleValueCallback.call$0 
(E:\montership\batd-academy\node_modules\sass\sass.dart.js:39203:51)]
    [at Object._Future__propagateToListeners (E:\montership\batd-academy\node_modules\sass\sass.dart.js:5215:93)]
    [at _Future._complete$1 (E:\montership\batd-academy\node_modules\sass\sass.dart.js:39058:11)]
    [at _SyncCompleter.complete$1 (E:\montership\batd-academy\node_modules\sass\sass.dart.js:38903:10)]
    [at promiseToFuture_closure1.call$1 (E:\montership\batd-academy\node_modules\sass\sass.dart.js:45605:22)]
    [at Object.Primitives_applyFunction (E:\montership\batd-academy\node_modules\sass\sass.dart.js:2213:30)]

Import trace:
  Server Component:
    ./sass/pages/consulting/consulting-details/client-testimonials.module.scss
    ./app/[locale]/(pages)/(consultingDetails)/page/[slug]/ClientTestimonials.jsx
    ./app/[locale]/(pages)/(consultingDetails)/page/[slug]/page.jsx


./sass/pages/consulting/consulting-details/consulting-details.module.scss
Error evaluating Node.js code
Error: Can't find stylesheet to import.
  ظـ╖
1 ظ¤é @import "globals"; @import "container";
  ظ¤é         ^^^^^^^^^
  ظـ╡
  sass\pages\consulting\consulting-details\consulting-details.module.scss 1:9  root stylesheet
  (from E:\montership\batd-academy\node_modules\next\dist\build\webpack\loaders\resolve-url-loader\index.js, 
E:\montership\batd-academy\node_modules\next\dist\compiled\sass-loader\cjs.js)
Caused by: Error: Can't find stylesheet to import.
  ظـ╖
1 ظ¤é @import "globals"; @import "container";
  ظ¤é         ^^^^^^^^^
  ظـ╡
  sass\pages\consulting\consulting-details\consulting-details.module.scss 1:9  root stylesheet
    [at Object.wrapException (E:\montership\batd-academy\node_modules\sass\sass.dart.js:2337:47)]
    [at E:\montership\batd-academy\node_modules\sass\sass.dart.js:90314:25]
    [at _wrapJsFunctionForAsync_closure.$protected (E:\montership\batd-academy\node_modules\sass\sass.dart.js:5005:15)]
    [at _wrapJsFunctionForAsync_closure.call$2 (E:\montership\batd-academy\node_modules\sass\sass.dart.js:38714:12)]
    [at _awaitOnObject_closure.call$1 (E:\montership\batd-academy\node_modules\sass\sass.dart.js:38702:32)]
    [at Object._rootRunUnary (E:\montership\batd-academy\node_modules\sass\sass.dart.js:5429:18)]
    [at StaticClosure.<anonymous> (E:\montership\batd-academy\node_modules\sass\sass.dart.js:130137:16)]
    [at _CustomZone.runUnary$2$2 (E:\montership\batd-academy\node_modules\sass\sass.dart.js:40143:39)]
    [at _Future__propagateToListeners_handleValueCallback.call$0 
(E:\montership\batd-academy\node_modules\sass\sass.dart.js:39203:51)]
    [at Object._Future__propagateToListeners (E:\montership\batd-academy\node_modules\sass\sass.dart.js:5215:93)]
    [at _Future._completeWithValue$1 (E:\montership\batd-academy\node_modules\sass\sass.dart.js:39066:9)]
    [at _AsyncAwaitCompleter.complete$1 (E:\montership\batd-academy\node_modules\sass\sass.dart.js:38689:14)]
    [at Object._asyncReturn (E:\montership\batd-academy\node_modules\sass\sass.dart.js:4977:17)]
    [at E:\montership\batd-academy\node_modules\sass\sass.dart.js:98624:24]
    [at _wrapJsFunctionForAsync_closure.$protected (E:\montership\batd-academy\node_modules\sass\sass.dart.js:5005:15)]
    [at _wrapJsFunctionForAsync_closure.call$2 (E:\montership\batd-academy\node_modules\sass\sass.dart.js:38714:12)]
    [at _awaitOnObject_closure.call$1 (E:\montership\batd-academy\node_modules\sass\sass.dart.js:38702:32)]
    [at Object._rootRunUnary (E:\montership\batd-academy\node_modules\sass\sass.dart.js:5429:18)]
    [at StaticClosure.<anonymous> (E:\montership\batd-academy\node_modules\sass\sass.dart.js:130137:16)]
    [at _CustomZone.runUnary$2$2 (E:\montership\batd-academy\node_modules\sass\sass.dart.js:40143:39)]
    [at _Future__propagateToListeners_handleValueCallback.call$0 
(E:\montership\batd-academy\node_modules\sass\sass.dart.js:39203:51)]
    [at Object._Future__propagateToListeners (E:\montership\batd-academy\node_modules\sass\sass.dart.js:5215:93)]
    [at _Future._completeWithValue$1 (E:\montership\batd-academy\node_modules\sass\sass.dart.js:39066:9)]
    [at _AsyncAwaitCompleter.complete$1 (E:\montership\batd-academy\node_modules\sass\sass.dart.js:38689:14)]
    [at Object._asyncReturn (E:\montership\batd-academy\node_modules\sass\sass.dart.js:4977:17)]
    [at E:\montership\batd-academy\node_modules\sass\sass.dart.js:98715:24]
    [at _wrapJsFunctionForAsync_closure.$protected (E:\montership\batd-academy\node_modules\sass\sass.dart.js:5005:15)]
    [at _wrapJsFunctionForAsync_closure.call$2 (E:\montership\batd-academy\node_modules\sass\sass.dart.js:38714:12)]
    [at _awaitOnObject_closure.call$1 (E:\montership\batd-academy\node_modules\sass\sass.dart.js:38702:32)]
    [at Object._rootRunUnary (E:\montership\batd-academy\node_modules\sass\sass.dart.js:5429:18)]
    [at StaticClosure.<anonymous> (E:\montership\batd-academy\node_modules\sass\sass.dart.js:130137:16)]
    [at _CustomZone.runUnary$2$2 (E:\montership\batd-academy\node_modules\sass\sass.dart.js:40143:39)]
    [at _Future__propagateToListeners_handleValueCallback.call$0 
(E:\montership\batd-academy\node_modules\sass\sass.dart.js:39203:51)]
    [at Object._Future__propagateToListeners (E:\montership\batd-academy\node_modules\sass\sass.dart.js:5215:93)]
    [at _Future._completeWithValue$1 (E:\montership\batd-academy\node_modules\sass\sass.dart.js:39066:9)]
    [at _AsyncAwaitCompleter.complete$1 (E:\montership\batd-academy\node_modules\sass\sass.dart.js:38689:14)]
    [at Object._asyncReturn (E:\montership\batd-academy\node_modules\sass\sass.dart.js:4977:17)]
    [at E:\montership\batd-academy\node_modules\sass\sass.dart.js:87892:24]
    [at _wrapJsFunctionForAsync_closure.$protected (E:\montership\batd-academy\node_modules\sass\sass.dart.js:5005:15)]
    [at _wrapJsFunctionForAsync_closure.call$2 (E:\montership\batd-academy\node_modules\sass\sass.dart.js:38714:12)]
    [at _awaitOnObject_closure.call$1 (E:\montership\batd-academy\node_modules\sass\sass.dart.js:38702:32)]
    [at Object._rootRunUnary (E:\montership\batd-academy\node_modules\sass\sass.dart.js:5429:18)]
    [at StaticClosure.<anonymous> (E:\montership\batd-academy\node_modules\sass\sass.dart.js:130137:16)]
    [at _CustomZone.runUnary$2$2 (E:\montership\batd-academy\node_modules\sass\sass.dart.js:40143:39)]
    [at _Future__propagateToListeners_handleValueCallback.call$0 
(E:\montership\batd-academy\node_modules\sass\sass.dart.js:39203:51)]
    [at Object._Future__propagateToListeners (E:\montership\batd-academy\node_modules\sass\sass.dart.js:5215:93)]
    [at _Future._complete$1 (E:\montership\batd-academy\node_modules\sass\sass.dart.js:39058:11)]
    [at _SyncCompleter.complete$1 (E:\montership\batd-academy\node_modules\sass\sass.dart.js:38903:10)]
    [at promiseToFuture_closure1.call$1 (E:\montership\batd-academy\node_modules\sass\sass.dart.js:45605:22)]
    [at Object.Primitives_applyFunction (E:\montership\batd-academy\node_modules\sass\sass.dart.js:2213:30)]

Import trace:
  Server Component:
    ./sass/pages/consulting/consulting-details/consulting-details.module.scss
    ./app/[locale]/(pages)/(consultingDetails)/page/[slug]/page.jsx


./sass/pages/consulting/consulting-details/overview.module.scss
Error evaluating Node.js code
Error: Can't find stylesheet to import.
  ظـ╖
1 ظ¤é @import "globals"; @import "container";
  ظ¤é         ^^^^^^^^^
  ظـ╡
  sass\pages\consulting\consulting-details\overview.module.scss 1:9  root stylesheet
  (from E:\montership\batd-academy\node_modules\next\dist\build\webpack\loaders\resolve-url-loader\index.js, 
E:\montership\batd-academy\node_modules\next\dist\compiled\sass-loader\cjs.js)
Caused by: Error: Can't find stylesheet to import.
  ظـ╖
1 ظ¤é @import "globals"; @import "container";
  ظ¤é         ^^^^^^^^^
  ظـ╡
  sass\pages\consulting\consulting-details\overview.module.scss 1:9  root stylesheet
    [at Object.wrapException (E:\montership\batd-academy\node_modules\sass\sass.dart.js:2337:47)]
    [at E:\montership\batd-academy\node_modules\sass\sass.dart.js:90314:25]
    [at _wrapJsFunctionForAsync_closure.$protected (E:\montership\batd-academy\node_modules\sass\sass.dart.js:5005:15)]
    [at _wrapJsFunctionForAsync_closure.call$2 (E:\montership\batd-academy\node_modules\sass\sass.dart.js:38714:12)]
    [at _awaitOnObject_closure.call$1 (E:\montership\batd-academy\node_modules\sass\sass.dart.js:38702:32)]
    [at Object._rootRunUnary (E:\montership\batd-academy\node_modules\sass\sass.dart.js:5429:18)]
    [at StaticClosure.<anonymous> (E:\montership\batd-academy\node_modules\sass\sass.dart.js:130137:16)]
    [at _CustomZone.runUnary$2$2 (E:\montership\batd-academy\node_modules\sass\sass.dart.js:40143:39)]
    [at _Future__propagateToListeners_handleValueCallback.call$0 
(E:\montership\batd-academy\node_modules\sass\sass.dart.js:39203:51)]
    [at Object._Future__propagateToListeners (E:\montership\batd-academy\node_modules\sass\sass.dart.js:5215:93)]
    [at _Future._completeWithValue$1 (E:\montership\batd-academy\node_modules\sass\sass.dart.js:39066:9)]
    [at _AsyncAwaitCompleter.complete$1 (E:\montership\batd-academy\node_modules\sass\sass.dart.js:38689:14)]
    [at Object._asyncReturn (E:\montership\batd-academy\node_modules\sass\sass.dart.js:4977:17)]
    [at E:\montership\batd-academy\node_modules\sass\sass.dart.js:98624:24]
    [at _wrapJsFunctionForAsync_closure.$protected (E:\montership\batd-academy\node_modules\sass\sass.dart.js:5005:15)]
    [at _wrapJsFunctionForAsync_closure.call$2 (E:\montership\batd-academy\node_modules\sass\sass.dart.js:38714:12)]
    [at _awaitOnObject_closure.call$1 (E:\montership\batd-academy\node_modules\sass\sass.dart.js:38702:32)]
    [at Object._rootRunUnary (E:\montership\batd-academy\node_modules\sass\sass.dart.js:5429:18)]
    [at StaticClosure.<anonymous> (E:\montership\batd-academy\node_modules\sass\sass.dart.js:130137:16)]
    [at _CustomZone.runUnary$2$2 (E:\montership\batd-academy\node_modules\sass\sass.dart.js:40143:39)]
    [at _Future__propagateToListeners_handleValueCallback.call$0 
(E:\montership\batd-academy\node_modules\sass\sass.dart.js:39203:51)]
    [at Object._Future__propagateToListeners (E:\montership\batd-academy\node_modules\sass\sass.dart.js:5215:93)]
    [at _Future._completeWithValue$1 (E:\montership\batd-academy\node_modules\sass\sass.dart.js:39066:9)]
    [at _AsyncAwaitCompleter.complete$1 (E:\montership\batd-academy\node_modules\sass\sass.dart.js:38689:14)]
    [at Object._asyncReturn (E:\montership\batd-academy\node_modules\sass\sass.dart.js:4977:17)]
    [at E:\montership\batd-academy\node_modules\sass\sass.dart.js:98715:24]
    [at _wrapJsFunctionForAsync_closure.$protected (E:\montership\batd-academy\node_modules\sass\sass.dart.js:5005:15)]
    [at _wrapJsFunctionForAsync_closure.call$2 (E:\montership\batd-academy\node_modules\sass\sass.dart.js:38714:12)]
    [at _awaitOnObject_closure.call$1 (E:\montership\batd-academy\node_modules\sass\sass.dart.js:38702:32)]
    [at Object._rootRunUnary (E:\montership\batd-academy\node_modules\sass\sass.dart.js:5429:18)]
    [at StaticClosure.<anonymous> (E:\montership\batd-academy\node_modules\sass\sass.dart.js:130137:16)]
    [at _CustomZone.runUnary$2$2 (E:\montership\batd-academy\node_modules\sass\sass.dart.js:40143:39)]
    [at _Future__propagateToListeners_handleValueCallback.call$0 
(E:\montership\batd-academy\node_modules\sass\sass.dart.js:39203:51)]
    [at Object._Future__propagateToListeners (E:\montership\batd-academy\node_modules\sass\sass.dart.js:5215:93)]
    [at _Future._completeWithValue$1 (E:\montership\batd-academy\node_modules\sass\sass.dart.js:39066:9)]
    [at _AsyncAwaitCompleter.complete$1 (E:\montership\batd-academy\node_modules\sass\sass.dart.js:38689:14)]
    [at Object._asyncReturn (E:\montership\batd-academy\node_modules\sass\sass.dart.js:4977:17)]
    [at E:\montership\batd-academy\node_modules\sass\sass.dart.js:87892:24]
    [at _wrapJsFunctionForAsync_closure.$protected (E:\montership\batd-academy\node_modules\sass\sass.dart.js:5005:15)]
    [at _wrapJsFunctionForAsync_closure.call$2 (E:\montership\batd-academy\node_modules\sass\sass.dart.js:38714:12)]
    [at _awaitOnObject_closure.call$1 (E:\montership\batd-academy\node_modules\sass\sass.dart.js:38702:32)]
    [at Object._rootRunUnary (E:\montership\batd-academy\node_modules\sass\sass.dart.js:5429:18)]
    [at StaticClosure.<anonymous> (E:\montership\batd-academy\node_modules\sass\sass.dart.js:130137:16)]
    [at _CustomZone.runUnary$2$2 (E:\montership\batd-academy\node_modules\sass\sass.dart.js:40143:39)]
    [at _Future__propagateToListeners_handleValueCallback.call$0 
(E:\montership\batd-academy\node_modules\sass\sass.dart.js:39203:51)]
    [at Object._Future__propagateToListeners (E:\montership\batd-academy\node_modules\sass\sass.dart.js:5215:93)]
    [at _Future._complete$1 (E:\montership\batd-academy\node_modules\sass\sass.dart.js:39058:11)]
    [at _SyncCompleter.complete$1 (E:\montership\batd-academy\node_modules\sass\sass.dart.js:38903:10)]
    [at promiseToFuture_closure1.call$1 (E:\montership\batd-academy\node_modules\sass\sass.dart.js:45605:22)]
    [at Object.Primitives_applyFunction (E:\montership\batd-academy\node_modules\sass\sass.dart.js:2213:30)]

Import trace:
  Server Component:
    ./sass/pages/consulting/consulting-details/overview.module.scss
    ./app/[locale]/(pages)/(consultingDetails)/page/[slug]/Overview.jsx
    ./app/[locale]/(pages)/(consultingDetails)/page/[slug]/page.jsx


./sass/pages/consulting/consulting-details/process.module.scss
Error evaluating Node.js code
Error: Can't find stylesheet to import.
  ظـ╖
1 ظ¤é @import "globals"; @import "container";
  ظ¤é         ^^^^^^^^^
  ظـ╡
  sass\pages\consulting\consulting-details\process.module.scss 1:9  root stylesheet
  (from E:\montership\batd-academy\node_modules\next\dist\build\webpack\loaders\resolve-url-loader\index.js, 
E:\montership\batd-academy\node_modules\next\dist\compiled\sass-loader\cjs.js)
Caused by: Error: Can't find stylesheet to import.
  ظـ╖
1 ظ¤é @import "globals"; @import "container";
  ظ¤é         ^^^^^^^^^
  ظـ╡
  sass\pages\consulting\consulting-details\process.module.scss 1:9  root stylesheet
    [at Object.wrapException (E:\montership\batd-academy\node_modules\sass\sass.dart.js:2337:47)]
    [at E:\montership\batd-academy\node_modules\sass\sass.dart.js:90314:25]
    [at _wrapJsFunctionForAsync_closure.$protected (E:\montership\batd-academy\node_modules\sass\sass.dart.js:5005:15)]
    [at _wrapJsFunctionForAsync_closure.call$2 (E:\montership\batd-academy\node_modules\sass\sass.dart.js:38714:12)]
    [at _awaitOnObject_closure.call$1 (E:\montership\batd-academy\node_modules\sass\sass.dart.js:38702:32)]
    [at Object._rootRunUnary (E:\montership\batd-academy\node_modules\sass\sass.dart.js:5429:18)]
    [at StaticClosure.<anonymous> (E:\montership\batd-academy\node_modules\sass\sass.dart.js:130137:16)]
    [at _CustomZone.runUnary$2$2 (E:\montership\batd-academy\node_modules\sass\sass.dart.js:40143:39)]
    [at _Future__propagateToListeners_handleValueCallback.call$0 
(E:\montership\batd-academy\node_modules\sass\sass.dart.js:39203:51)]
    [at Object._Future__propagateToListeners (E:\montership\batd-academy\node_modules\sass\sass.dart.js:5215:93)]

Import trace:
  Server Component:
    ./sass/pages/consulting/consulting-details/process.module.scss
    ./app/[locale]/(pages)/(consultingDetails)/page/[slug]/Process.jsx
    ./app/[locale]/(pages)/(consultingDetails)/page/[slug]/page.jsx


./sass/pages/consulting/consulting.module.scss
Error evaluating Node.js code
Error: Can't find stylesheet to import.
  ظـ╖
1 ظ¤é @import "globals"; @import "container";
  ظ¤é         ^^^^^^^^^
  ظـ╡
  sass\pages\consulting\consulting.module.scss 1:9  root stylesheet
  (from E:\montership\batd-academy\node_modules\next\dist\build\webpack\loaders\resolve-url-loader\index.js, 
E:\montership\batd-academy\node_modules\next\dist\compiled\sass-loader\cjs.js)
Caused by: Error: Can't find stylesheet to import.
  ظـ╖
1 ظ¤é @import "globals"; @import "container";
  ظ¤é         ^^^^^^^^^
  ظـ╡
  sass\pages\consulting\consulting.module.scss 1:9  root stylesheet
    [at Object.wrapException (E:\montership\batd-academy\node_modules\sass\sass.dart.js:2337:47)]
    [at E:\montership\batd-academy\node_modules\sass\sass.dart.js:90314:25]
    [at _wrapJsFunctionForAsync_closure.$protected (E:\montership\batd-academy\node_modules\sass\sass.dart.js:5005:15)]
    [at _wrapJsFunctionForAsync_closure.call$2 (E:\montership\batd-academy\node_modules\sass\sass.dart.js:38714:12)]
    [at _awaitOnObject_closure.call$1 (E:\montership\batd-academy\node_modules\sass\sass.dart.js:38702:32)]
    [at Object._rootRunUnary (E:\montership\batd-academy\node_modules\sass\sass.dart.js:5429:18)]
    [at StaticClosure.<anonymous> (E:\montership\batd-academy\node_modules\sass\sass.dart.js:130137:16)]
    [at _CustomZone.runUnary$2$2 (E:\montership\batd-academy\node_modules\sass\sass.dart.js:40143:39)]
    [at _Future__propagateToListeners_handleValueCallback.call$0 
(E:\montership\batd-academy\node_modules\sass\sass.dart.js:39203:51)]
    [at Object._Future__propagateToListeners (E:\montership\batd-academy\node_modules\sass\sass.dart.js:5215:93)]
    [at _Future._completeWithValue$1 (E:\montership\batd-academy\node_modules\sass\sass.dart.js:39066:9)]
    [at _AsyncAwaitCompleter.complete$1 (E:\montership\batd-academy\node_modules\sass\sass.dart.js:38689:14)]
    [at Object._asyncReturn (E:\montership\batd-academy\node_modules\sass\sass.dart.js:4977:17)]
    [at E:\montership\batd-academy\node_modules\sass\sass.dart.js:98624:24]
    [at _wrapJsFunctionForAsync_closure.$protected (E:\montership\batd-academy\node_modules\sass\sass.dart.js:5005:15)]
    [at _wrapJsFunctionForAsync_closure.call$2 (E:\montership\batd-academy\node_modules\sass\sass.dart.js:38714:12)]
    [at _awaitOnObject_closure.call$1 (E:\montership\batd-academy\node_modules\sass\sass.dart.js:38702:32)]
    [at Object._rootRunUnary (E:\montership\batd-academy\node_modules\sass\sass.dart.js:5429:18)]
    [at StaticClosure.<anonymous> (E:\montership\batd-academy\node_modules\sass\sass.dart.js:130137:16)]
    [at _CustomZone.runUnary$2$2 (E:\montership\batd-academy\node_modules\sass\sass.dart.js:40143:39)]
    [at _Future__propagateToListeners_handleValueCallback.call$0 
(E:\montership\batd-academy\node_modules\sass\sass.dart.js:39203:51)]
    [at Object._Future__propagateToListeners (E:\montership\batd-academy\node_modules\sass\sass.dart.js:5215:93)]
    [at _Future._completeWithValue$1 (E:\montership\batd-academy\node_modules\sass\sass.dart.js:39066:9)]
    [at _AsyncAwaitCompleter.complete$1 (E:\montership\batd-academy\node_modules\sass\sass.dart.js:38689:14)]
    [at Object._asyncReturn (E:\montership\batd-academy\node_modules\sass\sass.dart.js:4977:17)]
    [at E:\montership\batd-academy\node_modules\sass\sass.dart.js:98715:24]
    [at _wrapJsFunctionForAsync_closure.$protected (E:\montership\batd-academy\node_modules\sass\sass.dart.js:5005:15)]
    [at _wrapJsFunctionForAsync_closure.call$2 (E:\montership\batd-academy\node_modules\sass\sass.dart.js:38714:12)]
    [at _awaitOnObject_closure.call$1 (E:\montership\batd-academy\node_modules\sass\sass.dart.js:38702:32)]
    [at Object._rootRunUnary (E:\montership\batd-academy\node_modules\sass\sass.dart.js:5429:18)]
    [at StaticClosure.<anonymous> (E:\montership\batd-academy\node_modules\sass\sass.dart.js:130137:16)]
    [at _CustomZone.runUnary$2$2 (E:\montership\batd-academy\node_modules\sass\sass.dart.js:40143:39)]
    [at _Future__propagateToListeners_handleValueCallback.call$0 
(E:\montership\batd-academy\node_modules\sass\sass.dart.js:39203:51)]
    [at Object._Future__propagateToListeners (E:\montership\batd-academy\node_modules\sass\sass.dart.js:5215:93)]
    [at _Future._completeWithValue$1 (E:\montership\batd-academy\node_modules\sass\sass.dart.js:39066:9)]
    [at _AsyncAwaitCompleter.complete$1 (E:\montership\batd-academy\node_modules\sass\sass.dart.js:38689:14)]
    [at Object._asyncReturn (E:\montership\batd-academy\node_modules\sass\sass.dart.js:4977:17)]
    [at E:\montership\batd-academy\node_modules\sass\sass.dart.js:87892:24]
    [at _wrapJsFunctionForAsync_closure.$protected (E:\montership\batd-academy\node_modules\sass\sass.dart.js:5005:15)]
    [at _wrapJsFunctionForAsync_closure.call$2 (E:\montership\batd-academy\node_modules\sass\sass.dart.js:38714:12)]
    [at _awaitOnObject_closure.call$1 (E:\montership\batd-academy\node_modules\sass\sass.dart.js:38702:32)]
    [at Object._rootRunUnary (E:\montership\batd-academy\node_modules\sass\sass.dart.js:5429:18)]
    [at StaticClosure.<anonymous> (E:\montership\batd-academy\node_modules\sass\sass.dart.js:130137:16)]
    [at _CustomZone.runUnary$2$2 (E:\montership\batd-academy\node_modules\sass\sass.dart.js:40143:39)]
    [at _Future__propagateToListeners_handleValueCallback.call$0 
(E:\montership\batd-academy\node_modules\sass\sass.dart.js:39203:51)]
    [at Object._Future__propagateToListeners (E:\montership\batd-academy\node_modules\sass\sass.dart.js:5215:93)]
    [at _Future._complete$1 (E:\montership\batd-academy\node_modules\sass\sass.dart.js:39058:11)]
    [at _SyncCompleter.complete$1 (E:\montership\batd-academy\node_modules\sass\sass.dart.js:38903:10)]
    [at promiseToFuture_closure1.call$1 (E:\montership\batd-academy\node_modules\sass\sass.dart.js:45605:22)]
    [at Object.Primitives_applyFunction (E:\montership\batd-academy\node_modules\sass\sass.dart.js:2213:30)]

Import trace:
  Server Component:
    ./sass/pages/consulting/consulting.module.scss
    ./app/[locale]/(pages)/consulting/page.jsx


./sass/pages/consulting/expert-card.module.scss
Error evaluating Node.js code
Error: Can't find stylesheet to import.
  ظـ╖
1 ظ¤é @import "globals"; @import "container";
  ظ¤é         ^^^^^^^^^
  ظـ╡
  sass\pages\consulting\expert-card.module.scss 1:9  root stylesheet
  (from E:\montership\batd-academy\node_modules\next\dist\build\webpack\loaders\resolve-url-loader\index.js, 
E:\montership\batd-academy\node_modules\next\dist\compiled\sass-loader\cjs.js)
Caused by: Error: Can't find stylesheet to import.
  ظـ╖
1 ظ¤é @import "globals"; @import "container";
  ظ¤é         ^^^^^^^^^
  ظـ╡
  sass\pages\consulting\expert-card.module.scss 1:9  root stylesheet
    [at Object.wrapException (E:\montership\batd-academy\node_modules\sass\sass.dart.js:2337:47)]
    [at E:\montership\batd-academy\node_modules\sass\sass.dart.js:90314:25]
    [at _wrapJsFunctionForAsync_closure.$protected (E:\montership\batd-academy\node_modules\sass\sass.dart.js:5005:15)]
    [at _wrapJsFunctionForAsync_closure.call$2 (E:\montership\batd-academy\node_modules\sass\sass.dart.js:38714:12)]
    [at _awaitOnObject_closure.call$1 (E:\montership\batd-academy\node_modules\sass\sass.dart.js:38702:32)]
    [at Object._rootRunUnary (E:\montership\batd-academy\node_modules\sass\sass.dart.js:5429:18)]
    [at StaticClosure.<anonymous> (E:\montership\batd-academy\node_modules\sass\sass.dart.js:130137:16)]
    [at _CustomZone.runUnary$2$2 (E:\montership\batd-academy\node_modules\sass\sass.dart.js:40143:39)]
    [at _Future__propagateToListeners_handleValueCallback.call$0 
(E:\montership\batd-academy\node_modules\sass\sass.dart.js:39203:51)]
    [at Object._Future__propagateToListeners (E:\montership\batd-academy\node_modules\sass\sass.dart.js:5215:93)]

Import trace:
  Server Component:
    ./sass/pages/consulting/expert-card.module.scss
    ./app/[locale]/(pages)/consulting/ExpertCard.jsx
    ./app/[locale]/(pages)/consulting/page.jsx


./sass/pages/consulting/header.module.scss
Error evaluating Node.js code
Error: Can't find stylesheet to import.
  ظـ╖
1 ظ¤é @import "globals"; @import "container";
  ظ¤é         ^^^^^^^^^
  ظـ╡
  sass\pages\consulting\header.module.scss 1:9  root stylesheet
  (from E:\montership\batd-academy\node_modules\next\dist\build\webpack\loaders\resolve-url-loader\index.js, 
E:\montership\batd-academy\node_modules\next\dist\compiled\sass-loader\cjs.js)
Caused by: Error: Can't find stylesheet to import.
  ظـ╖
1 ظ¤é @import "globals"; @import "container";
  ظ¤é         ^^^^^^^^^
  ظـ╡
  sass\pages\consulting\header.module.scss 1:9  root stylesheet
    [at Object.wrapException (E:\montership\batd-academy\node_modules\sass\sass.dart.js:2337:47)]
    [at E:\montership\batd-academy\node_modules\sass\sass.dart.js:90314:25]
    [at _wrapJsFunctionForAsync_closure.$protected (E:\montership\batd-academy\node_modules\sass\sass.dart.js:5005:15)]
    [at _wrapJsFunctionForAsync_closure.call$2 (E:\montership\batd-academy\node_modules\sass\sass.dart.js:38714:12)]
    [at _awaitOnObject_closure.call$1 (E:\montership\batd-academy\node_modules\sass\sass.dart.js:38702:32)]
    [at Object._rootRunUnary (E:\montership\batd-academy\node_modules\sass\sass.dart.js:5429:18)]
    [at StaticClosure.<anonymous> (E:\montership\batd-academy\node_modules\sass\sass.dart.js:130137:16)]
    [at _CustomZone.runUnary$2$2 (E:\montership\batd-academy\node_modules\sass\sass.dart.js:40143:39)]
    [at _Future__propagateToListeners_handleValueCallback.call$0 
(E:\montership\batd-academy\node_modules\sass\sass.dart.js:39203:51)]
    [at Object._Future__propagateToListeners (E:\montership\batd-academy\node_modules\sass\sass.dart.js:5215:93)]

Import traces:
  Client Component Browser:
    ./sass/pages/consulting/header.module.scss [Client Component Browser]
    ./app/[locale]/(pages)/consulting/Header.jsx [Client Component Browser]
    ./app/[locale]/(pages)/consulting/Header.jsx [Server Component]
    ./app/[locale]/(pages)/consulting/page.jsx [Server Component]

  Client Component SSR:
    ./sass/pages/consulting/header.module.scss [Client Component SSR]
    ./app/[locale]/(pages)/consulting/Header.jsx [Client Component SSR]
    ./app/[locale]/(pages)/consulting/Header.jsx [Server Component]
    ./app/[locale]/(pages)/consulting/page.jsx [Server Component]


./sass/pages/contact/contact.module.scss
Error evaluating Node.js code
Error: Can't find stylesheet to import.
  ظـ╖
1 ظ¤é @import "globals"; @import "container";
  ظ¤é         ^^^^^^^^^
  ظـ╡
  sass\pages\contact\contact.module.scss 1:9  root stylesheet
  (from E:\montership\batd-academy\node_modules\next\dist\build\webpack\loaders\resolve-url-loader\index.js, 
E:\montership\batd-academy\node_modules\next\dist\compiled\sass-loader\cjs.js)
Caused by: Error: Can't find stylesheet to import.
  ظـ╖
1 ظ¤é @import "globals"; @import "container";
  ظ¤é         ^^^^^^^^^
  ظـ╡
  sass\pages\contact\contact.module.scss 1:9  root stylesheet
    [at Object.wrapException (E:\montership\batd-academy\node_modules\sass\sass.dart.js:2337:47)]
    [at E:\montership\batd-academy\node_modules\sass\sass.dart.js:90314:25]
    [at _wrapJsFunctionForAsync_closure.$protected (E:\montership\batd-academy\node_modules\sass\sass.dart.js:5005:15)]
    [at _wrapJsFunctionForAsync_closure.call$2 (E:\montership\batd-academy\node_modules\sass\sass.dart.js:38714:12)]
    [at _awaitOnObject_closure.call$1 (E:\montership\batd-academy\node_modules\sass\sass.dart.js:38702:32)]
    [at Object._rootRunUnary (E:\montership\batd-academy\node_modules\sass\sass.dart.js:5429:18)]
    [at StaticClosure.<anonymous> (E:\montership\batd-academy\node_modules\sass\sass.dart.js:130137:16)]
    [at _CustomZone.runUnary$2$2 (E:\montership\batd-academy\node_modules\sass\sass.dart.js:40143:39)]
    [at _Future__propagateToListeners_handleValueCallback.call$0 
(E:\montership\batd-academy\node_modules\sass\sass.dart.js:39203:51)]
    [at Object._Future__propagateToListeners (E:\montership\batd-academy\node_modules\sass\sass.dart.js:5215:93)]

Import trace:
  Server Component:
    ./sass/pages/contact/contact.module.scss
    ./app/[locale]/(pages)/contact_us/page.jsx


./sass/pages/contact/form.module.scss
Error evaluating Node.js code
Error: Can't find stylesheet to import.
  ظـ╖
1 ظ¤é @import "globals"; @import "container";
  ظ¤é         ^^^^^^^^^
  ظـ╡
  sass\pages\contact\form.module.scss 1:9  root stylesheet
  (from E:\montership\batd-academy\node_modules\next\dist\build\webpack\loaders\resolve-url-loader\index.js, 
E:\montership\batd-academy\node_modules\next\dist\compiled\sass-loader\cjs.js)
Caused by: Error: Can't find stylesheet to import.
  ظـ╖
1 ظ¤é @import "globals"; @import "container";
  ظ¤é         ^^^^^^^^^
  ظـ╡
  sass\pages\contact\form.module.scss 1:9  root stylesheet
    [at Object.wrapException (E:\montership\batd-academy\node_modules\sass\sass.dart.js:2337:47)]
    [at E:\montership\batd-academy\node_modules\sass\sass.dart.js:90314:25]
    [at _wrapJsFunctionForAsync_closure.$protected (E:\montership\batd-academy\node_modules\sass\sass.dart.js:5005:15)]
    [at _wrapJsFunctionForAsync_closure.call$2 (E:\montership\batd-academy\node_modules\sass\sass.dart.js:38714:12)]
    [at _awaitOnObject_closure.call$1 (E:\montership\batd-academy\node_modules\sass\sass.dart.js:38702:32)]
    [at Object._rootRunUnary (E:\montership\batd-academy\node_modules\sass\sass.dart.js:5429:18)]
    [at StaticClosure.<anonymous> (E:\montership\batd-academy\node_modules\sass\sass.dart.js:130137:16)]
    [at _CustomZone.runUnary$2$2 (E:\montership\batd-academy\node_modules\sass\sass.dart.js:40143:39)]
    [at _Future__propagateToListeners_handleValueCallback.call$0 
(E:\montership\batd-academy\node_modules\sass\sass.dart.js:39203:51)]
    [at Object._Future__propagateToListeners (E:\montership\batd-academy\node_modules\sass\sass.dart.js:5215:93)]

Import traces:
  Client Component Browser:
    ./sass/pages/contact/form.module.scss [Client Component Browser]
    ./app/[locale]/(pages)/contact_us/ContactForm.jsx [Client Component Browser]
    ./app/[locale]/(pages)/contact_us/ContactForm.jsx [Server Component]
    ./app/[locale]/(pages)/contact_us/page.jsx [Server Component]

  Client Component SSR:
    ./sass/pages/contact/form.module.scss [Client Component SSR]
    ./app/[locale]/(pages)/contact_us/ContactForm.jsx [Client Component SSR]
    ./app/[locale]/(pages)/contact_us/ContactForm.jsx [Server Component]
    ./app/[locale]/(pages)/contact_us/page.jsx [Server Component]


./sass/pages/contact/header.module.scss
Error evaluating Node.js code
Error: Can't find stylesheet to import.
  ظـ╖
1 ظ¤é @import "globals"; @import "container";
  ظ¤é         ^^^^^^^^^
  ظـ╡
  sass\pages\contact\header.module.scss 1:9  root stylesheet
  (from E:\montership\batd-academy\node_modules\next\dist\build\webpack\loaders\resolve-url-loader\index.js, 
E:\montership\batd-academy\node_modules\next\dist\compiled\sass-loader\cjs.js)
Caused by: Error: Can't find stylesheet to import.
  ظـ╖
1 ظ¤é @import "globals"; @import "container";
  ظ¤é         ^^^^^^^^^
  ظـ╡
  sass\pages\contact\header.module.scss 1:9  root stylesheet
    [at Object.wrapException (E:\montership\batd-academy\node_modules\sass\sass.dart.js:2337:47)]
    [at E:\montership\batd-academy\node_modules\sass\sass.dart.js:90314:25]
    [at _wrapJsFunctionForAsync_closure.$protected (E:\montership\batd-academy\node_modules\sass\sass.dart.js:5005:15)]
    [at _wrapJsFunctionForAsync_closure.call$2 (E:\montership\batd-academy\node_modules\sass\sass.dart.js:38714:12)]
    [at _awaitOnObject_closure.call$1 (E:\montership\batd-academy\node_modules\sass\sass.dart.js:38702:32)]
    [at Object._rootRunUnary (E:\montership\batd-academy\node_modules\sass\sass.dart.js:5429:18)]
    [at StaticClosure.<anonymous> (E:\montership\batd-academy\node_modules\sass\sass.dart.js:130137:16)]
    [at _CustomZone.runUnary$2$2 (E:\montership\batd-academy\node_modules\sass\sass.dart.js:40143:39)]
    [at _Future__propagateToListeners_handleValueCallback.call$0 
(E:\montership\batd-academy\node_modules\sass\sass.dart.js:39203:51)]
    [at Object._Future__propagateToListeners (E:\montership\batd-academy\node_modules\sass\sass.dart.js:5215:93)]

Import trace:
  Server Component:
    ./sass/pages/contact/header.module.scss
    ./app/[locale]/(pages)/contact_us/Header.jsx
    ./app/[locale]/(pages)/contact_us/page.jsx


./sass/pages/contact/offices.module.scss
Error evaluating Node.js code
Error: Can't find stylesheet to import.
  ظـ╖
1 ظ¤é @import "globals"; @import "container";
  ظ¤é         ^^^^^^^^^
  ظـ╡
  sass\pages\contact\offices.module.scss 1:9  root stylesheet
  (from E:\montership\batd-academy\node_modules\next\dist\build\webpack\loaders\resolve-url-loader\index.js, 
E:\montership\batd-academy\node_modules\next\dist\compiled\sass-loader\cjs.js)
Caused by: Error: Can't find stylesheet to import.
  ظـ╖
1 ظ¤é @import "globals"; @import "container";
  ظ¤é         ^^^^^^^^^
  ظـ╡
  sass\pages\contact\offices.module.scss 1:9  root stylesheet
    [at Object.wrapException (E:\montership\batd-academy\node_modules\sass\sass.dart.js:2337:47)]
    [at E:\montership\batd-academy\node_modules\sass\sass.dart.js:90314:25]
    [at _wrapJsFunctionForAsync_closure.$protected (E:\montership\batd-academy\node_modules\sass\sass.dart.js:5005:15)]
    [at _wrapJsFunctionForAsync_closure.call$2 (E:\montership\batd-academy\node_modules\sass\sass.dart.js:38714:12)]
    [at _awaitOnObject_closure.call$1 (E:\montership\batd-academy\node_modules\sass\sass.dart.js:38702:32)]
    [at Object._rootRunUnary (E:\montership\batd-academy\node_modules\sass\sass.dart.js:5429:18)]
    [at StaticClosure.<anonymous> (E:\montership\batd-academy\node_modules\sass\sass.dart.js:130137:16)]
    [at _CustomZone.runUnary$2$2 (E:\montership\batd-academy\node_modules\sass\sass.dart.js:40143:39)]
    [at _Future__propagateToListeners_handleValueCallback.call$0 
(E:\montership\batd-academy\node_modules\sass\sass.dart.js:39203:51)]
    [at Object._Future__propagateToListeners (E:\montership\batd-academy\node_modules\sass\sass.dart.js:5215:93)]

Import trace:
  Server Component:
    ./sass/pages/contact/offices.module.scss
    ./app/[locale]/(pages)/contact_us/OurOffices.jsx
    ./app/[locale]/(pages)/contact_us/page.jsx


./sass/pages/course-details-by-city/course-details-by-city.module.scss
Error evaluating Node.js code
Error: Can't find stylesheet to import.
  ظـ╖
1 ظ¤é @import "globals"; @import "container";
  ظ¤é         ^^^^^^^^^
  ظـ╡
  sass\pages\course-details-by-city\course-details-by-city.module.scss 1:9  root stylesheet
  (from E:\montership\batd-academy\node_modules\next\dist\build\webpack\loaders\resolve-url-loader\index.js, 
E:\montership\batd-academy\node_modules\next\dist\compiled\sass-loader\cjs.js)
Caused by: Error: Can't find stylesheet to import.
  ظـ╖
1 ظ¤é @import "globals"; @import "container";
  ظ¤é         ^^^^^^^^^
  ظـ╡
  sass\pages\course-details-by-city\course-details-by-city.module.scss 1:9  root stylesheet
    [at Object.wrapException (E:\montership\batd-academy\node_modules\sass\sass.dart.js:2337:47)]
    [at E:\montership\batd-academy\node_modules\sass\sass.dart.js:90314:25]
    [at _wrapJsFunctionForAsync_closure.$protected (E:\montership\batd-academy\node_modules\sass\sass.dart.js:5005:15)]
    [at _wrapJsFunctionForAsync_closure.call$2 (E:\montership\batd-academy\node_modules\sass\sass.dart.js:38714:12)]
    [at _awaitOnObject_closure.call$1 (E:\montership\batd-academy\node_modules\sass\sass.dart.js:38702:32)]
    [at Object._rootRunUnary (E:\montership\batd-academy\node_modules\sass\sass.dart.js:5429:18)]
    [at StaticClosure.<anonymous> (E:\montership\batd-academy\node_modules\sass\sass.dart.js:130137:16)]
    [at _CustomZone.runUnary$2$2 (E:\montership\batd-academy\node_modules\sass\sass.dart.js:40143:39)]
    [at _Future__propagateToListeners_handleValueCallback.call$0 
(E:\montership\batd-academy\node_modules\sass\sass.dart.js:39203:51)]
    [at Object._Future__propagateToListeners (E:\montership\batd-academy\node_modules\sass\sass.dart.js:5215:93)]
    [at _Future._completeWithValue$1 (E:\montership\batd-academy\node_modules\sass\sass.dart.js:39066:9)]
    [at _AsyncAwaitCompleter.complete$1 (E:\montership\batd-academy\node_modules\sass\sass.dart.js:38689:14)]
    [at Object._asyncReturn (E:\montership\batd-academy\node_modules\sass\sass.dart.js:4977:17)]
    [at E:\montership\batd-academy\node_modules\sass\sass.dart.js:98624:24]
    [at _wrapJsFunctionForAsync_closure.$protected (E:\montership\batd-academy\node_modules\sass\sass.dart.js:5005:15)]
    [at _wrapJsFunctionForAsync_closure.call$2 (E:\montership\batd-academy\node_modules\sass\sass.dart.js:38714:12)]
    [at _awaitOnObject_closure.call$1 (E:\montership\batd-academy\node_modules\sass\sass.dart.js:38702:32)]
    [at Object._rootRunUnary (E:\montership\batd-academy\node_modules\sass\sass.dart.js:5429:18)]
    [at StaticClosure.<anonymous> (E:\montership\batd-academy\node_modules\sass\sass.dart.js:130137:16)]
    [at _CustomZone.runUnary$2$2 (E:\montership\batd-academy\node_modules\sass\sass.dart.js:40143:39)]
    [at _Future__propagateToListeners_handleValueCallback.call$0 
(E:\montership\batd-academy\node_modules\sass\sass.dart.js:39203:51)]
    [at Object._Future__propagateToListeners (E:\montership\batd-academy\node_modules\sass\sass.dart.js:5215:93)]
    [at _Future._completeWithValue$1 (E:\montership\batd-academy\node_modules\sass\sass.dart.js:39066:9)]
    [at _AsyncAwaitCompleter.complete$1 (E:\montership\batd-academy\node_modules\sass\sass.dart.js:38689:14)]
    [at Object._asyncReturn (E:\montership\batd-academy\node_modules\sass\sass.dart.js:4977:17)]
    [at E:\montership\batd-academy\node_modules\sass\sass.dart.js:98715:24]
    [at _wrapJsFunctionForAsync_closure.$protected (E:\montership\batd-academy\node_modules\sass\sass.dart.js:5005:15)]
    [at _wrapJsFunctionForAsync_closure.call$2 (E:\montership\batd-academy\node_modules\sass\sass.dart.js:38714:12)]
    [at _awaitOnObject_closure.call$1 (E:\montership\batd-academy\node_modules\sass\sass.dart.js:38702:32)]
    [at Object._rootRunUnary (E:\montership\batd-academy\node_modules\sass\sass.dart.js:5429:18)]
    [at StaticClosure.<anonymous> (E:\montership\batd-academy\node_modules\sass\sass.dart.js:130137:16)]
    [at _CustomZone.runUnary$2$2 (E:\montership\batd-academy\node_modules\sass\sass.dart.js:40143:39)]
    [at _Future__propagateToListeners_handleValueCallback.call$0 
(E:\montership\batd-academy\node_modules\sass\sass.dart.js:39203:51)]
    [at Object._Future__propagateToListeners (E:\montership\batd-academy\node_modules\sass\sass.dart.js:5215:93)]
    [at _Future._completeWithValue$1 (E:\montership\batd-academy\node_modules\sass\sass.dart.js:39066:9)]
    [at _AsyncAwaitCompleter.complete$1 (E:\montership\batd-academy\node_modules\sass\sass.dart.js:38689:14)]
    [at Object._asyncReturn (E:\montership\batd-academy\node_modules\sass\sass.dart.js:4977:17)]
    [at E:\montership\batd-academy\node_modules\sass\sass.dart.js:87892:24]
    [at _wrapJsFunctionForAsync_closure.$protected (E:\montership\batd-academy\node_modules\sass\sass.dart.js:5005:15)]
    [at _wrapJsFunctionForAsync_closure.call$2 (E:\montership\batd-academy\node_modules\sass\sass.dart.js:38714:12)]
    [at _awaitOnObject_closure.call$1 (E:\montership\batd-academy\node_modules\sass\sass.dart.js:38702:32)]
    [at Object._rootRunUnary (E:\montership\batd-academy\node_modules\sass\sass.dart.js:5429:18)]
    [at StaticClosure.<anonymous> (E:\montership\batd-academy\node_modules\sass\sass.dart.js:130137:16)]
    [at _CustomZone.runUnary$2$2 (E:\montership\batd-academy\node_modules\sass\sass.dart.js:40143:39)]
    [at _Future__propagateToListeners_handleValueCallback.call$0 
(E:\montership\batd-academy\node_modules\sass\sass.dart.js:39203:51)]
    [at Object._Future__propagateToListeners (E:\montership\batd-academy\node_modules\sass\sass.dart.js:5215:93)]
    [at _Future._complete$1 (E:\montership\batd-academy\node_modules\sass\sass.dart.js:39058:11)]
    [at _SyncCompleter.complete$1 (E:\montership\batd-academy\node_modules\sass\sass.dart.js:38903:10)]
    [at promiseToFuture_closure1.call$1 (E:\montership\batd-academy\node_modules\sass\sass.dart.js:45605:22)]
    [at Object.Primitives_applyFunction (E:\montership\batd-academy\node_modules\sass\sass.dart.js:2213:30)]

Import trace:
  Server Component:
    ./sass/pages/course-details-by-city/course-details-by-city.module.scss
    ./app/[locale]/(pages)/city/[id]/[slug]/page.jsx


./sass/pages/course-details-by-city/header.module.scss
Error evaluating Node.js code
Error: Can't find stylesheet to import.
  ظـ╖
1 ظ¤é @import "globals"; @import "container";
  ظ¤é         ^^^^^^^^^
  ظـ╡
  sass\pages\course-details-by-city\header.module.scss 1:9  root stylesheet
  (from E:\montership\batd-academy\node_modules\next\dist\build\webpack\loaders\resolve-url-loader\index.js, 
E:\montership\batd-academy\node_modules\next\dist\compiled\sass-loader\cjs.js)
Caused by: Error: Can't find stylesheet to import.
  ظـ╖
1 ظ¤é @import "globals"; @import "container";
  ظ¤é         ^^^^^^^^^
  ظـ╡
  sass\pages\course-details-by-city\header.module.scss 1:9  root stylesheet
    [at Object.wrapException (E:\montership\batd-academy\node_modules\sass\sass.dart.js:2337:47)]
    [at E:\montership\batd-academy\node_modules\sass\sass.dart.js:90314:25]
    [at _wrapJsFunctionForAsync_closure.$protected (E:\montership\batd-academy\node_modules\sass\sass.dart.js:5005:15)]
    [at _wrapJsFunctionForAsync_closure.call$2 (E:\montership\batd-academy\node_modules\sass\sass.dart.js:38714:12)]
    [at _awaitOnObject_closure.call$1 (E:\montership\batd-academy\node_modules\sass\sass.dart.js:38702:32)]
    [at Object._rootRunUnary (E:\montership\batd-academy\node_modules\sass\sass.dart.js:5429:18)]
    [at StaticClosure.<anonymous> (E:\montership\batd-academy\node_modules\sass\sass.dart.js:130137:16)]
    [at _CustomZone.runUnary$2$2 (E:\montership\batd-academy\node_modules\sass\sass.dart.js:40143:39)]
    [at _Future__propagateToListeners_handleValueCallback.call$0 
(E:\montership\batd-academy\node_modules\sass\sass.dart.js:39203:51)]
    [at Object._Future__propagateToListeners (E:\montership\batd-academy\node_modules\sass\sass.dart.js:5215:93)]

Import traces:
  Client Component Browser:
    ./sass/pages/course-details-by-city/header.module.scss [Client Component Browser]
    ./app/[locale]/(pages)/city/[id]/[slug]/Header.jsx [Client Component Browser]
    ./app/[locale]/(pages)/city/[id]/[slug]/Header.jsx [Server Component]
    ./app/[locale]/(pages)/city/[id]/[slug]/page.jsx [Server Component]

  Client Component SSR:
    ./sass/pages/course-details-by-city/header.module.scss [Client Component SSR]
    ./app/[locale]/(pages)/city/[id]/[slug]/Header.jsx [Client Component SSR]
    ./app/[locale]/(pages)/city/[id]/[slug]/Header.jsx [Server Component]
    ./app/[locale]/(pages)/city/[id]/[slug]/page.jsx [Server Component]


./sass/pages/course-details-by-city/navgation-bar.module.scss
Error evaluating Node.js code
Error: Can't find stylesheet to import.
  ظـ╖
1 ظ¤é @import "globals"; @import "container";
  ظ¤é         ^^^^^^^^^
  ظـ╡
  sass\pages\course-details-by-city\navgation-bar.module.scss 1:9  root stylesheet
  (from E:\montership\batd-academy\node_modules\next\dist\build\webpack\loaders\resolve-url-loader\index.js, 
E:\montership\batd-academy\node_modules\next\dist\compiled\sass-loader\cjs.js)
Caused by: Error: Can't find stylesheet to import.
  ظـ╖
1 ظ¤é @import "globals"; @import "container";
  ظ¤é         ^^^^^^^^^
  ظـ╡
  sass\pages\course-details-by-city\navgation-bar.module.scss 1:9  root stylesheet
    [at Object.wrapException (E:\montership\batd-academy\node_modules\sass\sass.dart.js:2337:47)]
    [at E:\montership\batd-academy\node_modules\sass\sass.dart.js:90314:25]
    [at _wrapJsFunctionForAsync_closure.$protected (E:\montership\batd-academy\node_modules\sass\sass.dart.js:5005:15)]
    [at _wrapJsFunctionForAsync_closure.call$2 (E:\montership\batd-academy\node_modules\sass\sass.dart.js:38714:12)]
    [at _awaitOnObject_closure.call$1 (E:\montership\batd-academy\node_modules\sass\sass.dart.js:38702:32)]
    [at Object._rootRunUnary (E:\montership\batd-academy\node_modules\sass\sass.dart.js:5429:18)]
    [at StaticClosure.<anonymous> (E:\montership\batd-academy\node_modules\sass\sass.dart.js:130137:16)]
    [at _CustomZone.runUnary$2$2 (E:\montership\batd-academy\node_modules\sass\sass.dart.js:40143:39)]
    [at _Future__propagateToListeners_handleValueCallback.call$0 
(E:\montership\batd-academy\node_modules\sass\sass.dart.js:39203:51)]
    [at Object._Future__propagateToListeners (E:\montership\batd-academy\node_modules\sass\sass.dart.js:5215:93)]
    [at _Future._completeWithValue$1 (E:\montership\batd-academy\node_modules\sass\sass.dart.js:39066:9)]
    [at _AsyncAwaitCompleter.complete$1 (E:\montership\batd-academy\node_modules\sass\sass.dart.js:38689:14)]
    [at Object._asyncReturn (E:\montership\batd-academy\node_modules\sass\sass.dart.js:4977:17)]
    [at E:\montership\batd-academy\node_modules\sass\sass.dart.js:98624:24]
    [at _wrapJsFunctionForAsync_closure.$protected (E:\montership\batd-academy\node_modules\sass\sass.dart.js:5005:15)]
    [at _wrapJsFunctionForAsync_closure.call$2 (E:\montership\batd-academy\node_modules\sass\sass.dart.js:38714:12)]
    [at _awaitOnObject_closure.call$1 (E:\montership\batd-academy\node_modules\sass\sass.dart.js:38702:32)]
    [at Object._rootRunUnary (E:\montership\batd-academy\node_modules\sass\sass.dart.js:5429:18)]
    [at StaticClosure.<anonymous> (E:\montership\batd-academy\node_modules\sass\sass.dart.js:130137:16)]
    [at _CustomZone.runUnary$2$2 (E:\montership\batd-academy\node_modules\sass\sass.dart.js:40143:39)]
    [at _Future__propagateToListeners_handleValueCallback.call$0 
(E:\montership\batd-academy\node_modules\sass\sass.dart.js:39203:51)]
    [at Object._Future__propagateToListeners (E:\montership\batd-academy\node_modules\sass\sass.dart.js:5215:93)]
    [at _Future._completeWithValue$1 (E:\montership\batd-academy\node_modules\sass\sass.dart.js:39066:9)]
    [at _AsyncAwaitCompleter.complete$1 (E:\montership\batd-academy\node_modules\sass\sass.dart.js:38689:14)]
    [at Object._asyncReturn (E:\montership\batd-academy\node_modules\sass\sass.dart.js:4977:17)]
    [at E:\montership\batd-academy\node_modules\sass\sass.dart.js:98715:24]
    [at _wrapJsFunctionForAsync_closure.$protected (E:\montership\batd-academy\node_modules\sass\sass.dart.js:5005:15)]
    [at _wrapJsFunctionForAsync_closure.call$2 (E:\montership\batd-academy\node_modules\sass\sass.dart.js:38714:12)]
    [at _awaitOnObject_closure.call$1 (E:\montership\batd-academy\node_modules\sass\sass.dart.js:38702:32)]
    [at Object._rootRunUnary (E:\montership\batd-academy\node_modules\sass\sass.dart.js:5429:18)]
    [at StaticClosure.<anonymous> (E:\montership\batd-academy\node_modules\sass\sass.dart.js:130137:16)]
    [at _CustomZone.runUnary$2$2 (E:\montership\batd-academy\node_modules\sass\sass.dart.js:40143:39)]
    [at _Future__propagateToListeners_handleValueCallback.call$0 
(E:\montership\batd-academy\node_modules\sass\sass.dart.js:39203:51)]
    [at Object._Future__propagateToListeners (E:\montership\batd-academy\node_modules\sass\sass.dart.js:5215:93)]
    [at _Future._completeWithValue$1 (E:\montership\batd-academy\node_modules\sass\sass.dart.js:39066:9)]
    [at _AsyncAwaitCompleter.complete$1 (E:\montership\batd-academy\node_modules\sass\sass.dart.js:38689:14)]
    [at Object._asyncReturn (E:\montership\batd-academy\node_modules\sass\sass.dart.js:4977:17)]
    [at E:\montership\batd-academy\node_modules\sass\sass.dart.js:87892:24]
    [at _wrapJsFunctionForAsync_closure.$protected (E:\montership\batd-academy\node_modules\sass\sass.dart.js:5005:15)]
    [at _wrapJsFunctionForAsync_closure.call$2 (E:\montership\batd-academy\node_modules\sass\sass.dart.js:38714:12)]
    [at _awaitOnObject_closure.call$1 (E:\montership\batd-academy\node_modules\sass\sass.dart.js:38702:32)]
    [at Object._rootRunUnary (E:\montership\batd-academy\node_modules\sass\sass.dart.js:5429:18)]
    [at StaticClosure.<anonymous> (E:\montership\batd-academy\node_modules\sass\sass.dart.js:130137:16)]
    [at _CustomZone.runUnary$2$2 (E:\montership\batd-academy\node_modules\sass\sass.dart.js:40143:39)]
    [at _Future__propagateToListeners_handleValueCallback.call$0 
(E:\montership\batd-academy\node_modules\sass\sass.dart.js:39203:51)]
    [at Object._Future__propagateToListeners (E:\montership\batd-academy\node_modules\sass\sass.dart.js:5215:93)]
    [at _Future._complete$1 (E:\montership\batd-academy\node_modules\sass\sass.dart.js:39058:11)]
    [at _SyncCompleter.complete$1 (E:\montership\batd-academy\node_modules\sass\sass.dart.js:38903:10)]
    [at promiseToFuture_closure1.call$1 (E:\montership\batd-academy\node_modules\sass\sass.dart.js:45605:22)]
    [at Object.Primitives_applyFunction (E:\montership\batd-academy\node_modules\sass\sass.dart.js:2213:30)]

Import traces:
  Server Component:
    ./sass/pages/course-details-by-city/navgation-bar.module.scss
    ./app/[locale]/(pages)/city/[id]/[slug]/NavgationBar.jsx
    ./app/[locale]/(pages)/city/[id]/[slug]/page.jsx

  Client Component Browser:
    ./sass/pages/course-details-by-city/navgation-bar.module.scss [Client Component Browser]
    ./app/[locale]/(pages)/registerInternalCourse/NavgationBar.jsx [Client Component Browser]
    ./app/[locale]/(pages)/registerInternalCourse/page.jsx [Client Component Browser]
    ./app/[locale]/(pages)/registerInternalCourse/page.jsx [Server Component]

  Client Component SSR:
    ./sass/pages/course-details-by-city/navgation-bar.module.scss [Client Component SSR]
    ./app/[locale]/(pages)/registerInternalCourse/NavgationBar.jsx [Client Component SSR]
    ./app/[locale]/(pages)/registerInternalCourse/page.jsx [Client Component SSR]
    ./app/[locale]/(pages)/registerInternalCourse/page.jsx [Server Component]


./sass/pages/course-details/course-details.module.scss
Error evaluating Node.js code
Error: Can't find stylesheet to import.
  ظـ╖
1 ظ¤é @import "globals"; @import "container";
  ظ¤é         ^^^^^^^^^
  ظـ╡
  sass\pages\course-details\course-details.module.scss 1:9  root stylesheet
  (from E:\montership\batd-academy\node_modules\next\dist\build\webpack\loaders\resolve-url-loader\index.js, 
E:\montership\batd-academy\node_modules\next\dist\compiled\sass-loader\cjs.js)
Caused by: Error: Can't find stylesheet to import.
  ظـ╖
1 ظ¤é @import "globals"; @import "container";
  ظ¤é         ^^^^^^^^^
  ظـ╡
  sass\pages\course-details\course-details.module.scss 1:9  root stylesheet
    [at Object.wrapException (E:\montership\batd-academy\node_modules\sass\sass.dart.js:2337:47)]
    [at E:\montership\batd-academy\node_modules\sass\sass.dart.js:90314:25]
    [at _wrapJsFunctionForAsync_closure.$protected (E:\montership\batd-academy\node_modules\sass\sass.dart.js:5005:15)]
    [at _wrapJsFunctionForAsync_closure.call$2 (E:\montership\batd-academy\node_modules\sass\sass.dart.js:38714:12)]
    [at _awaitOnObject_closure.call$1 (E:\montership\batd-academy\node_modules\sass\sass.dart.js:38702:32)]
    [at Object._rootRunUnary (E:\montership\batd-academy\node_modules\sass\sass.dart.js:5429:18)]
    [at StaticClosure.<anonymous> (E:\montership\batd-academy\node_modules\sass\sass.dart.js:130137:16)]
    [at _CustomZone.runUnary$2$2 (E:\montership\batd-academy\node_modules\sass\sass.dart.js:40143:39)]
    [at _Future__propagateToListeners_handleValueCallback.call$0 
(E:\montership\batd-academy\node_modules\sass\sass.dart.js:39203:51)]
    [at Object._Future__propagateToListeners (E:\montership\batd-academy\node_modules\sass\sass.dart.js:5215:93)]

Import traces:
  Client Component Browser:
    ./sass/pages/course-details/course-details.module.scss [Client Component Browser]
    ./app/[locale]/(pages)/course_details/[id]/[slug]/page.jsx [Client Component Browser]
    ./app/[locale]/(pages)/course_details/[id]/[slug]/page.jsx [Server Component]

  Client Component SSR:
    ./sass/pages/course-details/course-details.module.scss [Client Component SSR]
    ./app/[locale]/(pages)/course_details/[id]/[slug]/page.jsx [Client Component SSR]
    ./app/[locale]/(pages)/course_details/[id]/[slug]/page.jsx [Server Component]


./sass/pages/course-details/header.module.scss
Error evaluating Node.js code
Error: Can't find stylesheet to import.
  ظـ╖
1 ظ¤é @import "globals"; @import "container";
  ظ¤é         ^^^^^^^^^
  ظـ╡
  sass\pages\course-details\header.module.scss 1:9  root stylesheet
  (from E:\montership\batd-academy\node_modules\next\dist\build\webpack\loaders\resolve-url-loader\index.js, 
E:\montership\batd-academy\node_modules\next\dist\compiled\sass-loader\cjs.js)
Caused by: Error: Can't find stylesheet to import.
  ظـ╖
1 ظ¤é @import "globals"; @import "container";
  ظ¤é         ^^^^^^^^^
  ظـ╡
  sass\pages\course-details\header.module.scss 1:9  root stylesheet
    [at Object.wrapException (E:\montership\batd-academy\node_modules\sass\sass.dart.js:2337:47)]
    [at E:\montership\batd-academy\node_modules\sass\sass.dart.js:90314:25]
    [at _wrapJsFunctionForAsync_closure.$protected (E:\montership\batd-academy\node_modules\sass\sass.dart.js:5005:15)]
    [at _wrapJsFunctionForAsync_closure.call$2 (E:\montership\batd-academy\node_modules\sass\sass.dart.js:38714:12)]
    [at _awaitOnObject_closure.call$1 (E:\montership\batd-academy\node_modules\sass\sass.dart.js:38702:32)]
    [at Object._rootRunUnary (E:\montership\batd-academy\node_modules\sass\sass.dart.js:5429:18)]
    [at StaticClosure.<anonymous> (E:\montership\batd-academy\node_modules\sass\sass.dart.js:130137:16)]
    [at _CustomZone.runUnary$2$2 (E:\montership\batd-academy\node_modules\sass\sass.dart.js:40143:39)]
    [at _Future__propagateToListeners_handleValueCallback.call$0 
(E:\montership\batd-academy\node_modules\sass\sass.dart.js:39203:51)]
    [at Object._Future__propagateToListeners (E:\montership\batd-academy\node_modules\sass\sass.dart.js:5215:93)]
    [at _Future._completeWithValue$1 (E:\montership\batd-academy\node_modules\sass\sass.dart.js:39066:9)]
    [at _AsyncAwaitCompleter.complete$1 (E:\montership\batd-academy\node_modules\sass\sass.dart.js:38689:14)]
    [at Object._asyncReturn (E:\montership\batd-academy\node_modules\sass\sass.dart.js:4977:17)]
    [at E:\montership\batd-academy\node_modules\sass\sass.dart.js:98624:24]
    [at _wrapJsFunctionForAsync_closure.$protected (E:\montership\batd-academy\node_modules\sass\sass.dart.js:5005:15)]
    [at _wrapJsFunctionForAsync_closure.call$2 (E:\montership\batd-academy\node_modules\sass\sass.dart.js:38714:12)]
    [at _awaitOnObject_closure.call$1 (E:\montership\batd-academy\node_modules\sass\sass.dart.js:38702:32)]
    [at Object._rootRunUnary (E:\montership\batd-academy\node_modules\sass\sass.dart.js:5429:18)]
    [at StaticClosure.<anonymous> (E:\montership\batd-academy\node_modules\sass\sass.dart.js:130137:16)]
    [at _CustomZone.runUnary$2$2 (E:\montership\batd-academy\node_modules\sass\sass.dart.js:40143:39)]
    [at _Future__propagateToListeners_handleValueCallback.call$0 
(E:\montership\batd-academy\node_modules\sass\sass.dart.js:39203:51)]
    [at Object._Future__propagateToListeners (E:\montership\batd-academy\node_modules\sass\sass.dart.js:5215:93)]
    [at _Future._completeWithValue$1 (E:\montership\batd-academy\node_modules\sass\sass.dart.js:39066:9)]
    [at _AsyncAwaitCompleter.complete$1 (E:\montership\batd-academy\node_modules\sass\sass.dart.js:38689:14)]
    [at Object._asyncReturn (E:\montership\batd-academy\node_modules\sass\sass.dart.js:4977:17)]
    [at E:\montership\batd-academy\node_modules\sass\sass.dart.js:98715:24]
    [at _wrapJsFunctionForAsync_closure.$protected (E:\montership\batd-academy\node_modules\sass\sass.dart.js:5005:15)]
    [at _wrapJsFunctionForAsync_closure.call$2 (E:\montership\batd-academy\node_modules\sass\sass.dart.js:38714:12)]
    [at _awaitOnObject_closure.call$1 (E:\montership\batd-academy\node_modules\sass\sass.dart.js:38702:32)]
    [at Object._rootRunUnary (E:\montership\batd-academy\node_modules\sass\sass.dart.js:5429:18)]
    [at StaticClosure.<anonymous> (E:\montership\batd-academy\node_modules\sass\sass.dart.js:130137:16)]
    [at _CustomZone.runUnary$2$2 (E:\montership\batd-academy\node_modules\sass\sass.dart.js:40143:39)]
    [at _Future__propagateToListeners_handleValueCallback.call$0 
(E:\montership\batd-academy\node_modules\sass\sass.dart.js:39203:51)]
    [at Object._Future__propagateToListeners (E:\montership\batd-academy\node_modules\sass\sass.dart.js:5215:93)]
    [at _Future._completeWithValue$1 (E:\montership\batd-academy\node_modules\sass\sass.dart.js:39066:9)]
    [at _AsyncAwaitCompleter.complete$1 (E:\montership\batd-academy\node_modules\sass\sass.dart.js:38689:14)]
    [at Object._asyncReturn (E:\montership\batd-academy\node_modules\sass\sass.dart.js:4977:17)]
    [at E:\montership\batd-academy\node_modules\sass\sass.dart.js:87892:24]
    [at _wrapJsFunctionForAsync_closure.$protected (E:\montership\batd-academy\node_modules\sass\sass.dart.js:5005:15)]
    [at _wrapJsFunctionForAsync_closure.call$2 (E:\montership\batd-academy\node_modules\sass\sass.dart.js:38714:12)]
    [at _awaitOnObject_closure.call$1 (E:\montership\batd-academy\node_modules\sass\sass.dart.js:38702:32)]
    [at Object._rootRunUnary (E:\montership\batd-academy\node_modules\sass\sass.dart.js:5429:18)]
    [at StaticClosure.<anonymous> (E:\montership\batd-academy\node_modules\sass\sass.dart.js:130137:16)]
    [at _CustomZone.runUnary$2$2 (E:\montership\batd-academy\node_modules\sass\sass.dart.js:40143:39)]
    [at _Future__propagateToListeners_handleValueCallback.call$0 
(E:\montership\batd-academy\node_modules\sass\sass.dart.js:39203:51)]
    [at Object._Future__propagateToListeners (E:\montership\batd-academy\node_modules\sass\sass.dart.js:5215:93)]
    [at _Future._complete$1 (E:\montership\batd-academy\node_modules\sass\sass.dart.js:39058:11)]
    [at _SyncCompleter.complete$1 (E:\montership\batd-academy\node_modules\sass\sass.dart.js:38903:10)]
    [at promiseToFuture_closure1.call$1 (E:\montership\batd-academy\node_modules\sass\sass.dart.js:45605:22)]
    [at Object.Primitives_applyFunction (E:\montership\batd-academy\node_modules\sass\sass.dart.js:2213:30)]

Import traces:
  Client Component Browser:
    ./sass/pages/course-details/header.module.scss [Client Component Browser]
    ./app/[locale]/(pages)/registerInternalCourse/page.jsx [Client Component Browser]
    ./app/[locale]/(pages)/registerInternalCourse/page.jsx [Server Component]

  Client Component SSR:
    ./sass/pages/course-details/header.module.scss [Client Component SSR]
    ./app/[locale]/(pages)/registerInternalCourse/page.jsx [Client Component SSR]
    ./app/[locale]/(pages)/registerInternalCourse/page.jsx [Server Component]


./sass/pages/fqa/according.module.scss
Error evaluating Node.js code
Error: Can't find stylesheet to import.
  ظـ╖
1 ظ¤é @import "globals"; @import "container";
  ظ¤é         ^^^^^^^^^
  ظـ╡
  sass\pages\fqa\according.module.scss 1:9  root stylesheet
  (from E:\montership\batd-academy\node_modules\next\dist\build\webpack\loaders\resolve-url-loader\index.js, 
E:\montership\batd-academy\node_modules\next\dist\compiled\sass-loader\cjs.js)
Caused by: Error: Can't find stylesheet to import.
  ظـ╖
1 ظ¤é @import "globals"; @import "container";
  ظ¤é         ^^^^^^^^^
  ظـ╡
  sass\pages\fqa\according.module.scss 1:9  root stylesheet
    [at Object.wrapException (E:\montership\batd-academy\node_modules\sass\sass.dart.js:2337:47)]
    [at E:\montership\batd-academy\node_modules\sass\sass.dart.js:90314:25]
    [at _wrapJsFunctionForAsync_closure.$protected (E:\montership\batd-academy\node_modules\sass\sass.dart.js:5005:15)]
    [at _wrapJsFunctionForAsync_closure.call$2 (E:\montership\batd-academy\node_modules\sass\sass.dart.js:38714:12)]
    [at _awaitOnObject_closure.call$1 (E:\montership\batd-academy\node_modules\sass\sass.dart.js:38702:32)]
    [at Object._rootRunUnary (E:\montership\batd-academy\node_modules\sass\sass.dart.js:5429:18)]
    [at StaticClosure.<anonymous> (E:\montership\batd-academy\node_modules\sass\sass.dart.js:130137:16)]
    [at _CustomZone.runUnary$2$2 (E:\montership\batd-academy\node_modules\sass\sass.dart.js:40143:39)]
    [at _Future__propagateToListeners_handleValueCallback.call$0 
(E:\montership\batd-academy\node_modules\sass\sass.dart.js:39203:51)]
    [at Object._Future__propagateToListeners (E:\montership\batd-academy\node_modules\sass\sass.dart.js:5215:93)]
    [at _Future._completeWithValue$1 (E:\montership\batd-academy\node_modules\sass\sass.dart.js:39066:9)]
    [at _AsyncAwaitCompleter.complete$1 (E:\montership\batd-academy\node_modules\sass\sass.dart.js:38689:14)]
    [at Object._asyncReturn (E:\montership\batd-academy\node_modules\sass\sass.dart.js:4977:17)]
    [at E:\montership\batd-academy\node_modules\sass\sass.dart.js:98624:24]
    [at _wrapJsFunctionForAsync_closure.$protected (E:\montership\batd-academy\node_modules\sass\sass.dart.js:5005:15)]
    [at _wrapJsFunctionForAsync_closure.call$2 (E:\montership\batd-academy\node_modules\sass\sass.dart.js:38714:12)]
    [at _awaitOnObject_closure.call$1 (E:\montership\batd-academy\node_modules\sass\sass.dart.js:38702:32)]
    [at Object._rootRunUnary (E:\montership\batd-academy\node_modules\sass\sass.dart.js:5429:18)]
    [at StaticClosure.<anonymous> (E:\montership\batd-academy\node_modules\sass\sass.dart.js:130137:16)]
    [at _CustomZone.runUnary$2$2 (E:\montership\batd-academy\node_modules\sass\sass.dart.js:40143:39)]
    [at _Future__propagateToListeners_handleValueCallback.call$0 
(E:\montership\batd-academy\node_modules\sass\sass.dart.js:39203:51)]
    [at Object._Future__propagateToListeners (E:\montership\batd-academy\node_modules\sass\sass.dart.js:5215:93)]
    [at _Future._completeWithValue$1 (E:\montership\batd-academy\node_modules\sass\sass.dart.js:39066:9)]
    [at _AsyncAwaitCompleter.complete$1 (E:\montership\batd-academy\node_modules\sass\sass.dart.js:38689:14)]
    [at Object._asyncReturn (E:\montership\batd-academy\node_modules\sass\sass.dart.js:4977:17)]
    [at E:\montership\batd-academy\node_modules\sass\sass.dart.js:98715:24]
    [at _wrapJsFunctionForAsync_closure.$protected (E:\montership\batd-academy\node_modules\sass\sass.dart.js:5005:15)]
    [at _wrapJsFunctionForAsync_closure.call$2 (E:\montership\batd-academy\node_modules\sass\sass.dart.js:38714:12)]
    [at _awaitOnObject_closure.call$1 (E:\montership\batd-academy\node_modules\sass\sass.dart.js:38702:32)]
    [at Object._rootRunUnary (E:\montership\batd-academy\node_modules\sass\sass.dart.js:5429:18)]
    [at StaticClosure.<anonymous> (E:\montership\batd-academy\node_modules\sass\sass.dart.js:130137:16)]
    [at _CustomZone.runUnary$2$2 (E:\montership\batd-academy\node_modules\sass\sass.dart.js:40143:39)]
    [at _Future__propagateToListeners_handleValueCallback.call$0 
(E:\montership\batd-academy\node_modules\sass\sass.dart.js:39203:51)]
    [at Object._Future__propagateToListeners (E:\montership\batd-academy\node_modules\sass\sass.dart.js:5215:93)]
    [at _Future._completeWithValue$1 (E:\montership\batd-academy\node_modules\sass\sass.dart.js:39066:9)]
    [at _AsyncAwaitCompleter.complete$1 (E:\montership\batd-academy\node_modules\sass\sass.dart.js:38689:14)]
    [at Object._asyncReturn (E:\montership\batd-academy\node_modules\sass\sass.dart.js:4977:17)]
    [at E:\montership\batd-academy\node_modules\sass\sass.dart.js:87892:24]
    [at _wrapJsFunctionForAsync_closure.$protected (E:\montership\batd-academy\node_modules\sass\sass.dart.js:5005:15)]
    [at _wrapJsFunctionForAsync_closure.call$2 (E:\montership\batd-academy\node_modules\sass\sass.dart.js:38714:12)]
    [at _awaitOnObject_closure.call$1 (E:\montership\batd-academy\node_modules\sass\sass.dart.js:38702:32)]
    [at Object._rootRunUnary (E:\montership\batd-academy\node_modules\sass\sass.dart.js:5429:18)]
    [at StaticClosure.<anonymous> (E:\montership\batd-academy\node_modules\sass\sass.dart.js:130137:16)]
    [at _CustomZone.runUnary$2$2 (E:\montership\batd-academy\node_modules\sass\sass.dart.js:40143:39)]
    [at _Future__propagateToListeners_handleValueCallback.call$0 
(E:\montership\batd-academy\node_modules\sass\sass.dart.js:39203:51)]
    [at Object._Future__propagateToListeners (E:\montership\batd-academy\node_modules\sass\sass.dart.js:5215:93)]
    [at _Future._complete$1 (E:\montership\batd-academy\node_modules\sass\sass.dart.js:39058:11)]
    [at _SyncCompleter.complete$1 (E:\montership\batd-academy\node_modules\sass\sass.dart.js:38903:10)]
    [at promiseToFuture_closure1.call$1 (E:\montership\batd-academy\node_modules\sass\sass.dart.js:45605:22)]
    [at Object.Primitives_applyFunction (E:\montership\batd-academy\node_modules\sass\sass.dart.js:2213:30)]

Import trace:
  Server Component:
    ./sass/pages/fqa/according.module.scss
    ./app/[locale]/(pages)/page/FQA/according.jsx
    ./app/[locale]/(pages)/page/FQA/page.jsx


./sass/pages/fqa/fqa.module.scss
Error evaluating Node.js code
Error: Can't find stylesheet to import.
  ظـ╖
1 ظ¤é @import "globals"; @import "container";
  ظ¤é         ^^^^^^^^^
  ظـ╡
  sass\pages\fqa\fqa.module.scss 1:9  root stylesheet
  (from E:\montership\batd-academy\node_modules\next\dist\build\webpack\loaders\resolve-url-loader\index.js, 
E:\montership\batd-academy\node_modules\next\dist\compiled\sass-loader\cjs.js)
Caused by: Error: Can't find stylesheet to import.
  ظـ╖
1 ظ¤é @import "globals"; @import "container";
  ظ¤é         ^^^^^^^^^
  ظـ╡
  sass\pages\fqa\fqa.module.scss 1:9  root stylesheet
    [at Object.wrapException (E:\montership\batd-academy\node_modules\sass\sass.dart.js:2337:47)]
    [at E:\montership\batd-academy\node_modules\sass\sass.dart.js:90314:25]
    [at _wrapJsFunctionForAsync_closure.$protected (E:\montership\batd-academy\node_modules\sass\sass.dart.js:5005:15)]
    [at _wrapJsFunctionForAsync_closure.call$2 (E:\montership\batd-academy\node_modules\sass\sass.dart.js:38714:12)]
    [at _awaitOnObject_closure.call$1 (E:\montership\batd-academy\node_modules\sass\sass.dart.js:38702:32)]
    [at Object._rootRunUnary (E:\montership\batd-academy\node_modules\sass\sass.dart.js:5429:18)]
    [at StaticClosure.<anonymous> (E:\montership\batd-academy\node_modules\sass\sass.dart.js:130137:16)]
    [at _CustomZone.runUnary$2$2 (E:\montership\batd-academy\node_modules\sass\sass.dart.js:40143:39)]
    [at _Future__propagateToListeners_handleValueCallback.call$0 
(E:\montership\batd-academy\node_modules\sass\sass.dart.js:39203:51)]
    [at Object._Future__propagateToListeners (E:\montership\batd-academy\node_modules\sass\sass.dart.js:5215:93)]
    [at _Future._completeWithValue$1 (E:\montership\batd-academy\node_modules\sass\sass.dart.js:39066:9)]
    [at _AsyncAwaitCompleter.complete$1 (E:\montership\batd-academy\node_modules\sass\sass.dart.js:38689:14)]
    [at Object._asyncReturn (E:\montership\batd-academy\node_modules\sass\sass.dart.js:4977:17)]
    [at E:\montership\batd-academy\node_modules\sass\sass.dart.js:98624:24]
    [at _wrapJsFunctionForAsync_closure.$protected (E:\montership\batd-academy\node_modules\sass\sass.dart.js:5005:15)]
    [at _wrapJsFunctionForAsync_closure.call$2 (E:\montership\batd-academy\node_modules\sass\sass.dart.js:38714:12)]
    [at _awaitOnObject_closure.call$1 (E:\montership\batd-academy\node_modules\sass\sass.dart.js:38702:32)]
    [at Object._rootRunUnary (E:\montership\batd-academy\node_modules\sass\sass.dart.js:5429:18)]
    [at StaticClosure.<anonymous> (E:\montership\batd-academy\node_modules\sass\sass.dart.js:130137:16)]
    [at _CustomZone.runUnary$2$2 (E:\montership\batd-academy\node_modules\sass\sass.dart.js:40143:39)]
    [at _Future__propagateToListeners_handleValueCallback.call$0 
(E:\montership\batd-academy\node_modules\sass\sass.dart.js:39203:51)]
    [at Object._Future__propagateToListeners (E:\montership\batd-academy\node_modules\sass\sass.dart.js:5215:93)]
    [at _Future._completeWithValue$1 (E:\montership\batd-academy\node_modules\sass\sass.dart.js:39066:9)]
    [at _AsyncAwaitCompleter.complete$1 (E:\montership\batd-academy\node_modules\sass\sass.dart.js:38689:14)]
    [at Object._asyncReturn (E:\montership\batd-academy\node_modules\sass\sass.dart.js:4977:17)]
    [at E:\montership\batd-academy\node_modules\sass\sass.dart.js:98715:24]
    [at _wrapJsFunctionForAsync_closure.$protected (E:\montership\batd-academy\node_modules\sass\sass.dart.js:5005:15)]
    [at _wrapJsFunctionForAsync_closure.call$2 (E:\montership\batd-academy\node_modules\sass\sass.dart.js:38714:12)]
    [at _awaitOnObject_closure.call$1 (E:\montership\batd-academy\node_modules\sass\sass.dart.js:38702:32)]
    [at Object._rootRunUnary (E:\montership\batd-academy\node_modules\sass\sass.dart.js:5429:18)]
    [at StaticClosure.<anonymous> (E:\montership\batd-academy\node_modules\sass\sass.dart.js:130137:16)]
    [at _CustomZone.runUnary$2$2 (E:\montership\batd-academy\node_modules\sass\sass.dart.js:40143:39)]
    [at _Future__propagateToListeners_handleValueCallback.call$0 
(E:\montership\batd-academy\node_modules\sass\sass.dart.js:39203:51)]
    [at Object._Future__propagateToListeners (E:\montership\batd-academy\node_modules\sass\sass.dart.js:5215:93)]
    [at _Future._completeWithValue$1 (E:\montership\batd-academy\node_modules\sass\sass.dart.js:39066:9)]
    [at _AsyncAwaitCompleter.complete$1 (E:\montership\batd-academy\node_modules\sass\sass.dart.js:38689:14)]
    [at Object._asyncReturn (E:\montership\batd-academy\node_modules\sass\sass.dart.js:4977:17)]
    [at E:\montership\batd-academy\node_modules\sass\sass.dart.js:87892:24]
    [at _wrapJsFunctionForAsync_closure.$protected (E:\montership\batd-academy\node_modules\sass\sass.dart.js:5005:15)]
    [at _wrapJsFunctionForAsync_closure.call$2 (E:\montership\batd-academy\node_modules\sass\sass.dart.js:38714:12)]
    [at _awaitOnObject_closure.call$1 (E:\montership\batd-academy\node_modules\sass\sass.dart.js:38702:32)]
    [at Object._rootRunUnary (E:\montership\batd-academy\node_modules\sass\sass.dart.js:5429:18)]
    [at StaticClosure.<anonymous> (E:\montership\batd-academy\node_modules\sass\sass.dart.js:130137:16)]
    [at _CustomZone.runUnary$2$2 (E:\montership\batd-academy\node_modules\sass\sass.dart.js:40143:39)]
    [at _Future__propagateToListeners_handleValueCallback.call$0 
(E:\montership\batd-academy\node_modules\sass\sass.dart.js:39203:51)]
    [at Object._Future__propagateToListeners (E:\montership\batd-academy\node_modules\sass\sass.dart.js:5215:93)]
    [at _Future._complete$1 (E:\montership\batd-academy\node_modules\sass\sass.dart.js:39058:11)]
    [at _SyncCompleter.complete$1 (E:\montership\batd-academy\node_modules\sass\sass.dart.js:38903:10)]
    [at promiseToFuture_closure1.call$1 (E:\montership\batd-academy\node_modules\sass\sass.dart.js:45605:22)]
    [at Object.Primitives_applyFunction (E:\montership\batd-academy\node_modules\sass\sass.dart.js:2213:30)]

Import trace:
  Server Component:
    ./sass/pages/fqa/fqa.module.scss
    ./app/[locale]/(pages)/page/FQA/page.jsx


./sass/pages/fqa/header.module.scss
Error evaluating Node.js code
Error: Can't find stylesheet to import.
  ظـ╖
1 ظ¤é @import "globals"; @import "container";
  ظ¤é         ^^^^^^^^^
  ظـ╡
  sass\pages\fqa\header.module.scss 1:9  root stylesheet
  (from E:\montership\batd-academy\node_modules\next\dist\build\webpack\loaders\resolve-url-loader\index.js, 
E:\montership\batd-academy\node_modules\next\dist\compiled\sass-loader\cjs.js)
Caused by: Error: Can't find stylesheet to import.
  ظـ╖
1 ظ¤é @import "globals"; @import "container";
  ظ¤é         ^^^^^^^^^
  ظـ╡
  sass\pages\fqa\header.module.scss 1:9  root stylesheet
    [at Object.wrapException (E:\montership\batd-academy\node_modules\sass\sass.dart.js:2337:47)]
    [at E:\montership\batd-academy\node_modules\sass\sass.dart.js:90314:25]
    [at _wrapJsFunctionForAsync_closure.$protected (E:\montership\batd-academy\node_modules\sass\sass.dart.js:5005:15)]
    [at _wrapJsFunctionForAsync_closure.call$2 (E:\montership\batd-academy\node_modules\sass\sass.dart.js:38714:12)]
    [at _awaitOnObject_closure.call$1 (E:\montership\batd-academy\node_modules\sass\sass.dart.js:38702:32)]
    [at Object._rootRunUnary (E:\montership\batd-academy\node_modules\sass\sass.dart.js:5429:18)]
    [at StaticClosure.<anonymous> (E:\montership\batd-academy\node_modules\sass\sass.dart.js:130137:16)]
    [at _CustomZone.runUnary$2$2 (E:\montership\batd-academy\node_modules\sass\sass.dart.js:40143:39)]
    [at _Future__propagateToListeners_handleValueCallback.call$0 
(E:\montership\batd-academy\node_modules\sass\sass.dart.js:39203:51)]
    [at Object._Future__propagateToListeners (E:\montership\batd-academy\node_modules\sass\sass.dart.js:5215:93)]

Import trace:
  Server Component:
    ./sass/pages/fqa/header.module.scss
    ./app/[locale]/(pages)/page/FQA/Header.jsx
    ./app/[locale]/(pages)/page/FQA/page.jsx


./sass/pages/home/chat-ai.module.scss
Error evaluating Node.js code
Error: Can't find stylesheet to import.
  ظـ╖
1 ظ¤é @import "globals"; @import "container";
  ظ¤é         ^^^^^^^^^
  ظـ╡
  sass\pages\home\chat-ai.module.scss 1:9  root stylesheet
  (from E:\montership\batd-academy\node_modules\next\dist\build\webpack\loaders\resolve-url-loader\index.js, 
E:\montership\batd-academy\node_modules\next\dist\compiled\sass-loader\cjs.js)
Caused by: Error: Can't find stylesheet to import.
  ظـ╖
1 ظ¤é @import "globals"; @import "container";
  ظ¤é         ^^^^^^^^^
  ظـ╡
  sass\pages\home\chat-ai.module.scss 1:9  root stylesheet
    [at Object.wrapException (E:\montership\batd-academy\node_modules\sass\sass.dart.js:2337:47)]
    [at E:\montership\batd-academy\node_modules\sass\sass.dart.js:90314:25]
    [at _wrapJsFunctionForAsync_closure.$protected (E:\montership\batd-academy\node_modules\sass\sass.dart.js:5005:15)]
    [at _wrapJsFunctionForAsync_closure.call$2 (E:\montership\batd-academy\node_modules\sass\sass.dart.js:38714:12)]
    [at _awaitOnObject_closure.call$1 (E:\montership\batd-academy\node_modules\sass\sass.dart.js:38702:32)]
    [at Object._rootRunUnary (E:\montership\batd-academy\node_modules\sass\sass.dart.js:5429:18)]
    [at StaticClosure.<anonymous> (E:\montership\batd-academy\node_modules\sass\sass.dart.js:130137:16)]
    [at _CustomZone.runUnary$2$2 (E:\montership\batd-academy\node_modules\sass\sass.dart.js:40143:39)]
    [at _Future__propagateToListeners_handleValueCallback.call$0 
(E:\montership\batd-academy\node_modules\sass\sass.dart.js:39203:51)]
    [at Object._Future__propagateToListeners (E:\montership\batd-academy\node_modules\sass\sass.dart.js:5215:93)]
    [at _Future._completeWithValue$1 (E:\montership\batd-academy\node_modules\sass\sass.dart.js:39066:9)]
    [at _AsyncAwaitCompleter.complete$1 (E:\montership\batd-academy\node_modules\sass\sass.dart.js:38689:14)]
    [at Object._asyncReturn (E:\montership\batd-academy\node_modules\sass\sass.dart.js:4977:17)]
    [at E:\montership\batd-academy\node_modules\sass\sass.dart.js:98624:24]
    [at _wrapJsFunctionForAsync_closure.$protected (E:\montership\batd-academy\node_modules\sass\sass.dart.js:5005:15)]
    [at _wrapJsFunctionForAsync_closure.call$2 (E:\montership\batd-academy\node_modules\sass\sass.dart.js:38714:12)]
    [at _awaitOnObject_closure.call$1 (E:\montership\batd-academy\node_modules\sass\sass.dart.js:38702:32)]
    [at Object._rootRunUnary (E:\montership\batd-academy\node_modules\sass\sass.dart.js:5429:18)]
    [at StaticClosure.<anonymous> (E:\montership\batd-academy\node_modules\sass\sass.dart.js:130137:16)]
    [at _CustomZone.runUnary$2$2 (E:\montership\batd-academy\node_modules\sass\sass.dart.js:40143:39)]
    [at _Future__propagateToListeners_handleValueCallback.call$0 
(E:\montership\batd-academy\node_modules\sass\sass.dart.js:39203:51)]
    [at Object._Future__propagateToListeners (E:\montership\batd-academy\node_modules\sass\sass.dart.js:5215:93)]
    [at _Future._completeWithValue$1 (E:\montership\batd-academy\node_modules\sass\sass.dart.js:39066:9)]
    [at _AsyncAwaitCompleter.complete$1 (E:\montership\batd-academy\node_modules\sass\sass.dart.js:38689:14)]
    [at Object._asyncReturn (E:\montership\batd-academy\node_modules\sass\sass.dart.js:4977:17)]
    [at E:\montership\batd-academy\node_modules\sass\sass.dart.js:98715:24]
    [at _wrapJsFunctionForAsync_closure.$protected (E:\montership\batd-academy\node_modules\sass\sass.dart.js:5005:15)]
    [at _wrapJsFunctionForAsync_closure.call$2 (E:\montership\batd-academy\node_modules\sass\sass.dart.js:38714:12)]
    [at _awaitOnObject_closure.call$1 (E:\montership\batd-academy\node_modules\sass\sass.dart.js:38702:32)]
    [at Object._rootRunUnary (E:\montership\batd-academy\node_modules\sass\sass.dart.js:5429:18)]
    [at StaticClosure.<anonymous> (E:\montership\batd-academy\node_modules\sass\sass.dart.js:130137:16)]
    [at _CustomZone.runUnary$2$2 (E:\montership\batd-academy\node_modules\sass\sass.dart.js:40143:39)]
    [at _Future__propagateToListeners_handleValueCallback.call$0 
(E:\montership\batd-academy\node_modules\sass\sass.dart.js:39203:51)]
    [at Object._Future__propagateToListeners (E:\montership\batd-academy\node_modules\sass\sass.dart.js:5215:93)]
    [at _Future._completeWithValue$1 (E:\montership\batd-academy\node_modules\sass\sass.dart.js:39066:9)]
    [at _AsyncAwaitCompleter.complete$1 (E:\montership\batd-academy\node_modules\sass\sass.dart.js:38689:14)]
    [at Object._asyncReturn (E:\montership\batd-academy\node_modules\sass\sass.dart.js:4977:17)]
    [at E:\montership\batd-academy\node_modules\sass\sass.dart.js:87892:24]
    [at _wrapJsFunctionForAsync_closure.$protected (E:\montership\batd-academy\node_modules\sass\sass.dart.js:5005:15)]
    [at _wrapJsFunctionForAsync_closure.call$2 (E:\montership\batd-academy\node_modules\sass\sass.dart.js:38714:12)]
    [at _awaitOnObject_closure.call$1 (E:\montership\batd-academy\node_modules\sass\sass.dart.js:38702:32)]
    [at Object._rootRunUnary (E:\montership\batd-academy\node_modules\sass\sass.dart.js:5429:18)]
    [at StaticClosure.<anonymous> (E:\montership\batd-academy\node_modules\sass\sass.dart.js:130137:16)]
    [at _CustomZone.runUnary$2$2 (E:\montership\batd-academy\node_modules\sass\sass.dart.js:40143:39)]
    [at _Future__propagateToListeners_handleValueCallback.call$0 
(E:\montership\batd-academy\node_modules\sass\sass.dart.js:39203:51)]
    [at Object._Future__propagateToListeners (E:\montership\batd-academy\node_modules\sass\sass.dart.js:5215:93)]
    [at _Future._complete$1 (E:\montership\batd-academy\node_modules\sass\sass.dart.js:39058:11)]
    [at _SyncCompleter.complete$1 (E:\montership\batd-academy\node_modules\sass\sass.dart.js:38903:10)]
    [at promiseToFuture_closure1.call$1 (E:\montership\batd-academy\node_modules\sass\sass.dart.js:45605:22)]
    [at Object.Primitives_applyFunction (E:\montership\batd-academy\node_modules\sass\sass.dart.js:2213:30)]

Import trace:
  Server Component:
    ./sass/pages/home/chat-ai.module.scss
    ./app/[locale]/(pages)/(home)/ChatAi.jsx
    ./app/[locale]/(pages)/(home)/page.jsx


./sass/pages/home/course-by-city.module.scss
Error evaluating Node.js code
Error: Can't find stylesheet to import.
  ظـ╖
1 ظ¤é @import "globals"; @import "container";
  ظ¤é         ^^^^^^^^^
  ظـ╡
  sass\pages\home\course-by-city.module.scss 1:9  root stylesheet
  (from E:\montership\batd-academy\node_modules\next\dist\build\webpack\loaders\resolve-url-loader\index.js, 
E:\montership\batd-academy\node_modules\next\dist\compiled\sass-loader\cjs.js)
Caused by: Error: Can't find stylesheet to import.
  ظـ╖
1 ظ¤é @import "globals"; @import "container";
  ظ¤é         ^^^^^^^^^
  ظـ╡
  sass\pages\home\course-by-city.module.scss 1:9  root stylesheet
    [at Object.wrapException (E:\montership\batd-academy\node_modules\sass\sass.dart.js:2337:47)]
    [at E:\montership\batd-academy\node_modules\sass\sass.dart.js:90314:25]
    [at _wrapJsFunctionForAsync_closure.$protected (E:\montership\batd-academy\node_modules\sass\sass.dart.js:5005:15)]
    [at _wrapJsFunctionForAsync_closure.call$2 (E:\montership\batd-academy\node_modules\sass\sass.dart.js:38714:12)]
    [at _awaitOnObject_closure.call$1 (E:\montership\batd-academy\node_modules\sass\sass.dart.js:38702:32)]
    [at Object._rootRunUnary (E:\montership\batd-academy\node_modules\sass\sass.dart.js:5429:18)]
    [at StaticClosure.<anonymous> (E:\montership\batd-academy\node_modules\sass\sass.dart.js:130137:16)]
    [at _CustomZone.runUnary$2$2 (E:\montership\batd-academy\node_modules\sass\sass.dart.js:40143:39)]
    [at _Future__propagateToListeners_handleValueCallback.call$0 
(E:\montership\batd-academy\node_modules\sass\sass.dart.js:39203:51)]
    [at Object._Future__propagateToListeners (E:\montership\batd-academy\node_modules\sass\sass.dart.js:5215:93)]
    [at _Future._completeWithValue$1 (E:\montership\batd-academy\node_modules\sass\sass.dart.js:39066:9)]
    [at _AsyncAwaitCompleter.complete$1 (E:\montership\batd-academy\node_modules\sass\sass.dart.js:38689:14)]
    [at Object._asyncReturn (E:\montership\batd-academy\node_modules\sass\sass.dart.js:4977:17)]
    [at E:\montership\batd-academy\node_modules\sass\sass.dart.js:98624:24]
    [at _wrapJsFunctionForAsync_closure.$protected (E:\montership\batd-academy\node_modules\sass\sass.dart.js:5005:15)]
    [at _wrapJsFunctionForAsync_closure.call$2 (E:\montership\batd-academy\node_modules\sass\sass.dart.js:38714:12)]
    [at _awaitOnObject_closure.call$1 (E:\montership\batd-academy\node_modules\sass\sass.dart.js:38702:32)]
    [at Object._rootRunUnary (E:\montership\batd-academy\node_modules\sass\sass.dart.js:5429:18)]
    [at StaticClosure.<anonymous> (E:\montership\batd-academy\node_modules\sass\sass.dart.js:130137:16)]
    [at _CustomZone.runUnary$2$2 (E:\montership\batd-academy\node_modules\sass\sass.dart.js:40143:39)]
    [at _Future__propagateToListeners_handleValueCallback.call$0 
(E:\montership\batd-academy\node_modules\sass\sass.dart.js:39203:51)]
    [at Object._Future__propagateToListeners (E:\montership\batd-academy\node_modules\sass\sass.dart.js:5215:93)]
    [at _Future._completeWithValue$1 (E:\montership\batd-academy\node_modules\sass\sass.dart.js:39066:9)]
    [at _AsyncAwaitCompleter.complete$1 (E:\montership\batd-academy\node_modules\sass\sass.dart.js:38689:14)]
    [at Object._asyncReturn (E:\montership\batd-academy\node_modules\sass\sass.dart.js:4977:17)]
    [at E:\montership\batd-academy\node_modules\sass\sass.dart.js:98715:24]
    [at _wrapJsFunctionForAsync_closure.$protected (E:\montership\batd-academy\node_modules\sass\sass.dart.js:5005:15)]
    [at _wrapJsFunctionForAsync_closure.call$2 (E:\montership\batd-academy\node_modules\sass\sass.dart.js:38714:12)]
    [at _awaitOnObject_closure.call$1 (E:\montership\batd-academy\node_modules\sass\sass.dart.js:38702:32)]
    [at Object._rootRunUnary (E:\montership\batd-academy\node_modules\sass\sass.dart.js:5429:18)]
    [at StaticClosure.<anonymous> (E:\montership\batd-academy\node_modules\sass\sass.dart.js:130137:16)]
    [at _CustomZone.runUnary$2$2 (E:\montership\batd-academy\node_modules\sass\sass.dart.js:40143:39)]
    [at _Future__propagateToListeners_handleValueCallback.call$0 
(E:\montership\batd-academy\node_modules\sass\sass.dart.js:39203:51)]
    [at Object._Future__propagateToListeners (E:\montership\batd-academy\node_modules\sass\sass.dart.js:5215:93)]
    [at _Future._completeWithValue$1 (E:\montership\batd-academy\node_modules\sass\sass.dart.js:39066:9)]
    [at _AsyncAwaitCompleter.complete$1 (E:\montership\batd-academy\node_modules\sass\sass.dart.js:38689:14)]
    [at Object._asyncReturn (E:\montership\batd-academy\node_modules\sass\sass.dart.js:4977:17)]
    [at E:\montership\batd-academy\node_modules\sass\sass.dart.js:87892:24]
    [at _wrapJsFunctionForAsync_closure.$protected (E:\montership\batd-academy\node_modules\sass\sass.dart.js:5005:15)]
    [at _wrapJsFunctionForAsync_closure.call$2 (E:\montership\batd-academy\node_modules\sass\sass.dart.js:38714:12)]
    [at _awaitOnObject_closure.call$1 (E:\montership\batd-academy\node_modules\sass\sass.dart.js:38702:32)]
    [at Object._rootRunUnary (E:\montership\batd-academy\node_modules\sass\sass.dart.js:5429:18)]
    [at StaticClosure.<anonymous> (E:\montership\batd-academy\node_modules\sass\sass.dart.js:130137:16)]
    [at _CustomZone.runUnary$2$2 (E:\montership\batd-academy\node_modules\sass\sass.dart.js:40143:39)]
    [at _Future__propagateToListeners_handleValueCallback.call$0 
(E:\montership\batd-academy\node_modules\sass\sass.dart.js:39203:51)]
    [at Object._Future__propagateToListeners (E:\montership\batd-academy\node_modules\sass\sass.dart.js:5215:93)]
    [at _Future._complete$1 (E:\montership\batd-academy\node_modules\sass\sass.dart.js:39058:11)]
    [at _SyncCompleter.complete$1 (E:\montership\batd-academy\node_modules\sass\sass.dart.js:38903:10)]
    [at promiseToFuture_closure1.call$1 (E:\montership\batd-academy\node_modules\sass\sass.dart.js:45605:22)]
    [at Object.Primitives_applyFunction (E:\montership\batd-academy\node_modules\sass\sass.dart.js:2213:30)]

Import traces:
  Client Component Browser:
    ./sass/pages/home/course-by-city.module.scss [Client Component Browser]
    ./app/[locale]/(pages)/(home)/CourseByCity.jsx [Client Component Browser]
    ./app/[locale]/(pages)/(home)/CourseByCity.jsx [Server Component]
    ./app/[locale]/(pages)/(home)/page.jsx [Server Component]

  Client Component SSR:
    ./sass/pages/home/course-by-city.module.scss [Client Component SSR]
    ./app/[locale]/(pages)/(home)/CourseByCity.jsx [Client Component SSR]
    ./app/[locale]/(pages)/(home)/CourseByCity.jsx [Server Component]
    ./app/[locale]/(pages)/(home)/page.jsx [Server Component]


./sass/pages/home/course-by-special.module.scss
Error evaluating Node.js code
Error: Can't find stylesheet to import.
  ظـ╖
1 ظ¤é @import "globals"; @import "container";
  ظ¤é         ^^^^^^^^^
  ظـ╡
  sass\pages\home\course-by-special.module.scss 1:9  root stylesheet
  (from E:\montership\batd-academy\node_modules\next\dist\build\webpack\loaders\resolve-url-loader\index.js, 
E:\montership\batd-academy\node_modules\next\dist\compiled\sass-loader\cjs.js)
Caused by: Error: Can't find stylesheet to import.
  ظـ╖
1 ظ¤é @import "globals"; @import "container";
  ظ¤é         ^^^^^^^^^
  ظـ╡
  sass\pages\home\course-by-special.module.scss 1:9  root stylesheet
    [at Object.wrapException (E:\montership\batd-academy\node_modules\sass\sass.dart.js:2337:47)]
    [at E:\montership\batd-academy\node_modules\sass\sass.dart.js:90314:25]
    [at _wrapJsFunctionForAsync_closure.$protected (E:\montership\batd-academy\node_modules\sass\sass.dart.js:5005:15)]
    [at _wrapJsFunctionForAsync_closure.call$2 (E:\montership\batd-academy\node_modules\sass\sass.dart.js:38714:12)]
    [at _awaitOnObject_closure.call$1 (E:\montership\batd-academy\node_modules\sass\sass.dart.js:38702:32)]
    [at Object._rootRunUnary (E:\montership\batd-academy\node_modules\sass\sass.dart.js:5429:18)]
    [at StaticClosure.<anonymous> (E:\montership\batd-academy\node_modules\sass\sass.dart.js:130137:16)]
    [at _CustomZone.runUnary$2$2 (E:\montership\batd-academy\node_modules\sass\sass.dart.js:40143:39)]
    [at _Future__propagateToListeners_handleValueCallback.call$0 
(E:\montership\batd-academy\node_modules\sass\sass.dart.js:39203:51)]
    [at Object._Future__propagateToListeners (E:\montership\batd-academy\node_modules\sass\sass.dart.js:5215:93)]
    [at _Future._completeWithValue$1 (E:\montership\batd-academy\node_modules\sass\sass.dart.js:39066:9)]
    [at _AsyncAwaitCompleter.complete$1 (E:\montership\batd-academy\node_modules\sass\sass.dart.js:38689:14)]
    [at Object._asyncReturn (E:\montership\batd-academy\node_modules\sass\sass.dart.js:4977:17)]
    [at E:\montership\batd-academy\node_modules\sass\sass.dart.js:98624:24]
    [at _wrapJsFunctionForAsync_closure.$protected (E:\montership\batd-academy\node_modules\sass\sass.dart.js:5005:15)]
    [at _wrapJsFunctionForAsync_closure.call$2 (E:\montership\batd-academy\node_modules\sass\sass.dart.js:38714:12)]
    [at _awaitOnObject_closure.call$1 (E:\montership\batd-academy\node_modules\sass\sass.dart.js:38702:32)]
    [at Object._rootRunUnary (E:\montership\batd-academy\node_modules\sass\sass.dart.js:5429:18)]
    [at StaticClosure.<anonymous> (E:\montership\batd-academy\node_modules\sass\sass.dart.js:130137:16)]
    [at _CustomZone.runUnary$2$2 (E:\montership\batd-academy\node_modules\sass\sass.dart.js:40143:39)]
    [at _Future__propagateToListeners_handleValueCallback.call$0 
(E:\montership\batd-academy\node_modules\sass\sass.dart.js:39203:51)]
    [at Object._Future__propagateToListeners (E:\montership\batd-academy\node_modules\sass\sass.dart.js:5215:93)]
    [at _Future._completeWithValue$1 (E:\montership\batd-academy\node_modules\sass\sass.dart.js:39066:9)]
    [at _AsyncAwaitCompleter.complete$1 (E:\montership\batd-academy\node_modules\sass\sass.dart.js:38689:14)]
    [at Object._asyncReturn (E:\montership\batd-academy\node_modules\sass\sass.dart.js:4977:17)]
    [at E:\montership\batd-academy\node_modules\sass\sass.dart.js:98715:24]
    [at _wrapJsFunctionForAsync_closure.$protected (E:\montership\batd-academy\node_modules\sass\sass.dart.js:5005:15)]
    [at _wrapJsFunctionForAsync_closure.call$2 (E:\montership\batd-academy\node_modules\sass\sass.dart.js:38714:12)]
    [at _awaitOnObject_closure.call$1 (E:\montership\batd-academy\node_modules\sass\sass.dart.js:38702:32)]
    [at Object._rootRunUnary (E:\montership\batd-academy\node_modules\sass\sass.dart.js:5429:18)]
    [at StaticClosure.<anonymous> (E:\montership\batd-academy\node_modules\sass\sass.dart.js:130137:16)]
    [at _CustomZone.runUnary$2$2 (E:\montership\batd-academy\node_modules\sass\sass.dart.js:40143:39)]
    [at _Future__propagateToListeners_handleValueCallback.call$0 
(E:\montership\batd-academy\node_modules\sass\sass.dart.js:39203:51)]
    [at Object._Future__propagateToListeners (E:\montership\batd-academy\node_modules\sass\sass.dart.js:5215:93)]
    [at _Future._completeWithValue$1 (E:\montership\batd-academy\node_modules\sass\sass.dart.js:39066:9)]
    [at _AsyncAwaitCompleter.complete$1 (E:\montership\batd-academy\node_modules\sass\sass.dart.js:38689:14)]
    [at Object._asyncReturn (E:\montership\batd-academy\node_modules\sass\sass.dart.js:4977:17)]
    [at E:\montership\batd-academy\node_modules\sass\sass.dart.js:87892:24]
    [at _wrapJsFunctionForAsync_closure.$protected (E:\montership\batd-academy\node_modules\sass\sass.dart.js:5005:15)]
    [at _wrapJsFunctionForAsync_closure.call$2 (E:\montership\batd-academy\node_modules\sass\sass.dart.js:38714:12)]
    [at _awaitOnObject_closure.call$1 (E:\montership\batd-academy\node_modules\sass\sass.dart.js:38702:32)]
    [at Object._rootRunUnary (E:\montership\batd-academy\node_modules\sass\sass.dart.js:5429:18)]
    [at StaticClosure.<anonymous> (E:\montership\batd-academy\node_modules\sass\sass.dart.js:130137:16)]
    [at _CustomZone.runUnary$2$2 (E:\montership\batd-academy\node_modules\sass\sass.dart.js:40143:39)]
    [at _Future__propagateToListeners_handleValueCallback.call$0 
(E:\montership\batd-academy\node_modules\sass\sass.dart.js:39203:51)]
    [at Object._Future__propagateToListeners (E:\montership\batd-academy\node_modules\sass\sass.dart.js:5215:93)]
    [at _Future._complete$1 (E:\montership\batd-academy\node_modules\sass\sass.dart.js:39058:11)]
    [at _SyncCompleter.complete$1 (E:\montership\batd-academy\node_modules\sass\sass.dart.js:38903:10)]
    [at promiseToFuture_closure1.call$1 (E:\montership\batd-academy\node_modules\sass\sass.dart.js:45605:22)]
    [at Object.Primitives_applyFunction (E:\montership\batd-academy\node_modules\sass\sass.dart.js:2213:30)]

Import traces:
  Client Component Browser:
    ./sass/pages/home/course-by-special.module.scss [Client Component Browser]
    ./app/[locale]/(pages)/(home)/CoursesBySpecial.jsx [Client Component Browser]
    ./app/[locale]/(pages)/(home)/CoursesBySpecial.jsx [Server Component]
    ./app/[locale]/(pages)/(home)/page.jsx [Server Component]

  Client Component SSR:
    ./sass/pages/home/course-by-special.module.scss [Client Component SSR]
    ./app/[locale]/(pages)/(home)/CoursesBySpecial.jsx [Client Component SSR]
    ./app/[locale]/(pages)/(home)/CoursesBySpecial.jsx [Server Component]
    ./app/[locale]/(pages)/(home)/page.jsx [Server Component]


./sass/pages/home/customers.module.scss
Error evaluating Node.js code
Error: Can't find stylesheet to import.
  ظـ╖
1 ظ¤é @import "globals"; @import "container";
  ظ¤é         ^^^^^^^^^
  ظـ╡
  sass\pages\home\customers.module.scss 1:9  root stylesheet
  (from E:\montership\batd-academy\node_modules\next\dist\build\webpack\loaders\resolve-url-loader\index.js, 
E:\montership\batd-academy\node_modules\next\dist\compiled\sass-loader\cjs.js)
Caused by: Error: Can't find stylesheet to import.
  ظـ╖
1 ظ¤é @import "globals"; @import "container";
  ظ¤é         ^^^^^^^^^
  ظـ╡
  sass\pages\home\customers.module.scss 1:9  root stylesheet
    [at Object.wrapException (E:\montership\batd-academy\node_modules\sass\sass.dart.js:2337:47)]
    [at E:\montership\batd-academy\node_modules\sass\sass.dart.js:90314:25]
    [at _wrapJsFunctionForAsync_closure.$protected (E:\montership\batd-academy\node_modules\sass\sass.dart.js:5005:15)]
    [at _wrapJsFunctionForAsync_closure.call$2 (E:\montership\batd-academy\node_modules\sass\sass.dart.js:38714:12)]
    [at _awaitOnObject_closure.call$1 (E:\montership\batd-academy\node_modules\sass\sass.dart.js:38702:32)]
    [at Object._rootRunUnary (E:\montership\batd-academy\node_modules\sass\sass.dart.js:5429:18)]
    [at StaticClosure.<anonymous> (E:\montership\batd-academy\node_modules\sass\sass.dart.js:130137:16)]
    [at _CustomZone.runUnary$2$2 (E:\montership\batd-academy\node_modules\sass\sass.dart.js:40143:39)]
    [at _Future__propagateToListeners_handleValueCallback.call$0 
(E:\montership\batd-academy\node_modules\sass\sass.dart.js:39203:51)]
    [at Object._Future__propagateToListeners (E:\montership\batd-academy\node_modules\sass\sass.dart.js:5215:93)]

Import traces:
  Client Component Browser:
    ./sass/pages/home/customers.module.scss [Client Component Browser]
    ./app/[locale]/(pages)/(home)/Customers.jsx [Client Component Browser]
    ./app/[locale]/(pages)/(home)/Customers.jsx [Server Component]
    ./app/[locale]/(pages)/(home)/page.jsx [Server Component]

  Client Component SSR:
    ./sass/pages/home/customers.module.scss [Client Component SSR]
    ./app/[locale]/(pages)/(home)/Customers.jsx [Client Component SSR]
    ./app/[locale]/(pages)/(home)/Customers.jsx [Server Component]
    ./app/[locale]/(pages)/(home)/page.jsx [Server Component]


./sass/pages/home/hero.module.scss
Error evaluating Node.js code
Error: Can't find stylesheet to import.
  ظـ╖
1 ظ¤é @import "globals"; @import "container";
  ظ¤é         ^^^^^^^^^
  ظـ╡
  sass\pages\home\hero.module.scss 1:9  root stylesheet
  (from E:\montership\batd-academy\node_modules\next\dist\build\webpack\loaders\resolve-url-loader\index.js, 
E:\montership\batd-academy\node_modules\next\dist\compiled\sass-loader\cjs.js)
Caused by: Error: Can't find stylesheet to import.
  ظـ╖
1 ظ¤é @import "globals"; @import "container";
  ظ¤é         ^^^^^^^^^
  ظـ╡
  sass\pages\home\hero.module.scss 1:9  root stylesheet
    [at Object.wrapException (E:\montership\batd-academy\node_modules\sass\sass.dart.js:2337:47)]
    [at E:\montership\batd-academy\node_modules\sass\sass.dart.js:90314:25]
    [at _wrapJsFunctionForAsync_closure.$protected (E:\montership\batd-academy\node_modules\sass\sass.dart.js:5005:15)]
    [at _wrapJsFunctionForAsync_closure.call$2 (E:\montership\batd-academy\node_modules\sass\sass.dart.js:38714:12)]
    [at _awaitOnObject_closure.call$1 (E:\montership\batd-academy\node_modules\sass\sass.dart.js:38702:32)]
    [at Object._rootRunUnary (E:\montership\batd-academy\node_modules\sass\sass.dart.js:5429:18)]
    [at StaticClosure.<anonymous> (E:\montership\batd-academy\node_modules\sass\sass.dart.js:130137:16)]
    [at _CustomZone.runUnary$2$2 (E:\montership\batd-academy\node_modules\sass\sass.dart.js:40143:39)]
    [at _Future__propagateToListeners_handleValueCallback.call$0 
(E:\montership\batd-academy\node_modules\sass\sass.dart.js:39203:51)]
    [at Object._Future__propagateToListeners (E:\montership\batd-academy\node_modules\sass\sass.dart.js:5215:93)]

Import trace:
  Server Component:
    ./sass/pages/home/hero.module.scss
    ./app/[locale]/(pages)/(home)/Hero.jsx
    ./app/[locale]/(pages)/(home)/page.jsx


./sass/pages/home/home.module.scss
Error evaluating Node.js code
Error: Can't find stylesheet to import.
  ظـ╖
1 ظ¤é @import "globals"; @import "container";
  ظ¤é         ^^^^^^^^^
  ظـ╡
  sass\pages\home\home.module.scss 1:9  root stylesheet
  (from E:\montership\batd-academy\node_modules\next\dist\build\webpack\loaders\resolve-url-loader\index.js, 
E:\montership\batd-academy\node_modules\next\dist\compiled\sass-loader\cjs.js)
Caused by: Error: Can't find stylesheet to import.
  ظـ╖
1 ظ¤é @import "globals"; @import "container";
  ظ¤é         ^^^^^^^^^
  ظـ╡
  sass\pages\home\home.module.scss 1:9  root stylesheet
    [at Object.wrapException (E:\montership\batd-academy\node_modules\sass\sass.dart.js:2337:47)]
    [at E:\montership\batd-academy\node_modules\sass\sass.dart.js:90314:25]
    [at _wrapJsFunctionForAsync_closure.$protected (E:\montership\batd-academy\node_modules\sass\sass.dart.js:5005:15)]
    [at _wrapJsFunctionForAsync_closure.call$2 (E:\montership\batd-academy\node_modules\sass\sass.dart.js:38714:12)]
    [at _awaitOnObject_closure.call$1 (E:\montership\batd-academy\node_modules\sass\sass.dart.js:38702:32)]
    [at Object._rootRunUnary (E:\montership\batd-academy\node_modules\sass\sass.dart.js:5429:18)]
    [at StaticClosure.<anonymous> (E:\montership\batd-academy\node_modules\sass\sass.dart.js:130137:16)]
    [at _CustomZone.runUnary$2$2 (E:\montership\batd-academy\node_modules\sass\sass.dart.js:40143:39)]
    [at _Future__propagateToListeners_handleValueCallback.call$0 
(E:\montership\batd-academy\node_modules\sass\sass.dart.js:39203:51)]
    [at Object._Future__propagateToListeners (E:\montership\batd-academy\node_modules\sass\sass.dart.js:5215:93)]

Import trace:
  Server Component:
    ./sass/pages/home/home.module.scss
    ./app/[locale]/(pages)/(home)/page.jsx


./sass/pages/home/lastest-publication.module.scss
Error evaluating Node.js code
Error: Can't find stylesheet to import.
  ظـ╖
1 ظ¤é @import "globals"; @import "container";
  ظ¤é         ^^^^^^^^^
  ظـ╡
  sass\pages\home\lastest-publication.module.scss 1:9  root stylesheet
  (from E:\montership\batd-academy\node_modules\next\dist\build\webpack\loaders\resolve-url-loader\index.js, 
E:\montership\batd-academy\node_modules\next\dist\compiled\sass-loader\cjs.js)
Caused by: Error: Can't find stylesheet to import.
  ظـ╖
1 ظ¤é @import "globals"; @import "container";
  ظ¤é         ^^^^^^^^^
  ظـ╡
  sass\pages\home\lastest-publication.module.scss 1:9  root stylesheet
    [at Object.wrapException (E:\montership\batd-academy\node_modules\sass\sass.dart.js:2337:47)]
    [at E:\montership\batd-academy\node_modules\sass\sass.dart.js:90314:25]
    [at _wrapJsFunctionForAsync_closure.$protected (E:\montership\batd-academy\node_modules\sass\sass.dart.js:5005:15)]
    [at _wrapJsFunctionForAsync_closure.call$2 (E:\montership\batd-academy\node_modules\sass\sass.dart.js:38714:12)]
    [at _awaitOnObject_closure.call$1 (E:\montership\batd-academy\node_modules\sass\sass.dart.js:38702:32)]
    [at Object._rootRunUnary (E:\montership\batd-academy\node_modules\sass\sass.dart.js:5429:18)]
    [at StaticClosure.<anonymous> (E:\montership\batd-academy\node_modules\sass\sass.dart.js:130137:16)]
    [at _CustomZone.runUnary$2$2 (E:\montership\batd-academy\node_modules\sass\sass.dart.js:40143:39)]
    [at _Future__propagateToListeners_handleValueCallback.call$0 
(E:\montership\batd-academy\node_modules\sass\sass.dart.js:39203:51)]
    [at Object._Future__propagateToListeners (E:\montership\batd-academy\node_modules\sass\sass.dart.js:5215:93)]
    [at _Future._completeWithValue$1 (E:\montership\batd-academy\node_modules\sass\sass.dart.js:39066:9)]
    [at _AsyncAwaitCompleter.complete$1 (E:\montership\batd-academy\node_modules\sass\sass.dart.js:38689:14)]
    [at Object._asyncReturn (E:\montership\batd-academy\node_modules\sass\sass.dart.js:4977:17)]
    [at E:\montership\batd-academy\node_modules\sass\sass.dart.js:98624:24]
    [at _wrapJsFunctionForAsync_closure.$protected (E:\montership\batd-academy\node_modules\sass\sass.dart.js:5005:15)]
    [at _wrapJsFunctionForAsync_closure.call$2 (E:\montership\batd-academy\node_modules\sass\sass.dart.js:38714:12)]
    [at _awaitOnObject_closure.call$1 (E:\montership\batd-academy\node_modules\sass\sass.dart.js:38702:32)]
    [at Object._rootRunUnary (E:\montership\batd-academy\node_modules\sass\sass.dart.js:5429:18)]
    [at StaticClosure.<anonymous> (E:\montership\batd-academy\node_modules\sass\sass.dart.js:130137:16)]
    [at _CustomZone.runUnary$2$2 (E:\montership\batd-academy\node_modules\sass\sass.dart.js:40143:39)]
    [at _Future__propagateToListeners_handleValueCallback.call$0 
(E:\montership\batd-academy\node_modules\sass\sass.dart.js:39203:51)]
    [at Object._Future__propagateToListeners (E:\montership\batd-academy\node_modules\sass\sass.dart.js:5215:93)]
    [at _Future._completeWithValue$1 (E:\montership\batd-academy\node_modules\sass\sass.dart.js:39066:9)]
    [at _AsyncAwaitCompleter.complete$1 (E:\montership\batd-academy\node_modules\sass\sass.dart.js:38689:14)]
    [at Object._asyncReturn (E:\montership\batd-academy\node_modules\sass\sass.dart.js:4977:17)]
    [at E:\montership\batd-academy\node_modules\sass\sass.dart.js:98715:24]
    [at _wrapJsFunctionForAsync_closure.$protected (E:\montership\batd-academy\node_modules\sass\sass.dart.js:5005:15)]
    [at _wrapJsFunctionForAsync_closure.call$2 (E:\montership\batd-academy\node_modules\sass\sass.dart.js:38714:12)]
    [at _awaitOnObject_closure.call$1 (E:\montership\batd-academy\node_modules\sass\sass.dart.js:38702:32)]
    [at Object._rootRunUnary (E:\montership\batd-academy\node_modules\sass\sass.dart.js:5429:18)]
    [at StaticClosure.<anonymous> (E:\montership\batd-academy\node_modules\sass\sass.dart.js:130137:16)]
    [at _CustomZone.runUnary$2$2 (E:\montership\batd-academy\node_modules\sass\sass.dart.js:40143:39)]
    [at _Future__propagateToListeners_handleValueCallback.call$0 
(E:\montership\batd-academy\node_modules\sass\sass.dart.js:39203:51)]
    [at Object._Future__propagateToListeners (E:\montership\batd-academy\node_modules\sass\sass.dart.js:5215:93)]
    [at _Future._completeWithValue$1 (E:\montership\batd-academy\node_modules\sass\sass.dart.js:39066:9)]
    [at _AsyncAwaitCompleter.complete$1 (E:\montership\batd-academy\node_modules\sass\sass.dart.js:38689:14)]
    [at Object._asyncReturn (E:\montership\batd-academy\node_modules\sass\sass.dart.js:4977:17)]
    [at E:\montership\batd-academy\node_modules\sass\sass.dart.js:87892:24]
    [at _wrapJsFunctionForAsync_closure.$protected (E:\montership\batd-academy\node_modules\sass\sass.dart.js:5005:15)]
    [at _wrapJsFunctionForAsync_closure.call$2 (E:\montership\batd-academy\node_modules\sass\sass.dart.js:38714:12)]
    [at _awaitOnObject_closure.call$1 (E:\montership\batd-academy\node_modules\sass\sass.dart.js:38702:32)]
    [at Object._rootRunUnary (E:\montership\batd-academy\node_modules\sass\sass.dart.js:5429:18)]
    [at StaticClosure.<anonymous> (E:\montership\batd-academy\node_modules\sass\sass.dart.js:130137:16)]
    [at _CustomZone.runUnary$2$2 (E:\montership\batd-academy\node_modules\sass\sass.dart.js:40143:39)]
    [at _Future__propagateToListeners_handleValueCallback.call$0 
(E:\montership\batd-academy\node_modules\sass\sass.dart.js:39203:51)]
    [at Object._Future__propagateToListeners (E:\montership\batd-academy\node_modules\sass\sass.dart.js:5215:93)]
    [at _Future._complete$1 (E:\montership\batd-academy\node_modules\sass\sass.dart.js:39058:11)]
    [at _SyncCompleter.complete$1 (E:\montership\batd-academy\node_modules\sass\sass.dart.js:38903:10)]
    [at promiseToFuture_closure1.call$1 (E:\montership\batd-academy\node_modules\sass\sass.dart.js:45605:22)]
    [at Object.Primitives_applyFunction (E:\montership\batd-academy\node_modules\sass\sass.dart.js:2213:30)]

Import traces:
  Client Component Browser:
    ./sass/pages/home/lastest-publication.module.scss [Client Component Browser]
    ./app/[locale]/(pages)/(home)/LastestPublication.jsx [Client Component Browser]
    ./app/[locale]/(pages)/(home)/LastestPublication.jsx [Server Component]
    ./app/[locale]/(pages)/(home)/page.jsx [Server Component]

  Client Component SSR:
    ./sass/pages/home/lastest-publication.module.scss [Client Component SSR]
    ./app/[locale]/(pages)/(home)/LastestPublication.jsx [Client Component SSR]
    ./app/[locale]/(pages)/(home)/LastestPublication.jsx [Server Component]
    ./app/[locale]/(pages)/(home)/page.jsx [Server Component]


./sass/pages/home/request-coures.module.scss
Error evaluating Node.js code
Error: Can't find stylesheet to import.
  ظـ╖
1 ظ¤é @import "globals"; @import "container";
  ظ¤é         ^^^^^^^^^
  ظـ╡
  sass\pages\home\request-coures.module.scss 1:9  root stylesheet
  (from E:\montership\batd-academy\node_modules\next\dist\build\webpack\loaders\resolve-url-loader\index.js, 
E:\montership\batd-academy\node_modules\next\dist\compiled\sass-loader\cjs.js)
Caused by: Error: Can't find stylesheet to import.
  ظـ╖
1 ظ¤é @import "globals"; @import "container";
  ظ¤é         ^^^^^^^^^
  ظـ╡
  sass\pages\home\request-coures.module.scss 1:9  root stylesheet
    [at Object.wrapException (E:\montership\batd-academy\node_modules\sass\sass.dart.js:2337:47)]
    [at E:\montership\batd-academy\node_modules\sass\sass.dart.js:90314:25]
    [at _wrapJsFunctionForAsync_closure.$protected (E:\montership\batd-academy\node_modules\sass\sass.dart.js:5005:15)]
    [at _wrapJsFunctionForAsync_closure.call$2 (E:\montership\batd-academy\node_modules\sass\sass.dart.js:38714:12)]
    [at _awaitOnObject_closure.call$1 (E:\montership\batd-academy\node_modules\sass\sass.dart.js:38702:32)]
    [at Object._rootRunUnary (E:\montership\batd-academy\node_modules\sass\sass.dart.js:5429:18)]
    [at StaticClosure.<anonymous> (E:\montership\batd-academy\node_modules\sass\sass.dart.js:130137:16)]
    [at _CustomZone.runUnary$2$2 (E:\montership\batd-academy\node_modules\sass\sass.dart.js:40143:39)]
    [at _Future__propagateToListeners_handleValueCallback.call$0 
(E:\montership\batd-academy\node_modules\sass\sass.dart.js:39203:51)]
    [at Object._Future__propagateToListeners (E:\montership\batd-academy\node_modules\sass\sass.dart.js:5215:93)]

Import traces:
  Client Component Browser:
    ./sass/pages/home/request-coures.module.scss [Client Component Browser]
    ./app/[locale]/(pages)/(home)/RequestCoures.jsx [Client Component Browser]
    ./app/[locale]/(pages)/(home)/RequestCoures.jsx [Server Component]
    ./app/[locale]/(pages)/(home)/page.jsx [Server Component]

  Client Component SSR:
    ./sass/pages/home/request-coures.module.scss [Client Component SSR]
    ./app/[locale]/(pages)/(home)/RequestCoures.jsx [Client Component SSR]
    ./app/[locale]/(pages)/(home)/RequestCoures.jsx [Server Component]
    ./app/[locale]/(pages)/(home)/page.jsx [Server Component]


./sass/pages/home/team-work.module.scss
Error evaluating Node.js code
Error: Can't find stylesheet to import.
  ظـ╖
1 ظ¤é @import "globals"; @import "container";
  ظ¤é         ^^^^^^^^^
  ظـ╡
  sass\pages\home\team-work.module.scss 1:9  root stylesheet
  (from E:\montership\batd-academy\node_modules\next\dist\build\webpack\loaders\resolve-url-loader\index.js, 
E:\montership\batd-academy\node_modules\next\dist\compiled\sass-loader\cjs.js)
Caused by: Error: Can't find stylesheet to import.
  ظـ╖
1 ظ¤é @import "globals"; @import "container";
  ظ¤é         ^^^^^^^^^
  ظـ╡
  sass\pages\home\team-work.module.scss 1:9  root stylesheet
    [at Object.wrapException (E:\montership\batd-academy\node_modules\sass\sass.dart.js:2337:47)]
    [at E:\montership\batd-academy\node_modules\sass\sass.dart.js:90314:25]
    [at _wrapJsFunctionForAsync_closure.$protected (E:\montership\batd-academy\node_modules\sass\sass.dart.js:5005:15)]
    [at _wrapJsFunctionForAsync_closure.call$2 (E:\montership\batd-academy\node_modules\sass\sass.dart.js:38714:12)]
    [at _awaitOnObject_closure.call$1 (E:\montership\batd-academy\node_modules\sass\sass.dart.js:38702:32)]
    [at Object._rootRunUnary (E:\montership\batd-academy\node_modules\sass\sass.dart.js:5429:18)]
    [at StaticClosure.<anonymous> (E:\montership\batd-academy\node_modules\sass\sass.dart.js:130137:16)]
    [at _CustomZone.runUnary$2$2 (E:\montership\batd-academy\node_modules\sass\sass.dart.js:40143:39)]
    [at _Future__propagateToListeners_handleValueCallback.call$0 
(E:\montership\batd-academy\node_modules\sass\sass.dart.js:39203:51)]
    [at Object._Future__propagateToListeners (E:\montership\batd-academy\node_modules\sass\sass.dart.js:5215:93)]
    [at _Future._completeWithValue$1 (E:\montership\batd-academy\node_modules\sass\sass.dart.js:39066:9)]
    [at _AsyncAwaitCompleter.complete$1 (E:\montership\batd-academy\node_modules\sass\sass.dart.js:38689:14)]
    [at Object._asyncReturn (E:\montership\batd-academy\node_modules\sass\sass.dart.js:4977:17)]
    [at E:\montership\batd-academy\node_modules\sass\sass.dart.js:98624:24]
    [at _wrapJsFunctionForAsync_closure.$protected (E:\montership\batd-academy\node_modules\sass\sass.dart.js:5005:15)]
    [at _wrapJsFunctionForAsync_closure.call$2 (E:\montership\batd-academy\node_modules\sass\sass.dart.js:38714:12)]
    [at _awaitOnObject_closure.call$1 (E:\montership\batd-academy\node_modules\sass\sass.dart.js:38702:32)]
    [at Object._rootRunUnary (E:\montership\batd-academy\node_modules\sass\sass.dart.js:5429:18)]
    [at StaticClosure.<anonymous> (E:\montership\batd-academy\node_modules\sass\sass.dart.js:130137:16)]
    [at _CustomZone.runUnary$2$2 (E:\montership\batd-academy\node_modules\sass\sass.dart.js:40143:39)]
    [at _Future__propagateToListeners_handleValueCallback.call$0 
(E:\montership\batd-academy\node_modules\sass\sass.dart.js:39203:51)]
    [at Object._Future__propagateToListeners (E:\montership\batd-academy\node_modules\sass\sass.dart.js:5215:93)]
    [at _Future._completeWithValue$1 (E:\montership\batd-academy\node_modules\sass\sass.dart.js:39066:9)]
    [at _AsyncAwaitCompleter.complete$1 (E:\montership\batd-academy\node_modules\sass\sass.dart.js:38689:14)]
    [at Object._asyncReturn (E:\montership\batd-academy\node_modules\sass\sass.dart.js:4977:17)]
    [at E:\montership\batd-academy\node_modules\sass\sass.dart.js:98715:24]
    [at _wrapJsFunctionForAsync_closure.$protected (E:\montership\batd-academy\node_modules\sass\sass.dart.js:5005:15)]
    [at _wrapJsFunctionForAsync_closure.call$2 (E:\montership\batd-academy\node_modules\sass\sass.dart.js:38714:12)]
    [at _awaitOnObject_closure.call$1 (E:\montership\batd-academy\node_modules\sass\sass.dart.js:38702:32)]
    [at Object._rootRunUnary (E:\montership\batd-academy\node_modules\sass\sass.dart.js:5429:18)]
    [at StaticClosure.<anonymous> (E:\montership\batd-academy\node_modules\sass\sass.dart.js:130137:16)]
    [at _CustomZone.runUnary$2$2 (E:\montership\batd-academy\node_modules\sass\sass.dart.js:40143:39)]
    [at _Future__propagateToListeners_handleValueCallback.call$0 
(E:\montership\batd-academy\node_modules\sass\sass.dart.js:39203:51)]
    [at Object._Future__propagateToListeners (E:\montership\batd-academy\node_modules\sass\sass.dart.js:5215:93)]
    [at _Future._completeWithValue$1 (E:\montership\batd-academy\node_modules\sass\sass.dart.js:39066:9)]
    [at _AsyncAwaitCompleter.complete$1 (E:\montership\batd-academy\node_modules\sass\sass.dart.js:38689:14)]
    [at Object._asyncReturn (E:\montership\batd-academy\node_modules\sass\sass.dart.js:4977:17)]
    [at E:\montership\batd-academy\node_modules\sass\sass.dart.js:87892:24]
    [at _wrapJsFunctionForAsync_closure.$protected (E:\montership\batd-academy\node_modules\sass\sass.dart.js:5005:15)]
    [at _wrapJsFunctionForAsync_closure.call$2 (E:\montership\batd-academy\node_modules\sass\sass.dart.js:38714:12)]
    [at _awaitOnObject_closure.call$1 (E:\montership\batd-academy\node_modules\sass\sass.dart.js:38702:32)]
    [at Object._rootRunUnary (E:\montership\batd-academy\node_modules\sass\sass.dart.js:5429:18)]
    [at StaticClosure.<anonymous> (E:\montership\batd-academy\node_modules\sass\sass.dart.js:130137:16)]
    [at _CustomZone.runUnary$2$2 (E:\montership\batd-academy\node_modules\sass\sass.dart.js:40143:39)]
    [at _Future__propagateToListeners_handleValueCallback.call$0 
(E:\montership\batd-academy\node_modules\sass\sass.dart.js:39203:51)]
    [at Object._Future__propagateToListeners (E:\montership\batd-academy\node_modules\sass\sass.dart.js:5215:93)]
    [at _Future._complete$1 (E:\montership\batd-academy\node_modules\sass\sass.dart.js:39058:11)]
    [at _SyncCompleter.complete$1 (E:\montership\batd-academy\node_modules\sass\sass.dart.js:38903:10)]
    [at promiseToFuture_closure1.call$1 (E:\montership\batd-academy\node_modules\sass\sass.dart.js:45605:22)]
    [at Object.Primitives_applyFunction (E:\montership\batd-academy\node_modules\sass\sass.dart.js:2213:30)]

Import trace:
  Server Component:
    ./sass/pages/home/team-work.module.scss
    ./app/[locale]/(pages)/(home)/TeamWork.jsx
    ./app/[locale]/(pages)/(home)/page.jsx


./sass/pages/home/what-is.module.scss
Error evaluating Node.js code
Error: Can't find stylesheet to import.
  ظـ╖
1 ظ¤é @import "globals"; @import "container";
  ظ¤é         ^^^^^^^^^
  ظـ╡
  sass\pages\home\what-is.module.scss 1:9  root stylesheet
  (from E:\montership\batd-academy\node_modules\next\dist\build\webpack\loaders\resolve-url-loader\index.js, 
E:\montership\batd-academy\node_modules\next\dist\compiled\sass-loader\cjs.js)
Caused by: Error: Can't find stylesheet to import.
  ظـ╖
1 ظ¤é @import "globals"; @import "container";
  ظ¤é         ^^^^^^^^^
  ظـ╡
  sass\pages\home\what-is.module.scss 1:9  root stylesheet
    [at Object.wrapException (E:\montership\batd-academy\node_modules\sass\sass.dart.js:2337:47)]
    [at E:\montership\batd-academy\node_modules\sass\sass.dart.js:90314:25]
    [at _wrapJsFunctionForAsync_closure.$protected (E:\montership\batd-academy\node_modules\sass\sass.dart.js:5005:15)]
    [at _wrapJsFunctionForAsync_closure.call$2 (E:\montership\batd-academy\node_modules\sass\sass.dart.js:38714:12)]
    [at _awaitOnObject_closure.call$1 (E:\montership\batd-academy\node_modules\sass\sass.dart.js:38702:32)]
    [at Object._rootRunUnary (E:\montership\batd-academy\node_modules\sass\sass.dart.js:5429:18)]
    [at StaticClosure.<anonymous> (E:\montership\batd-academy\node_modules\sass\sass.dart.js:130137:16)]
    [at _CustomZone.runUnary$2$2 (E:\montership\batd-academy\node_modules\sass\sass.dart.js:40143:39)]
    [at _Future__propagateToListeners_handleValueCallback.call$0 
(E:\montership\batd-academy\node_modules\sass\sass.dart.js:39203:51)]
    [at Object._Future__propagateToListeners (E:\montership\batd-academy\node_modules\sass\sass.dart.js:5215:93)]

Import trace:
  Server Component:
    ./sass/pages/home/what-is.module.scss
    ./app/[locale]/(pages)/(home)/WhatIs.jsx
    ./app/[locale]/(pages)/(home)/page.jsx


./sass/pages/my-profile/my-profile.module.scss
Error evaluating Node.js code
Error: Can't find stylesheet to import.
  ظـ╖
1 ظ¤é @import "globals"; @import "container";
  ظ¤é         ^^^^^^^^^
  ظـ╡
  sass\pages\my-profile\my-profile.module.scss 1:9  root stylesheet
  (from E:\montership\batd-academy\node_modules\next\dist\build\webpack\loaders\resolve-url-loader\index.js, 
E:\montership\batd-academy\node_modules\next\dist\compiled\sass-loader\cjs.js)
Caused by: Error: Can't find stylesheet to import.
  ظـ╖
1 ظ¤é @import "globals"; @import "container";
  ظ¤é         ^^^^^^^^^
  ظـ╡
  sass\pages\my-profile\my-profile.module.scss 1:9  root stylesheet
    [at Object.wrapException (E:\montership\batd-academy\node_modules\sass\sass.dart.js:2337:47)]
    [at E:\montership\batd-academy\node_modules\sass\sass.dart.js:90314:25]
    [at _wrapJsFunctionForAsync_closure.$protected (E:\montership\batd-academy\node_modules\sass\sass.dart.js:5005:15)]
    [at _wrapJsFunctionForAsync_closure.call$2 (E:\montership\batd-academy\node_modules\sass\sass.dart.js:38714:12)]
    [at _awaitOnObject_closure.call$1 (E:\montership\batd-academy\node_modules\sass\sass.dart.js:38702:32)]
    [at Object._rootRunUnary (E:\montership\batd-academy\node_modules\sass\sass.dart.js:5429:18)]
    [at StaticClosure.<anonymous> (E:\montership\batd-academy\node_modules\sass\sass.dart.js:130137:16)]
    [at _CustomZone.runUnary$2$2 (E:\montership\batd-academy\node_modules\sass\sass.dart.js:40143:39)]
    [at _Future__propagateToListeners_handleValueCallback.call$0 
(E:\montership\batd-academy\node_modules\sass\sass.dart.js:39203:51)]
    [at Object._Future__propagateToListeners (E:\montership\batd-academy\node_modules\sass\sass.dart.js:5215:93)]

Import traces:
  Server Component:
    ./sass/pages/my-profile/my-profile.module.scss
    ./app/[locale]/(pages)/myProfile/page.jsx

  Client Component Browser:
    ./sass/pages/my-profile/my-profile.module.scss [Client Component Browser]
    ./app/[locale]/(pages)/myProfile/ProfileTabs.jsx [Client Component Browser]
    ./app/[locale]/(pages)/myProfile/ProfileTabs.jsx [Server Component]
    ./app/[locale]/(pages)/myProfile/page.jsx [Server Component]

  Client Component SSR:
    ./sass/pages/my-profile/my-profile.module.scss [Client Component SSR]
    ./app/[locale]/(pages)/myProfile/ProfileTabs.jsx [Client Component SSR]
    ./app/[locale]/(pages)/myProfile/ProfileTabs.jsx [Server Component]
    ./app/[locale]/(pages)/myProfile/page.jsx [Server Component]


./sass/pages/print-category/header.module.scss
Error evaluating Node.js code
Error: Can't find stylesheet to import.
  ظـ╖
1 ظ¤é @import "globals"; @import "container";
  ظ¤é         ^^^^^^^^^
  ظـ╡
  sass\pages\print-category\header.module.scss 1:9  root stylesheet
  (from E:\montership\batd-academy\node_modules\next\dist\build\webpack\loaders\resolve-url-loader\index.js, 
E:\montership\batd-academy\node_modules\next\dist\compiled\sass-loader\cjs.js)
Caused by: Error: Can't find stylesheet to import.
  ظـ╖
1 ظ¤é @import "globals"; @import "container";
  ظ¤é         ^^^^^^^^^
  ظـ╡
  sass\pages\print-category\header.module.scss 1:9  root stylesheet
    [at Object.wrapException (E:\montership\batd-academy\node_modules\sass\sass.dart.js:2337:47)]
    [at E:\montership\batd-academy\node_modules\sass\sass.dart.js:90314:25]
    [at _wrapJsFunctionForAsync_closure.$protected (E:\montership\batd-academy\node_modules\sass\sass.dart.js:5005:15)]
    [at _wrapJsFunctionForAsync_closure.call$2 (E:\montership\batd-academy\node_modules\sass\sass.dart.js:38714:12)]
    [at _awaitOnObject_closure.call$1 (E:\montership\batd-academy\node_modules\sass\sass.dart.js:38702:32)]
    [at Object._rootRunUnary (E:\montership\batd-academy\node_modules\sass\sass.dart.js:5429:18)]
    [at StaticClosure.<anonymous> (E:\montership\batd-academy\node_modules\sass\sass.dart.js:130137:16)]
    [at _CustomZone.runUnary$2$2 (E:\montership\batd-academy\node_modules\sass\sass.dart.js:40143:39)]
    [at _Future__propagateToListeners_handleValueCallback.call$0 
(E:\montership\batd-academy\node_modules\sass\sass.dart.js:39203:51)]
    [at Object._Future__propagateToListeners (E:\montership\batd-academy\node_modules\sass\sass.dart.js:5215:93)]

Import trace:
  Server Component:
    ./sass/pages/print-category/header.module.scss
    ./app/[locale]/(pages)/printCategory/[id]/Header.jsx
    ./app/[locale]/(pages)/printCategory/[id]/page.jsx


./sass/pages/print-category/print-card.module.scss
Error evaluating Node.js code
Error: Can't find stylesheet to import.
  ظـ╖
1 ظ¤é @import "globals"; @import "container";
  ظ¤é         ^^^^^^^^^
  ظـ╡
  sass\pages\print-category\print-card.module.scss 1:9  root stylesheet
  (from E:\montership\batd-academy\node_modules\next\dist\build\webpack\loaders\resolve-url-loader\index.js, 
E:\montership\batd-academy\node_modules\next\dist\compiled\sass-loader\cjs.js)
Caused by: Error: Can't find stylesheet to import.
  ظـ╖
1 ظ¤é @import "globals"; @import "container";
  ظ¤é         ^^^^^^^^^
  ظـ╡
  sass\pages\print-category\print-card.module.scss 1:9  root stylesheet
    [at Object.wrapException (E:\montership\batd-academy\node_modules\sass\sass.dart.js:2337:47)]
    [at E:\montership\batd-academy\node_modules\sass\sass.dart.js:90314:25]
    [at _wrapJsFunctionForAsync_closure.$protected (E:\montership\batd-academy\node_modules\sass\sass.dart.js:5005:15)]
    [at _wrapJsFunctionForAsync_closure.call$2 (E:\montership\batd-academy\node_modules\sass\sass.dart.js:38714:12)]
    [at _awaitOnObject_closure.call$1 (E:\montership\batd-academy\node_modules\sass\sass.dart.js:38702:32)]
    [at Object._rootRunUnary (E:\montership\batd-academy\node_modules\sass\sass.dart.js:5429:18)]
    [at StaticClosure.<anonymous> (E:\montership\batd-academy\node_modules\sass\sass.dart.js:130137:16)]
    [at _CustomZone.runUnary$2$2 (E:\montership\batd-academy\node_modules\sass\sass.dart.js:40143:39)]
    [at _Future__propagateToListeners_handleValueCallback.call$0 
(E:\montership\batd-academy\node_modules\sass\sass.dart.js:39203:51)]
    [at Object._Future__propagateToListeners (E:\montership\batd-academy\node_modules\sass\sass.dart.js:5215:93)]
    [at _Future._completeWithValue$1 (E:\montership\batd-academy\node_modules\sass\sass.dart.js:39066:9)]
    [at _AsyncAwaitCompleter.complete$1 (E:\montership\batd-academy\node_modules\sass\sass.dart.js:38689:14)]
    [at Object._asyncReturn (E:\montership\batd-academy\node_modules\sass\sass.dart.js:4977:17)]
    [at E:\montership\batd-academy\node_modules\sass\sass.dart.js:98624:24]
    [at _wrapJsFunctionForAsync_closure.$protected (E:\montership\batd-academy\node_modules\sass\sass.dart.js:5005:15)]
    [at _wrapJsFunctionForAsync_closure.call$2 (E:\montership\batd-academy\node_modules\sass\sass.dart.js:38714:12)]
    [at _awaitOnObject_closure.call$1 (E:\montership\batd-academy\node_modules\sass\sass.dart.js:38702:32)]
    [at Object._rootRunUnary (E:\montership\batd-academy\node_modules\sass\sass.dart.js:5429:18)]
    [at StaticClosure.<anonymous> (E:\montership\batd-academy\node_modules\sass\sass.dart.js:130137:16)]
    [at _CustomZone.runUnary$2$2 (E:\montership\batd-academy\node_modules\sass\sass.dart.js:40143:39)]
    [at _Future__propagateToListeners_handleValueCallback.call$0 
(E:\montership\batd-academy\node_modules\sass\sass.dart.js:39203:51)]
    [at Object._Future__propagateToListeners (E:\montership\batd-academy\node_modules\sass\sass.dart.js:5215:93)]
    [at _Future._completeWithValue$1 (E:\montership\batd-academy\node_modules\sass\sass.dart.js:39066:9)]
    [at _AsyncAwaitCompleter.complete$1 (E:\montership\batd-academy\node_modules\sass\sass.dart.js:38689:14)]
    [at Object._asyncReturn (E:\montership\batd-academy\node_modules\sass\sass.dart.js:4977:17)]
    [at E:\montership\batd-academy\node_modules\sass\sass.dart.js:98715:24]
    [at _wrapJsFunctionForAsync_closure.$protected (E:\montership\batd-academy\node_modules\sass\sass.dart.js:5005:15)]
    [at _wrapJsFunctionForAsync_closure.call$2 (E:\montership\batd-academy\node_modules\sass\sass.dart.js:38714:12)]
    [at _awaitOnObject_closure.call$1 (E:\montership\batd-academy\node_modules\sass\sass.dart.js:38702:32)]
    [at Object._rootRunUnary (E:\montership\batd-academy\node_modules\sass\sass.dart.js:5429:18)]
    [at StaticClosure.<anonymous> (E:\montership\batd-academy\node_modules\sass\sass.dart.js:130137:16)]
    [at _CustomZone.runUnary$2$2 (E:\montership\batd-academy\node_modules\sass\sass.dart.js:40143:39)]
    [at _Future__propagateToListeners_handleValueCallback.call$0 
(E:\montership\batd-academy\node_modules\sass\sass.dart.js:39203:51)]
    [at Object._Future__propagateToListeners (E:\montership\batd-academy\node_modules\sass\sass.dart.js:5215:93)]
    [at _Future._completeWithValue$1 (E:\montership\batd-academy\node_modules\sass\sass.dart.js:39066:9)]
    [at _AsyncAwaitCompleter.complete$1 (E:\montership\batd-academy\node_modules\sass\sass.dart.js:38689:14)]
    [at Object._asyncReturn (E:\montership\batd-academy\node_modules\sass\sass.dart.js:4977:17)]
    [at E:\montership\batd-academy\node_modules\sass\sass.dart.js:87892:24]
    [at _wrapJsFunctionForAsync_closure.$protected (E:\montership\batd-academy\node_modules\sass\sass.dart.js:5005:15)]
    [at _wrapJsFunctionForAsync_closure.call$2 (E:\montership\batd-academy\node_modules\sass\sass.dart.js:38714:12)]
    [at _awaitOnObject_closure.call$1 (E:\montership\batd-academy\node_modules\sass\sass.dart.js:38702:32)]
    [at Object._rootRunUnary (E:\montership\batd-academy\node_modules\sass\sass.dart.js:5429:18)]
    [at StaticClosure.<anonymous> (E:\montership\batd-academy\node_modules\sass\sass.dart.js:130137:16)]
    [at _CustomZone.runUnary$2$2 (E:\montership\batd-academy\node_modules\sass\sass.dart.js:40143:39)]
    [at _Future__propagateToListeners_handleValueCallback.call$0 
(E:\montership\batd-academy\node_modules\sass\sass.dart.js:39203:51)]
    [at Object._Future__propagateToListeners (E:\montership\batd-academy\node_modules\sass\sass.dart.js:5215:93)]
    [at _Future._complete$1 (E:\montership\batd-academy\node_modules\sass\sass.dart.js:39058:11)]
    [at _SyncCompleter.complete$1 (E:\montership\batd-academy\node_modules\sass\sass.dart.js:38903:10)]
    [at promiseToFuture_closure1.call$1 (E:\montership\batd-academy\node_modules\sass\sass.dart.js:45605:22)]
    [at Object.Primitives_applyFunction (E:\montership\batd-academy\node_modules\sass\sass.dart.js:2213:30)]

Import trace:
  Server Component:
    ./sass/pages/print-category/print-card.module.scss
    ./app/[locale]/(pages)/printCategory/[id]/PrintCard.jsx
    ./app/[locale]/(pages)/printCategory/[id]/page.jsx


./sass/pages/print-category/print-category.module.scss
Error evaluating Node.js code
Error: Can't find stylesheet to import.
  ظـ╖
1 ظ¤é @import "globals"; @import "container";
  ظ¤é         ^^^^^^^^^
  ظـ╡
  sass\pages\print-category\print-category.module.scss 1:9  root stylesheet
  (from E:\montership\batd-academy\node_modules\next\dist\build\webpack\loaders\resolve-url-loader\index.js, 
E:\montership\batd-academy\node_modules\next\dist\compiled\sass-loader\cjs.js)
Caused by: Error: Can't find stylesheet to import.
  ظـ╖
1 ظ¤é @import "globals"; @import "container";
  ظ¤é         ^^^^^^^^^
  ظـ╡
  sass\pages\print-category\print-category.module.scss 1:9  root stylesheet
    [at Object.wrapException (E:\montership\batd-academy\node_modules\sass\sass.dart.js:2337:47)]
    [at E:\montership\batd-academy\node_modules\sass\sass.dart.js:90314:25]
    [at _wrapJsFunctionForAsync_closure.$protected (E:\montership\batd-academy\node_modules\sass\sass.dart.js:5005:15)]
    [at _wrapJsFunctionForAsync_closure.call$2 (E:\montership\batd-academy\node_modules\sass\sass.dart.js:38714:12)]
    [at _awaitOnObject_closure.call$1 (E:\montership\batd-academy\node_modules\sass\sass.dart.js:38702:32)]
    [at Object._rootRunUnary (E:\montership\batd-academy\node_modules\sass\sass.dart.js:5429:18)]
    [at StaticClosure.<anonymous> (E:\montership\batd-academy\node_modules\sass\sass.dart.js:130137:16)]
    [at _CustomZone.runUnary$2$2 (E:\montership\batd-academy\node_modules\sass\sass.dart.js:40143:39)]
    [at _Future__propagateToListeners_handleValueCallback.call$0 
(E:\montership\batd-academy\node_modules\sass\sass.dart.js:39203:51)]
    [at Object._Future__propagateToListeners (E:\montership\batd-academy\node_modules\sass\sass.dart.js:5215:93)]
    [at _Future._completeWithValue$1 (E:\montership\batd-academy\node_modules\sass\sass.dart.js:39066:9)]
    [at _AsyncAwaitCompleter.complete$1 (E:\montership\batd-academy\node_modules\sass\sass.dart.js:38689:14)]
    [at Object._asyncReturn (E:\montership\batd-academy\node_modules\sass\sass.dart.js:4977:17)]
    [at E:\montership\batd-academy\node_modules\sass\sass.dart.js:98624:24]
    [at _wrapJsFunctionForAsync_closure.$protected (E:\montership\batd-academy\node_modules\sass\sass.dart.js:5005:15)]
    [at _wrapJsFunctionForAsync_closure.call$2 (E:\montership\batd-academy\node_modules\sass\sass.dart.js:38714:12)]
    [at _awaitOnObject_closure.call$1 (E:\montership\batd-academy\node_modules\sass\sass.dart.js:38702:32)]
    [at Object._rootRunUnary (E:\montership\batd-academy\node_modules\sass\sass.dart.js:5429:18)]
    [at StaticClosure.<anonymous> (E:\montership\batd-academy\node_modules\sass\sass.dart.js:130137:16)]
    [at _CustomZone.runUnary$2$2 (E:\montership\batd-academy\node_modules\sass\sass.dart.js:40143:39)]
    [at _Future__propagateToListeners_handleValueCallback.call$0 
(E:\montership\batd-academy\node_modules\sass\sass.dart.js:39203:51)]
    [at Object._Future__propagateToListeners (E:\montership\batd-academy\node_modules\sass\sass.dart.js:5215:93)]
    [at _Future._completeWithValue$1 (E:\montership\batd-academy\node_modules\sass\sass.dart.js:39066:9)]
    [at _AsyncAwaitCompleter.complete$1 (E:\montership\batd-academy\node_modules\sass\sass.dart.js:38689:14)]
    [at Object._asyncReturn (E:\montership\batd-academy\node_modules\sass\sass.dart.js:4977:17)]
    [at E:\montership\batd-academy\node_modules\sass\sass.dart.js:98715:24]
    [at _wrapJsFunctionForAsync_closure.$protected (E:\montership\batd-academy\node_modules\sass\sass.dart.js:5005:15)]
    [at _wrapJsFunctionForAsync_closure.call$2 (E:\montership\batd-academy\node_modules\sass\sass.dart.js:38714:12)]
    [at _awaitOnObject_closure.call$1 (E:\montership\batd-academy\node_modules\sass\sass.dart.js:38702:32)]
    [at Object._rootRunUnary (E:\montership\batd-academy\node_modules\sass\sass.dart.js:5429:18)]
    [at StaticClosure.<anonymous> (E:\montership\batd-academy\node_modules\sass\sass.dart.js:130137:16)]
    [at _CustomZone.runUnary$2$2 (E:\montership\batd-academy\node_modules\sass\sass.dart.js:40143:39)]
    [at _Future__propagateToListeners_handleValueCallback.call$0 
(E:\montership\batd-academy\node_modules\sass\sass.dart.js:39203:51)]
    [at Object._Future__propagateToListeners (E:\montership\batd-academy\node_modules\sass\sass.dart.js:5215:93)]
    [at _Future._completeWithValue$1 (E:\montership\batd-academy\node_modules\sass\sass.dart.js:39066:9)]
    [at _AsyncAwaitCompleter.complete$1 (E:\montership\batd-academy\node_modules\sass\sass.dart.js:38689:14)]
    [at Object._asyncReturn (E:\montership\batd-academy\node_modules\sass\sass.dart.js:4977:17)]
    [at E:\montership\batd-academy\node_modules\sass\sass.dart.js:87892:24]
    [at _wrapJsFunctionForAsync_closure.$protected (E:\montership\batd-academy\node_modules\sass\sass.dart.js:5005:15)]
    [at _wrapJsFunctionForAsync_closure.call$2 (E:\montership\batd-academy\node_modules\sass\sass.dart.js:38714:12)]
    [at _awaitOnObject_closure.call$1 (E:\montership\batd-academy\node_modules\sass\sass.dart.js:38702:32)]
    [at Object._rootRunUnary (E:\montership\batd-academy\node_modules\sass\sass.dart.js:5429:18)]
    [at StaticClosure.<anonymous> (E:\montership\batd-academy\node_modules\sass\sass.dart.js:130137:16)]
    [at _CustomZone.runUnary$2$2 (E:\montership\batd-academy\node_modules\sass\sass.dart.js:40143:39)]
    [at _Future__propagateToListeners_handleValueCallback.call$0 
(E:\montership\batd-academy\node_modules\sass\sass.dart.js:39203:51)]
    [at Object._Future__propagateToListeners (E:\montership\batd-academy\node_modules\sass\sass.dart.js:5215:93)]
    [at _Future._complete$1 (E:\montership\batd-academy\node_modules\sass\sass.dart.js:39058:11)]
    [at _SyncCompleter.complete$1 (E:\montership\batd-academy\node_modules\sass\sass.dart.js:38903:10)]
    [at promiseToFuture_closure1.call$1 (E:\montership\batd-academy\node_modules\sass\sass.dart.js:45605:22)]
    [at Object.Primitives_applyFunction (E:\montership\batd-academy\node_modules\sass\sass.dart.js:2213:30)]

Import trace:
  Server Component:
    ./sass/pages/print-category/print-category.module.scss
    ./app/[locale]/(pages)/printCategory/[id]/page.jsx


./sass/pages/print-category/print.module.scss
Error evaluating Node.js code
Error: Can't find stylesheet to import.
  ظـ╖
1 ظ¤é @import "globals"; @import "container";
  ظ¤é         ^^^^^^^^^
  ظـ╡
  sass\pages\print-category\print.module.scss 1:9  root stylesheet
  (from E:\montership\batd-academy\node_modules\next\dist\build\webpack\loaders\resolve-url-loader\index.js, 
E:\montership\batd-academy\node_modules\next\dist\compiled\sass-loader\cjs.js)
Caused by: Error: Can't find stylesheet to import.
  ظـ╖
1 ظ¤é @import "globals"; @import "container";
  ظ¤é         ^^^^^^^^^
  ظـ╡
  sass\pages\print-category\print.module.scss 1:9  root stylesheet
    [at Object.wrapException (E:\montership\batd-academy\node_modules\sass\sass.dart.js:2337:47)]
    [at E:\montership\batd-academy\node_modules\sass\sass.dart.js:90314:25]
    [at _wrapJsFunctionForAsync_closure.$protected (E:\montership\batd-academy\node_modules\sass\sass.dart.js:5005:15)]
    [at _wrapJsFunctionForAsync_closure.call$2 (E:\montership\batd-academy\node_modules\sass\sass.dart.js:38714:12)]
    [at _awaitOnObject_closure.call$1 (E:\montership\batd-academy\node_modules\sass\sass.dart.js:38702:32)]
    [at Object._rootRunUnary (E:\montership\batd-academy\node_modules\sass\sass.dart.js:5429:18)]
    [at StaticClosure.<anonymous> (E:\montership\batd-academy\node_modules\sass\sass.dart.js:130137:16)]
    [at _CustomZone.runUnary$2$2 (E:\montership\batd-academy\node_modules\sass\sass.dart.js:40143:39)]
    [at _Future__propagateToListeners_handleValueCallback.call$0 
(E:\montership\batd-academy\node_modules\sass\sass.dart.js:39203:51)]
    [at Object._Future__propagateToListeners (E:\montership\batd-academy\node_modules\sass\sass.dart.js:5215:93)]

Import traces:
  Client Component Browser:
    ./sass/pages/print-category/print.module.scss [Client Component Browser]
    ./app/[locale]/(pages)/printCategory/[id]/print.jsx [Client Component Browser]
    ./app/[locale]/(pages)/printCategory/[id]/print.jsx [Server Component]
    ./app/[locale]/(pages)/printCategory/[id]/page.jsx [Server Component]

  Client Component SSR:
    ./sass/pages/print-category/print.module.scss [Client Component SSR]
    ./app/[locale]/(pages)/printCategory/[id]/print.jsx [Client Component SSR]
    ./app/[locale]/(pages)/printCategory/[id]/print.jsx [Server Component]
    ./app/[locale]/(pages)/printCategory/[id]/page.jsx [Server Component]


./sass/pages/register-course/course-details-form.module.scss
Error evaluating Node.js code
Error: Can't find stylesheet to import.
  ظـ╖
1 ظ¤é @import "globals"; @import "container";
  ظ¤é         ^^^^^^^^^
  ظـ╡
  sass\pages\register-course\course-details-form.module.scss 1:9  root stylesheet
  (from E:\montership\batd-academy\node_modules\next\dist\build\webpack\loaders\resolve-url-loader\index.js, 
E:\montership\batd-academy\node_modules\next\dist\compiled\sass-loader\cjs.js)
Caused by: Error: Can't find stylesheet to import.
  ظـ╖
1 ظ¤é @import "globals"; @import "container";
  ظ¤é         ^^^^^^^^^
  ظـ╡
  sass\pages\register-course\course-details-form.module.scss 1:9  root stylesheet
    [at Object.wrapException (E:\montership\batd-academy\node_modules\sass\sass.dart.js:2337:47)]
    [at E:\montership\batd-academy\node_modules\sass\sass.dart.js:90314:25]
    [at _wrapJsFunctionForAsync_closure.$protected (E:\montership\batd-academy\node_modules\sass\sass.dart.js:5005:15)]
    [at _wrapJsFunctionForAsync_closure.call$2 (E:\montership\batd-academy\node_modules\sass\sass.dart.js:38714:12)]
    [at _awaitOnObject_closure.call$1 (E:\montership\batd-academy\node_modules\sass\sass.dart.js:38702:32)]
    [at Object._rootRunUnary (E:\montership\batd-academy\node_modules\sass\sass.dart.js:5429:18)]
    [at StaticClosure.<anonymous> (E:\montership\batd-academy\node_modules\sass\sass.dart.js:130137:16)]
    [at _CustomZone.runUnary$2$2 (E:\montership\batd-academy\node_modules\sass\sass.dart.js:40143:39)]
    [at _Future__propagateToListeners_handleValueCallback.call$0 
(E:\montership\batd-academy\node_modules\sass\sass.dart.js:39203:51)]
    [at Object._Future__propagateToListeners (E:\montership\batd-academy\node_modules\sass\sass.dart.js:5215:93)]
    [at _Future._completeWithValue$1 (E:\montership\batd-academy\node_modules\sass\sass.dart.js:39066:9)]
    [at _AsyncAwaitCompleter.complete$1 (E:\montership\batd-academy\node_modules\sass\sass.dart.js:38689:14)]
    [at Object._asyncReturn (E:\montership\batd-academy\node_modules\sass\sass.dart.js:4977:17)]
    [at E:\montership\batd-academy\node_modules\sass\sass.dart.js:98624:24]
    [at _wrapJsFunctionForAsync_closure.$protected (E:\montership\batd-academy\node_modules\sass\sass.dart.js:5005:15)]
    [at _wrapJsFunctionForAsync_closure.call$2 (E:\montership\batd-academy\node_modules\sass\sass.dart.js:38714:12)]
    [at _awaitOnObject_closure.call$1 (E:\montership\batd-academy\node_modules\sass\sass.dart.js:38702:32)]
    [at Object._rootRunUnary (E:\montership\batd-academy\node_modules\sass\sass.dart.js:5429:18)]
    [at StaticClosure.<anonymous> (E:\montership\batd-academy\node_modules\sass\sass.dart.js:130137:16)]
    [at _CustomZone.runUnary$2$2 (E:\montership\batd-academy\node_modules\sass\sass.dart.js:40143:39)]
    [at _Future__propagateToListeners_handleValueCallback.call$0 
(E:\montership\batd-academy\node_modules\sass\sass.dart.js:39203:51)]
    [at Object._Future__propagateToListeners (E:\montership\batd-academy\node_modules\sass\sass.dart.js:5215:93)]
    [at _Future._completeWithValue$1 (E:\montership\batd-academy\node_modules\sass\sass.dart.js:39066:9)]
    [at _AsyncAwaitCompleter.complete$1 (E:\montership\batd-academy\node_modules\sass\sass.dart.js:38689:14)]
    [at Object._asyncReturn (E:\montership\batd-academy\node_modules\sass\sass.dart.js:4977:17)]
    [at E:\montership\batd-academy\node_modules\sass\sass.dart.js:98715:24]
    [at _wrapJsFunctionForAsync_closure.$protected (E:\montership\batd-academy\node_modules\sass\sass.dart.js:5005:15)]
    [at _wrapJsFunctionForAsync_closure.call$2 (E:\montership\batd-academy\node_modules\sass\sass.dart.js:38714:12)]
    [at _awaitOnObject_closure.call$1 (E:\montership\batd-academy\node_modules\sass\sass.dart.js:38702:32)]
    [at Object._rootRunUnary (E:\montership\batd-academy\node_modules\sass\sass.dart.js:5429:18)]
    [at StaticClosure.<anonymous> (E:\montership\batd-academy\node_modules\sass\sass.dart.js:130137:16)]
    [at _CustomZone.runUnary$2$2 (E:\montership\batd-academy\node_modules\sass\sass.dart.js:40143:39)]
    [at _Future__propagateToListeners_handleValueCallback.call$0 
(E:\montership\batd-academy\node_modules\sass\sass.dart.js:39203:51)]
    [at Object._Future__propagateToListeners (E:\montership\batd-academy\node_modules\sass\sass.dart.js:5215:93)]
    [at _Future._completeWithValue$1 (E:\montership\batd-academy\node_modules\sass\sass.dart.js:39066:9)]
    [at _AsyncAwaitCompleter.complete$1 (E:\montership\batd-academy\node_modules\sass\sass.dart.js:38689:14)]
    [at Object._asyncReturn (E:\montership\batd-academy\node_modules\sass\sass.dart.js:4977:17)]
    [at E:\montership\batd-academy\node_modules\sass\sass.dart.js:87892:24]
    [at _wrapJsFunctionForAsync_closure.$protected (E:\montership\batd-academy\node_modules\sass\sass.dart.js:5005:15)]
    [at _wrapJsFunctionForAsync_closure.call$2 (E:\montership\batd-academy\node_modules\sass\sass.dart.js:38714:12)]
    [at _awaitOnObject_closure.call$1 (E:\montership\batd-academy\node_modules\sass\sass.dart.js:38702:32)]
    [at Object._rootRunUnary (E:\montership\batd-academy\node_modules\sass\sass.dart.js:5429:18)]
    [at StaticClosure.<anonymous> (E:\montership\batd-academy\node_modules\sass\sass.dart.js:130137:16)]
    [at _CustomZone.runUnary$2$2 (E:\montership\batd-academy\node_modules\sass\sass.dart.js:40143:39)]
    [at _Future__propagateToListeners_handleValueCallback.call$0 
(E:\montership\batd-academy\node_modules\sass\sass.dart.js:39203:51)]
    [at Object._Future__propagateToListeners (E:\montership\batd-academy\node_modules\sass\sass.dart.js:5215:93)]
    [at _Future._complete$1 (E:\montership\batd-academy\node_modules\sass\sass.dart.js:39058:11)]
    [at _SyncCompleter.complete$1 (E:\montership\batd-academy\node_modules\sass\sass.dart.js:38903:10)]
    [at promiseToFuture_closure1.call$1 (E:\montership\batd-academy\node_modules\sass\sass.dart.js:45605:22)]
    [at Object.Primitives_applyFunction (E:\montership\batd-academy\node_modules\sass\sass.dart.js:2213:30)]

Import traces:
  Client Component Browser:
    ./sass/pages/register-course/course-details-form.module.scss [Client Component Browser]
    ./app/[locale]/(pages)/registerCourse/CourseDetailsForm.jsx [Client Component Browser]
    ./app/[locale]/(pages)/registerCourse/page.jsx [Client Component Browser]
    ./app/[locale]/(pages)/registerCourse/page.jsx [Server Component]

  Client Component SSR:
    ./sass/pages/register-course/course-details-form.module.scss [Client Component SSR]
    ./app/[locale]/(pages)/registerCourse/CourseDetailsForm.jsx [Client Component SSR]
    ./app/[locale]/(pages)/registerCourse/page.jsx [Client Component SSR]
    ./app/[locale]/(pages)/registerCourse/page.jsx [Server Component]


./sass/pages/register-course/payment-form.module.scss
Error evaluating Node.js code
Error: Can't find stylesheet to import.
  ظـ╖
1 ظ¤é @import "globals"; @import "container";
  ظ¤é         ^^^^^^^^^
  ظـ╡
  sass\pages\register-course\payment-form.module.scss 1:9  root stylesheet
  (from E:\montership\batd-academy\node_modules\next\dist\build\webpack\loaders\resolve-url-loader\index.js, 
E:\montership\batd-academy\node_modules\next\dist\compiled\sass-loader\cjs.js)
Caused by: Error: Can't find stylesheet to import.
  ظـ╖
1 ظ¤é @import "globals"; @import "container";
  ظ¤é         ^^^^^^^^^
  ظـ╡
  sass\pages\register-course\payment-form.module.scss 1:9  root stylesheet
    [at Object.wrapException (E:\montership\batd-academy\node_modules\sass\sass.dart.js:2337:47)]
    [at E:\montership\batd-academy\node_modules\sass\sass.dart.js:90314:25]
    [at _wrapJsFunctionForAsync_closure.$protected (E:\montership\batd-academy\node_modules\sass\sass.dart.js:5005:15)]
    [at _wrapJsFunctionForAsync_closure.call$2 (E:\montership\batd-academy\node_modules\sass\sass.dart.js:38714:12)]
    [at _awaitOnObject_closure.call$1 (E:\montership\batd-academy\node_modules\sass\sass.dart.js:38702:32)]
    [at Object._rootRunUnary (E:\montership\batd-academy\node_modules\sass\sass.dart.js:5429:18)]
    [at StaticClosure.<anonymous> (E:\montership\batd-academy\node_modules\sass\sass.dart.js:130137:16)]
    [at _CustomZone.runUnary$2$2 (E:\montership\batd-academy\node_modules\sass\sass.dart.js:40143:39)]
    [at _Future__propagateToListeners_handleValueCallback.call$0 
(E:\montership\batd-academy\node_modules\sass\sass.dart.js:39203:51)]
    [at Object._Future__propagateToListeners (E:\montership\batd-academy\node_modules\sass\sass.dart.js:5215:93)]
    [at _Future._completeWithValue$1 (E:\montership\batd-academy\node_modules\sass\sass.dart.js:39066:9)]
    [at _AsyncAwaitCompleter.complete$1 (E:\montership\batd-academy\node_modules\sass\sass.dart.js:38689:14)]
    [at Object._asyncReturn (E:\montership\batd-academy\node_modules\sass\sass.dart.js:4977:17)]
    [at E:\montership\batd-academy\node_modules\sass\sass.dart.js:98624:24]
    [at _wrapJsFunctionForAsync_closure.$protected (E:\montership\batd-academy\node_modules\sass\sass.dart.js:5005:15)]
    [at _wrapJsFunctionForAsync_closure.call$2 (E:\montership\batd-academy\node_modules\sass\sass.dart.js:38714:12)]
    [at _awaitOnObject_closure.call$1 (E:\montership\batd-academy\node_modules\sass\sass.dart.js:38702:32)]
    [at Object._rootRunUnary (E:\montership\batd-academy\node_modules\sass\sass.dart.js:5429:18)]
    [at StaticClosure.<anonymous> (E:\montership\batd-academy\node_modules\sass\sass.dart.js:130137:16)]
    [at _CustomZone.runUnary$2$2 (E:\montership\batd-academy\node_modules\sass\sass.dart.js:40143:39)]
    [at _Future__propagateToListeners_handleValueCallback.call$0 
(E:\montership\batd-academy\node_modules\sass\sass.dart.js:39203:51)]
    [at Object._Future__propagateToListeners (E:\montership\batd-academy\node_modules\sass\sass.dart.js:5215:93)]
    [at _Future._completeWithValue$1 (E:\montership\batd-academy\node_modules\sass\sass.dart.js:39066:9)]
    [at _AsyncAwaitCompleter.complete$1 (E:\montership\batd-academy\node_modules\sass\sass.dart.js:38689:14)]
    [at Object._asyncReturn (E:\montership\batd-academy\node_modules\sass\sass.dart.js:4977:17)]
    [at E:\montership\batd-academy\node_modules\sass\sass.dart.js:98715:24]
    [at _wrapJsFunctionForAsync_closure.$protected (E:\montership\batd-academy\node_modules\sass\sass.dart.js:5005:15)]
    [at _wrapJsFunctionForAsync_closure.call$2 (E:\montership\batd-academy\node_modules\sass\sass.dart.js:38714:12)]
    [at _awaitOnObject_closure.call$1 (E:\montership\batd-academy\node_modules\sass\sass.dart.js:38702:32)]
    [at Object._rootRunUnary (E:\montership\batd-academy\node_modules\sass\sass.dart.js:5429:18)]
    [at StaticClosure.<anonymous> (E:\montership\batd-academy\node_modules\sass\sass.dart.js:130137:16)]
    [at _CustomZone.runUnary$2$2 (E:\montership\batd-academy\node_modules\sass\sass.dart.js:40143:39)]
    [at _Future__propagateToListeners_handleValueCallback.call$0 
(E:\montership\batd-academy\node_modules\sass\sass.dart.js:39203:51)]
    [at Object._Future__propagateToListeners (E:\montership\batd-academy\node_modules\sass\sass.dart.js:5215:93)]
    [at _Future._completeWithValue$1 (E:\montership\batd-academy\node_modules\sass\sass.dart.js:39066:9)]
    [at _AsyncAwaitCompleter.complete$1 (E:\montership\batd-academy\node_modules\sass\sass.dart.js:38689:14)]
    [at Object._asyncReturn (E:\montership\batd-academy\node_modules\sass\sass.dart.js:4977:17)]
    [at E:\montership\batd-academy\node_modules\sass\sass.dart.js:87892:24]
    [at _wrapJsFunctionForAsync_closure.$protected (E:\montership\batd-academy\node_modules\sass\sass.dart.js:5005:15)]
    [at _wrapJsFunctionForAsync_closure.call$2 (E:\montership\batd-academy\node_modules\sass\sass.dart.js:38714:12)]
    [at _awaitOnObject_closure.call$1 (E:\montership\batd-academy\node_modules\sass\sass.dart.js:38702:32)]
    [at Object._rootRunUnary (E:\montership\batd-academy\node_modules\sass\sass.dart.js:5429:18)]
    [at StaticClosure.<anonymous> (E:\montership\batd-academy\node_modules\sass\sass.dart.js:130137:16)]
    [at _CustomZone.runUnary$2$2 (E:\montership\batd-academy\node_modules\sass\sass.dart.js:40143:39)]
    [at _Future__propagateToListeners_handleValueCallback.call$0 
(E:\montership\batd-academy\node_modules\sass\sass.dart.js:39203:51)]
    [at Object._Future__propagateToListeners (E:\montership\batd-academy\node_modules\sass\sass.dart.js:5215:93)]
    [at _Future._complete$1 (E:\montership\batd-academy\node_modules\sass\sass.dart.js:39058:11)]
    [at _SyncCompleter.complete$1 (E:\montership\batd-academy\node_modules\sass\sass.dart.js:38903:10)]
    [at promiseToFuture_closure1.call$1 (E:\montership\batd-academy\node_modules\sass\sass.dart.js:45605:22)]
    [at Object.Primitives_applyFunction (E:\montership\batd-academy\node_modules\sass\sass.dart.js:2213:30)]

Import traces:
  Client Component Browser:
    ./sass/pages/register-course/payment-form.module.scss [Client Component Browser]
    ./app/[locale]/(pages)/registerCourse/PaymentForm.jsx [Client Component Browser]
    ./app/[locale]/(pages)/registerCourse/page.jsx [Client Component Browser]
    ./app/[locale]/(pages)/registerCourse/page.jsx [Server Component]

  Client Component SSR:
    ./sass/pages/register-course/payment-form.module.scss [Client Component SSR]
    ./app/[locale]/(pages)/registerCourse/PaymentForm.jsx [Client Component SSR]
    ./app/[locale]/(pages)/registerCourse/page.jsx [Client Component SSR]
    ./app/[locale]/(pages)/registerCourse/page.jsx [Server Component]


./sass/pages/register-course/register-course.module.scss
Error evaluating Node.js code
Error: Can't find stylesheet to import.
  ظـ╖
1 ظ¤é @import "globals"; @import "container";
  ظ¤é         ^^^^^^^^^
  ظـ╡
  sass\pages\register-course\register-course.module.scss 1:9  root stylesheet
  (from E:\montership\batd-academy\node_modules\next\dist\build\webpack\loaders\resolve-url-loader\index.js, 
E:\montership\batd-academy\node_modules\next\dist\compiled\sass-loader\cjs.js)
Caused by: Error: Can't find stylesheet to import.
  ظـ╖
1 ظ¤é @import "globals"; @import "container";
  ظ¤é         ^^^^^^^^^
  ظـ╡
  sass\pages\register-course\register-course.module.scss 1:9  root stylesheet
    [at Object.wrapException (E:\montership\batd-academy\node_modules\sass\sass.dart.js:2337:47)]
    [at E:\montership\batd-academy\node_modules\sass\sass.dart.js:90314:25]
    [at _wrapJsFunctionForAsync_closure.$protected (E:\montership\batd-academy\node_modules\sass\sass.dart.js:5005:15)]
    [at _wrapJsFunctionForAsync_closure.call$2 (E:\montership\batd-academy\node_modules\sass\sass.dart.js:38714:12)]
    [at _awaitOnObject_closure.call$1 (E:\montership\batd-academy\node_modules\sass\sass.dart.js:38702:32)]
    [at Object._rootRunUnary (E:\montership\batd-academy\node_modules\sass\sass.dart.js:5429:18)]
    [at StaticClosure.<anonymous> (E:\montership\batd-academy\node_modules\sass\sass.dart.js:130137:16)]
    [at _CustomZone.runUnary$2$2 (E:\montership\batd-academy\node_modules\sass\sass.dart.js:40143:39)]
    [at _Future__propagateToListeners_handleValueCallback.call$0 
(E:\montership\batd-academy\node_modules\sass\sass.dart.js:39203:51)]
    [at Object._Future__propagateToListeners (E:\montership\batd-academy\node_modules\sass\sass.dart.js:5215:93)]

Import traces:
  Client Component Browser:
    ./sass/pages/register-course/register-course.module.scss [Client Component Browser]
    ./app/[locale]/(pages)/registerCourse/page.jsx [Client Component Browser]
    ./app/[locale]/(pages)/registerCourse/page.jsx [Server Component]

  Client Component SSR:
    ./sass/pages/register-course/register-course.module.scss [Client Component SSR]
    ./app/[locale]/(pages)/registerCourse/page.jsx [Client Component SSR]
    ./app/[locale]/(pages)/registerCourse/page.jsx [Server Component]


./sass/pages/register-course/registration-type-toggle.module.scss
Error evaluating Node.js code
Error: Can't find stylesheet to import.
  ظـ╖
1 ظ¤é @import "globals"; @import "container";
  ظ¤é         ^^^^^^^^^
  ظـ╡
  sass\pages\register-course\registration-type-toggle.module.scss 1:9  root stylesheet
  (from E:\montership\batd-academy\node_modules\next\dist\build\webpack\loaders\resolve-url-loader\index.js, 
E:\montership\batd-academy\node_modules\next\dist\compiled\sass-loader\cjs.js)
Caused by: Error: Can't find stylesheet to import.
  ظـ╖
1 ظ¤é @import "globals"; @import "container";
  ظ¤é         ^^^^^^^^^
  ظـ╡
  sass\pages\register-course\registration-type-toggle.module.scss 1:9  root stylesheet
    [at Object.wrapException (E:\montership\batd-academy\node_modules\sass\sass.dart.js:2337:47)]
    [at E:\montership\batd-academy\node_modules\sass\sass.dart.js:90314:25]
    [at _wrapJsFunctionForAsync_closure.$protected (E:\montership\batd-academy\node_modules\sass\sass.dart.js:5005:15)]
    [at _wrapJsFunctionForAsync_closure.call$2 (E:\montership\batd-academy\node_modules\sass\sass.dart.js:38714:12)]
    [at _awaitOnObject_closure.call$1 (E:\montership\batd-academy\node_modules\sass\sass.dart.js:38702:32)]
    [at Object._rootRunUnary (E:\montership\batd-academy\node_modules\sass\sass.dart.js:5429:18)]
    [at StaticClosure.<anonymous> (E:\montership\batd-academy\node_modules\sass\sass.dart.js:130137:16)]
    [at _CustomZone.runUnary$2$2 (E:\montership\batd-academy\node_modules\sass\sass.dart.js:40143:39)]
    [at _Future__propagateToListeners_handleValueCallback.call$0 
(E:\montership\batd-academy\node_modules\sass\sass.dart.js:39203:51)]
    [at Object._Future__propagateToListeners (E:\montership\batd-academy\node_modules\sass\sass.dart.js:5215:93)]
    [at _Future._completeWithValue$1 (E:\montership\batd-academy\node_modules\sass\sass.dart.js:39066:9)]
    [at _AsyncAwaitCompleter.complete$1 (E:\montership\batd-academy\node_modules\sass\sass.dart.js:38689:14)]
    [at Object._asyncReturn (E:\montership\batd-academy\node_modules\sass\sass.dart.js:4977:17)]
    [at E:\montership\batd-academy\node_modules\sass\sass.dart.js:98624:24]
    [at _wrapJsFunctionForAsync_closure.$protected (E:\montership\batd-academy\node_modules\sass\sass.dart.js:5005:15)]
    [at _wrapJsFunctionForAsync_closure.call$2 (E:\montership\batd-academy\node_modules\sass\sass.dart.js:38714:12)]
    [at _awaitOnObject_closure.call$1 (E:\montership\batd-academy\node_modules\sass\sass.dart.js:38702:32)]
    [at Object._rootRunUnary (E:\montership\batd-academy\node_modules\sass\sass.dart.js:5429:18)]
    [at StaticClosure.<anonymous> (E:\montership\batd-academy\node_modules\sass\sass.dart.js:130137:16)]
    [at _CustomZone.runUnary$2$2 (E:\montership\batd-academy\node_modules\sass\sass.dart.js:40143:39)]
    [at _Future__propagateToListeners_handleValueCallback.call$0 
(E:\montership\batd-academy\node_modules\sass\sass.dart.js:39203:51)]
    [at Object._Future__propagateToListeners (E:\montership\batd-academy\node_modules\sass\sass.dart.js:5215:93)]
    [at _Future._completeWithValue$1 (E:\montership\batd-academy\node_modules\sass\sass.dart.js:39066:9)]
    [at _AsyncAwaitCompleter.complete$1 (E:\montership\batd-academy\node_modules\sass\sass.dart.js:38689:14)]
    [at Object._asyncReturn (E:\montership\batd-academy\node_modules\sass\sass.dart.js:4977:17)]
    [at E:\montership\batd-academy\node_modules\sass\sass.dart.js:98715:24]
    [at _wrapJsFunctionForAsync_closure.$protected (E:\montership\batd-academy\node_modules\sass\sass.dart.js:5005:15)]
    [at _wrapJsFunctionForAsync_closure.call$2 (E:\montership\batd-academy\node_modules\sass\sass.dart.js:38714:12)]
    [at _awaitOnObject_closure.call$1 (E:\montership\batd-academy\node_modules\sass\sass.dart.js:38702:32)]
    [at Object._rootRunUnary (E:\montership\batd-academy\node_modules\sass\sass.dart.js:5429:18)]
    [at StaticClosure.<anonymous> (E:\montership\batd-academy\node_modules\sass\sass.dart.js:130137:16)]
    [at _CustomZone.runUnary$2$2 (E:\montership\batd-academy\node_modules\sass\sass.dart.js:40143:39)]
    [at _Future__propagateToListeners_handleValueCallback.call$0 
(E:\montership\batd-academy\node_modules\sass\sass.dart.js:39203:51)]
    [at Object._Future__propagateToListeners (E:\montership\batd-academy\node_modules\sass\sass.dart.js:5215:93)]
    [at _Future._completeWithValue$1 (E:\montership\batd-academy\node_modules\sass\sass.dart.js:39066:9)]
    [at _AsyncAwaitCompleter.complete$1 (E:\montership\batd-academy\node_modules\sass\sass.dart.js:38689:14)]
    [at Object._asyncReturn (E:\montership\batd-academy\node_modules\sass\sass.dart.js:4977:17)]
    [at E:\montership\batd-academy\node_modules\sass\sass.dart.js:87892:24]
    [at _wrapJsFunctionForAsync_closure.$protected (E:\montership\batd-academy\node_modules\sass\sass.dart.js:5005:15)]
    [at _wrapJsFunctionForAsync_closure.call$2 (E:\montership\batd-academy\node_modules\sass\sass.dart.js:38714:12)]
    [at _awaitOnObject_closure.call$1 (E:\montership\batd-academy\node_modules\sass\sass.dart.js:38702:32)]
    [at Object._rootRunUnary (E:\montership\batd-academy\node_modules\sass\sass.dart.js:5429:18)]
    [at StaticClosure.<anonymous> (E:\montership\batd-academy\node_modules\sass\sass.dart.js:130137:16)]
    [at _CustomZone.runUnary$2$2 (E:\montership\batd-academy\node_modules\sass\sass.dart.js:40143:39)]
    [at _Future__propagateToListeners_handleValueCallback.call$0 
(E:\montership\batd-academy\node_modules\sass\sass.dart.js:39203:51)]
    [at Object._Future__propagateToListeners (E:\montership\batd-academy\node_modules\sass\sass.dart.js:5215:93)]
    [at _Future._complete$1 (E:\montership\batd-academy\node_modules\sass\sass.dart.js:39058:11)]
    [at _SyncCompleter.complete$1 (E:\montership\batd-academy\node_modules\sass\sass.dart.js:38903:10)]
    [at promiseToFuture_closure1.call$1 (E:\montership\batd-academy\node_modules\sass\sass.dart.js:45605:22)]
    [at Object.Primitives_applyFunction (E:\montership\batd-academy\node_modules\sass\sass.dart.js:2213:30)]

Import traces:
  Client Component Browser:
    ./sass/pages/register-course/registration-type-toggle.module.scss [Client Component Browser]
    ./app/[locale]/(pages)/registerCourse/RegistrationTypeToggle.jsx [Client Component Browser]
    ./app/[locale]/(pages)/registerInternalCourse/page.jsx [Client Component Browser]
    ./app/[locale]/(pages)/registerInternalCourse/page.jsx [Server Component]

  Client Component SSR:
    ./sass/pages/register-course/registration-type-toggle.module.scss [Client Component SSR]
    ./app/[locale]/(pages)/registerCourse/RegistrationTypeToggle.jsx [Client Component SSR]
    ./app/[locale]/(pages)/registerInternalCourse/page.jsx [Client Component SSR]
    ./app/[locale]/(pages)/registerInternalCourse/page.jsx [Server Component]


./sass/pages/register-course/steps-form.module.scss
Error evaluating Node.js code
Error: Can't find stylesheet to import.
  ظـ╖
1 ظ¤é @import "globals"; @import "container";
  ظ¤é         ^^^^^^^^^
  ظـ╡
  sass\pages\register-course\steps-form.module.scss 1:9  root stylesheet
  (from E:\montership\batd-academy\node_modules\next\dist\build\webpack\loaders\resolve-url-loader\index.js, 
E:\montership\batd-academy\node_modules\next\dist\compiled\sass-loader\cjs.js)
Caused by: Error: Can't find stylesheet to import.
  ظـ╖
1 ظ¤é @import "globals"; @import "container";
  ظ¤é         ^^^^^^^^^
  ظـ╡
  sass\pages\register-course\steps-form.module.scss 1:9  root stylesheet
    [at Object.wrapException (E:\montership\batd-academy\node_modules\sass\sass.dart.js:2337:47)]
    [at E:\montership\batd-academy\node_modules\sass\sass.dart.js:90314:25]
    [at _wrapJsFunctionForAsync_closure.$protected (E:\montership\batd-academy\node_modules\sass\sass.dart.js:5005:15)]
    [at _wrapJsFunctionForAsync_closure.call$2 (E:\montership\batd-academy\node_modules\sass\sass.dart.js:38714:12)]
    [at _awaitOnObject_closure.call$1 (E:\montership\batd-academy\node_modules\sass\sass.dart.js:38702:32)]
    [at Object._rootRunUnary (E:\montership\batd-academy\node_modules\sass\sass.dart.js:5429:18)]
    [at StaticClosure.<anonymous> (E:\montership\batd-academy\node_modules\sass\sass.dart.js:130137:16)]
    [at _CustomZone.runUnary$2$2 (E:\montership\batd-academy\node_modules\sass\sass.dart.js:40143:39)]
    [at _Future__propagateToListeners_handleValueCallback.call$0 
(E:\montership\batd-academy\node_modules\sass\sass.dart.js:39203:51)]
    [at Object._Future__propagateToListeners (E:\montership\batd-academy\node_modules\sass\sass.dart.js:5215:93)]

Import traces:
  Client Component Browser:
    ./sass/pages/register-course/steps-form.module.scss [Client Component Browser]
    ./app/[locale]/(pages)/registerCourse/StepsForm.jsx [Client Component Browser]
    ./app/[locale]/(pages)/registerCourse/page.jsx [Client Component Browser]
    ./app/[locale]/(pages)/registerCourse/page.jsx [Server Component]

  Client Component SSR:
    ./sass/pages/register-course/steps-form.module.scss [Client Component SSR]
    ./app/[locale]/(pages)/registerCourse/StepsForm.jsx [Client Component SSR]
    ./app/[locale]/(pages)/registerCourse/page.jsx [Client Component SSR]
    ./app/[locale]/(pages)/registerCourse/page.jsx [Server Component]


./sass/pages/register-course/success-page.module.scss
Error evaluating Node.js code
Error: Can't find stylesheet to import.
  ظـ╖
1 ظ¤é @import "globals"; @import "container";
  ظ¤é         ^^^^^^^^^
  ظـ╡
  sass\pages\register-course\success-page.module.scss 1:9  root stylesheet
  (from E:\montership\batd-academy\node_modules\next\dist\build\webpack\loaders\resolve-url-loader\index.js, 
E:\montership\batd-academy\node_modules\next\dist\compiled\sass-loader\cjs.js)
Caused by: Error: Can't find stylesheet to import.
  ظـ╖
1 ظ¤é @import "globals"; @import "container";
  ظ¤é         ^^^^^^^^^
  ظـ╡
  sass\pages\register-course\success-page.module.scss 1:9  root stylesheet
    [at Object.wrapException (E:\montership\batd-academy\node_modules\sass\sass.dart.js:2337:47)]
    [at E:\montership\batd-academy\node_modules\sass\sass.dart.js:90314:25]
    [at _wrapJsFunctionForAsync_closure.$protected (E:\montership\batd-academy\node_modules\sass\sass.dart.js:5005:15)]
    [at _wrapJsFunctionForAsync_closure.call$2 (E:\montership\batd-academy\node_modules\sass\sass.dart.js:38714:12)]
    [at _awaitOnObject_closure.call$1 (E:\montership\batd-academy\node_modules\sass\sass.dart.js:38702:32)]
    [at Object._rootRunUnary (E:\montership\batd-academy\node_modules\sass\sass.dart.js:5429:18)]
    [at StaticClosure.<anonymous> (E:\montership\batd-academy\node_modules\sass\sass.dart.js:130137:16)]
    [at _CustomZone.runUnary$2$2 (E:\montership\batd-academy\node_modules\sass\sass.dart.js:40143:39)]
    [at _Future__propagateToListeners_handleValueCallback.call$0 
(E:\montership\batd-academy\node_modules\sass\sass.dart.js:39203:51)]
    [at Object._Future__propagateToListeners (E:\montership\batd-academy\node_modules\sass\sass.dart.js:5215:93)]

Import traces:
  Client Component Browser:
    ./sass/pages/register-course/success-page.module.scss [Client Component Browser]
    ./app/[locale]/(pages)/registerCourse/SuccessPage.jsx [Client Component Browser]
    ./app/[locale]/(pages)/registerCourse/page.jsx [Client Component Browser]
    ./app/[locale]/(pages)/registerCourse/page.jsx [Server Component]

  Client Component SSR:
    ./sass/pages/register-course/success-page.module.scss [Client Component SSR]
    ./app/[locale]/(pages)/registerCourse/SuccessPage.jsx [Client Component SSR]
    ./app/[locale]/(pages)/registerCourse/page.jsx [Client Component SSR]
    ./app/[locale]/(pages)/registerCourse/page.jsx [Server Component]


./sass/pages/request-course/form.module.scss
Error evaluating Node.js code
Error: Can't find stylesheet to import.
  ظـ╖
1 ظ¤é @import "globals"; @import "container";
  ظ¤é         ^^^^^^^^^
  ظـ╡
  sass\pages\request-course\form.module.scss 1:9  root stylesheet
  (from E:\montership\batd-academy\node_modules\next\dist\build\webpack\loaders\resolve-url-loader\index.js, 
E:\montership\batd-academy\node_modules\next\dist\compiled\sass-loader\cjs.js)
Caused by: Error: Can't find stylesheet to import.
  ظـ╖
1 ظ¤é @import "globals"; @import "container";
  ظ¤é         ^^^^^^^^^
  ظـ╡
  sass\pages\request-course\form.module.scss 1:9  root stylesheet
    [at Object.wrapException (E:\montership\batd-academy\node_modules\sass\sass.dart.js:2337:47)]
    [at E:\montership\batd-academy\node_modules\sass\sass.dart.js:90314:25]
    [at _wrapJsFunctionForAsync_closure.$protected (E:\montership\batd-academy\node_modules\sass\sass.dart.js:5005:15)]
    [at _wrapJsFunctionForAsync_closure.call$2 (E:\montership\batd-academy\node_modules\sass\sass.dart.js:38714:12)]
    [at _awaitOnObject_closure.call$1 (E:\montership\batd-academy\node_modules\sass\sass.dart.js:38702:32)]
    [at Object._rootRunUnary (E:\montership\batd-academy\node_modules\sass\sass.dart.js:5429:18)]
    [at StaticClosure.<anonymous> (E:\montership\batd-academy\node_modules\sass\sass.dart.js:130137:16)]
    [at _CustomZone.runUnary$2$2 (E:\montership\batd-academy\node_modules\sass\sass.dart.js:40143:39)]
    [at _Future__propagateToListeners_handleValueCallback.call$0 
(E:\montership\batd-academy\node_modules\sass\sass.dart.js:39203:51)]
    [at Object._Future__propagateToListeners (E:\montership\batd-academy\node_modules\sass\sass.dart.js:5215:93)]

Import traces:
  Client Component Browser:
    ./sass/pages/request-course/form.module.scss [Client Component Browser]
    ./app/[locale]/(pages)/registerInternalCourse/page.jsx [Client Component Browser]
    ./app/[locale]/(pages)/registerInternalCourse/page.jsx [Server Component]

  Client Component SSR:
    ./sass/pages/request-course/form.module.scss [Client Component SSR]
    ./app/[locale]/(pages)/registerInternalCourse/page.jsx [Client Component SSR]
    ./app/[locale]/(pages)/registerInternalCourse/page.jsx [Server Component]


./sass/pages/request-course/request-course.module.scss
Error evaluating Node.js code
Error: Can't find stylesheet to import.
  ظـ╖
1 ظ¤é @import "globals"; @import "container";
  ظ¤é         ^^^^^^^^^
  ظـ╡
  sass\pages\request-course\request-course.module.scss 1:9  root stylesheet
  (from E:\montership\batd-academy\node_modules\next\dist\build\webpack\loaders\resolve-url-loader\index.js, 
E:\montership\batd-academy\node_modules\next\dist\compiled\sass-loader\cjs.js)
Caused by: Error: Can't find stylesheet to import.
  ظـ╖
1 ظ¤é @import "globals"; @import "container";
  ظ¤é         ^^^^^^^^^
  ظـ╡
  sass\pages\request-course\request-course.module.scss 1:9  root stylesheet
    [at Object.wrapException (E:\montership\batd-academy\node_modules\sass\sass.dart.js:2337:47)]
    [at E:\montership\batd-academy\node_modules\sass\sass.dart.js:90314:25]
    [at _wrapJsFunctionForAsync_closure.$protected (E:\montership\batd-academy\node_modules\sass\sass.dart.js:5005:15)]
    [at _wrapJsFunctionForAsync_closure.call$2 (E:\montership\batd-academy\node_modules\sass\sass.dart.js:38714:12)]
    [at _awaitOnObject_closure.call$1 (E:\montership\batd-academy\node_modules\sass\sass.dart.js:38702:32)]
    [at Object._rootRunUnary (E:\montership\batd-academy\node_modules\sass\sass.dart.js:5429:18)]
    [at StaticClosure.<anonymous> (E:\montership\batd-academy\node_modules\sass\sass.dart.js:130137:16)]
    [at _CustomZone.runUnary$2$2 (E:\montership\batd-academy\node_modules\sass\sass.dart.js:40143:39)]
    [at _Future__propagateToListeners_handleValueCallback.call$0 
(E:\montership\batd-academy\node_modules\sass\sass.dart.js:39203:51)]
    [at Object._Future__propagateToListeners (E:\montership\batd-academy\node_modules\sass\sass.dart.js:5215:93)]

Import traces:
  Client Component Browser:
    ./sass/pages/request-course/request-course.module.scss [Client Component Browser]
    ./app/[locale]/(pages)/registerInternalCourse/page.jsx [Client Component Browser]
    ./app/[locale]/(pages)/registerInternalCourse/page.jsx [Server Component]

  Client Component SSR:
    ./sass/pages/request-course/request-course.module.scss [Client Component SSR]
    ./app/[locale]/(pages)/registerInternalCourse/page.jsx [Client Component SSR]
    ./app/[locale]/(pages)/registerInternalCourse/page.jsx [Server Component]


./sass/pages/search-course/filters.module.scss
Error evaluating Node.js code
Error: Can't find stylesheet to import.
  ظـ╖
1 ظ¤é @import "globals"; @import "container";
  ظ¤é         ^^^^^^^^^
  ظـ╡
  sass\pages\search-course\filters.module.scss 1:9  root stylesheet
  (from E:\montership\batd-academy\node_modules\next\dist\build\webpack\loaders\resolve-url-loader\index.js, 
E:\montership\batd-academy\node_modules\next\dist\compiled\sass-loader\cjs.js)
Caused by: Error: Can't find stylesheet to import.
  ظـ╖
1 ظ¤é @import "globals"; @import "container";
  ظ¤é         ^^^^^^^^^
  ظـ╡
  sass\pages\search-course\filters.module.scss 1:9  root stylesheet
    [at Object.wrapException (E:\montership\batd-academy\node_modules\sass\sass.dart.js:2337:47)]
    [at E:\montership\batd-academy\node_modules\sass\sass.dart.js:90314:25]
    [at _wrapJsFunctionForAsync_closure.$protected (E:\montership\batd-academy\node_modules\sass\sass.dart.js:5005:15)]
    [at _wrapJsFunctionForAsync_closure.call$2 (E:\montership\batd-academy\node_modules\sass\sass.dart.js:38714:12)]
    [at _awaitOnObject_closure.call$1 (E:\montership\batd-academy\node_modules\sass\sass.dart.js:38702:32)]
    [at Object._rootRunUnary (E:\montership\batd-academy\node_modules\sass\sass.dart.js:5429:18)]
    [at StaticClosure.<anonymous> (E:\montership\batd-academy\node_modules\sass\sass.dart.js:130137:16)]
    [at _CustomZone.runUnary$2$2 (E:\montership\batd-academy\node_modules\sass\sass.dart.js:40143:39)]
    [at _Future__propagateToListeners_handleValueCallback.call$0 
(E:\montership\batd-academy\node_modules\sass\sass.dart.js:39203:51)]
    [at Object._Future__propagateToListeners (E:\montership\batd-academy\node_modules\sass\sass.dart.js:5215:93)]
    [at _Future._completeWithValue$1 (E:\montership\batd-academy\node_modules\sass\sass.dart.js:39066:9)]
    [at _AsyncAwaitCompleter.complete$1 (E:\montership\batd-academy\node_modules\sass\sass.dart.js:38689:14)]
    [at Object._asyncReturn (E:\montership\batd-academy\node_modules\sass\sass.dart.js:4977:17)]
    [at E:\montership\batd-academy\node_modules\sass\sass.dart.js:98624:24]
    [at _wrapJsFunctionForAsync_closure.$protected (E:\montership\batd-academy\node_modules\sass\sass.dart.js:5005:15)]
    [at _wrapJsFunctionForAsync_closure.call$2 (E:\montership\batd-academy\node_modules\sass\sass.dart.js:38714:12)]
    [at _awaitOnObject_closure.call$1 (E:\montership\batd-academy\node_modules\sass\sass.dart.js:38702:32)]
    [at Object._rootRunUnary (E:\montership\batd-academy\node_modules\sass\sass.dart.js:5429:18)]
    [at StaticClosure.<anonymous> (E:\montership\batd-academy\node_modules\sass\sass.dart.js:130137:16)]
    [at _CustomZone.runUnary$2$2 (E:\montership\batd-academy\node_modules\sass\sass.dart.js:40143:39)]
    [at _Future__propagateToListeners_handleValueCallback.call$0 
(E:\montership\batd-academy\node_modules\sass\sass.dart.js:39203:51)]
    [at Object._Future__propagateToListeners (E:\montership\batd-academy\node_modules\sass\sass.dart.js:5215:93)]
    [at _Future._completeWithValue$1 (E:\montership\batd-academy\node_modules\sass\sass.dart.js:39066:9)]
    [at _AsyncAwaitCompleter.complete$1 (E:\montership\batd-academy\node_modules\sass\sass.dart.js:38689:14)]
    [at Object._asyncReturn (E:\montership\batd-academy\node_modules\sass\sass.dart.js:4977:17)]
    [at E:\montership\batd-academy\node_modules\sass\sass.dart.js:98715:24]
    [at _wrapJsFunctionForAsync_closure.$protected (E:\montership\batd-academy\node_modules\sass\sass.dart.js:5005:15)]
    [at _wrapJsFunctionForAsync_closure.call$2 (E:\montership\batd-academy\node_modules\sass\sass.dart.js:38714:12)]
    [at _awaitOnObject_closure.call$1 (E:\montership\batd-academy\node_modules\sass\sass.dart.js:38702:32)]
    [at Object._rootRunUnary (E:\montership\batd-academy\node_modules\sass\sass.dart.js:5429:18)]
    [at StaticClosure.<anonymous> (E:\montership\batd-academy\node_modules\sass\sass.dart.js:130137:16)]
    [at _CustomZone.runUnary$2$2 (E:\montership\batd-academy\node_modules\sass\sass.dart.js:40143:39)]
    [at _Future__propagateToListeners_handleValueCallback.call$0 
(E:\montership\batd-academy\node_modules\sass\sass.dart.js:39203:51)]
    [at Object._Future__propagateToListeners (E:\montership\batd-academy\node_modules\sass\sass.dart.js:5215:93)]
    [at _Future._completeWithValue$1 (E:\montership\batd-academy\node_modules\sass\sass.dart.js:39066:9)]
    [at _AsyncAwaitCompleter.complete$1 (E:\montership\batd-academy\node_modules\sass\sass.dart.js:38689:14)]
    [at Object._asyncReturn (E:\montership\batd-academy\node_modules\sass\sass.dart.js:4977:17)]
    [at E:\montership\batd-academy\node_modules\sass\sass.dart.js:87892:24]
    [at _wrapJsFunctionForAsync_closure.$protected (E:\montership\batd-academy\node_modules\sass\sass.dart.js:5005:15)]
    [at _wrapJsFunctionForAsync_closure.call$2 (E:\montership\batd-academy\node_modules\sass\sass.dart.js:38714:12)]
    [at _awaitOnObject_closure.call$1 (E:\montership\batd-academy\node_modules\sass\sass.dart.js:38702:32)]
    [at Object._rootRunUnary (E:\montership\batd-academy\node_modules\sass\sass.dart.js:5429:18)]
    [at StaticClosure.<anonymous> (E:\montership\batd-academy\node_modules\sass\sass.dart.js:130137:16)]
    [at _CustomZone.runUnary$2$2 (E:\montership\batd-academy\node_modules\sass\sass.dart.js:40143:39)]
    [at _Future__propagateToListeners_handleValueCallback.call$0 
(E:\montership\batd-academy\node_modules\sass\sass.dart.js:39203:51)]
    [at Object._Future__propagateToListeners (E:\montership\batd-academy\node_modules\sass\sass.dart.js:5215:93)]
    [at _Future._complete$1 (E:\montership\batd-academy\node_modules\sass\sass.dart.js:39058:11)]
    [at _SyncCompleter.complete$1 (E:\montership\batd-academy\node_modules\sass\sass.dart.js:38903:10)]
    [at promiseToFuture_closure1.call$1 (E:\montership\batd-academy\node_modules\sass\sass.dart.js:45605:22)]
    [at Object.Primitives_applyFunction (E:\montership\batd-academy\node_modules\sass\sass.dart.js:2213:30)]

Import traces:
  Client Component Browser:
    ./sass/pages/search-course/filters.module.scss [Client Component Browser]
    ./app/[locale]/(pages)/search_course/Filters.jsx [Client Component Browser]
    ./app/[locale]/(pages)/search_course/Header.jsx [Client Component Browser]
    ./app/[locale]/(pages)/search_course/page.jsx [Client Component Browser]
    ./app/[locale]/(pages)/search_course/page.jsx [Server Component]

  Client Component SSR:
    ./sass/pages/search-course/filters.module.scss [Client Component SSR]
    ./app/[locale]/(pages)/search_course/Filters.jsx [Client Component SSR]
    ./app/[locale]/(pages)/search_course/Header.jsx [Client Component SSR]
    ./app/[locale]/(pages)/search_course/page.jsx [Client Component SSR]
    ./app/[locale]/(pages)/search_course/page.jsx [Server Component]


./sass/pages/search-course/header.module.scss
Error evaluating Node.js code
Error: Can't find stylesheet to import.
  ظـ╖
1 ظ¤é @import "globals"; @import "container";
  ظ¤é         ^^^^^^^^^
  ظـ╡
  sass\pages\search-course\header.module.scss 1:9  root stylesheet
  (from E:\montership\batd-academy\node_modules\next\dist\build\webpack\loaders\resolve-url-loader\index.js, 
E:\montership\batd-academy\node_modules\next\dist\compiled\sass-loader\cjs.js)
Caused by: Error: Can't find stylesheet to import.
  ظـ╖
1 ظ¤é @import "globals"; @import "container";
  ظ¤é         ^^^^^^^^^
  ظـ╡
  sass\pages\search-course\header.module.scss 1:9  root stylesheet
    [at Object.wrapException (E:\montership\batd-academy\node_modules\sass\sass.dart.js:2337:47)]
    [at E:\montership\batd-academy\node_modules\sass\sass.dart.js:90314:25]
    [at _wrapJsFunctionForAsync_closure.$protected (E:\montership\batd-academy\node_modules\sass\sass.dart.js:5005:15)]
    [at _wrapJsFunctionForAsync_closure.call$2 (E:\montership\batd-academy\node_modules\sass\sass.dart.js:38714:12)]
    [at _awaitOnObject_closure.call$1 (E:\montership\batd-academy\node_modules\sass\sass.dart.js:38702:32)]
    [at Object._rootRunUnary (E:\montership\batd-academy\node_modules\sass\sass.dart.js:5429:18)]
    [at StaticClosure.<anonymous> (E:\montership\batd-academy\node_modules\sass\sass.dart.js:130137:16)]
    [at _CustomZone.runUnary$2$2 (E:\montership\batd-academy\node_modules\sass\sass.dart.js:40143:39)]
    [at _Future__propagateToListeners_handleValueCallback.call$0 
(E:\montership\batd-academy\node_modules\sass\sass.dart.js:39203:51)]
    [at Object._Future__propagateToListeners (E:\montership\batd-academy\node_modules\sass\sass.dart.js:5215:93)]
    [at _Future._completeWithValue$1 (E:\montership\batd-academy\node_modules\sass\sass.dart.js:39066:9)]
    [at _AsyncAwaitCompleter.complete$1 (E:\montership\batd-academy\node_modules\sass\sass.dart.js:38689:14)]
    [at Object._asyncReturn (E:\montership\batd-academy\node_modules\sass\sass.dart.js:4977:17)]
    [at E:\montership\batd-academy\node_modules\sass\sass.dart.js:98624:24]
    [at _wrapJsFunctionForAsync_closure.$protected (E:\montership\batd-academy\node_modules\sass\sass.dart.js:5005:15)]
    [at _wrapJsFunctionForAsync_closure.call$2 (E:\montership\batd-academy\node_modules\sass\sass.dart.js:38714:12)]
    [at _awaitOnObject_closure.call$1 (E:\montership\batd-academy\node_modules\sass\sass.dart.js:38702:32)]
    [at Object._rootRunUnary (E:\montership\batd-academy\node_modules\sass\sass.dart.js:5429:18)]
    [at StaticClosure.<anonymous> (E:\montership\batd-academy\node_modules\sass\sass.dart.js:130137:16)]
    [at _CustomZone.runUnary$2$2 (E:\montership\batd-academy\node_modules\sass\sass.dart.js:40143:39)]
    [at _Future__propagateToListeners_handleValueCallback.call$0 
(E:\montership\batd-academy\node_modules\sass\sass.dart.js:39203:51)]
    [at Object._Future__propagateToListeners (E:\montership\batd-academy\node_modules\sass\sass.dart.js:5215:93)]
    [at _Future._completeWithValue$1 (E:\montership\batd-academy\node_modules\sass\sass.dart.js:39066:9)]
    [at _AsyncAwaitCompleter.complete$1 (E:\montership\batd-academy\node_modules\sass\sass.dart.js:38689:14)]
    [at Object._asyncReturn (E:\montership\batd-academy\node_modules\sass\sass.dart.js:4977:17)]
    [at E:\montership\batd-academy\node_modules\sass\sass.dart.js:98715:24]
    [at _wrapJsFunctionForAsync_closure.$protected (E:\montership\batd-academy\node_modules\sass\sass.dart.js:5005:15)]
    [at _wrapJsFunctionForAsync_closure.call$2 (E:\montership\batd-academy\node_modules\sass\sass.dart.js:38714:12)]
    [at _awaitOnObject_closure.call$1 (E:\montership\batd-academy\node_modules\sass\sass.dart.js:38702:32)]
    [at Object._rootRunUnary (E:\montership\batd-academy\node_modules\sass\sass.dart.js:5429:18)]
    [at StaticClosure.<anonymous> (E:\montership\batd-academy\node_modules\sass\sass.dart.js:130137:16)]
    [at _CustomZone.runUnary$2$2 (E:\montership\batd-academy\node_modules\sass\sass.dart.js:40143:39)]
    [at _Future__propagateToListeners_handleValueCallback.call$0 
(E:\montership\batd-academy\node_modules\sass\sass.dart.js:39203:51)]
    [at Object._Future__propagateToListeners (E:\montership\batd-academy\node_modules\sass\sass.dart.js:5215:93)]
    [at _Future._completeWithValue$1 (E:\montership\batd-academy\node_modules\sass\sass.dart.js:39066:9)]
    [at _AsyncAwaitCompleter.complete$1 (E:\montership\batd-academy\node_modules\sass\sass.dart.js:38689:14)]
    [at Object._asyncReturn (E:\montership\batd-academy\node_modules\sass\sass.dart.js:4977:17)]
    [at E:\montership\batd-academy\node_modules\sass\sass.dart.js:87892:24]
    [at _wrapJsFunctionForAsync_closure.$protected (E:\montership\batd-academy\node_modules\sass\sass.dart.js:5005:15)]
    [at _wrapJsFunctionForAsync_closure.call$2 (E:\montership\batd-academy\node_modules\sass\sass.dart.js:38714:12)]
    [at _awaitOnObject_closure.call$1 (E:\montership\batd-academy\node_modules\sass\sass.dart.js:38702:32)]
    [at Object._rootRunUnary (E:\montership\batd-academy\node_modules\sass\sass.dart.js:5429:18)]
    [at StaticClosure.<anonymous> (E:\montership\batd-academy\node_modules\sass\sass.dart.js:130137:16)]
    [at _CustomZone.runUnary$2$2 (E:\montership\batd-academy\node_modules\sass\sass.dart.js:40143:39)]
    [at _Future__propagateToListeners_handleValueCallback.call$0 
(E:\montership\batd-academy\node_modules\sass\sass.dart.js:39203:51)]
    [at Object._Future__propagateToListeners (E:\montership\batd-academy\node_modules\sass\sass.dart.js:5215:93)]
    [at _Future._complete$1 (E:\montership\batd-academy\node_modules\sass\sass.dart.js:39058:11)]
    [at _SyncCompleter.complete$1 (E:\montership\batd-academy\node_modules\sass\sass.dart.js:38903:10)]
    [at promiseToFuture_closure1.call$1 (E:\montership\batd-academy\node_modules\sass\sass.dart.js:45605:22)]
    [at Object.Primitives_applyFunction (E:\montership\batd-academy\node_modules\sass\sass.dart.js:2213:30)]

Import traces:
  Client Component Browser:
    ./sass/pages/search-course/header.module.scss [Client Component Browser]
    ./app/[locale]/(pages)/search_course/Header.jsx [Client Component Browser]
    ./app/[locale]/(pages)/search_course/page.jsx [Client Component Browser]
    ./app/[locale]/(pages)/search_course/page.jsx [Server Component]

  Client Component SSR:
    ./sass/pages/search-course/header.module.scss [Client Component SSR]
    ./app/[locale]/(pages)/search_course/Header.jsx [Client Component SSR]
    ./app/[locale]/(pages)/search_course/page.jsx [Client Component SSR]
    ./app/[locale]/(pages)/search_course/page.jsx [Server Component]


./sass/pages/search-course/search-course.module.scss
Error evaluating Node.js code
Error: Can't find stylesheet to import.
  ظـ╖
1 ظ¤é @import "globals"; @import "container";
  ظ¤é         ^^^^^^^^^
  ظـ╡
  sass\pages\search-course\search-course.module.scss 1:9  root stylesheet
  (from E:\montership\batd-academy\node_modules\next\dist\build\webpack\loaders\resolve-url-loader\index.js, 
E:\montership\batd-academy\node_modules\next\dist\compiled\sass-loader\cjs.js)
Caused by: Error: Can't find stylesheet to import.
  ظـ╖
1 ظ¤é @import "globals"; @import "container";
  ظ¤é         ^^^^^^^^^
  ظـ╡
  sass\pages\search-course\search-course.module.scss 1:9  root stylesheet
    [at Object.wrapException (E:\montership\batd-academy\node_modules\sass\sass.dart.js:2337:47)]
    [at E:\montership\batd-academy\node_modules\sass\sass.dart.js:90314:25]
    [at _wrapJsFunctionForAsync_closure.$protected (E:\montership\batd-academy\node_modules\sass\sass.dart.js:5005:15)]
    [at _wrapJsFunctionForAsync_closure.call$2 (E:\montership\batd-academy\node_modules\sass\sass.dart.js:38714:12)]
    [at _awaitOnObject_closure.call$1 (E:\montership\batd-academy\node_modules\sass\sass.dart.js:38702:32)]
    [at Object._rootRunUnary (E:\montership\batd-academy\node_modules\sass\sass.dart.js:5429:18)]
    [at StaticClosure.<anonymous> (E:\montership\batd-academy\node_modules\sass\sass.dart.js:130137:16)]
    [at _CustomZone.runUnary$2$2 (E:\montership\batd-academy\node_modules\sass\sass.dart.js:40143:39)]
    [at _Future__propagateToListeners_handleValueCallback.call$0 
(E:\montership\batd-academy\node_modules\sass\sass.dart.js:39203:51)]
    [at Object._Future__propagateToListeners (E:\montership\batd-academy\node_modules\sass\sass.dart.js:5215:93)]
    [at _Future._completeWithValue$1 (E:\montership\batd-academy\node_modules\sass\sass.dart.js:39066:9)]
    [at _AsyncAwaitCompleter.complete$1 (E:\montership\batd-academy\node_modules\sass\sass.dart.js:38689:14)]
    [at Object._asyncReturn (E:\montership\batd-academy\node_modules\sass\sass.dart.js:4977:17)]
    [at E:\montership\batd-academy\node_modules\sass\sass.dart.js:98624:24]
    [at _wrapJsFunctionForAsync_closure.$protected (E:\montership\batd-academy\node_modules\sass\sass.dart.js:5005:15)]
    [at _wrapJsFunctionForAsync_closure.call$2 (E:\montership\batd-academy\node_modules\sass\sass.dart.js:38714:12)]
    [at _awaitOnObject_closure.call$1 (E:\montership\batd-academy\node_modules\sass\sass.dart.js:38702:32)]
    [at Object._rootRunUnary (E:\montership\batd-academy\node_modules\sass\sass.dart.js:5429:18)]
    [at StaticClosure.<anonymous> (E:\montership\batd-academy\node_modules\sass\sass.dart.js:130137:16)]
    [at _CustomZone.runUnary$2$2 (E:\montership\batd-academy\node_modules\sass\sass.dart.js:40143:39)]
    [at _Future__propagateToListeners_handleValueCallback.call$0 
(E:\montership\batd-academy\node_modules\sass\sass.dart.js:39203:51)]
    [at Object._Future__propagateToListeners (E:\montership\batd-academy\node_modules\sass\sass.dart.js:5215:93)]
    [at _Future._completeWithValue$1 (E:\montership\batd-academy\node_modules\sass\sass.dart.js:39066:9)]
    [at _AsyncAwaitCompleter.complete$1 (E:\montership\batd-academy\node_modules\sass\sass.dart.js:38689:14)]
    [at Object._asyncReturn (E:\montership\batd-academy\node_modules\sass\sass.dart.js:4977:17)]
    [at E:\montership\batd-academy\node_modules\sass\sass.dart.js:98715:24]
    [at _wrapJsFunctionForAsync_closure.$protected (E:\montership\batd-academy\node_modules\sass\sass.dart.js:5005:15)]
    [at _wrapJsFunctionForAsync_closure.call$2 (E:\montership\batd-academy\node_modules\sass\sass.dart.js:38714:12)]
    [at _awaitOnObject_closure.call$1 (E:\montership\batd-academy\node_modules\sass\sass.dart.js:38702:32)]
    [at Object._rootRunUnary (E:\montership\batd-academy\node_modules\sass\sass.dart.js:5429:18)]
    [at StaticClosure.<anonymous> (E:\montership\batd-academy\node_modules\sass\sass.dart.js:130137:16)]
    [at _CustomZone.runUnary$2$2 (E:\montership\batd-academy\node_modules\sass\sass.dart.js:40143:39)]
    [at _Future__propagateToListeners_handleValueCallback.call$0 
(E:\montership\batd-academy\node_modules\sass\sass.dart.js:39203:51)]
    [at Object._Future__propagateToListeners (E:\montership\batd-academy\node_modules\sass\sass.dart.js:5215:93)]
    [at _Future._completeWithValue$1 (E:\montership\batd-academy\node_modules\sass\sass.dart.js:39066:9)]
    [at _AsyncAwaitCompleter.complete$1 (E:\montership\batd-academy\node_modules\sass\sass.dart.js:38689:14)]
    [at Object._asyncReturn (E:\montership\batd-academy\node_modules\sass\sass.dart.js:4977:17)]
    [at E:\montership\batd-academy\node_modules\sass\sass.dart.js:87892:24]
    [at _wrapJsFunctionForAsync_closure.$protected (E:\montership\batd-academy\node_modules\sass\sass.dart.js:5005:15)]
    [at _wrapJsFunctionForAsync_closure.call$2 (E:\montership\batd-academy\node_modules\sass\sass.dart.js:38714:12)]
    [at _awaitOnObject_closure.call$1 (E:\montership\batd-academy\node_modules\sass\sass.dart.js:38702:32)]
    [at Object._rootRunUnary (E:\montership\batd-academy\node_modules\sass\sass.dart.js:5429:18)]
    [at StaticClosure.<anonymous> (E:\montership\batd-academy\node_modules\sass\sass.dart.js:130137:16)]
    [at _CustomZone.runUnary$2$2 (E:\montership\batd-academy\node_modules\sass\sass.dart.js:40143:39)]
    [at _Future__propagateToListeners_handleValueCallback.call$0 
(E:\montership\batd-academy\node_modules\sass\sass.dart.js:39203:51)]
    [at Object._Future__propagateToListeners (E:\montership\batd-academy\node_modules\sass\sass.dart.js:5215:93)]
    [at _Future._complete$1 (E:\montership\batd-academy\node_modules\sass\sass.dart.js:39058:11)]
    [at _SyncCompleter.complete$1 (E:\montership\batd-academy\node_modules\sass\sass.dart.js:38903:10)]
    [at promiseToFuture_closure1.call$1 (E:\montership\batd-academy\node_modules\sass\sass.dart.js:45605:22)]
    [at Object.Primitives_applyFunction (E:\montership\batd-academy\node_modules\sass\sass.dart.js:2213:30)]

Import traces:
  Client Component Browser:
    ./sass/pages/search-course/search-course.module.scss [Client Component Browser]
    ./app/[locale]/(pages)/search_course/page.jsx [Client Component Browser]
    ./app/[locale]/(pages)/search_course/page.jsx [Server Component]

  Client Component SSR:
    ./sass/pages/search-course/search-course.module.scss [Client Component SSR]
    ./app/[locale]/(pages)/search_course/page.jsx [Client Component SSR]
    ./app/[locale]/(pages)/search_course/page.jsx [Server Component]


./sass/pages/search-course/search.module.scss
Error evaluating Node.js code
Error: Can't find stylesheet to import.
  ظـ╖
1 ظ¤é @import "globals"; @import "container";
  ظ¤é         ^^^^^^^^^
  ظـ╡
  sass\pages\search-course\search.module.scss 1:9  root stylesheet
  (from E:\montership\batd-academy\node_modules\next\dist\build\webpack\loaders\resolve-url-loader\index.js, 
E:\montership\batd-academy\node_modules\next\dist\compiled\sass-loader\cjs.js)
Caused by: Error: Can't find stylesheet to import.
  ظـ╖
1 ظ¤é @import "globals"; @import "container";
  ظ¤é         ^^^^^^^^^
  ظـ╡
  sass\pages\search-course\search.module.scss 1:9  root stylesheet
    [at Object.wrapException (E:\montership\batd-academy\node_modules\sass\sass.dart.js:2337:47)]
    [at E:\montership\batd-academy\node_modules\sass\sass.dart.js:90314:25]
    [at _wrapJsFunctionForAsync_closure.$protected (E:\montership\batd-academy\node_modules\sass\sass.dart.js:5005:15)]
    [at _wrapJsFunctionForAsync_closure.call$2 (E:\montership\batd-academy\node_modules\sass\sass.dart.js:38714:12)]
    [at _awaitOnObject_closure.call$1 (E:\montership\batd-academy\node_modules\sass\sass.dart.js:38702:32)]
    [at Object._rootRunUnary (E:\montership\batd-academy\node_modules\sass\sass.dart.js:5429:18)]
    [at StaticClosure.<anonymous> (E:\montership\batd-academy\node_modules\sass\sass.dart.js:130137:16)]
    [at _CustomZone.runUnary$2$2 (E:\montership\batd-academy\node_modules\sass\sass.dart.js:40143:39)]
    [at _Future__propagateToListeners_handleValueCallback.call$0 
(E:\montership\batd-academy\node_modules\sass\sass.dart.js:39203:51)]
    [at Object._Future__propagateToListeners (E:\montership\batd-academy\node_modules\sass\sass.dart.js:5215:93)]
    [at _Future._completeWithValue$1 (E:\montership\batd-academy\node_modules\sass\sass.dart.js:39066:9)]
    [at _AsyncAwaitCompleter.complete$1 (E:\montership\batd-academy\node_modules\sass\sass.dart.js:38689:14)]
    [at Object._asyncReturn (E:\montership\batd-academy\node_modules\sass\sass.dart.js:4977:17)]
    [at E:\montership\batd-academy\node_modules\sass\sass.dart.js:98624:24]
    [at _wrapJsFunctionForAsync_closure.$protected (E:\montership\batd-academy\node_modules\sass\sass.dart.js:5005:15)]
    [at _wrapJsFunctionForAsync_closure.call$2 (E:\montership\batd-academy\node_modules\sass\sass.dart.js:38714:12)]
    [at _awaitOnObject_closure.call$1 (E:\montership\batd-academy\node_modules\sass\sass.dart.js:38702:32)]
    [at Object._rootRunUnary (E:\montership\batd-academy\node_modules\sass\sass.dart.js:5429:18)]
    [at StaticClosure.<anonymous> (E:\montership\batd-academy\node_modules\sass\sass.dart.js:130137:16)]
    [at _CustomZone.runUnary$2$2 (E:\montership\batd-academy\node_modules\sass\sass.dart.js:40143:39)]
    [at _Future__propagateToListeners_handleValueCallback.call$0 
(E:\montership\batd-academy\node_modules\sass\sass.dart.js:39203:51)]
    [at Object._Future__propagateToListeners (E:\montership\batd-academy\node_modules\sass\sass.dart.js:5215:93)]
    [at _Future._completeWithValue$1 (E:\montership\batd-academy\node_modules\sass\sass.dart.js:39066:9)]
    [at _AsyncAwaitCompleter.complete$1 (E:\montership\batd-academy\node_modules\sass\sass.dart.js:38689:14)]
    [at Object._asyncReturn (E:\montership\batd-academy\node_modules\sass\sass.dart.js:4977:17)]
    [at E:\montership\batd-academy\node_modules\sass\sass.dart.js:98715:24]
    [at _wrapJsFunctionForAsync_closure.$protected (E:\montership\batd-academy\node_modules\sass\sass.dart.js:5005:15)]
    [at _wrapJsFunctionForAsync_closure.call$2 (E:\montership\batd-academy\node_modules\sass\sass.dart.js:38714:12)]
    [at _awaitOnObject_closure.call$1 (E:\montership\batd-academy\node_modules\sass\sass.dart.js:38702:32)]
    [at Object._rootRunUnary (E:\montership\batd-academy\node_modules\sass\sass.dart.js:5429:18)]
    [at StaticClosure.<anonymous> (E:\montership\batd-academy\node_modules\sass\sass.dart.js:130137:16)]
    [at _CustomZone.runUnary$2$2 (E:\montership\batd-academy\node_modules\sass\sass.dart.js:40143:39)]
    [at _Future__propagateToListeners_handleValueCallback.call$0 
(E:\montership\batd-academy\node_modules\sass\sass.dart.js:39203:51)]
    [at Object._Future__propagateToListeners (E:\montership\batd-academy\node_modules\sass\sass.dart.js:5215:93)]
    [at _Future._completeWithValue$1 (E:\montership\batd-academy\node_modules\sass\sass.dart.js:39066:9)]
    [at _AsyncAwaitCompleter.complete$1 (E:\montership\batd-academy\node_modules\sass\sass.dart.js:38689:14)]
    [at Object._asyncReturn (E:\montership\batd-academy\node_modules\sass\sass.dart.js:4977:17)]
    [at E:\montership\batd-academy\node_modules\sass\sass.dart.js:87892:24]
    [at _wrapJsFunctionForAsync_closure.$protected (E:\montership\batd-academy\node_modules\sass\sass.dart.js:5005:15)]
    [at _wrapJsFunctionForAsync_closure.call$2 (E:\montership\batd-academy\node_modules\sass\sass.dart.js:38714:12)]
    [at _awaitOnObject_closure.call$1 (E:\montership\batd-academy\node_modules\sass\sass.dart.js:38702:32)]
    [at Object._rootRunUnary (E:\montership\batd-academy\node_modules\sass\sass.dart.js:5429:18)]
    [at StaticClosure.<anonymous> (E:\montership\batd-academy\node_modules\sass\sass.dart.js:130137:16)]
    [at _CustomZone.runUnary$2$2 (E:\montership\batd-academy\node_modules\sass\sass.dart.js:40143:39)]
    [at _Future__propagateToListeners_handleValueCallback.call$0 
(E:\montership\batd-academy\node_modules\sass\sass.dart.js:39203:51)]
    [at Object._Future__propagateToListeners (E:\montership\batd-academy\node_modules\sass\sass.dart.js:5215:93)]
    [at _Future._complete$1 (E:\montership\batd-academy\node_modules\sass\sass.dart.js:39058:11)]
    [at _SyncCompleter.complete$1 (E:\montership\batd-academy\node_modules\sass\sass.dart.js:38903:10)]
    [at promiseToFuture_closure1.call$1 (E:\montership\batd-academy\node_modules\sass\sass.dart.js:45605:22)]
    [at Object.Primitives_applyFunction (E:\montership\batd-academy\node_modules\sass\sass.dart.js:2213:30)]

Import traces:
  Client Component Browser:
    ./sass/pages/search-course/search.module.scss [Client Component Browser]
    ./app/[locale]/(pages)/search_course/Search.jsx [Client Component Browser]
    ./app/[locale]/(pages)/search_course/Header.jsx [Client Component Browser]
    ./app/[locale]/(pages)/search_course/page.jsx [Client Component Browser]
    ./app/[locale]/(pages)/search_course/page.jsx [Server Component]

  Client Component SSR:
    ./sass/pages/search-course/search.module.scss [Client Component SSR]
    ./app/[locale]/(pages)/search_course/Search.jsx [Client Component SSR]
    ./app/[locale]/(pages)/search_course/Header.jsx [Client Component SSR]
    ./app/[locale]/(pages)/search_course/page.jsx [Client Component SSR]
    ./app/[locale]/(pages)/search_course/page.jsx [Server Component]


./sass/pages/showCities/city-card.module.scss
Error evaluating Node.js code
Error: Can't find stylesheet to import.
  ظـ╖
1 ظ¤é @import "globals"; @import "container";
  ظ¤é         ^^^^^^^^^
  ظـ╡
  sass\pages\showCities\city-card.module.scss 1:9  root stylesheet
  (from E:\montership\batd-academy\node_modules\next\dist\build\webpack\loaders\resolve-url-loader\index.js, 
E:\montership\batd-academy\node_modules\next\dist\compiled\sass-loader\cjs.js)
Caused by: Error: Can't find stylesheet to import.
  ظـ╖
1 ظ¤é @import "globals"; @import "container";
  ظ¤é         ^^^^^^^^^
  ظـ╡
  sass\pages\showCities\city-card.module.scss 1:9  root stylesheet
    [at Object.wrapException (E:\montership\batd-academy\node_modules\sass\sass.dart.js:2337:47)]
    [at E:\montership\batd-academy\node_modules\sass\sass.dart.js:90314:25]
    [at _wrapJsFunctionForAsync_closure.$protected (E:\montership\batd-academy\node_modules\sass\sass.dart.js:5005:15)]
    [at _wrapJsFunctionForAsync_closure.call$2 (E:\montership\batd-academy\node_modules\sass\sass.dart.js:38714:12)]
    [at _awaitOnObject_closure.call$1 (E:\montership\batd-academy\node_modules\sass\sass.dart.js:38702:32)]
    [at Object._rootRunUnary (E:\montership\batd-academy\node_modules\sass\sass.dart.js:5429:18)]
    [at StaticClosure.<anonymous> (E:\montership\batd-academy\node_modules\sass\sass.dart.js:130137:16)]
    [at _CustomZone.runUnary$2$2 (E:\montership\batd-academy\node_modules\sass\sass.dart.js:40143:39)]
    [at _Future__propagateToListeners_handleValueCallback.call$0 
(E:\montership\batd-academy\node_modules\sass\sass.dart.js:39203:51)]
    [at Object._Future__propagateToListeners (E:\montership\batd-academy\node_modules\sass\sass.dart.js:5215:93)]
    [at _Future._completeWithValue$1 (E:\montership\batd-academy\node_modules\sass\sass.dart.js:39066:9)]
    [at _AsyncAwaitCompleter.complete$1 (E:\montership\batd-academy\node_modules\sass\sass.dart.js:38689:14)]
    [at Object._asyncReturn (E:\montership\batd-academy\node_modules\sass\sass.dart.js:4977:17)]
    [at E:\montership\batd-academy\node_modules\sass\sass.dart.js:98624:24]
    [at _wrapJsFunctionForAsync_closure.$protected (E:\montership\batd-academy\node_modules\sass\sass.dart.js:5005:15)]
    [at _wrapJsFunctionForAsync_closure.call$2 (E:\montership\batd-academy\node_modules\sass\sass.dart.js:38714:12)]
    [at _awaitOnObject_closure.call$1 (E:\montership\batd-academy\node_modules\sass\sass.dart.js:38702:32)]
    [at Object._rootRunUnary (E:\montership\batd-academy\node_modules\sass\sass.dart.js:5429:18)]
    [at StaticClosure.<anonymous> (E:\montership\batd-academy\node_modules\sass\sass.dart.js:130137:16)]
    [at _CustomZone.runUnary$2$2 (E:\montership\batd-academy\node_modules\sass\sass.dart.js:40143:39)]
    [at _Future__propagateToListeners_handleValueCallback.call$0 
(E:\montership\batd-academy\node_modules\sass\sass.dart.js:39203:51)]
    [at Object._Future__propagateToListeners (E:\montership\batd-academy\node_modules\sass\sass.dart.js:5215:93)]
    [at _Future._completeWithValue$1 (E:\montership\batd-academy\node_modules\sass\sass.dart.js:39066:9)]
    [at _AsyncAwaitCompleter.complete$1 (E:\montership\batd-academy\node_modules\sass\sass.dart.js:38689:14)]
    [at Object._asyncReturn (E:\montership\batd-academy\node_modules\sass\sass.dart.js:4977:17)]
    [at E:\montership\batd-academy\node_modules\sass\sass.dart.js:98715:24]
    [at _wrapJsFunctionForAsync_closure.$protected (E:\montership\batd-academy\node_modules\sass\sass.dart.js:5005:15)]
    [at _wrapJsFunctionForAsync_closure.call$2 (E:\montership\batd-academy\node_modules\sass\sass.dart.js:38714:12)]
    [at _awaitOnObject_closure.call$1 (E:\montership\batd-academy\node_modules\sass\sass.dart.js:38702:32)]
    [at Object._rootRunUnary (E:\montership\batd-academy\node_modules\sass\sass.dart.js:5429:18)]
    [at StaticClosure.<anonymous> (E:\montership\batd-academy\node_modules\sass\sass.dart.js:130137:16)]
    [at _CustomZone.runUnary$2$2 (E:\montership\batd-academy\node_modules\sass\sass.dart.js:40143:39)]
    [at _Future__propagateToListeners_handleValueCallback.call$0 
(E:\montership\batd-academy\node_modules\sass\sass.dart.js:39203:51)]
    [at Object._Future__propagateToListeners (E:\montership\batd-academy\node_modules\sass\sass.dart.js:5215:93)]
    [at _Future._completeWithValue$1 (E:\montership\batd-academy\node_modules\sass\sass.dart.js:39066:9)]
    [at _AsyncAwaitCompleter.complete$1 (E:\montership\batd-academy\node_modules\sass\sass.dart.js:38689:14)]
    [at Object._asyncReturn (E:\montership\batd-academy\node_modules\sass\sass.dart.js:4977:17)]
    [at E:\montership\batd-academy\node_modules\sass\sass.dart.js:87892:24]
    [at _wrapJsFunctionForAsync_closure.$protected (E:\montership\batd-academy\node_modules\sass\sass.dart.js:5005:15)]
    [at _wrapJsFunctionForAsync_closure.call$2 (E:\montership\batd-academy\node_modules\sass\sass.dart.js:38714:12)]
    [at _awaitOnObject_closure.call$1 (E:\montership\batd-academy\node_modules\sass\sass.dart.js:38702:32)]
    [at Object._rootRunUnary (E:\montership\batd-academy\node_modules\sass\sass.dart.js:5429:18)]
    [at StaticClosure.<anonymous> (E:\montership\batd-academy\node_modules\sass\sass.dart.js:130137:16)]
    [at _CustomZone.runUnary$2$2 (E:\montership\batd-academy\node_modules\sass\sass.dart.js:40143:39)]
    [at _Future__propagateToListeners_handleValueCallback.call$0 
(E:\montership\batd-academy\node_modules\sass\sass.dart.js:39203:51)]
    [at Object._Future__propagateToListeners (E:\montership\batd-academy\node_modules\sass\sass.dart.js:5215:93)]
    [at _Future._complete$1 (E:\montership\batd-academy\node_modules\sass\sass.dart.js:39058:11)]
    [at _SyncCompleter.complete$1 (E:\montership\batd-academy\node_modules\sass\sass.dart.js:38903:10)]
    [at promiseToFuture_closure1.call$1 (E:\montership\batd-academy\node_modules\sass\sass.dart.js:45605:22)]
    [at Object.Primitives_applyFunction (E:\montership\batd-academy\node_modules\sass\sass.dart.js:2213:30)]

Import traces:
  Client Component Browser:
    ./sass/pages/showCities/city-card.module.scss [Client Component Browser]
    ./app/[locale]/(pages)/show_cities/CityCard.jsx [Client Component Browser]
    ./app/[locale]/(pages)/show_cities/CityCard.jsx [Server Component]
    ./app/[locale]/(pages)/show_cities/page.jsx [Server Component]

  Client Component SSR:
    ./sass/pages/showCities/city-card.module.scss [Client Component SSR]
    ./app/[locale]/(pages)/show_cities/CityCard.jsx [Client Component SSR]
    ./app/[locale]/(pages)/show_cities/CityCard.jsx [Server Component]
    ./app/[locale]/(pages)/show_cities/page.jsx [Server Component]


./sass/pages/showCities/header.module.scss
Error evaluating Node.js code
Error: Can't find stylesheet to import.
  ظـ╖
1 ظ¤é @import "globals"; @import "container";
  ظ¤é         ^^^^^^^^^
  ظـ╡
  sass\pages\showCities\header.module.scss 1:9  root stylesheet
  (from E:\montership\batd-academy\node_modules\next\dist\build\webpack\loaders\resolve-url-loader\index.js, 
E:\montership\batd-academy\node_modules\next\dist\compiled\sass-loader\cjs.js)
Caused by: Error: Can't find stylesheet to import.
  ظـ╖
1 ظ¤é @import "globals"; @import "container";
  ظ¤é         ^^^^^^^^^
  ظـ╡
  sass\pages\showCities\header.module.scss 1:9  root stylesheet
    [at Object.wrapException (E:\montership\batd-academy\node_modules\sass\sass.dart.js:2337:47)]
    [at E:\montership\batd-academy\node_modules\sass\sass.dart.js:90314:25]
    [at _wrapJsFunctionForAsync_closure.$protected (E:\montership\batd-academy\node_modules\sass\sass.dart.js:5005:15)]
    [at _wrapJsFunctionForAsync_closure.call$2 (E:\montership\batd-academy\node_modules\sass\sass.dart.js:38714:12)]
    [at _awaitOnObject_closure.call$1 (E:\montership\batd-academy\node_modules\sass\sass.dart.js:38702:32)]
    [at Object._rootRunUnary (E:\montership\batd-academy\node_modules\sass\sass.dart.js:5429:18)]
    [at StaticClosure.<anonymous> (E:\montership\batd-academy\node_modules\sass\sass.dart.js:130137:16)]
    [at _CustomZone.runUnary$2$2 (E:\montership\batd-academy\node_modules\sass\sass.dart.js:40143:39)]
    [at _Future__propagateToListeners_handleValueCallback.call$0 
(E:\montership\batd-academy\node_modules\sass\sass.dart.js:39203:51)]
    [at Object._Future__propagateToListeners (E:\montership\batd-academy\node_modules\sass\sass.dart.js:5215:93)]

Import traces:
  Client Component Browser:
    ./sass/pages/showCities/header.module.scss [Client Component Browser]
    ./app/[locale]/(pages)/show_cities/Header.jsx [Client Component Browser]
    ./app/[locale]/(pages)/show_cities/Header.jsx [Server Component]
    ./app/[locale]/(pages)/show_cities/page.jsx [Server Component]

  Client Component SSR:
    ./sass/pages/showCities/header.module.scss [Client Component SSR]
    ./app/[locale]/(pages)/show_cities/Header.jsx [Client Component SSR]
    ./app/[locale]/(pages)/show_cities/Header.jsx [Server Component]
    ./app/[locale]/(pages)/show_cities/page.jsx [Server Component]


./sass/pages/showCities/show-cities.module.scss
Error evaluating Node.js code
Error: Can't find stylesheet to import.
  ظـ╖
1 ظ¤é @import "globals"; @import "container";
  ظ¤é         ^^^^^^^^^
  ظـ╡
  sass\pages\showCities\show-cities.module.scss 1:9  root stylesheet
  (from E:\montership\batd-academy\node_modules\next\dist\build\webpack\loaders\resolve-url-loader\index.js, 
E:\montership\batd-academy\node_modules\next\dist\compiled\sass-loader\cjs.js)
Caused by: Error: Can't find stylesheet to import.
  ظـ╖
1 ظ¤é @import "globals"; @import "container";
  ظ¤é         ^^^^^^^^^
  ظـ╡
  sass\pages\showCities\show-cities.module.scss 1:9  root stylesheet
    [at Object.wrapException (E:\montership\batd-academy\node_modules\sass\sass.dart.js:2337:47)]
    [at E:\montership\batd-academy\node_modules\sass\sass.dart.js:90314:25]
    [at _wrapJsFunctionForAsync_closure.$protected (E:\montership\batd-academy\node_modules\sass\sass.dart.js:5005:15)]
    [at _wrapJsFunctionForAsync_closure.call$2 (E:\montership\batd-academy\node_modules\sass\sass.dart.js:38714:12)]
    [at _awaitOnObject_closure.call$1 (E:\montership\batd-academy\node_modules\sass\sass.dart.js:38702:32)]
    [at Object._rootRunUnary (E:\montership\batd-academy\node_modules\sass\sass.dart.js:5429:18)]
    [at StaticClosure.<anonymous> (E:\montership\batd-academy\node_modules\sass\sass.dart.js:130137:16)]
    [at _CustomZone.runUnary$2$2 (E:\montership\batd-academy\node_modules\sass\sass.dart.js:40143:39)]
    [at _Future__propagateToListeners_handleValueCallback.call$0 
(E:\montership\batd-academy\node_modules\sass\sass.dart.js:39203:51)]
    [at Object._Future__propagateToListeners (E:\montership\batd-academy\node_modules\sass\sass.dart.js:5215:93)]

Import trace:
  Server Component:
    ./sass/pages/showCities/show-cities.module.scss
    ./app/[locale]/(pages)/show_cities/page.jsx


./sass/pages/sign-In/login.module.scss
Error evaluating Node.js code
Error: Can't find stylesheet to import.
  ظـ╖
1 ظ¤é @import "globals"; @import "container";
  ظ¤é         ^^^^^^^^^
  ظـ╡
  sass\pages\sign-In\login.module.scss 1:9  root stylesheet
  (from E:\montership\batd-academy\node_modules\next\dist\build\webpack\loaders\resolve-url-loader\index.js, 
E:\montership\batd-academy\node_modules\next\dist\compiled\sass-loader\cjs.js)
Caused by: Error: Can't find stylesheet to import.
  ظـ╖
1 ظ¤é @import "globals"; @import "container";
  ظ¤é         ^^^^^^^^^
  ظـ╡
  sass\pages\sign-In\login.module.scss 1:9  root stylesheet
    [at Object.wrapException (E:\montership\batd-academy\node_modules\sass\sass.dart.js:2337:47)]
    [at E:\montership\batd-academy\node_modules\sass\sass.dart.js:90314:25]
    [at _wrapJsFunctionForAsync_closure.$protected (E:\montership\batd-academy\node_modules\sass\sass.dart.js:5005:15)]
    [at _wrapJsFunctionForAsync_closure.call$2 (E:\montership\batd-academy\node_modules\sass\sass.dart.js:38714:12)]
    [at _awaitOnObject_closure.call$1 (E:\montership\batd-academy\node_modules\sass\sass.dart.js:38702:32)]
    [at Object._rootRunUnary (E:\montership\batd-academy\node_modules\sass\sass.dart.js:5429:18)]
    [at StaticClosure.<anonymous> (E:\montership\batd-academy\node_modules\sass\sass.dart.js:130137:16)]
    [at _CustomZone.runUnary$2$2 (E:\montership\batd-academy\node_modules\sass\sass.dart.js:40143:39)]
    [at _Future__propagateToListeners_handleValueCallback.call$0 
(E:\montership\batd-academy\node_modules\sass\sass.dart.js:39203:51)]
    [at Object._Future__propagateToListeners (E:\montership\batd-academy\node_modules\sass\sass.dart.js:5215:93)]

Import traces:
  Server Component:
    ./sass/pages/sign-In/login.module.scss
    ./app/[locale]/(pages)/signIn/page.jsx

  Client Component Browser:
    ./sass/pages/sign-In/login.module.scss [Client Component Browser]
    ./app/[locale]/(pages)/signIn/LoginForm.jsx [Client Component Browser]
    ./app/[locale]/(pages)/signIn/LoginForm.jsx [Server Component]
    ./app/[locale]/(pages)/signIn/page.jsx [Server Component]

  Client Component SSR:
    ./sass/pages/sign-In/login.module.scss [Client Component SSR]
    ./app/[locale]/(pages)/signIn/LoginForm.jsx [Client Component SSR]
    ./app/[locale]/(pages)/signIn/LoginForm.jsx [Server Component]
    ./app/[locale]/(pages)/signIn/page.jsx [Server Component]


./sass/pages/sign-up/register.module.scss
Error evaluating Node.js code
Error: Can't find stylesheet to import.
  ظـ╖
1 ظ¤é @import "globals"; @import "container";
  ظ¤é         ^^^^^^^^^
  ظـ╡
  sass\pages\sign-up\register.module.scss 1:9  root stylesheet
  (from E:\montership\batd-academy\node_modules\next\dist\build\webpack\loaders\resolve-url-loader\index.js, 
E:\montership\batd-academy\node_modules\next\dist\compiled\sass-loader\cjs.js)
Caused by: Error: Can't find stylesheet to import.
  ظـ╖
1 ظ¤é @import "globals"; @import "container";
  ظ¤é         ^^^^^^^^^
  ظـ╡
  sass\pages\sign-up\register.module.scss 1:9  root stylesheet
    [at Object.wrapException (E:\montership\batd-academy\node_modules\sass\sass.dart.js:2337:47)]
    [at E:\montership\batd-academy\node_modules\sass\sass.dart.js:90314:25]
    [at _wrapJsFunctionForAsync_closure.$protected (E:\montership\batd-academy\node_modules\sass\sass.dart.js:5005:15)]
    [at _wrapJsFunctionForAsync_closure.call$2 (E:\montership\batd-academy\node_modules\sass\sass.dart.js:38714:12)]
    [at _awaitOnObject_closure.call$1 (E:\montership\batd-academy\node_modules\sass\sass.dart.js:38702:32)]
    [at Object._rootRunUnary (E:\montership\batd-academy\node_modules\sass\sass.dart.js:5429:18)]
    [at StaticClosure.<anonymous> (E:\montership\batd-academy\node_modules\sass\sass.dart.js:130137:16)]
    [at _CustomZone.runUnary$2$2 (E:\montership\batd-academy\node_modules\sass\sass.dart.js:40143:39)]
    [at _Future__propagateToListeners_handleValueCallback.call$0 
(E:\montership\batd-academy\node_modules\sass\sass.dart.js:39203:51)]
    [at Object._Future__propagateToListeners (E:\montership\batd-academy\node_modules\sass\sass.dart.js:5215:93)]
    [at _Future._completeWithValue$1 (E:\montership\batd-academy\node_modules\sass\sass.dart.js:39066:9)]
    [at _AsyncAwaitCompleter.complete$1 (E:\montership\batd-academy\node_modules\sass\sass.dart.js:38689:14)]
    [at Object._asyncReturn (E:\montership\batd-academy\node_modules\sass\sass.dart.js:4977:17)]
    [at E:\montership\batd-academy\node_modules\sass\sass.dart.js:98624:24]
    [at _wrapJsFunctionForAsync_closure.$protected (E:\montership\batd-academy\node_modules\sass\sass.dart.js:5005:15)]
    [at _wrapJsFunctionForAsync_closure.call$2 (E:\montership\batd-academy\node_modules\sass\sass.dart.js:38714:12)]
    [at _awaitOnObject_closure.call$1 (E:\montership\batd-academy\node_modules\sass\sass.dart.js:38702:32)]
    [at Object._rootRunUnary (E:\montership\batd-academy\node_modules\sass\sass.dart.js:5429:18)]
    [at StaticClosure.<anonymous> (E:\montership\batd-academy\node_modules\sass\sass.dart.js:130137:16)]
    [at _CustomZone.runUnary$2$2 (E:\montership\batd-academy\node_modules\sass\sass.dart.js:40143:39)]
    [at _Future__propagateToListeners_handleValueCallback.call$0 
(E:\montership\batd-academy\node_modules\sass\sass.dart.js:39203:51)]
    [at Object._Future__propagateToListeners (E:\montership\batd-academy\node_modules\sass\sass.dart.js:5215:93)]
    [at _Future._completeWithValue$1 (E:\montership\batd-academy\node_modules\sass\sass.dart.js:39066:9)]
    [at _AsyncAwaitCompleter.complete$1 (E:\montership\batd-academy\node_modules\sass\sass.dart.js:38689:14)]
    [at Object._asyncReturn (E:\montership\batd-academy\node_modules\sass\sass.dart.js:4977:17)]
    [at E:\montership\batd-academy\node_modules\sass\sass.dart.js:98715:24]
    [at _wrapJsFunctionForAsync_closure.$protected (E:\montership\batd-academy\node_modules\sass\sass.dart.js:5005:15)]
    [at _wrapJsFunctionForAsync_closure.call$2 (E:\montership\batd-academy\node_modules\sass\sass.dart.js:38714:12)]
    [at _awaitOnObject_closure.call$1 (E:\montership\batd-academy\node_modules\sass\sass.dart.js:38702:32)]
    [at Object._rootRunUnary (E:\montership\batd-academy\node_modules\sass\sass.dart.js:5429:18)]
    [at StaticClosure.<anonymous> (E:\montership\batd-academy\node_modules\sass\sass.dart.js:130137:16)]
    [at _CustomZone.runUnary$2$2 (E:\montership\batd-academy\node_modules\sass\sass.dart.js:40143:39)]
    [at _Future__propagateToListeners_handleValueCallback.call$0 
(E:\montership\batd-academy\node_modules\sass\sass.dart.js:39203:51)]
    [at Object._Future__propagateToListeners (E:\montership\batd-academy\node_modules\sass\sass.dart.js:5215:93)]
    [at _Future._completeWithValue$1 (E:\montership\batd-academy\node_modules\sass\sass.dart.js:39066:9)]
    [at _AsyncAwaitCompleter.complete$1 (E:\montership\batd-academy\node_modules\sass\sass.dart.js:38689:14)]
    [at Object._asyncReturn (E:\montership\batd-academy\node_modules\sass\sass.dart.js:4977:17)]
    [at E:\montership\batd-academy\node_modules\sass\sass.dart.js:87892:24]
    [at _wrapJsFunctionForAsync_closure.$protected (E:\montership\batd-academy\node_modules\sass\sass.dart.js:5005:15)]
    [at _wrapJsFunctionForAsync_closure.call$2 (E:\montership\batd-academy\node_modules\sass\sass.dart.js:38714:12)]
    [at _awaitOnObject_closure.call$1 (E:\montership\batd-academy\node_modules\sass\sass.dart.js:38702:32)]
    [at Object._rootRunUnary (E:\montership\batd-academy\node_modules\sass\sass.dart.js:5429:18)]
    [at StaticClosure.<anonymous> (E:\montership\batd-academy\node_modules\sass\sass.dart.js:130137:16)]
    [at _CustomZone.runUnary$2$2 (E:\montership\batd-academy\node_modules\sass\sass.dart.js:40143:39)]
    [at _Future__propagateToListeners_handleValueCallback.call$0 
(E:\montership\batd-academy\node_modules\sass\sass.dart.js:39203:51)]
    [at Object._Future__propagateToListeners (E:\montership\batd-academy\node_modules\sass\sass.dart.js:5215:93)]
    [at _Future._complete$1 (E:\montership\batd-academy\node_modules\sass\sass.dart.js:39058:11)]
    [at _SyncCompleter.complete$1 (E:\montership\batd-academy\node_modules\sass\sass.dart.js:38903:10)]
    [at promiseToFuture_closure1.call$1 (E:\montership\batd-academy\node_modules\sass\sass.dart.js:45605:22)]
    [at Object.Primitives_applyFunction (E:\montership\batd-academy\node_modules\sass\sass.dart.js:2213:30)]

Import traces:
  Server Component:
    ./sass/pages/sign-up/register.module.scss
    ./app/[locale]/(pages)/signUp/page.jsx

  Client Component Browser:
    ./sass/pages/sign-up/register.module.scss [Client Component Browser]
    ./app/[locale]/(pages)/signUp/RegisterForm.jsx [Client Component Browser]
    ./app/[locale]/(pages)/signUp/RegisterForm.jsx [Server Component]
    ./app/[locale]/(pages)/signUp/page.jsx [Server Component]

  Client Component SSR:
    ./sass/pages/sign-up/register.module.scss [Client Component SSR]
    ./app/[locale]/(pages)/signUp/RegisterForm.jsx [Client Component SSR]
    ./app/[locale]/(pages)/signUp/RegisterForm.jsx [Server Component]
    ./app/[locale]/(pages)/signUp/page.jsx [Server Component]


./sass/pages/year-plan/header.module.scss
Error evaluating Node.js code
Error: Can't find stylesheet to import.
  ظـ╖
1 ظ¤é @import "globals"; @import "container";
  ظ¤é         ^^^^^^^^^
  ظـ╡
  sass\pages\year-plan\header.module.scss 1:9  root stylesheet
  (from E:\montership\batd-academy\node_modules\next\dist\build\webpack\loaders\resolve-url-loader\index.js, 
E:\montership\batd-academy\node_modules\next\dist\compiled\sass-loader\cjs.js)
Caused by: Error: Can't find stylesheet to import.
  ظـ╖
1 ظ¤é @import "globals"; @import "container";
  ظ¤é         ^^^^^^^^^
  ظـ╡
  sass\pages\year-plan\header.module.scss 1:9  root stylesheet
    [at Object.wrapException (E:\montership\batd-academy\node_modules\sass\sass.dart.js:2337:47)]
    [at E:\montership\batd-academy\node_modules\sass\sass.dart.js:90314:25]
    [at _wrapJsFunctionForAsync_closure.$protected (E:\montership\batd-academy\node_modules\sass\sass.dart.js:5005:15)]
    [at _wrapJsFunctionForAsync_closure.call$2 (E:\montership\batd-academy\node_modules\sass\sass.dart.js:38714:12)]
    [at _awaitOnObject_closure.call$1 (E:\montership\batd-academy\node_modules\sass\sass.dart.js:38702:32)]
    [at Object._rootRunUnary (E:\montership\batd-academy\node_modules\sass\sass.dart.js:5429:18)]
    [at StaticClosure.<anonymous> (E:\montership\batd-academy\node_modules\sass\sass.dart.js:130137:16)]
    [at _CustomZone.runUnary$2$2 (E:\montership\batd-academy\node_modules\sass\sass.dart.js:40143:39)]
    [at _Future__propagateToListeners_handleValueCallback.call$0 
(E:\montership\batd-academy\node_modules\sass\sass.dart.js:39203:51)]
    [at Object._Future__propagateToListeners (E:\montership\batd-academy\node_modules\sass\sass.dart.js:5215:93)]

Import trace:
  Server Component:
    ./sass/pages/year-plan/header.module.scss
    ./app/[locale]/(pages)/year_plan/Header.jsx
    ./app/[locale]/(pages)/year_plan/page.jsx


./sass/pages/year-plan/plan-card.module.scss
Error evaluating Node.js code
Error: Can't find stylesheet to import.
  ظـ╖
1 ظ¤é @import "globals"; @import "container";
  ظ¤é         ^^^^^^^^^
  ظـ╡
  sass\pages\year-plan\plan-card.module.scss 1:9  root stylesheet
  (from E:\montership\batd-academy\node_modules\next\dist\build\webpack\loaders\resolve-url-loader\index.js, 
E:\montership\batd-academy\node_modules\next\dist\compiled\sass-loader\cjs.js)
Caused by: Error: Can't find stylesheet to import.
  ظـ╖
1 ظ¤é @import "globals"; @import "container";
  ظ¤é         ^^^^^^^^^
  ظـ╡
  sass\pages\year-plan\plan-card.module.scss 1:9  root stylesheet
    [at Object.wrapException (E:\montership\batd-academy\node_modules\sass\sass.dart.js:2337:47)]
    [at E:\montership\batd-academy\node_modules\sass\sass.dart.js:90314:25]
    [at _wrapJsFunctionForAsync_closure.$protected (E:\montership\batd-academy\node_modules\sass\sass.dart.js:5005:15)]
    [at _wrapJsFunctionForAsync_closure.call$2 (E:\montership\batd-academy\node_modules\sass\sass.dart.js:38714:12)]
    [at _awaitOnObject_closure.call$1 (E:\montership\batd-academy\node_modules\sass\sass.dart.js:38702:32)]
    [at Object._rootRunUnary (E:\montership\batd-academy\node_modules\sass\sass.dart.js:5429:18)]
    [at StaticClosure.<anonymous> (E:\montership\batd-academy\node_modules\sass\sass.dart.js:130137:16)]
    [at _CustomZone.runUnary$2$2 (E:\montership\batd-academy\node_modules\sass\sass.dart.js:40143:39)]
    [at _Future__propagateToListeners_handleValueCallback.call$0 
(E:\montership\batd-academy\node_modules\sass\sass.dart.js:39203:51)]
    [at Object._Future__propagateToListeners (E:\montership\batd-academy\node_modules\sass\sass.dart.js:5215:93)]

Import trace:
  Server Component:
    ./sass/pages/year-plan/plan-card.module.scss
    ./app/[locale]/(pages)/year_plan/PlanCard.jsx
    ./app/[locale]/(pages)/year_plan/page.jsx


./sass/pages/year-plan/year-plan.module.scss
Error evaluating Node.js code
Error: Can't find stylesheet to import.
  ظـ╖
1 ظ¤é @import "globals"; @import "container";
  ظ¤é         ^^^^^^^^^
  ظـ╡
  sass\pages\year-plan\year-plan.module.scss 1:9  root stylesheet
  (from E:\montership\batd-academy\node_modules\next\dist\build\webpack\loaders\resolve-url-loader\index.js, 
E:\montership\batd-academy\node_modules\next\dist\compiled\sass-loader\cjs.js)
Caused by: Error: Can't find stylesheet to import.
  ظـ╖
1 ظ¤é @import "globals"; @import "container";
  ظ¤é         ^^^^^^^^^
  ظـ╡
  sass\pages\year-plan\year-plan.module.scss 1:9  root stylesheet
    [at Object.wrapException (E:\montership\batd-academy\node_modules\sass\sass.dart.js:2337:47)]
    [at E:\montership\batd-academy\node_modules\sass\sass.dart.js:90314:25]
    [at _wrapJsFunctionForAsync_closure.$protected (E:\montership\batd-academy\node_modules\sass\sass.dart.js:5005:15)]
    [at _wrapJsFunctionForAsync_closure.call$2 (E:\montership\batd-academy\node_modules\sass\sass.dart.js:38714:12)]
    [at _awaitOnObject_closure.call$1 (E:\montership\batd-academy\node_modules\sass\sass.dart.js:38702:32)]
    [at Object._rootRunUnary (E:\montership\batd-academy\node_modules\sass\sass.dart.js:5429:18)]
    [at StaticClosure.<anonymous> (E:\montership\batd-academy\node_modules\sass\sass.dart.js:130137:16)]
    [at _CustomZone.runUnary$2$2 (E:\montership\batd-academy\node_modules\sass\sass.dart.js:40143:39)]
    [at _Future__propagateToListeners_handleValueCallback.call$0 
(E:\montership\batd-academy\node_modules\sass\sass.dart.js:39203:51)]
    [at Object._Future__propagateToListeners (E:\montership\batd-academy\node_modules\sass\sass.dart.js:5215:93)]
    [at _Future._completeWithValue$1 (E:\montership\batd-academy\node_modules\sass\sass.dart.js:39066:9)]
    [at _AsyncAwaitCompleter.complete$1 (E:\montership\batd-academy\node_modules\sass\sass.dart.js:38689:14)]
    [at Object._asyncReturn (E:\montership\batd-academy\node_modules\sass\sass.dart.js:4977:17)]
    [at E:\montership\batd-academy\node_modules\sass\sass.dart.js:98624:24]
    [at _wrapJsFunctionForAsync_closure.$protected (E:\montership\batd-academy\node_modules\sass\sass.dart.js:5005:15)]
    [at _wrapJsFunctionForAsync_closure.call$2 (E:\montership\batd-academy\node_modules\sass\sass.dart.js:38714:12)]
    [at _awaitOnObject_closure.call$1 (E:\montership\batd-academy\node_modules\sass\sass.dart.js:38702:32)]
    [at Object._rootRunUnary (E:\montership\batd-academy\node_modules\sass\sass.dart.js:5429:18)]
    [at StaticClosure.<anonymous> (E:\montership\batd-academy\node_modules\sass\sass.dart.js:130137:16)]
    [at _CustomZone.runUnary$2$2 (E:\montership\batd-academy\node_modules\sass\sass.dart.js:40143:39)]
    [at _Future__propagateToListeners_handleValueCallback.call$0 
(E:\montership\batd-academy\node_modules\sass\sass.dart.js:39203:51)]
    [at Object._Future__propagateToListeners (E:\montership\batd-academy\node_modules\sass\sass.dart.js:5215:93)]
    [at _Future._completeWithValue$1 (E:\montership\batd-academy\node_modules\sass\sass.dart.js:39066:9)]
    [at _AsyncAwaitCompleter.complete$1 (E:\montership\batd-academy\node_modules\sass\sass.dart.js:38689:14)]
    [at Object._asyncReturn (E:\montership\batd-academy\node_modules\sass\sass.dart.js:4977:17)]
    [at E:\montership\batd-academy\node_modules\sass\sass.dart.js:98715:24]
    [at _wrapJsFunctionForAsync_closure.$protected (E:\montership\batd-academy\node_modules\sass\sass.dart.js:5005:15)]
    [at _wrapJsFunctionForAsync_closure.call$2 (E:\montership\batd-academy\node_modules\sass\sass.dart.js:38714:12)]
    [at _awaitOnObject_closure.call$1 (E:\montership\batd-academy\node_modules\sass\sass.dart.js:38702:32)]
    [at Object._rootRunUnary (E:\montership\batd-academy\node_modules\sass\sass.dart.js:5429:18)]
    [at StaticClosure.<anonymous> (E:\montership\batd-academy\node_modules\sass\sass.dart.js:130137:16)]
    [at _CustomZone.runUnary$2$2 (E:\montership\batd-academy\node_modules\sass\sass.dart.js:40143:39)]
    [at _Future__propagateToListeners_handleValueCallback.call$0 
(E:\montership\batd-academy\node_modules\sass\sass.dart.js:39203:51)]
    [at Object._Future__propagateToListeners (E:\montership\batd-academy\node_modules\sass\sass.dart.js:5215:93)]
    [at _Future._completeWithValue$1 (E:\montership\batd-academy\node_modules\sass\sass.dart.js:39066:9)]
    [at _AsyncAwaitCompleter.complete$1 (E:\montership\batd-academy\node_modules\sass\sass.dart.js:38689:14)]
    [at Object._asyncReturn (E:\montership\batd-academy\node_modules\sass\sass.dart.js:4977:17)]
    [at E:\montership\batd-academy\node_modules\sass\sass.dart.js:87892:24]
    [at _wrapJsFunctionForAsync_closure.$protected (E:\montership\batd-academy\node_modules\sass\sass.dart.js:5005:15)]
    [at _wrapJsFunctionForAsync_closure.call$2 (E:\montership\batd-academy\node_modules\sass\sass.dart.js:38714:12)]
    [at _awaitOnObject_closure.call$1 (E:\montership\batd-academy\node_modules\sass\sass.dart.js:38702:32)]
    [at Object._rootRunUnary (E:\montership\batd-academy\node_modules\sass\sass.dart.js:5429:18)]
    [at StaticClosure.<anonymous> (E:\montership\batd-academy\node_modules\sass\sass.dart.js:130137:16)]
    [at _CustomZone.runUnary$2$2 (E:\montership\batd-academy\node_modules\sass\sass.dart.js:40143:39)]
    [at _Future__propagateToListeners_handleValueCallback.call$0 
(E:\montership\batd-academy\node_modules\sass\sass.dart.js:39203:51)]
    [at Object._Future__propagateToListeners (E:\montership\batd-academy\node_modules\sass\sass.dart.js:5215:93)]
    [at _Future._complete$1 (E:\montership\batd-academy\node_modules\sass\sass.dart.js:39058:11)]
    [at _SyncCompleter.complete$1 (E:\montership\batd-academy\node_modules\sass\sass.dart.js:38903:10)]
    [at promiseToFuture_closure1.call$1 (E:\montership\batd-academy\node_modules\sass\sass.dart.js:45605:22)]
    [at Object.Primitives_applyFunction (E:\montership\batd-academy\node_modules\sass\sass.dart.js:2213:30)]

Import trace:
  Server Component:
    ./sass/pages/year-plan/year-plan.module.scss
    ./app/[locale]/(pages)/year_plan/page.jsx


    at ignore-listed frames
